Compiling contract...
Compilation output: {
  "contracts": {
    "@openzeppelin/contracts/access/Ownable.sol": {
      "Ownable": {
        "abi": [
          {
            "inputs": [
              {
                "internalType": "address",
                "name": "owner",
                "type": "address"
              }
            ],
            "name": "OwnableInvalidOwner",
            "type": "error"
          },
          {
            "inputs": [
              {
                "internalType": "address",
                "name": "account",
                "type": "address"
              }
            ],
            "name": "OwnableUnauthorizedAccount",
            "type": "error"
          },
          {
            "anonymous": false,
            "inputs": [
              {
                "indexed": true,
                "internalType": "address",
                "name": "previousOwner",
                "type": "address"
              },
              {
                "indexed": true,
                "internalType": "address",
                "name": "newOwner",
                "type": "address"
              }
            ],
            "name": "OwnershipTransferred",
            "type": "event"
          },
          {
            "inputs": [],
            "name": "owner",
            "outputs": [
              {
                "internalType": "address",
                "name": "",
                "type": "address"
              }
            ],
            "stateMutability": "view",
            "type": "function"
          },
          {
            "inputs": [],
            "name": "renounceOwnership",
            "outputs": [],
            "stateMutability": "nonpayable",
            "type": "function"
          },
          {
            "inputs": [
              {
                "internalType": "address",
                "name": "newOwner",
                "type": "address"
              }
            ],
            "name": "transferOwnership",
            "outputs": [],
            "stateMutability": "nonpayable",
            "type": "function"
          }
        ],
        "devdoc": {
          "details": "Contract module which provides a basic access control mechanism, where there is an account (an owner) that can be granted exclusive access to specific functions. The initial owner is set to the address provided by the deployer. This can later be changed with {transferOwnership}. This module is used through inheritance. It will make available the modifier `onlyOwner`, which can be applied to your functions to restrict their use to the owner.",
          "errors": {
            "OwnableInvalidOwner(address)": [
              {
                "details": "The owner is not a valid owner account. (eg. `address(0)`)"
              }
            ],
            "OwnableUnauthorizedAccount(address)": [
              {
                "details": "The caller account is not authorized to perform an operation."
              }
            ]
          },
          "kind": "dev",
          "methods": {
            "constructor": {
              "details": "Initializes the contract setting the address provided by the deployer as the initial owner."
            },
            "owner()": {
              "details": "Returns the address of the current owner."
            },
            "renounceOwnership()": {
              "details": "Leaves the contract without owner. It will not be possible to call `onlyOwner` functions. Can only be called by the current owner. NOTE: Renouncing ownership will leave the contract without an owner, thereby disabling any functionality that is only available to the owner."
            },
            "transferOwnership(address)": {
              "details": "Transfers ownership of the contract to a new account (`newOwner`). Can only be called by the current owner."
            }
          },
          "version": 1
        },
        "evm": {
          "assembly": "",
          "bytecode": {
            "functionDebugData": {},
            "generatedSources": [],
            "linkReferences": {},
            "object": "",
            "opcodes": "",
            "sourceMap": ""
          },
          "deployedBytecode": {
            "functionDebugData": {},
            "generatedSources": [],
            "immutableReferences": {},
            "linkReferences": {},
            "object": "",
            "opcodes": "",
            "sourceMap": ""
          },
          "gasEstimates": null,
          "legacyAssembly": null,
          "methodIdentifiers": {
            "owner()": "8da5cb5b",
            "renounceOwnership()": "715018a6",
            "transferOwnership(address)": "f2fde38b"
          }
        },
        "metadata": "{\"compiler\":{\"version\":\"0.8.27+commit.40a35a09\"},\"language\":\"Solidity\",\"output\":{\"abi\":[{\"inputs\":[{\"internalType\":\"address\",\"name\":\"owner\",\"type\":\"address\"}],\"name\":\"OwnableInvalidOwner\",\"type\":\"error\"},{\"inputs\":[{\"internalType\":\"address\",\"name\":\"account\",\"type\":\"address\"}],\"name\":\"OwnableUnauthorizedAccount\",\"type\":\"error\"},{\"anonymous\":false,\"inputs\":[{\"indexed\":true,\"internalType\":\"address\",\"name\":\"previousOwner\",\"type\":\"address\"},{\"indexed\":true,\"internalType\":\"address\",\"name\":\"newOwner\",\"type\":\"address\"}],\"name\":\"OwnershipTransferred\",\"type\":\"event\"},{\"inputs\":[],\"name\":\"owner\",\"outputs\":[{\"internalType\":\"address\",\"name\":\"\",\"type\":\"address\"}],\"stateMutability\":\"view\",\"type\":\"function\"},{\"inputs\":[],\"name\":\"renounceOwnership\",\"outputs\":[],\"stateMutability\":\"nonpayable\",\"type\":\"function\"},{\"inputs\":[{\"internalType\":\"address\",\"name\":\"newOwner\",\"type\":\"address\"}],\"name\":\"transferOwnership\",\"outputs\":[],\"stateMutability\":\"nonpayable\",\"type\":\"function\"}],\"devdoc\":{\"details\":\"Contract module which provides a basic access control mechanism, where there is an account (an owner) that can be granted exclusive access to specific functions. The initial owner is set to the address provided by the deployer. This can later be changed with {transferOwnership}. This module is used through inheritance. It will make available the modifier `onlyOwner`, which can be applied to your functions to restrict their use to the owner.\",\"errors\":{\"OwnableInvalidOwner(address)\":[{\"details\":\"The owner is not a valid owner account. (eg. `address(0)`)\"}],\"OwnableUnauthorizedAccount(address)\":[{\"details\":\"The caller account is not authorized to perform an operation.\"}]},\"kind\":\"dev\",\"methods\":{\"constructor\":{\"details\":\"Initializes the contract setting the address provided by the deployer as the initial owner.\"},\"owner()\":{\"details\":\"Returns the address of the current owner.\"},\"renounceOwnership()\":{\"details\":\"Leaves the contract without owner. It will not be possible to call `onlyOwner` functions. Can only be called by the current owner. NOTE: Renouncing ownership will leave the contract without an owner, thereby disabling any functionality that is only available to the owner.\"},\"transferOwnership(address)\":{\"details\":\"Transfers ownership of the contract to a new account (`newOwner`). Can only be called by the current owner.\"}},\"version\":1},\"userdoc\":{\"kind\":\"user\",\"methods\":{},\"version\":1}},\"settings\":{\"compilationTarget\":{\"@openzeppelin/contracts/access/Ownable.sol\":\"Ownable\"},\"evmVersion\":\"cancun\",\"libraries\":{},\"metadata\":{\"bytecodeHash\":\"ipfs\"},\"optimizer\":{\"enabled\":false,\"runs\":200},\"remappings\":[]},\"sources\":{\"@openzeppelin/contracts/access/Ownable.sol\":{\"keccak256\":\"0xff6d0bb2e285473e5311d9d3caacb525ae3538a80758c10649a4d61029b017bb\",\"license\":\"MIT\",\"urls\":[\"bzz-raw://8ed324d3920bb545059d66ab97d43e43ee85fd3bd52e03e401f020afb0b120f6\",\"dweb:/ipfs/QmfEckWLmZkDDcoWrkEvMWhms66xwTLff9DDhegYpvHo1a\"]},\"@openzeppelin/contracts/utils/Context.sol\":{\"keccak256\":\"0x493033a8d1b176a037b2cc6a04dad01a5c157722049bbecf632ca876224dd4b2\",\"license\":\"MIT\",\"urls\":[\"bzz-raw://6a708e8a5bdb1011c2c381c9a5cfd8a9a956d7d0a9dc1bd8bcdaf52f76ef2f12\",\"dweb:/ipfs/Qmax9WHBnVsZP46ZxEMNRQpLQnrdE4dK8LehML1Py8FowF\"]}},\"version\":1}",
        "storageLayout": {
          "storage": [
            {
              "astId": 64,
              "contract": "@openzeppelin/contracts/access/Ownable.sol:Ownable",
              "label": "_owner",
              "offset": 0,
              "slot": "0",
              "type": "t_address"
            }
          ],
          "types": {
            "t_address": {
              "encoding": "inplace",
              "label": "address",
              "numberOfBytes": "20"
            }
          }
        },
        "transientStorageLayout": {
          "storage": [],
          "types": null
        },
        "userdoc": {
          "kind": "user",
          "methods": {},
          "version": 1
        }
      }
    },
    "@openzeppelin/contracts/interfaces/draft-IERC6093.sol": {
      "IERC1155Errors": {
        "abi": [
          {
            "inputs": [
              {
                "internalType": "address",
                "name": "sender",
                "type": "address"
              },
              {
                "internalType": "uint256",
                "name": "balance",
                "type": "uint256"
              },
              {
                "internalType": "uint256",
                "name": "needed",
                "type": "uint256"
              },
              {
                "internalType": "uint256",
                "name": "tokenId",
                "type": "uint256"
              }
            ],
            "name": "ERC1155InsufficientBalance",
            "type": "error"
          },
          {
            "inputs": [
              {
                "internalType": "address",
                "name": "approver",
                "type": "address"
              }
            ],
            "name": "ERC1155InvalidApprover",
            "type": "error"
          },
          {
            "inputs": [
              {
                "internalType": "uint256",
                "name": "idsLength",
                "type": "uint256"
              },
              {
                "internalType": "uint256",
                "name": "valuesLength",
                "type": "uint256"
              }
            ],
            "name": "ERC1155InvalidArrayLength",
            "type": "error"
          },
          {
            "inputs": [
              {
                "internalType": "address",
                "name": "operator",
                "type": "address"
              }
            ],
            "name": "ERC1155InvalidOperator",
            "type": "error"
          },
          {
            "inputs": [
              {
                "internalType": "address",
                "name": "receiver",
                "type": "address"
              }
            ],
            "name": "ERC1155InvalidReceiver",
            "type": "error"
          },
          {
            "inputs": [
              {
                "internalType": "address",
                "name": "sender",
                "type": "address"
              }
            ],
            "name": "ERC1155InvalidSender",
            "type": "error"
          },
          {
            "inputs": [
              {
                "internalType": "address",
                "name": "operator",
                "type": "address"
              },
              {
                "internalType": "address",
                "name": "owner",
                "type": "address"
              }
            ],
            "name": "ERC1155MissingApprovalForAll",
            "type": "error"
          }
        ],
        "devdoc": {
          "details": "Standard ERC1155 Errors Interface of the https://eips.ethereum.org/EIPS/eip-6093[ERC-6093] custom errors for ERC1155 tokens.",
          "errors": {
            "ERC1155InsufficientBalance(address,uint256,uint256,uint256)": [
              {
                "details": "Indicates an error related to the current `balance` of a `sender`. Used in transfers.",
                "params": {
                  "balance": "Current balance for the interacting account.",
                  "needed": "Minimum amount required to perform a transfer.",
                  "sender": "Address whose tokens are being transferred.",
                  "tokenId": "Identifier number of a token."
                }
              }
            ],
            "ERC1155InvalidApprover(address)": [
              {
                "details": "Indicates a failure with the `approver` of a token to be approved. Used in approvals.",
                "params": {
                  "approver": "Address initiating an approval operation."
                }
              }
            ],
            "ERC1155InvalidArrayLength(uint256,uint256)": [
              {
                "details": "Indicates an array length mismatch between ids and values in a safeBatchTransferFrom operation. Used in batch transfers.",
                "params": {
                  "idsLength": "Length of the array of token identifiers",
                  "valuesLength": "Length of the array of token amounts"
                }
              }
            ],
            "ERC1155InvalidOperator(address)": [
              {
                "details": "Indicates a failure with the `operator` to be approved. Used in approvals.",
                "params": {
                  "operator": "Address that may be allowed to operate on tokens without being their owner."
                }
              }
            ],
            "ERC1155InvalidReceiver(address)": [
              {
                "details": "Indicates a failure with the token `receiver`. Used in transfers.",
                "params": {
                  "receiver": "Address to which tokens are being transferred."
                }
              }
            ],
            "ERC1155InvalidSender(address)": [
              {
                "details": "Indicates a failure with the token `sender`. Used in transfers.",
                "params": {
                  "sender": "Address whose tokens are being transferred."
                }
              }
            ],
            "ERC1155MissingApprovalForAll(address,address)": [
              {
                "details": "Indicates a failure with the `operator`’s approval. Used in transfers.",
                "params": {
                  "operator": "Address that may be allowed to operate on tokens without being their owner.",
                  "owner": "Address of the current owner of a token."
                }
              }
            ]
          },
          "kind": "dev",
          "methods": {},
          "version": 1
        },
        "evm": {
          "assembly": "",
          "bytecode": {
            "functionDebugData": {},
            "generatedSources": [],
            "linkReferences": {},
            "object": "",
            "opcodes": "",
            "sourceMap": ""
          },
          "deployedBytecode": {
            "functionDebugData": {},
            "generatedSources": [],
            "immutableReferences": {},
            "linkReferences": {},
            "object": "",
            "opcodes": "",
            "sourceMap": ""
          },
          "gasEstimates": null,
          "legacyAssembly": null,
          "methodIdentifiers": {}
        },
        "metadata": "{\"compiler\":{\"version\":\"0.8.27+commit.40a35a09\"},\"language\":\"Solidity\",\"output\":{\"abi\":[{\"inputs\":[{\"internalType\":\"address\",\"name\":\"sender\",\"type\":\"address\"},{\"internalType\":\"uint256\",\"name\":\"balance\",\"type\":\"uint256\"},{\"internalType\":\"uint256\",\"name\":\"needed\",\"type\":\"uint256\"},{\"internalType\":\"uint256\",\"name\":\"tokenId\",\"type\":\"uint256\"}],\"name\":\"ERC1155InsufficientBalance\",\"type\":\"error\"},{\"inputs\":[{\"internalType\":\"address\",\"name\":\"approver\",\"type\":\"address\"}],\"name\":\"ERC1155InvalidApprover\",\"type\":\"error\"},{\"inputs\":[{\"internalType\":\"uint256\",\"name\":\"idsLength\",\"type\":\"uint256\"},{\"internalType\":\"uint256\",\"name\":\"valuesLength\",\"type\":\"uint256\"}],\"name\":\"ERC1155InvalidArrayLength\",\"type\":\"error\"},{\"inputs\":[{\"internalType\":\"address\",\"name\":\"operator\",\"type\":\"address\"}],\"name\":\"ERC1155InvalidOperator\",\"type\":\"error\"},{\"inputs\":[{\"internalType\":\"address\",\"name\":\"receiver\",\"type\":\"address\"}],\"name\":\"ERC1155InvalidReceiver\",\"type\":\"error\"},{\"inputs\":[{\"internalType\":\"address\",\"name\":\"sender\",\"type\":\"address\"}],\"name\":\"ERC1155InvalidSender\",\"type\":\"error\"},{\"inputs\":[{\"internalType\":\"address\",\"name\":\"operator\",\"type\":\"address\"},{\"internalType\":\"address\",\"name\":\"owner\",\"type\":\"address\"}],\"name\":\"ERC1155MissingApprovalForAll\",\"type\":\"error\"}],\"devdoc\":{\"details\":\"Standard ERC1155 Errors Interface of the https://eips.ethereum.org/EIPS/eip-6093[ERC-6093] custom errors for ERC1155 tokens.\",\"errors\":{\"ERC1155InsufficientBalance(address,uint256,uint256,uint256)\":[{\"details\":\"Indicates an error related to the current `balance` of a `sender`. Used in transfers.\",\"params\":{\"balance\":\"Current balance for the interacting account.\",\"needed\":\"Minimum amount required to perform a transfer.\",\"sender\":\"Address whose tokens are being transferred.\",\"tokenId\":\"Identifier number of a token.\"}}],\"ERC1155InvalidApprover(address)\":[{\"details\":\"Indicates a failure with the `approver` of a token to be approved. Used in approvals.\",\"params\":{\"approver\":\"Address initiating an approval operation.\"}}],\"ERC1155InvalidArrayLength(uint256,uint256)\":[{\"details\":\"Indicates an array length mismatch between ids and values in a safeBatchTransferFrom operation. Used in batch transfers.\",\"params\":{\"idsLength\":\"Length of the array of token identifiers\",\"valuesLength\":\"Length of the array of token amounts\"}}],\"ERC1155InvalidOperator(address)\":[{\"details\":\"Indicates a failure with the `operator` to be approved. Used in approvals.\",\"params\":{\"operator\":\"Address that may be allowed to operate on tokens without being their owner.\"}}],\"ERC1155InvalidReceiver(address)\":[{\"details\":\"Indicates a failure with the token `receiver`. Used in transfers.\",\"params\":{\"receiver\":\"Address to which tokens are being transferred.\"}}],\"ERC1155InvalidSender(address)\":[{\"details\":\"Indicates a failure with the token `sender`. Used in transfers.\",\"params\":{\"sender\":\"Address whose tokens are being transferred.\"}}],\"ERC1155MissingApprovalForAll(address,address)\":[{\"details\":\"Indicates a failure with the `operator`\\u2019s approval. Used in transfers.\",\"params\":{\"operator\":\"Address that may be allowed to operate on tokens without being their owner.\",\"owner\":\"Address of the current owner of a token.\"}}]},\"kind\":\"dev\",\"methods\":{},\"version\":1},\"userdoc\":{\"kind\":\"user\",\"methods\":{},\"version\":1}},\"settings\":{\"compilationTarget\":{\"@openzeppelin/contracts/interfaces/draft-IERC6093.sol\":\"IERC1155Errors\"},\"evmVersion\":\"cancun\",\"libraries\":{},\"metadata\":{\"bytecodeHash\":\"ipfs\"},\"optimizer\":{\"enabled\":false,\"runs\":200},\"remappings\":[]},\"sources\":{\"@openzeppelin/contracts/interfaces/draft-IERC6093.sol\":{\"keccak256\":\"0x60c65f701957fdd6faea1acb0bb45825791d473693ed9ecb34726fdfaa849dd7\",\"license\":\"MIT\",\"urls\":[\"bzz-raw://ea290300e0efc4d901244949dc4d877fd46e6c5e43dc2b26620e8efab3ab803f\",\"dweb:/ipfs/QmcLLJppxKeJWqHxE2CUkcfhuRTgHSn8J4kijcLa5MYhSt\"]}},\"version\":1}",
        "storageLayout": {
          "storage": [],
          "types": null
        },
        "transientStorageLayout": {
          "storage": [],
          "types": null
        },
        "userdoc": {
          "kind": "user",
          "methods": {},
          "version": 1
        }
      },
      "IERC20Errors": {
        "abi": [
          {
            "inputs": [
              {
                "internalType": "address",
                "name": "spender",
                "type": "address"
              },
              {
                "internalType": "uint256",
                "name": "allowance",
                "type": "uint256"
              },
              {
                "internalType": "uint256",
                "name": "needed",
                "type": "uint256"
              }
            ],
            "name": "ERC20InsufficientAllowance",
            "type": "error"
          },
          {
            "inputs": [
              {
                "internalType": "address",
                "name": "sender",
                "type": "address"
              },
              {
                "internalType": "uint256",
                "name": "balance",
                "type": "uint256"
              },
              {
                "internalType": "uint256",
                "name": "needed",
                "type": "uint256"
              }
            ],
            "name": "ERC20InsufficientBalance",
            "type": "error"
          },
          {
            "inputs": [
              {
                "internalType": "address",
                "name": "approver",
                "type": "address"
              }
            ],
            "name": "ERC20InvalidApprover",
            "type": "error"
          },
          {
            "inputs": [
              {
                "internalType": "address",
                "name": "receiver",
                "type": "address"
              }
            ],
            "name": "ERC20InvalidReceiver",
            "type": "error"
          },
          {
            "inputs": [
              {
                "internalType": "address",
                "name": "sender",
                "type": "address"
              }
            ],
            "name": "ERC20InvalidSender",
            "type": "error"
          },
          {
            "inputs": [
              {
                "internalType": "address",
                "name": "spender",
                "type": "address"
              }
            ],
            "name": "ERC20InvalidSpender",
            "type": "error"
          }
        ],
        "devdoc": {
          "details": "Standard ERC20 Errors Interface of the https://eips.ethereum.org/EIPS/eip-6093[ERC-6093] custom errors for ERC20 tokens.",
          "errors": {
            "ERC20InsufficientAllowance(address,uint256,uint256)": [
              {
                "details": "Indicates a failure with the `spender`’s `allowance`. Used in transfers.",
                "params": {
                  "allowance": "Amount of tokens a `spender` is allowed to operate with.",
                  "needed": "Minimum amount required to perform a transfer.",
                  "spender": "Address that may be allowed to operate on tokens without being their owner."
                }
              }
            ],
            "ERC20InsufficientBalance(address,uint256,uint256)": [
              {
                "details": "Indicates an error related to the current `balance` of a `sender`. Used in transfers.",
                "params": {
                  "balance": "Current balance for the interacting account.",
                  "needed": "Minimum amount required to perform a transfer.",
                  "sender": "Address whose tokens are being transferred."
                }
              }
            ],
            "ERC20InvalidApprover(address)": [
              {
                "details": "Indicates a failure with the `approver` of a token to be approved. Used in approvals.",
                "params": {
                  "approver": "Address initiating an approval operation."
                }
              }
            ],
            "ERC20InvalidReceiver(address)": [
              {
                "details": "Indicates a failure with the token `receiver`. Used in transfers.",
                "params": {
                  "receiver": "Address to which tokens are being transferred."
                }
              }
            ],
            "ERC20InvalidSender(address)": [
              {
                "details": "Indicates a failure with the token `sender`. Used in transfers.",
                "params": {
                  "sender": "Address whose tokens are being transferred."
                }
              }
            ],
            "ERC20InvalidSpender(address)": [
              {
                "details": "Indicates a failure with the `spender` to be approved. Used in approvals.",
                "params": {
                  "spender": "Address that may be allowed to operate on tokens without being their owner."
                }
              }
            ]
          },
          "kind": "dev",
          "methods": {},
          "version": 1
        },
        "evm": {
          "assembly": "",
          "bytecode": {
            "functionDebugData": {},
            "generatedSources": [],
            "linkReferences": {},
            "object": "",
            "opcodes": "",
            "sourceMap": ""
          },
          "deployedBytecode": {
            "functionDebugData": {},
            "generatedSources": [],
            "immutableReferences": {},
            "linkReferences": {},
            "object": "",
            "opcodes": "",
            "sourceMap": ""
          },
          "gasEstimates": null,
          "legacyAssembly": null,
          "methodIdentifiers": {}
        },
        "metadata": "{\"compiler\":{\"version\":\"0.8.27+commit.40a35a09\"},\"language\":\"Solidity\",\"output\":{\"abi\":[{\"inputs\":[{\"internalType\":\"address\",\"name\":\"spender\",\"type\":\"address\"},{\"internalType\":\"uint256\",\"name\":\"allowance\",\"type\":\"uint256\"},{\"internalType\":\"uint256\",\"name\":\"needed\",\"type\":\"uint256\"}],\"name\":\"ERC20InsufficientAllowance\",\"type\":\"error\"},{\"inputs\":[{\"internalType\":\"address\",\"name\":\"sender\",\"type\":\"address\"},{\"internalType\":\"uint256\",\"name\":\"balance\",\"type\":\"uint256\"},{\"internalType\":\"uint256\",\"name\":\"needed\",\"type\":\"uint256\"}],\"name\":\"ERC20InsufficientBalance\",\"type\":\"error\"},{\"inputs\":[{\"internalType\":\"address\",\"name\":\"approver\",\"type\":\"address\"}],\"name\":\"ERC20InvalidApprover\",\"type\":\"error\"},{\"inputs\":[{\"internalType\":\"address\",\"name\":\"receiver\",\"type\":\"address\"}],\"name\":\"ERC20InvalidReceiver\",\"type\":\"error\"},{\"inputs\":[{\"internalType\":\"address\",\"name\":\"sender\",\"type\":\"address\"}],\"name\":\"ERC20InvalidSender\",\"type\":\"error\"},{\"inputs\":[{\"internalType\":\"address\",\"name\":\"spender\",\"type\":\"address\"}],\"name\":\"ERC20InvalidSpender\",\"type\":\"error\"}],\"devdoc\":{\"details\":\"Standard ERC20 Errors Interface of the https://eips.ethereum.org/EIPS/eip-6093[ERC-6093] custom errors for ERC20 tokens.\",\"errors\":{\"ERC20InsufficientAllowance(address,uint256,uint256)\":[{\"details\":\"Indicates a failure with the `spender`\\u2019s `allowance`. Used in transfers.\",\"params\":{\"allowance\":\"Amount of tokens a `spender` is allowed to operate with.\",\"needed\":\"Minimum amount required to perform a transfer.\",\"spender\":\"Address that may be allowed to operate on tokens without being their owner.\"}}],\"ERC20InsufficientBalance(address,uint256,uint256)\":[{\"details\":\"Indicates an error related to the current `balance` of a `sender`. Used in transfers.\",\"params\":{\"balance\":\"Current balance for the interacting account.\",\"needed\":\"Minimum amount required to perform a transfer.\",\"sender\":\"Address whose tokens are being transferred.\"}}],\"ERC20InvalidApprover(address)\":[{\"details\":\"Indicates a failure with the `approver` of a token to be approved. Used in approvals.\",\"params\":{\"approver\":\"Address initiating an approval operation.\"}}],\"ERC20InvalidReceiver(address)\":[{\"details\":\"Indicates a failure with the token `receiver`. Used in transfers.\",\"params\":{\"receiver\":\"Address to which tokens are being transferred.\"}}],\"ERC20InvalidSender(address)\":[{\"details\":\"Indicates a failure with the token `sender`. Used in transfers.\",\"params\":{\"sender\":\"Address whose tokens are being transferred.\"}}],\"ERC20InvalidSpender(address)\":[{\"details\":\"Indicates a failure with the `spender` to be approved. Used in approvals.\",\"params\":{\"spender\":\"Address that may be allowed to operate on tokens without being their owner.\"}}]},\"kind\":\"dev\",\"methods\":{},\"version\":1},\"userdoc\":{\"kind\":\"user\",\"methods\":{},\"version\":1}},\"settings\":{\"compilationTarget\":{\"@openzeppelin/contracts/interfaces/draft-IERC6093.sol\":\"IERC20Errors\"},\"evmVersion\":\"cancun\",\"libraries\":{},\"metadata\":{\"bytecodeHash\":\"ipfs\"},\"optimizer\":{\"enabled\":false,\"runs\":200},\"remappings\":[]},\"sources\":{\"@openzeppelin/contracts/interfaces/draft-IERC6093.sol\":{\"keccak256\":\"0x60c65f701957fdd6faea1acb0bb45825791d473693ed9ecb34726fdfaa849dd7\",\"license\":\"MIT\",\"urls\":[\"bzz-raw://ea290300e0efc4d901244949dc4d877fd46e6c5e43dc2b26620e8efab3ab803f\",\"dweb:/ipfs/QmcLLJppxKeJWqHxE2CUkcfhuRTgHSn8J4kijcLa5MYhSt\"]}},\"version\":1}",
        "storageLayout": {
          "storage": [],
          "types": null
        },
        "transientStorageLayout": {
          "storage": [],
          "types": null
        },
        "userdoc": {
          "kind": "user",
          "methods": {},
          "version": 1
        }
      },
      "IERC721Errors": {
        "abi": [
          {
            "inputs": [
              {
                "internalType": "address",
                "name": "sender",
                "type": "address"
              },
              {
                "internalType": "uint256",
                "name": "tokenId",
                "type": "uint256"
              },
              {
                "internalType": "address",
                "name": "owner",
                "type": "address"
              }
            ],
            "name": "ERC721IncorrectOwner",
            "type": "error"
          },
          {
            "inputs": [
              {
                "internalType": "address",
                "name": "operator",
                "type": "address"
              },
              {
                "internalType": "uint256",
                "name": "tokenId",
                "type": "uint256"
              }
            ],
            "name": "ERC721InsufficientApproval",
            "type": "error"
          },
          {
            "inputs": [
              {
                "internalType": "address",
                "name": "approver",
                "type": "address"
              }
            ],
            "name": "ERC721InvalidApprover",
            "type": "error"
          },
          {
            "inputs": [
              {
                "internalType": "address",
                "name": "operator",
                "type": "address"
              }
            ],
            "name": "ERC721InvalidOperator",
            "type": "error"
          },
          {
            "inputs": [
              {
                "internalType": "address",
                "name": "owner",
                "type": "address"
              }
            ],
            "name": "ERC721InvalidOwner",
            "type": "error"
          },
          {
            "inputs": [
              {
                "internalType": "address",
                "name": "receiver",
                "type": "address"
              }
            ],
            "name": "ERC721InvalidReceiver",
            "type": "error"
          },
          {
            "inputs": [
              {
                "internalType": "address",
                "name": "sender",
                "type": "address"
              }
            ],
            "name": "ERC721InvalidSender",
            "type": "error"
          },
          {
            "inputs": [
              {
                "internalType": "uint256",
                "name": "tokenId",
                "type": "uint256"
              }
            ],
            "name": "ERC721NonexistentToken",
            "type": "error"
          }
        ],
        "devdoc": {
          "details": "Standard ERC721 Errors Interface of the https://eips.ethereum.org/EIPS/eip-6093[ERC-6093] custom errors for ERC721 tokens.",
          "errors": {
            "ERC721IncorrectOwner(address,uint256,address)": [
              {
                "details": "Indicates an error related to the ownership over a particular token. Used in transfers.",
                "params": {
                  "owner": "Address of the current owner of a token.",
                  "sender": "Address whose tokens are being transferred.",
                  "tokenId": "Identifier number of a token."
                }
              }
            ],
            "ERC721InsufficientApproval(address,uint256)": [
              {
                "details": "Indicates a failure with the `operator`’s approval. Used in transfers.",
                "params": {
                  "operator": "Address that may be allowed to operate on tokens without being their owner.",
                  "tokenId": "Identifier number of a token."
                }
              }
            ],
            "ERC721InvalidApprover(address)": [
              {
                "details": "Indicates a failure with the `approver` of a token to be approved. Used in approvals.",
                "params": {
                  "approver": "Address initiating an approval operation."
                }
              }
            ],
            "ERC721InvalidOperator(address)": [
              {
                "details": "Indicates a failure with the `operator` to be approved. Used in approvals.",
                "params": {
                  "operator": "Address that may be allowed to operate on tokens without being their owner."
                }
              }
            ],
            "ERC721InvalidOwner(address)": [
              {
                "details": "Indicates that an address can't be an owner. For example, `address(0)` is a forbidden owner in EIP-20. Used in balance queries.",
                "params": {
                  "owner": "Address of the current owner of a token."
                }
              }
            ],
            "ERC721InvalidReceiver(address)": [
              {
                "details": "Indicates a failure with the token `receiver`. Used in transfers.",
                "params": {
                  "receiver": "Address to which tokens are being transferred."
                }
              }
            ],
            "ERC721InvalidSender(address)": [
              {
                "details": "Indicates a failure with the token `sender`. Used in transfers.",
                "params": {
                  "sender": "Address whose tokens are being transferred."
                }
              }
            ],
            "ERC721NonexistentToken(uint256)": [
              {
                "details": "Indicates a `tokenId` whose `owner` is the zero address.",
                "params": {
                  "tokenId": "Identifier number of a token."
                }
              }
            ]
          },
          "kind": "dev",
          "methods": {},
          "version": 1
        },
        "evm": {
          "assembly": "",
          "bytecode": {
            "functionDebugData": {},
            "generatedSources": [],
            "linkReferences": {},
            "object": "",
            "opcodes": "",
            "sourceMap": ""
          },
          "deployedBytecode": {
            "functionDebugData": {},
            "generatedSources": [],
            "immutableReferences": {},
            "linkReferences": {},
            "object": "",
            "opcodes": "",
            "sourceMap": ""
          },
          "gasEstimates": null,
          "legacyAssembly": null,
          "methodIdentifiers": {}
        },
        "metadata": "{\"compiler\":{\"version\":\"0.8.27+commit.40a35a09\"},\"language\":\"Solidity\",\"output\":{\"abi\":[{\"inputs\":[{\"internalType\":\"address\",\"name\":\"sender\",\"type\":\"address\"},{\"internalType\":\"uint256\",\"name\":\"tokenId\",\"type\":\"uint256\"},{\"internalType\":\"address\",\"name\":\"owner\",\"type\":\"address\"}],\"name\":\"ERC721IncorrectOwner\",\"type\":\"error\"},{\"inputs\":[{\"internalType\":\"address\",\"name\":\"operator\",\"type\":\"address\"},{\"internalType\":\"uint256\",\"name\":\"tokenId\",\"type\":\"uint256\"}],\"name\":\"ERC721InsufficientApproval\",\"type\":\"error\"},{\"inputs\":[{\"internalType\":\"address\",\"name\":\"approver\",\"type\":\"address\"}],\"name\":\"ERC721InvalidApprover\",\"type\":\"error\"},{\"inputs\":[{\"internalType\":\"address\",\"name\":\"operator\",\"type\":\"address\"}],\"name\":\"ERC721InvalidOperator\",\"type\":\"error\"},{\"inputs\":[{\"internalType\":\"address\",\"name\":\"owner\",\"type\":\"address\"}],\"name\":\"ERC721InvalidOwner\",\"type\":\"error\"},{\"inputs\":[{\"internalType\":\"address\",\"name\":\"receiver\",\"type\":\"address\"}],\"name\":\"ERC721InvalidReceiver\",\"type\":\"error\"},{\"inputs\":[{\"internalType\":\"address\",\"name\":\"sender\",\"type\":\"address\"}],\"name\":\"ERC721InvalidSender\",\"type\":\"error\"},{\"inputs\":[{\"internalType\":\"uint256\",\"name\":\"tokenId\",\"type\":\"uint256\"}],\"name\":\"ERC721NonexistentToken\",\"type\":\"error\"}],\"devdoc\":{\"details\":\"Standard ERC721 Errors Interface of the https://eips.ethereum.org/EIPS/eip-6093[ERC-6093] custom errors for ERC721 tokens.\",\"errors\":{\"ERC721IncorrectOwner(address,uint256,address)\":[{\"details\":\"Indicates an error related to the ownership over a particular token. Used in transfers.\",\"params\":{\"owner\":\"Address of the current owner of a token.\",\"sender\":\"Address whose tokens are being transferred.\",\"tokenId\":\"Identifier number of a token.\"}}],\"ERC721InsufficientApproval(address,uint256)\":[{\"details\":\"Indicates a failure with the `operator`\\u2019s approval. Used in transfers.\",\"params\":{\"operator\":\"Address that may be allowed to operate on tokens without being their owner.\",\"tokenId\":\"Identifier number of a token.\"}}],\"ERC721InvalidApprover(address)\":[{\"details\":\"Indicates a failure with the `approver` of a token to be approved. Used in approvals.\",\"params\":{\"approver\":\"Address initiating an approval operation.\"}}],\"ERC721InvalidOperator(address)\":[{\"details\":\"Indicates a failure with the `operator` to be approved. Used in approvals.\",\"params\":{\"operator\":\"Address that may be allowed to operate on tokens without being their owner.\"}}],\"ERC721InvalidOwner(address)\":[{\"details\":\"Indicates that an address can't be an owner. For example, `address(0)` is a forbidden owner in EIP-20. Used in balance queries.\",\"params\":{\"owner\":\"Address of the current owner of a token.\"}}],\"ERC721InvalidReceiver(address)\":[{\"details\":\"Indicates a failure with the token `receiver`. Used in transfers.\",\"params\":{\"receiver\":\"Address to which tokens are being transferred.\"}}],\"ERC721InvalidSender(address)\":[{\"details\":\"Indicates a failure with the token `sender`. Used in transfers.\",\"params\":{\"sender\":\"Address whose tokens are being transferred.\"}}],\"ERC721NonexistentToken(uint256)\":[{\"details\":\"Indicates a `tokenId` whose `owner` is the zero address.\",\"params\":{\"tokenId\":\"Identifier number of a token.\"}}]},\"kind\":\"dev\",\"methods\":{},\"version\":1},\"userdoc\":{\"kind\":\"user\",\"methods\":{},\"version\":1}},\"settings\":{\"compilationTarget\":{\"@openzeppelin/contracts/interfaces/draft-IERC6093.sol\":\"IERC721Errors\"},\"evmVersion\":\"cancun\",\"libraries\":{},\"metadata\":{\"bytecodeHash\":\"ipfs\"},\"optimizer\":{\"enabled\":false,\"runs\":200},\"remappings\":[]},\"sources\":{\"@openzeppelin/contracts/interfaces/draft-IERC6093.sol\":{\"keccak256\":\"0x60c65f701957fdd6faea1acb0bb45825791d473693ed9ecb34726fdfaa849dd7\",\"license\":\"MIT\",\"urls\":[\"bzz-raw://ea290300e0efc4d901244949dc4d877fd46e6c5e43dc2b26620e8efab3ab803f\",\"dweb:/ipfs/QmcLLJppxKeJWqHxE2CUkcfhuRTgHSn8J4kijcLa5MYhSt\"]}},\"version\":1}",
        "storageLayout": {
          "storage": [],
          "types": null
        },
        "transientStorageLayout": {
          "storage": [],
          "types": null
        },
        "userdoc": {
          "kind": "user",
          "methods": {},
          "version": 1
        }
      }
    },
    "@openzeppelin/contracts/token/ERC20/ERC20.sol": {
      "ERC20": {
        "abi": [
          {
            "inputs": [
              {
                "internalType": "address",
                "name": "spender",
                "type": "address"
              },
              {
                "internalType": "uint256",
                "name": "allowance",
                "type": "uint256"
              },
              {
                "internalType": "uint256",
                "name": "needed",
                "type": "uint256"
              }
            ],
            "name": "ERC20InsufficientAllowance",
            "type": "error"
          },
          {
            "inputs": [
              {
                "internalType": "address",
                "name": "sender",
                "type": "address"
              },
              {
                "internalType": "uint256",
                "name": "balance",
                "type": "uint256"
              },
              {
                "internalType": "uint256",
                "name": "needed",
                "type": "uint256"
              }
            ],
            "name": "ERC20InsufficientBalance",
            "type": "error"
          },
          {
            "inputs": [
              {
                "internalType": "address",
                "name": "approver",
                "type": "address"
              }
            ],
            "name": "ERC20InvalidApprover",
            "type": "error"
          },
          {
            "inputs": [
              {
                "internalType": "address",
                "name": "receiver",
                "type": "address"
              }
            ],
            "name": "ERC20InvalidReceiver",
            "type": "error"
          },
          {
            "inputs": [
              {
                "internalType": "address",
                "name": "sender",
                "type": "address"
              }
            ],
            "name": "ERC20InvalidSender",
            "type": "error"
          },
          {
            "inputs": [
              {
                "internalType": "address",
                "name": "spender",
                "type": "address"
              }
            ],
            "name": "ERC20InvalidSpender",
            "type": "error"
          },
          {
            "anonymous": false,
            "inputs": [
              {
                "indexed": true,
                "internalType": "address",
                "name": "owner",
                "type": "address"
              },
              {
                "indexed": true,
                "internalType": "address",
                "name": "spender",
                "type": "address"
              },
              {
                "indexed": false,
                "internalType": "uint256",
                "name": "value",
                "type": "uint256"
              }
            ],
            "name": "Approval",
            "type": "event"
          },
          {
            "anonymous": false,
            "inputs": [
              {
                "indexed": true,
                "internalType": "address",
                "name": "from",
                "type": "address"
              },
              {
                "indexed": true,
                "internalType": "address",
                "name": "to",
                "type": "address"
              },
              {
                "indexed": false,
                "internalType": "uint256",
                "name": "value",
                "type": "uint256"
              }
            ],
            "name": "Transfer",
            "type": "event"
          },
          {
            "inputs": [
              {
                "internalType": "address",
                "name": "owner",
                "type": "address"
              },
              {
                "internalType": "address",
                "name": "spender",
                "type": "address"
              }
            ],
            "name": "allowance",
            "outputs": [
              {
                "internalType": "uint256",
                "name": "",
                "type": "uint256"
              }
            ],
            "stateMutability": "view",
            "type": "function"
          },
          {
            "inputs": [
              {
                "internalType": "address",
                "name": "spender",
                "type": "address"
              },
              {
                "internalType": "uint256",
                "name": "value",
                "type": "uint256"
              }
            ],
            "name": "approve",
            "outputs": [
              {
                "internalType": "bool",
                "name": "",
                "type": "bool"
              }
            ],
            "stateMutability": "nonpayable",
            "type": "function"
          },
          {
            "inputs": [
              {
                "internalType": "address",
                "name": "account",
                "type": "address"
              }
            ],
            "name": "balanceOf",
            "outputs": [
              {
                "internalType": "uint256",
                "name": "",
                "type": "uint256"
              }
            ],
            "stateMutability": "view",
            "type": "function"
          },
          {
            "inputs": [],
            "name": "decimals",
            "outputs": [
              {
                "internalType": "uint8",
                "name": "",
                "type": "uint8"
              }
            ],
            "stateMutability": "view",
            "type": "function"
          },
          {
            "inputs": [],
            "name": "name",
            "outputs": [
              {
                "internalType": "string",
                "name": "",
                "type": "string"
              }
            ],
            "stateMutability": "view",
            "type": "function"
          },
          {
            "inputs": [],
            "name": "symbol",
            "outputs": [
              {
                "internalType": "string",
                "name": "",
                "type": "string"
              }
            ],
            "stateMutability": "view",
            "type": "function"
          },
          {
            "inputs": [],
            "name": "totalSupply",
            "outputs": [
              {
                "internalType": "uint256",
                "name": "",
                "type": "uint256"
              }
            ],
            "stateMutability": "view",
            "type": "function"
          },
          {
            "inputs": [
              {
                "internalType": "address",
                "name": "to",
                "type": "address"
              },
              {
                "internalType": "uint256",
                "name": "value",
                "type": "uint256"
              }
            ],
            "name": "transfer",
            "outputs": [
              {
                "internalType": "bool",
                "name": "",
                "type": "bool"
              }
            ],
            "stateMutability": "nonpayable",
            "type": "function"
          },
          {
            "inputs": [
              {
                "internalType": "address",
                "name": "from",
                "type": "address"
              },
              {
                "internalType": "address",
                "name": "to",
                "type": "address"
              },
              {
                "internalType": "uint256",
                "name": "value",
                "type": "uint256"
              }
            ],
            "name": "transferFrom",
            "outputs": [
              {
                "internalType": "bool",
                "name": "",
                "type": "bool"
              }
            ],
            "stateMutability": "nonpayable",
            "type": "function"
          }
        ],
        "devdoc": {
          "details": "Implementation of the {IERC20} interface. This implementation is agnostic to the way tokens are created. This means that a supply mechanism has to be added in a derived contract using {_mint}. TIP: For a detailed writeup see our guide https://forum.openzeppelin.com/t/how-to-implement-erc20-supply-mechanisms/226[How to implement supply mechanisms]. The default value of {decimals} is 18. To change this, you should override this function so it returns a different value. We have followed general OpenZeppelin Contracts guidelines: functions revert instead returning `false` on failure. This behavior is nonetheless conventional and does not conflict with the expectations of ERC20 applications. Additionally, an {Approval} event is emitted on calls to {transferFrom}. This allows applications to reconstruct the allowance for all accounts just by listening to said events. Other implementations of the EIP may not emit these events, as it isn't required by the specification.",
          "errors": {
            "ERC20InsufficientAllowance(address,uint256,uint256)": [
              {
                "details": "Indicates a failure with the `spender`’s `allowance`. Used in transfers.",
                "params": {
                  "allowance": "Amount of tokens a `spender` is allowed to operate with.",
                  "needed": "Minimum amount required to perform a transfer.",
                  "spender": "Address that may be allowed to operate on tokens without being their owner."
                }
              }
            ],
            "ERC20InsufficientBalance(address,uint256,uint256)": [
              {
                "details": "Indicates an error related to the current `balance` of a `sender`. Used in transfers.",
                "params": {
                  "balance": "Current balance for the interacting account.",
                  "needed": "Minimum amount required to perform a transfer.",
                  "sender": "Address whose tokens are being transferred."
                }
              }
            ],
            "ERC20InvalidApprover(address)": [
              {
                "details": "Indicates a failure with the `approver` of a token to be approved. Used in approvals.",
                "params": {
                  "approver": "Address initiating an approval operation."
                }
              }
            ],
            "ERC20InvalidReceiver(address)": [
              {
                "details": "Indicates a failure with the token `receiver`. Used in transfers.",
                "params": {
                  "receiver": "Address to which tokens are being transferred."
                }
              }
            ],
            "ERC20InvalidSender(address)": [
              {
                "details": "Indicates a failure with the token `sender`. Used in transfers.",
                "params": {
                  "sender": "Address whose tokens are being transferred."
                }
              }
            ],
            "ERC20InvalidSpender(address)": [
              {
                "details": "Indicates a failure with the `spender` to be approved. Used in approvals.",
                "params": {
                  "spender": "Address that may be allowed to operate on tokens without being their owner."
                }
              }
            ]
          },
          "events": {
            "Approval(address,address,uint256)": {
              "details": "Emitted when the allowance of a `spender` for an `owner` is set by a call to {approve}. `value` is the new allowance."
            },
            "Transfer(address,address,uint256)": {
              "details": "Emitted when `value` tokens are moved from one account (`from`) to another (`to`). Note that `value` may be zero."
            }
          },
          "kind": "dev",
          "methods": {
            "allowance(address,address)": {
              "details": "See {IERC20-allowance}."
            },
            "approve(address,uint256)": {
              "details": "See {IERC20-approve}. NOTE: If `value` is the maximum `uint256`, the allowance is not updated on `transferFrom`. This is semantically equivalent to an infinite approval. Requirements: - `spender` cannot be the zero address."
            },
            "balanceOf(address)": {
              "details": "See {IERC20-balanceOf}."
            },
            "constructor": {
              "details": "Sets the values for {name} and {symbol}. All two of these values are immutable: they can only be set once during construction."
            },
            "decimals()": {
              "details": "Returns the number of decimals used to get its user representation. For example, if `decimals` equals `2`, a balance of `505` tokens should be displayed to a user as `5.05` (`505 / 10 ** 2`). Tokens usually opt for a value of 18, imitating the relationship between Ether and Wei. This is the default value returned by this function, unless it's overridden. NOTE: This information is only used for _display_ purposes: it in no way affects any of the arithmetic of the contract, including {IERC20-balanceOf} and {IERC20-transfer}."
            },
            "name()": {
              "details": "Returns the name of the token."
            },
            "symbol()": {
              "details": "Returns the symbol of the token, usually a shorter version of the name."
            },
            "totalSupply()": {
              "details": "See {IERC20-totalSupply}."
            },
            "transfer(address,uint256)": {
              "details": "See {IERC20-transfer}. Requirements: - `to` cannot be the zero address. - the caller must have a balance of at least `value`."
            },
            "transferFrom(address,address,uint256)": {
              "details": "See {IERC20-transferFrom}. Emits an {Approval} event indicating the updated allowance. This is not required by the EIP. See the note at the beginning of {ERC20}. NOTE: Does not update the allowance if the current allowance is the maximum `uint256`. Requirements: - `from` and `to` cannot be the zero address. - `from` must have a balance of at least `value`. - the caller must have allowance for ``from``'s tokens of at least `value`."
            }
          },
          "version": 1
        },
        "evm": {
          "assembly": "",
          "bytecode": {
            "functionDebugData": {},
            "generatedSources": [],
            "linkReferences": {},
            "object": "",
            "opcodes": "",
            "sourceMap": ""
          },
          "deployedBytecode": {
            "functionDebugData": {},
            "generatedSources": [],
            "immutableReferences": {},
            "linkReferences": {},
            "object": "",
            "opcodes": "",
            "sourceMap": ""
          },
          "gasEstimates": null,
          "legacyAssembly": null,
          "methodIdentifiers": {
            "allowance(address,address)": "dd62ed3e",
            "approve(address,uint256)": "095ea7b3",
            "balanceOf(address)": "70a08231",
            "decimals()": "313ce567",
            "name()": "06fdde03",
            "symbol()": "95d89b41",
            "totalSupply()": "18160ddd",
            "transfer(address,uint256)": "a9059cbb",
            "transferFrom(address,address,uint256)": "23b872dd"
          }
        },
        "metadata": "{\"compiler\":{\"version\":\"0.8.27+commit.40a35a09\"},\"language\":\"Solidity\",\"output\":{\"abi\":[{\"inputs\":[{\"internalType\":\"address\",\"name\":\"spender\",\"type\":\"address\"},{\"internalType\":\"uint256\",\"name\":\"allowance\",\"type\":\"uint256\"},{\"internalType\":\"uint256\",\"name\":\"needed\",\"type\":\"uint256\"}],\"name\":\"ERC20InsufficientAllowance\",\"type\":\"error\"},{\"inputs\":[{\"internalType\":\"address\",\"name\":\"sender\",\"type\":\"address\"},{\"internalType\":\"uint256\",\"name\":\"balance\",\"type\":\"uint256\"},{\"internalType\":\"uint256\",\"name\":\"needed\",\"type\":\"uint256\"}],\"name\":\"ERC20InsufficientBalance\",\"type\":\"error\"},{\"inputs\":[{\"internalType\":\"address\",\"name\":\"approver\",\"type\":\"address\"}],\"name\":\"ERC20InvalidApprover\",\"type\":\"error\"},{\"inputs\":[{\"internalType\":\"address\",\"name\":\"receiver\",\"type\":\"address\"}],\"name\":\"ERC20InvalidReceiver\",\"type\":\"error\"},{\"inputs\":[{\"internalType\":\"address\",\"name\":\"sender\",\"type\":\"address\"}],\"name\":\"ERC20InvalidSender\",\"type\":\"error\"},{\"inputs\":[{\"internalType\":\"address\",\"name\":\"spender\",\"type\":\"address\"}],\"name\":\"ERC20InvalidSpender\",\"type\":\"error\"},{\"anonymous\":false,\"inputs\":[{\"indexed\":true,\"internalType\":\"address\",\"name\":\"owner\",\"type\":\"address\"},{\"indexed\":true,\"internalType\":\"address\",\"name\":\"spender\",\"type\":\"address\"},{\"indexed\":false,\"internalType\":\"uint256\",\"name\":\"value\",\"type\":\"uint256\"}],\"name\":\"Approval\",\"type\":\"event\"},{\"anonymous\":false,\"inputs\":[{\"indexed\":true,\"internalType\":\"address\",\"name\":\"from\",\"type\":\"address\"},{\"indexed\":true,\"internalType\":\"address\",\"name\":\"to\",\"type\":\"address\"},{\"indexed\":false,\"internalType\":\"uint256\",\"name\":\"value\",\"type\":\"uint256\"}],\"name\":\"Transfer\",\"type\":\"event\"},{\"inputs\":[{\"internalType\":\"address\",\"name\":\"owner\",\"type\":\"address\"},{\"internalType\":\"address\",\"name\":\"spender\",\"type\":\"address\"}],\"name\":\"allowance\",\"outputs\":[{\"internalType\":\"uint256\",\"name\":\"\",\"type\":\"uint256\"}],\"stateMutability\":\"view\",\"type\":\"function\"},{\"inputs\":[{\"internalType\":\"address\",\"name\":\"spender\",\"type\":\"address\"},{\"internalType\":\"uint256\",\"name\":\"value\",\"type\":\"uint256\"}],\"name\":\"approve\",\"outputs\":[{\"internalType\":\"bool\",\"name\":\"\",\"type\":\"bool\"}],\"stateMutability\":\"nonpayable\",\"type\":\"function\"},{\"inputs\":[{\"internalType\":\"address\",\"name\":\"account\",\"type\":\"address\"}],\"name\":\"balanceOf\",\"outputs\":[{\"internalType\":\"uint256\",\"name\":\"\",\"type\":\"uint256\"}],\"stateMutability\":\"view\",\"type\":\"function\"},{\"inputs\":[],\"name\":\"decimals\",\"outputs\":[{\"internalType\":\"uint8\",\"name\":\"\",\"type\":\"uint8\"}],\"stateMutability\":\"view\",\"type\":\"function\"},{\"inputs\":[],\"name\":\"name\",\"outputs\":[{\"internalType\":\"string\",\"name\":\"\",\"type\":\"string\"}],\"stateMutability\":\"view\",\"type\":\"function\"},{\"inputs\":[],\"name\":\"symbol\",\"outputs\":[{\"internalType\":\"string\",\"name\":\"\",\"type\":\"string\"}],\"stateMutability\":\"view\",\"type\":\"function\"},{\"inputs\":[],\"name\":\"totalSupply\",\"outputs\":[{\"internalType\":\"uint256\",\"name\":\"\",\"type\":\"uint256\"}],\"stateMutability\":\"view\",\"type\":\"function\"},{\"inputs\":[{\"internalType\":\"address\",\"name\":\"to\",\"type\":\"address\"},{\"internalType\":\"uint256\",\"name\":\"value\",\"type\":\"uint256\"}],\"name\":\"transfer\",\"outputs\":[{\"internalType\":\"bool\",\"name\":\"\",\"type\":\"bool\"}],\"stateMutability\":\"nonpayable\",\"type\":\"function\"},{\"inputs\":[{\"internalType\":\"address\",\"name\":\"from\",\"type\":\"address\"},{\"internalType\":\"address\",\"name\":\"to\",\"type\":\"address\"},{\"internalType\":\"uint256\",\"name\":\"value\",\"type\":\"uint256\"}],\"name\":\"transferFrom\",\"outputs\":[{\"internalType\":\"bool\",\"name\":\"\",\"type\":\"bool\"}],\"stateMutability\":\"nonpayable\",\"type\":\"function\"}],\"devdoc\":{\"details\":\"Implementation of the {IERC20} interface. This implementation is agnostic to the way tokens are created. This means that a supply mechanism has to be added in a derived contract using {_mint}. TIP: For a detailed writeup see our guide https://forum.openzeppelin.com/t/how-to-implement-erc20-supply-mechanisms/226[How to implement supply mechanisms]. The default value of {decimals} is 18. To change this, you should override this function so it returns a different value. We have followed general OpenZeppelin Contracts guidelines: functions revert instead returning `false` on failure. This behavior is nonetheless conventional and does not conflict with the expectations of ERC20 applications. Additionally, an {Approval} event is emitted on calls to {transferFrom}. This allows applications to reconstruct the allowance for all accounts just by listening to said events. Other implementations of the EIP may not emit these events, as it isn't required by the specification.\",\"errors\":{\"ERC20InsufficientAllowance(address,uint256,uint256)\":[{\"details\":\"Indicates a failure with the `spender`\\u2019s `allowance`. Used in transfers.\",\"params\":{\"allowance\":\"Amount of tokens a `spender` is allowed to operate with.\",\"needed\":\"Minimum amount required to perform a transfer.\",\"spender\":\"Address that may be allowed to operate on tokens without being their owner.\"}}],\"ERC20InsufficientBalance(address,uint256,uint256)\":[{\"details\":\"Indicates an error related to the current `balance` of a `sender`. Used in transfers.\",\"params\":{\"balance\":\"Current balance for the interacting account.\",\"needed\":\"Minimum amount required to perform a transfer.\",\"sender\":\"Address whose tokens are being transferred.\"}}],\"ERC20InvalidApprover(address)\":[{\"details\":\"Indicates a failure with the `approver` of a token to be approved. Used in approvals.\",\"params\":{\"approver\":\"Address initiating an approval operation.\"}}],\"ERC20InvalidReceiver(address)\":[{\"details\":\"Indicates a failure with the token `receiver`. Used in transfers.\",\"params\":{\"receiver\":\"Address to which tokens are being transferred.\"}}],\"ERC20InvalidSender(address)\":[{\"details\":\"Indicates a failure with the token `sender`. Used in transfers.\",\"params\":{\"sender\":\"Address whose tokens are being transferred.\"}}],\"ERC20InvalidSpender(address)\":[{\"details\":\"Indicates a failure with the `spender` to be approved. Used in approvals.\",\"params\":{\"spender\":\"Address that may be allowed to operate on tokens without being their owner.\"}}]},\"events\":{\"Approval(address,address,uint256)\":{\"details\":\"Emitted when the allowance of a `spender` for an `owner` is set by a call to {approve}. `value` is the new allowance.\"},\"Transfer(address,address,uint256)\":{\"details\":\"Emitted when `value` tokens are moved from one account (`from`) to another (`to`). Note that `value` may be zero.\"}},\"kind\":\"dev\",\"methods\":{\"allowance(address,address)\":{\"details\":\"See {IERC20-allowance}.\"},\"approve(address,uint256)\":{\"details\":\"See {IERC20-approve}. NOTE: If `value` is the maximum `uint256`, the allowance is not updated on `transferFrom`. This is semantically equivalent to an infinite approval. Requirements: - `spender` cannot be the zero address.\"},\"balanceOf(address)\":{\"details\":\"See {IERC20-balanceOf}.\"},\"constructor\":{\"details\":\"Sets the values for {name} and {symbol}. All two of these values are immutable: they can only be set once during construction.\"},\"decimals()\":{\"details\":\"Returns the number of decimals used to get its user representation. For example, if `decimals` equals `2`, a balance of `505` tokens should be displayed to a user as `5.05` (`505 / 10 ** 2`). Tokens usually opt for a value of 18, imitating the relationship between Ether and Wei. This is the default value returned by this function, unless it's overridden. NOTE: This information is only used for _display_ purposes: it in no way affects any of the arithmetic of the contract, including {IERC20-balanceOf} and {IERC20-transfer}.\"},\"name()\":{\"details\":\"Returns the name of the token.\"},\"symbol()\":{\"details\":\"Returns the symbol of the token, usually a shorter version of the name.\"},\"totalSupply()\":{\"details\":\"See {IERC20-totalSupply}.\"},\"transfer(address,uint256)\":{\"details\":\"See {IERC20-transfer}. Requirements: - `to` cannot be the zero address. - the caller must have a balance of at least `value`.\"},\"transferFrom(address,address,uint256)\":{\"details\":\"See {IERC20-transferFrom}. Emits an {Approval} event indicating the updated allowance. This is not required by the EIP. See the note at the beginning of {ERC20}. NOTE: Does not update the allowance if the current allowance is the maximum `uint256`. Requirements: - `from` and `to` cannot be the zero address. - `from` must have a balance of at least `value`. - the caller must have allowance for ``from``'s tokens of at least `value`.\"}},\"version\":1},\"userdoc\":{\"kind\":\"user\",\"methods\":{},\"version\":1}},\"settings\":{\"compilationTarget\":{\"@openzeppelin/contracts/token/ERC20/ERC20.sol\":\"ERC20\"},\"evmVersion\":\"cancun\",\"libraries\":{},\"metadata\":{\"bytecodeHash\":\"ipfs\"},\"optimizer\":{\"enabled\":false,\"runs\":200},\"remappings\":[]},\"sources\":{\"@openzeppelin/contracts/interfaces/draft-IERC6093.sol\":{\"keccak256\":\"0x60c65f701957fdd6faea1acb0bb45825791d473693ed9ecb34726fdfaa849dd7\",\"license\":\"MIT\",\"urls\":[\"bzz-raw://ea290300e0efc4d901244949dc4d877fd46e6c5e43dc2b26620e8efab3ab803f\",\"dweb:/ipfs/QmcLLJppxKeJWqHxE2CUkcfhuRTgHSn8J4kijcLa5MYhSt\"]},\"@openzeppelin/contracts/token/ERC20/ERC20.sol\":{\"keccak256\":\"0xc3e1fa9d1987f8d349dfb4d6fe93bf2ca014b52ba335cfac30bfe71e357e6f80\",\"license\":\"MIT\",\"urls\":[\"bzz-raw://c5703ccdeb7b1d685e375ed719117e9edf2ab4bc544f24f23b0d50ec82257229\",\"dweb:/ipfs/QmTdwkbQq7owpCiyuzE7eh5LrD2ddrBCZ5WHVsWPi1RrTS\"]},\"@openzeppelin/contracts/token/ERC20/IERC20.sol\":{\"keccak256\":\"0xc6a8ff0ea489379b61faa647490411b80102578440ab9d84e9a957cc12164e70\",\"license\":\"MIT\",\"urls\":[\"bzz-raw://0ea104e577e63faea3b69c415637e99e755dcbf64c5833d7140c35a714d6d90c\",\"dweb:/ipfs/Qmau6x4Ns9XdyynRCNNp3RhLqijJjFm7z5fyZazfYFGYdq\"]},\"@openzeppelin/contracts/token/ERC20/extensions/IERC20Metadata.sol\":{\"keccak256\":\"0xaa761817f6cd7892fcf158b3c776b34551cde36f48ff9703d53898bc45a94ea2\",\"license\":\"MIT\",\"urls\":[\"bzz-raw://0ad7c8d4d08938c8dfc43d75a148863fb324b80cf53e0a36f7e5a4ac29008850\",\"dweb:/ipfs/QmcrhfPgVNf5mkdhQvy1pMv51TFokD3Y4Wa5WZhFqVh8UV\"]},\"@openzeppelin/contracts/utils/Context.sol\":{\"keccak256\":\"0x493033a8d1b176a037b2cc6a04dad01a5c157722049bbecf632ca876224dd4b2\",\"license\":\"MIT\",\"urls\":[\"bzz-raw://6a708e8a5bdb1011c2c381c9a5cfd8a9a956d7d0a9dc1bd8bcdaf52f76ef2f12\",\"dweb:/ipfs/Qmax9WHBnVsZP46ZxEMNRQpLQnrdE4dK8LehML1Py8FowF\"]}},\"version\":1}",
        "storageLayout": {
          "storage": [
            {
              "astId": 226,
              "contract": "@openzeppelin/contracts/token/ERC20/ERC20.sol:ERC20",
              "label": "_balances",
              "offset": 0,
              "slot": "0",
              "type": "t_mapping(t_address,t_uint256)"
            },
            {
              "astId": 232,
              "contract": "@openzeppelin/contracts/token/ERC20/ERC20.sol:ERC20",
              "label": "_allowances",
              "offset": 0,
              "slot": "1",
              "type": "t_mapping(t_address,t_mapping(t_address,t_uint256))"
            },
            {
              "astId": 234,
              "contract": "@openzeppelin/contracts/token/ERC20/ERC20.sol:ERC20",
              "label": "_totalSupply",
              "offset": 0,
              "slot": "2",
              "type": "t_uint256"
            },
            {
              "astId": 236,
              "contract": "@openzeppelin/contracts/token/ERC20/ERC20.sol:ERC20",
              "label": "_name",
              "offset": 0,
              "slot": "3",
              "type": "t_string_storage"
            },
            {
              "astId": 238,
              "contract": "@openzeppelin/contracts/token/ERC20/ERC20.sol:ERC20",
              "label": "_symbol",
              "offset": 0,
              "slot": "4",
              "type": "t_string_storage"
            }
          ],
          "types": {
            "t_address": {
              "encoding": "inplace",
              "label": "address",
              "numberOfBytes": "20"
            },
            "t_mapping(t_address,t_mapping(t_address,t_uint256))": {
              "encoding": "mapping",
              "key": "t_address",
              "label": "mapping(address => mapping(address => uint256))",
              "numberOfBytes": "32",
              "value": "t_mapping(t_address,t_uint256)"
            },
            "t_mapping(t_address,t_uint256)": {
              "encoding": "mapping",
              "key": "t_address",
              "label": "mapping(address => uint256)",
              "numberOfBytes": "32",
              "value": "t_uint256"
            },
            "t_string_storage": {
              "encoding": "bytes",
              "label": "string",
              "numberOfBytes": "32"
            },
            "t_uint256": {
              "encoding": "inplace",
              "label": "uint256",
              "numberOfBytes": "32"
            }
          }
        },
        "transientStorageLayout": {
          "storage": [],
          "types": null
        },
        "userdoc": {
          "kind": "user",
          "methods": {},
          "version": 1
        }
      }
    },
    "@openzeppelin/contracts/token/ERC20/IERC20.sol": {
      "IERC20": {
        "abi": [
          {
            "anonymous": false,
            "inputs": [
              {
                "indexed": true,
                "internalType": "address",
                "name": "owner",
                "type": "address"
              },
              {
                "indexed": true,
                "internalType": "address",
                "name": "spender",
                "type": "address"
              },
              {
                "indexed": false,
                "internalType": "uint256",
                "name": "value",
                "type": "uint256"
              }
            ],
            "name": "Approval",
            "type": "event"
          },
          {
            "anonymous": false,
            "inputs": [
              {
                "indexed": true,
                "internalType": "address",
                "name": "from",
                "type": "address"
              },
              {
                "indexed": true,
                "internalType": "address",
                "name": "to",
                "type": "address"
              },
              {
                "indexed": false,
                "internalType": "uint256",
                "name": "value",
                "type": "uint256"
              }
            ],
            "name": "Transfer",
            "type": "event"
          },
          {
            "inputs": [
              {
                "internalType": "address",
                "name": "owner",
                "type": "address"
              },
              {
                "internalType": "address",
                "name": "spender",
                "type": "address"
              }
            ],
            "name": "allowance",
            "outputs": [
              {
                "internalType": "uint256",
                "name": "",
                "type": "uint256"
              }
            ],
            "stateMutability": "view",
            "type": "function"
          },
          {
            "inputs": [
              {
                "internalType": "address",
                "name": "spender",
                "type": "address"
              },
              {
                "internalType": "uint256",
                "name": "value",
                "type": "uint256"
              }
            ],
            "name": "approve",
            "outputs": [
              {
                "internalType": "bool",
                "name": "",
                "type": "bool"
              }
            ],
            "stateMutability": "nonpayable",
            "type": "function"
          },
          {
            "inputs": [
              {
                "internalType": "address",
                "name": "account",
                "type": "address"
              }
            ],
            "name": "balanceOf",
            "outputs": [
              {
                "internalType": "uint256",
                "name": "",
                "type": "uint256"
              }
            ],
            "stateMutability": "view",
            "type": "function"
          },
          {
            "inputs": [],
            "name": "totalSupply",
            "outputs": [
              {
                "internalType": "uint256",
                "name": "",
                "type": "uint256"
              }
            ],
            "stateMutability": "view",
            "type": "function"
          },
          {
            "inputs": [
              {
                "internalType": "address",
                "name": "to",
                "type": "address"
              },
              {
                "internalType": "uint256",
                "name": "value",
                "type": "uint256"
              }
            ],
            "name": "transfer",
            "outputs": [
              {
                "internalType": "bool",
                "name": "",
                "type": "bool"
              }
            ],
            "stateMutability": "nonpayable",
            "type": "function"
          },
          {
            "inputs": [
              {
                "internalType": "address",
                "name": "from",
                "type": "address"
              },
              {
                "internalType": "address",
                "name": "to",
                "type": "address"
              },
              {
                "internalType": "uint256",
                "name": "value",
                "type": "uint256"
              }
            ],
            "name": "transferFrom",
            "outputs": [
              {
                "internalType": "bool",
                "name": "",
                "type": "bool"
              }
            ],
            "stateMutability": "nonpayable",
            "type": "function"
          }
        ],
        "devdoc": {
          "details": "Interface of the ERC20 standard as defined in the EIP.",
          "events": {
            "Approval(address,address,uint256)": {
              "details": "Emitted when the allowance of a `spender` for an `owner` is set by a call to {approve}. `value` is the new allowance."
            },
            "Transfer(address,address,uint256)": {
              "details": "Emitted when `value` tokens are moved from one account (`from`) to another (`to`). Note that `value` may be zero."
            }
          },
          "kind": "dev",
          "methods": {
            "allowance(address,address)": {
              "details": "Returns the remaining number of tokens that `spender` will be allowed to spend on behalf of `owner` through {transferFrom}. This is zero by default. This value changes when {approve} or {transferFrom} are called."
            },
            "approve(address,uint256)": {
              "details": "Sets a `value` amount of tokens as the allowance of `spender` over the caller's tokens. Returns a boolean value indicating whether the operation succeeded. IMPORTANT: Beware that changing an allowance with this method brings the risk that someone may use both the old and the new allowance by unfortunate transaction ordering. One possible solution to mitigate this race condition is to first reduce the spender's allowance to 0 and set the desired value afterwards: https://github.com/ethereum/EIPs/issues/20#issuecomment-263524729 Emits an {Approval} event."
            },
            "balanceOf(address)": {
              "details": "Returns the value of tokens owned by `account`."
            },
            "totalSupply()": {
              "details": "Returns the value of tokens in existence."
            },
            "transfer(address,uint256)": {
              "details": "Moves a `value` amount of tokens from the caller's account to `to`. Returns a boolean value indicating whether the operation succeeded. Emits a {Transfer} event."
            },
            "transferFrom(address,address,uint256)": {
              "details": "Moves a `value` amount of tokens from `from` to `to` using the allowance mechanism. `value` is then deducted from the caller's allowance. Returns a boolean value indicating whether the operation succeeded. Emits a {Transfer} event."
            }
          },
          "version": 1
        },
        "evm": {
          "assembly": "",
          "bytecode": {
            "functionDebugData": {},
            "generatedSources": [],
            "linkReferences": {},
            "object": "",
            "opcodes": "",
            "sourceMap": ""
          },
          "deployedBytecode": {
            "functionDebugData": {},
            "generatedSources": [],
            "immutableReferences": {},
            "linkReferences": {},
            "object": "",
            "opcodes": "",
            "sourceMap": ""
          },
          "gasEstimates": null,
          "legacyAssembly": null,
          "methodIdentifiers": {
            "allowance(address,address)": "dd62ed3e",
            "approve(address,uint256)": "095ea7b3",
            "balanceOf(address)": "70a08231",
            "totalSupply()": "18160ddd",
            "transfer(address,uint256)": "a9059cbb",
            "transferFrom(address,address,uint256)": "23b872dd"
          }
        },
        "metadata": "{\"compiler\":{\"version\":\"0.8.27+commit.40a35a09\"},\"language\":\"Solidity\",\"output\":{\"abi\":[{\"anonymous\":false,\"inputs\":[{\"indexed\":true,\"internalType\":\"address\",\"name\":\"owner\",\"type\":\"address\"},{\"indexed\":true,\"internalType\":\"address\",\"name\":\"spender\",\"type\":\"address\"},{\"indexed\":false,\"internalType\":\"uint256\",\"name\":\"value\",\"type\":\"uint256\"}],\"name\":\"Approval\",\"type\":\"event\"},{\"anonymous\":false,\"inputs\":[{\"indexed\":true,\"internalType\":\"address\",\"name\":\"from\",\"type\":\"address\"},{\"indexed\":true,\"internalType\":\"address\",\"name\":\"to\",\"type\":\"address\"},{\"indexed\":false,\"internalType\":\"uint256\",\"name\":\"value\",\"type\":\"uint256\"}],\"name\":\"Transfer\",\"type\":\"event\"},{\"inputs\":[{\"internalType\":\"address\",\"name\":\"owner\",\"type\":\"address\"},{\"internalType\":\"address\",\"name\":\"spender\",\"type\":\"address\"}],\"name\":\"allowance\",\"outputs\":[{\"internalType\":\"uint256\",\"name\":\"\",\"type\":\"uint256\"}],\"stateMutability\":\"view\",\"type\":\"function\"},{\"inputs\":[{\"internalType\":\"address\",\"name\":\"spender\",\"type\":\"address\"},{\"internalType\":\"uint256\",\"name\":\"value\",\"type\":\"uint256\"}],\"name\":\"approve\",\"outputs\":[{\"internalType\":\"bool\",\"name\":\"\",\"type\":\"bool\"}],\"stateMutability\":\"nonpayable\",\"type\":\"function\"},{\"inputs\":[{\"internalType\":\"address\",\"name\":\"account\",\"type\":\"address\"}],\"name\":\"balanceOf\",\"outputs\":[{\"internalType\":\"uint256\",\"name\":\"\",\"type\":\"uint256\"}],\"stateMutability\":\"view\",\"type\":\"function\"},{\"inputs\":[],\"name\":\"totalSupply\",\"outputs\":[{\"internalType\":\"uint256\",\"name\":\"\",\"type\":\"uint256\"}],\"stateMutability\":\"view\",\"type\":\"function\"},{\"inputs\":[{\"internalType\":\"address\",\"name\":\"to\",\"type\":\"address\"},{\"internalType\":\"uint256\",\"name\":\"value\",\"type\":\"uint256\"}],\"name\":\"transfer\",\"outputs\":[{\"internalType\":\"bool\",\"name\":\"\",\"type\":\"bool\"}],\"stateMutability\":\"nonpayable\",\"type\":\"function\"},{\"inputs\":[{\"internalType\":\"address\",\"name\":\"from\",\"type\":\"address\"},{\"internalType\":\"address\",\"name\":\"to\",\"type\":\"address\"},{\"internalType\":\"uint256\",\"name\":\"value\",\"type\":\"uint256\"}],\"name\":\"transferFrom\",\"outputs\":[{\"internalType\":\"bool\",\"name\":\"\",\"type\":\"bool\"}],\"stateMutability\":\"nonpayable\",\"type\":\"function\"}],\"devdoc\":{\"details\":\"Interface of the ERC20 standard as defined in the EIP.\",\"events\":{\"Approval(address,address,uint256)\":{\"details\":\"Emitted when the allowance of a `spender` for an `owner` is set by a call to {approve}. `value` is the new allowance.\"},\"Transfer(address,address,uint256)\":{\"details\":\"Emitted when `value` tokens are moved from one account (`from`) to another (`to`). Note that `value` may be zero.\"}},\"kind\":\"dev\",\"methods\":{\"allowance(address,address)\":{\"details\":\"Returns the remaining number of tokens that `spender` will be allowed to spend on behalf of `owner` through {transferFrom}. This is zero by default. This value changes when {approve} or {transferFrom} are called.\"},\"approve(address,uint256)\":{\"details\":\"Sets a `value` amount of tokens as the allowance of `spender` over the caller's tokens. Returns a boolean value indicating whether the operation succeeded. IMPORTANT: Beware that changing an allowance with this method brings the risk that someone may use both the old and the new allowance by unfortunate transaction ordering. One possible solution to mitigate this race condition is to first reduce the spender's allowance to 0 and set the desired value afterwards: https://github.com/ethereum/EIPs/issues/20#issuecomment-263524729 Emits an {Approval} event.\"},\"balanceOf(address)\":{\"details\":\"Returns the value of tokens owned by `account`.\"},\"totalSupply()\":{\"details\":\"Returns the value of tokens in existence.\"},\"transfer(address,uint256)\":{\"details\":\"Moves a `value` amount of tokens from the caller's account to `to`. Returns a boolean value indicating whether the operation succeeded. Emits a {Transfer} event.\"},\"transferFrom(address,address,uint256)\":{\"details\":\"Moves a `value` amount of tokens from `from` to `to` using the allowance mechanism. `value` is then deducted from the caller's allowance. Returns a boolean value indicating whether the operation succeeded. Emits a {Transfer} event.\"}},\"version\":1},\"userdoc\":{\"kind\":\"user\",\"methods\":{},\"version\":1}},\"settings\":{\"compilationTarget\":{\"@openzeppelin/contracts/token/ERC20/IERC20.sol\":\"IERC20\"},\"evmVersion\":\"cancun\",\"libraries\":{},\"metadata\":{\"bytecodeHash\":\"ipfs\"},\"optimizer\":{\"enabled\":false,\"runs\":200},\"remappings\":[]},\"sources\":{\"@openzeppelin/contracts/token/ERC20/IERC20.sol\":{\"keccak256\":\"0xc6a8ff0ea489379b61faa647490411b80102578440ab9d84e9a957cc12164e70\",\"license\":\"MIT\",\"urls\":[\"bzz-raw://0ea104e577e63faea3b69c415637e99e755dcbf64c5833d7140c35a714d6d90c\",\"dweb:/ipfs/Qmau6x4Ns9XdyynRCNNp3RhLqijJjFm7z5fyZazfYFGYdq\"]}},\"version\":1}",
        "storageLayout": {
          "storage": [],
          "types": null
        },
        "transientStorageLayout": {
          "storage": [],
          "types": null
        },
        "userdoc": {
          "kind": "user",
          "methods": {},
          "version": 1
        }
      }
    },
    "@openzeppelin/contracts/token/ERC20/extensions/IERC20Metadata.sol": {
      "IERC20Metadata": {
        "abi": [
          {
            "anonymous": false,
            "inputs": [
              {
                "indexed": true,
                "internalType": "address",
                "name": "owner",
                "type": "address"
              },
              {
                "indexed": true,
                "internalType": "address",
                "name": "spender",
                "type": "address"
              },
              {
                "indexed": false,
                "internalType": "uint256",
                "name": "value",
                "type": "uint256"
              }
            ],
            "name": "Approval",
            "type": "event"
          },
          {
            "anonymous": false,
            "inputs": [
              {
                "indexed": true,
                "internalType": "address",
                "name": "from",
                "type": "address"
              },
              {
                "indexed": true,
                "internalType": "address",
                "name": "to",
                "type": "address"
              },
              {
                "indexed": false,
                "internalType": "uint256",
                "name": "value",
                "type": "uint256"
              }
            ],
            "name": "Transfer",
            "type": "event"
          },
          {
            "inputs": [
              {
                "internalType": "address",
                "name": "owner",
                "type": "address"
              },
              {
                "internalType": "address",
                "name": "spender",
                "type": "address"
              }
            ],
            "name": "allowance",
            "outputs": [
              {
                "internalType": "uint256",
                "name": "",
                "type": "uint256"
              }
            ],
            "stateMutability": "view",
            "type": "function"
          },
          {
            "inputs": [
              {
                "internalType": "address",
                "name": "spender",
                "type": "address"
              },
              {
                "internalType": "uint256",
                "name": "value",
                "type": "uint256"
              }
            ],
            "name": "approve",
            "outputs": [
              {
                "internalType": "bool",
                "name": "",
                "type": "bool"
              }
            ],
            "stateMutability": "nonpayable",
            "type": "function"
          },
          {
            "inputs": [
              {
                "internalType": "address",
                "name": "account",
                "type": "address"
              }
            ],
            "name": "balanceOf",
            "outputs": [
              {
                "internalType": "uint256",
                "name": "",
                "type": "uint256"
              }
            ],
            "stateMutability": "view",
            "type": "function"
          },
          {
            "inputs": [],
            "name": "decimals",
            "outputs": [
              {
                "internalType": "uint8",
                "name": "",
                "type": "uint8"
              }
            ],
            "stateMutability": "view",
            "type": "function"
          },
          {
            "inputs": [],
            "name": "name",
            "outputs": [
              {
                "internalType": "string",
                "name": "",
                "type": "string"
              }
            ],
            "stateMutability": "view",
            "type": "function"
          },
          {
            "inputs": [],
            "name": "symbol",
            "outputs": [
              {
                "internalType": "string",
                "name": "",
                "type": "string"
              }
            ],
            "stateMutability": "view",
            "type": "function"
          },
          {
            "inputs": [],
            "name": "totalSupply",
            "outputs": [
              {
                "internalType": "uint256",
                "name": "",
                "type": "uint256"
              }
            ],
            "stateMutability": "view",
            "type": "function"
          },
          {
            "inputs": [
              {
                "internalType": "address",
                "name": "to",
                "type": "address"
              },
              {
                "internalType": "uint256",
                "name": "value",
                "type": "uint256"
              }
            ],
            "name": "transfer",
            "outputs": [
              {
                "internalType": "bool",
                "name": "",
                "type": "bool"
              }
            ],
            "stateMutability": "nonpayable",
            "type": "function"
          },
          {
            "inputs": [
              {
                "internalType": "address",
                "name": "from",
                "type": "address"
              },
              {
                "internalType": "address",
                "name": "to",
                "type": "address"
              },
              {
                "internalType": "uint256",
                "name": "value",
                "type": "uint256"
              }
            ],
            "name": "transferFrom",
            "outputs": [
              {
                "internalType": "bool",
                "name": "",
                "type": "bool"
              }
            ],
            "stateMutability": "nonpayable",
            "type": "function"
          }
        ],
        "devdoc": {
          "details": "Interface for the optional metadata functions from the ERC20 standard.",
          "events": {
            "Approval(address,address,uint256)": {
              "details": "Emitted when the allowance of a `spender` for an `owner` is set by a call to {approve}. `value` is the new allowance."
            },
            "Transfer(address,address,uint256)": {
              "details": "Emitted when `value` tokens are moved from one account (`from`) to another (`to`). Note that `value` may be zero."
            }
          },
          "kind": "dev",
          "methods": {
            "allowance(address,address)": {
              "details": "Returns the remaining number of tokens that `spender` will be allowed to spend on behalf of `owner` through {transferFrom}. This is zero by default. This value changes when {approve} or {transferFrom} are called."
            },
            "approve(address,uint256)": {
              "details": "Sets a `value` amount of tokens as the allowance of `spender` over the caller's tokens. Returns a boolean value indicating whether the operation succeeded. IMPORTANT: Beware that changing an allowance with this method brings the risk that someone may use both the old and the new allowance by unfortunate transaction ordering. One possible solution to mitigate this race condition is to first reduce the spender's allowance to 0 and set the desired value afterwards: https://github.com/ethereum/EIPs/issues/20#issuecomment-263524729 Emits an {Approval} event."
            },
            "balanceOf(address)": {
              "details": "Returns the value of tokens owned by `account`."
            },
            "decimals()": {
              "details": "Returns the decimals places of the token."
            },
            "name()": {
              "details": "Returns the name of the token."
            },
            "symbol()": {
              "details": "Returns the symbol of the token."
            },
            "totalSupply()": {
              "details": "Returns the value of tokens in existence."
            },
            "transfer(address,uint256)": {
              "details": "Moves a `value` amount of tokens from the caller's account to `to`. Returns a boolean value indicating whether the operation succeeded. Emits a {Transfer} event."
            },
            "transferFrom(address,address,uint256)": {
              "details": "Moves a `value` amount of tokens from `from` to `to` using the allowance mechanism. `value` is then deducted from the caller's allowance. Returns a boolean value indicating whether the operation succeeded. Emits a {Transfer} event."
            }
          },
          "version": 1
        },
        "evm": {
          "assembly": "",
          "bytecode": {
            "functionDebugData": {},
            "generatedSources": [],
            "linkReferences": {},
            "object": "",
            "opcodes": "",
            "sourceMap": ""
          },
          "deployedBytecode": {
            "functionDebugData": {},
            "generatedSources": [],
            "immutableReferences": {},
            "linkReferences": {},
            "object": "",
            "opcodes": "",
            "sourceMap": ""
          },
          "gasEstimates": null,
          "legacyAssembly": null,
          "methodIdentifiers": {
            "allowance(address,address)": "dd62ed3e",
            "approve(address,uint256)": "095ea7b3",
            "balanceOf(address)": "70a08231",
            "decimals()": "313ce567",
            "name()": "06fdde03",
            "symbol()": "95d89b41",
            "totalSupply()": "18160ddd",
            "transfer(address,uint256)": "a9059cbb",
            "transferFrom(address,address,uint256)": "23b872dd"
          }
        },
        "metadata": "{\"compiler\":{\"version\":\"0.8.27+commit.40a35a09\"},\"language\":\"Solidity\",\"output\":{\"abi\":[{\"anonymous\":false,\"inputs\":[{\"indexed\":true,\"internalType\":\"address\",\"name\":\"owner\",\"type\":\"address\"},{\"indexed\":true,\"internalType\":\"address\",\"name\":\"spender\",\"type\":\"address\"},{\"indexed\":false,\"internalType\":\"uint256\",\"name\":\"value\",\"type\":\"uint256\"}],\"name\":\"Approval\",\"type\":\"event\"},{\"anonymous\":false,\"inputs\":[{\"indexed\":true,\"internalType\":\"address\",\"name\":\"from\",\"type\":\"address\"},{\"indexed\":true,\"internalType\":\"address\",\"name\":\"to\",\"type\":\"address\"},{\"indexed\":false,\"internalType\":\"uint256\",\"name\":\"value\",\"type\":\"uint256\"}],\"name\":\"Transfer\",\"type\":\"event\"},{\"inputs\":[{\"internalType\":\"address\",\"name\":\"owner\",\"type\":\"address\"},{\"internalType\":\"address\",\"name\":\"spender\",\"type\":\"address\"}],\"name\":\"allowance\",\"outputs\":[{\"internalType\":\"uint256\",\"name\":\"\",\"type\":\"uint256\"}],\"stateMutability\":\"view\",\"type\":\"function\"},{\"inputs\":[{\"internalType\":\"address\",\"name\":\"spender\",\"type\":\"address\"},{\"internalType\":\"uint256\",\"name\":\"value\",\"type\":\"uint256\"}],\"name\":\"approve\",\"outputs\":[{\"internalType\":\"bool\",\"name\":\"\",\"type\":\"bool\"}],\"stateMutability\":\"nonpayable\",\"type\":\"function\"},{\"inputs\":[{\"internalType\":\"address\",\"name\":\"account\",\"type\":\"address\"}],\"name\":\"balanceOf\",\"outputs\":[{\"internalType\":\"uint256\",\"name\":\"\",\"type\":\"uint256\"}],\"stateMutability\":\"view\",\"type\":\"function\"},{\"inputs\":[],\"name\":\"decimals\",\"outputs\":[{\"internalType\":\"uint8\",\"name\":\"\",\"type\":\"uint8\"}],\"stateMutability\":\"view\",\"type\":\"function\"},{\"inputs\":[],\"name\":\"name\",\"outputs\":[{\"internalType\":\"string\",\"name\":\"\",\"type\":\"string\"}],\"stateMutability\":\"view\",\"type\":\"function\"},{\"inputs\":[],\"name\":\"symbol\",\"outputs\":[{\"internalType\":\"string\",\"name\":\"\",\"type\":\"string\"}],\"stateMutability\":\"view\",\"type\":\"function\"},{\"inputs\":[],\"name\":\"totalSupply\",\"outputs\":[{\"internalType\":\"uint256\",\"name\":\"\",\"type\":\"uint256\"}],\"stateMutability\":\"view\",\"type\":\"function\"},{\"inputs\":[{\"internalType\":\"address\",\"name\":\"to\",\"type\":\"address\"},{\"internalType\":\"uint256\",\"name\":\"value\",\"type\":\"uint256\"}],\"name\":\"transfer\",\"outputs\":[{\"internalType\":\"bool\",\"name\":\"\",\"type\":\"bool\"}],\"stateMutability\":\"nonpayable\",\"type\":\"function\"},{\"inputs\":[{\"internalType\":\"address\",\"name\":\"from\",\"type\":\"address\"},{\"internalType\":\"address\",\"name\":\"to\",\"type\":\"address\"},{\"internalType\":\"uint256\",\"name\":\"value\",\"type\":\"uint256\"}],\"name\":\"transferFrom\",\"outputs\":[{\"internalType\":\"bool\",\"name\":\"\",\"type\":\"bool\"}],\"stateMutability\":\"nonpayable\",\"type\":\"function\"}],\"devdoc\":{\"details\":\"Interface for the optional metadata functions from the ERC20 standard.\",\"events\":{\"Approval(address,address,uint256)\":{\"details\":\"Emitted when the allowance of a `spender` for an `owner` is set by a call to {approve}. `value` is the new allowance.\"},\"Transfer(address,address,uint256)\":{\"details\":\"Emitted when `value` tokens are moved from one account (`from`) to another (`to`). Note that `value` may be zero.\"}},\"kind\":\"dev\",\"methods\":{\"allowance(address,address)\":{\"details\":\"Returns the remaining number of tokens that `spender` will be allowed to spend on behalf of `owner` through {transferFrom}. This is zero by default. This value changes when {approve} or {transferFrom} are called.\"},\"approve(address,uint256)\":{\"details\":\"Sets a `value` amount of tokens as the allowance of `spender` over the caller's tokens. Returns a boolean value indicating whether the operation succeeded. IMPORTANT: Beware that changing an allowance with this method brings the risk that someone may use both the old and the new allowance by unfortunate transaction ordering. One possible solution to mitigate this race condition is to first reduce the spender's allowance to 0 and set the desired value afterwards: https://github.com/ethereum/EIPs/issues/20#issuecomment-263524729 Emits an {Approval} event.\"},\"balanceOf(address)\":{\"details\":\"Returns the value of tokens owned by `account`.\"},\"decimals()\":{\"details\":\"Returns the decimals places of the token.\"},\"name()\":{\"details\":\"Returns the name of the token.\"},\"symbol()\":{\"details\":\"Returns the symbol of the token.\"},\"totalSupply()\":{\"details\":\"Returns the value of tokens in existence.\"},\"transfer(address,uint256)\":{\"details\":\"Moves a `value` amount of tokens from the caller's account to `to`. Returns a boolean value indicating whether the operation succeeded. Emits a {Transfer} event.\"},\"transferFrom(address,address,uint256)\":{\"details\":\"Moves a `value` amount of tokens from `from` to `to` using the allowance mechanism. `value` is then deducted from the caller's allowance. Returns a boolean value indicating whether the operation succeeded. Emits a {Transfer} event.\"}},\"version\":1},\"userdoc\":{\"kind\":\"user\",\"methods\":{},\"version\":1}},\"settings\":{\"compilationTarget\":{\"@openzeppelin/contracts/token/ERC20/extensions/IERC20Metadata.sol\":\"IERC20Metadata\"},\"evmVersion\":\"cancun\",\"libraries\":{},\"metadata\":{\"bytecodeHash\":\"ipfs\"},\"optimizer\":{\"enabled\":false,\"runs\":200},\"remappings\":[]},\"sources\":{\"@openzeppelin/contracts/token/ERC20/IERC20.sol\":{\"keccak256\":\"0xc6a8ff0ea489379b61faa647490411b80102578440ab9d84e9a957cc12164e70\",\"license\":\"MIT\",\"urls\":[\"bzz-raw://0ea104e577e63faea3b69c415637e99e755dcbf64c5833d7140c35a714d6d90c\",\"dweb:/ipfs/Qmau6x4Ns9XdyynRCNNp3RhLqijJjFm7z5fyZazfYFGYdq\"]},\"@openzeppelin/contracts/token/ERC20/extensions/IERC20Metadata.sol\":{\"keccak256\":\"0xaa761817f6cd7892fcf158b3c776b34551cde36f48ff9703d53898bc45a94ea2\",\"license\":\"MIT\",\"urls\":[\"bzz-raw://0ad7c8d4d08938c8dfc43d75a148863fb324b80cf53e0a36f7e5a4ac29008850\",\"dweb:/ipfs/QmcrhfPgVNf5mkdhQvy1pMv51TFokD3Y4Wa5WZhFqVh8UV\"]}},\"version\":1}",
        "storageLayout": {
          "storage": [],
          "types": null
        },
        "transientStorageLayout": {
          "storage": [],
          "types": null
        },
        "userdoc": {
          "kind": "user",
          "methods": {},
          "version": 1
        }
      }
    },
    "@openzeppelin/contracts/utils/Context.sol": {
      "Context": {
        "abi": [],
        "devdoc": {
          "details": "Provides information about the current execution context, including the sender of the transaction and its data. While these are generally available via msg.sender and msg.data, they should not be accessed in such a direct manner, since when dealing with meta-transactions the account sending and paying for execution may not be the actual sender (as far as an application is concerned). This contract is only required for intermediate, library-like contracts.",
          "kind": "dev",
          "methods": {},
          "version": 1
        },
        "evm": {
          "assembly": "",
          "bytecode": {
            "functionDebugData": {},
            "generatedSources": [],
            "linkReferences": {},
            "object": "",
            "opcodes": "",
            "sourceMap": ""
          },
          "deployedBytecode": {
            "functionDebugData": {},
            "generatedSources": [],
            "immutableReferences": {},
            "linkReferences": {},
            "object": "",
            "opcodes": "",
            "sourceMap": ""
          },
          "gasEstimates": null,
          "legacyAssembly": null,
          "methodIdentifiers": {}
        },
        "metadata": "{\"compiler\":{\"version\":\"0.8.27+commit.40a35a09\"},\"language\":\"Solidity\",\"output\":{\"abi\":[],\"devdoc\":{\"details\":\"Provides information about the current execution context, including the sender of the transaction and its data. While these are generally available via msg.sender and msg.data, they should not be accessed in such a direct manner, since when dealing with meta-transactions the account sending and paying for execution may not be the actual sender (as far as an application is concerned). This contract is only required for intermediate, library-like contracts.\",\"kind\":\"dev\",\"methods\":{},\"version\":1},\"userdoc\":{\"kind\":\"user\",\"methods\":{},\"version\":1}},\"settings\":{\"compilationTarget\":{\"@openzeppelin/contracts/utils/Context.sol\":\"Context\"},\"evmVersion\":\"cancun\",\"libraries\":{},\"metadata\":{\"bytecodeHash\":\"ipfs\"},\"optimizer\":{\"enabled\":false,\"runs\":200},\"remappings\":[]},\"sources\":{\"@openzeppelin/contracts/utils/Context.sol\":{\"keccak256\":\"0x493033a8d1b176a037b2cc6a04dad01a5c157722049bbecf632ca876224dd4b2\",\"license\":\"MIT\",\"urls\":[\"bzz-raw://6a708e8a5bdb1011c2c381c9a5cfd8a9a956d7d0a9dc1bd8bcdaf52f76ef2f12\",\"dweb:/ipfs/Qmax9WHBnVsZP46ZxEMNRQpLQnrdE4dK8LehML1Py8FowF\"]}},\"version\":1}",
        "storageLayout": {
          "storage": [],
          "types": null
        },
        "transientStorageLayout": {
          "storage": [],
          "types": null
        },
        "userdoc": {
          "kind": "user",
          "methods": {},
          "version": 1
        }
      }
    },
    "MockUSDT.sol": {
      "MockUSDT": {
        "abi": [
          {
            "inputs": [
              {
                "internalType": "uint256",
                "name": "initialSupply",
                "type": "uint256"
              }
            ],
            "stateMutability": "nonpayable",
            "type": "constructor"
          },
          {
            "inputs": [
              {
                "internalType": "address",
                "name": "spender",
                "type": "address"
              },
              {
                "internalType": "uint256",
                "name": "allowance",
                "type": "uint256"
              },
              {
                "internalType": "uint256",
                "name": "needed",
                "type": "uint256"
              }
            ],
            "name": "ERC20InsufficientAllowance",
            "type": "error"
          },
          {
            "inputs": [
              {
                "internalType": "address",
                "name": "sender",
                "type": "address"
              },
              {
                "internalType": "uint256",
                "name": "balance",
                "type": "uint256"
              },
              {
                "internalType": "uint256",
                "name": "needed",
                "type": "uint256"
              }
            ],
            "name": "ERC20InsufficientBalance",
            "type": "error"
          },
          {
            "inputs": [
              {
                "internalType": "address",
                "name": "approver",
                "type": "address"
              }
            ],
            "name": "ERC20InvalidApprover",
            "type": "error"
          },
          {
            "inputs": [
              {
                "internalType": "address",
                "name": "receiver",
                "type": "address"
              }
            ],
            "name": "ERC20InvalidReceiver",
            "type": "error"
          },
          {
            "inputs": [
              {
                "internalType": "address",
                "name": "sender",
                "type": "address"
              }
            ],
            "name": "ERC20InvalidSender",
            "type": "error"
          },
          {
            "inputs": [
              {
                "internalType": "address",
                "name": "spender",
                "type": "address"
              }
            ],
            "name": "ERC20InvalidSpender",
            "type": "error"
          },
          {
            "inputs": [
              {
                "internalType": "address",
                "name": "owner",
                "type": "address"
              }
            ],
            "name": "OwnableInvalidOwner",
            "type": "error"
          },
          {
            "inputs": [
              {
                "internalType": "address",
                "name": "account",
                "type": "address"
              }
            ],
            "name": "OwnableUnauthorizedAccount",
            "type": "error"
          },
          {
            "anonymous": false,
            "inputs": [
              {
                "indexed": true,
                "internalType": "address",
                "name": "owner",
                "type": "address"
              },
              {
                "indexed": true,
                "internalType": "address",
                "name": "spender",
                "type": "address"
              },
              {
                "indexed": false,
                "internalType": "uint256",
                "name": "value",
                "type": "uint256"
              }
            ],
            "name": "Approval",
            "type": "event"
          },
          {
            "anonymous": false,
            "inputs": [
              {
                "indexed": true,
                "internalType": "address",
                "name": "previousOwner",
                "type": "address"
              },
              {
                "indexed": true,
                "internalType": "address",
                "name": "newOwner",
                "type": "address"
              }
            ],
            "name": "OwnershipTransferred",
            "type": "event"
          },
          {
            "anonymous": false,
            "inputs": [
              {
                "indexed": true,
                "internalType": "address",
                "name": "from",
                "type": "address"
              },
              {
                "indexed": true,
                "internalType": "address",
                "name": "to",
                "type": "address"
              },
              {
                "indexed": false,
                "internalType": "uint256",
                "name": "value",
                "type": "uint256"
              }
            ],
            "name": "Transfer",
            "type": "event"
          },
          {
            "inputs": [
              {
                "internalType": "address",
                "name": "owner",
                "type": "address"
              },
              {
                "internalType": "address",
                "name": "spender",
                "type": "address"
              }
            ],
            "name": "allowance",
            "outputs": [
              {
                "internalType": "uint256",
                "name": "",
                "type": "uint256"
              }
            ],
            "stateMutability": "view",
            "type": "function"
          },
          {
            "inputs": [
              {
                "internalType": "address",
                "name": "spender",
                "type": "address"
              },
              {
                "internalType": "uint256",
                "name": "value",
                "type": "uint256"
              }
            ],
            "name": "approve",
            "outputs": [
              {
                "internalType": "bool",
                "name": "",
                "type": "bool"
              }
            ],
            "stateMutability": "nonpayable",
            "type": "function"
          },
          {
            "inputs": [
              {
                "internalType": "address",
                "name": "account",
                "type": "address"
              }
            ],
            "name": "balanceOf",
            "outputs": [
              {
                "internalType": "uint256",
                "name": "",
                "type": "uint256"
              }
            ],
            "stateMutability": "view",
            "type": "function"
          },
          {
            "inputs": [
              {
                "internalType": "uint256",
                "name": "amount",
                "type": "uint256"
              }
            ],
            "name": "burn",
            "outputs": [],
            "stateMutability": "nonpayable",
            "type": "function"
          },
          {
            "inputs": [],
            "name": "decimals",
            "outputs": [
              {
                "internalType": "uint8",
                "name": "",
                "type": "uint8"
              }
            ],
            "stateMutability": "view",
            "type": "function"
          },
          {
            "inputs": [
              {
                "internalType": "address",
                "name": "to",
                "type": "address"
              },
              {
                "internalType": "uint256",
                "name": "amount",
                "type": "uint256"
              }
            ],
            "name": "mint",
            "outputs": [],
            "stateMutability": "nonpayable",
            "type": "function"
          },
          {
            "inputs": [],
            "name": "name",
            "outputs": [
              {
                "internalType": "string",
                "name": "",
                "type": "string"
              }
            ],
            "stateMutability": "view",
            "type": "function"
          },
          {
            "inputs": [],
            "name": "owner",
            "outputs": [
              {
                "internalType": "address",
                "name": "",
                "type": "address"
              }
            ],
            "stateMutability": "view",
            "type": "function"
          },
          {
            "inputs": [],
            "name": "renounceOwnership",
            "outputs": [],
            "stateMutability": "nonpayable",
            "type": "function"
          },
          {
            "inputs": [],
            "name": "symbol",
            "outputs": [
              {
                "internalType": "string",
                "name": "",
                "type": "string"
              }
            ],
            "stateMutability": "view",
            "type": "function"
          },
          {
            "inputs": [],
            "name": "totalSupply",
            "outputs": [
              {
                "internalType": "uint256",
                "name": "",
                "type": "uint256"
              }
            ],
            "stateMutability": "view",
            "type": "function"
          },
          {
            "inputs": [
              {
                "internalType": "address",
                "name": "to",
                "type": "address"
              },
              {
                "internalType": "uint256",
                "name": "value",
                "type": "uint256"
              }
            ],
            "name": "transfer",
            "outputs": [
              {
                "internalType": "bool",
                "name": "",
                "type": "bool"
              }
            ],
            "stateMutability": "nonpayable",
            "type": "function"
          },
          {
            "inputs": [
              {
                "internalType": "address",
                "name": "from",
                "type": "address"
              },
              {
                "internalType": "address",
                "name": "to",
                "type": "address"
              },
              {
                "internalType": "uint256",
                "name": "value",
                "type": "uint256"
              }
            ],
            "name": "transferFrom",
            "outputs": [
              {
                "internalType": "bool",
                "name": "",
                "type": "bool"
              }
            ],
            "stateMutability": "nonpayable",
            "type": "function"
          },
          {
            "inputs": [
              {
                "internalType": "address",
                "name": "newOwner",
                "type": "address"
              }
            ],
            "name": "transferOwnership",
            "outputs": [],
            "stateMutability": "nonpayable",
            "type": "function"
          }
        ],
        "devdoc": {
          "errors": {
            "ERC20InsufficientAllowance(address,uint256,uint256)": [
              {
                "details": "Indicates a failure with the `spender`’s `allowance`. Used in transfers.",
                "params": {
                  "allowance": "Amount of tokens a `spender` is allowed to operate with.",
                  "needed": "Minimum amount required to perform a transfer.",
                  "spender": "Address that may be allowed to operate on tokens without being their owner."
                }
              }
            ],
            "ERC20InsufficientBalance(address,uint256,uint256)": [
              {
                "details": "Indicates an error related to the current `balance` of a `sender`. Used in transfers.",
                "params": {
                  "balance": "Current balance for the interacting account.",
                  "needed": "Minimum amount required to perform a transfer.",
                  "sender": "Address whose tokens are being transferred."
                }
              }
            ],
            "ERC20InvalidApprover(address)": [
              {
                "details": "Indicates a failure with the `approver` of a token to be approved. Used in approvals.",
                "params": {
                  "approver": "Address initiating an approval operation."
                }
              }
            ],
            "ERC20InvalidReceiver(address)": [
              {
                "details": "Indicates a failure with the token `receiver`. Used in transfers.",
                "params": {
                  "receiver": "Address to which tokens are being transferred."
                }
              }
            ],
            "ERC20InvalidSender(address)": [
              {
                "details": "Indicates a failure with the token `sender`. Used in transfers.",
                "params": {
                  "sender": "Address whose tokens are being transferred."
                }
              }
            ],
            "ERC20InvalidSpender(address)": [
              {
                "details": "Indicates a failure with the `spender` to be approved. Used in approvals.",
                "params": {
                  "spender": "Address that may be allowed to operate on tokens without being their owner."
                }
              }
            ],
            "OwnableInvalidOwner(address)": [
              {
                "details": "The owner is not a valid owner account. (eg. `address(0)`)"
              }
            ],
            "OwnableUnauthorizedAccount(address)": [
              {
                "details": "The caller account is not authorized to perform an operation."
              }
            ]
          },
          "events": {
            "Approval(address,address,uint256)": {
              "details": "Emitted when the allowance of a `spender` for an `owner` is set by a call to {approve}. `value` is the new allowance."
            },
            "Transfer(address,address,uint256)": {
              "details": "Emitted when `value` tokens are moved from one account (`from`) to another (`to`). Note that `value` may be zero."
            }
          },
          "kind": "dev",
          "methods": {
            "allowance(address,address)": {
              "details": "See {IERC20-allowance}."
            },
            "approve(address,uint256)": {
              "details": "See {IERC20-approve}. NOTE: If `value` is the maximum `uint256`, the allowance is not updated on `transferFrom`. This is semantically equivalent to an infinite approval. Requirements: - `spender` cannot be the zero address."
            },
            "balanceOf(address)": {
              "details": "See {IERC20-balanceOf}."
            },
            "decimals()": {
              "details": "Returns the number of decimals used to get its user representation. For example, if `decimals` equals `2`, a balance of `505` tokens should be displayed to a user as `5.05` (`505 / 10 ** 2`). Tokens usually opt for a value of 18, imitating the relationship between Ether and Wei. This is the default value returned by this function, unless it's overridden. NOTE: This information is only used for _display_ purposes: it in no way affects any of the arithmetic of the contract, including {IERC20-balanceOf} and {IERC20-transfer}."
            },
            "name()": {
              "details": "Returns the name of the token."
            },
            "owner()": {
              "details": "Returns the address of the current owner."
            },
            "renounceOwnership()": {
              "details": "Leaves the contract without owner. It will not be possible to call `onlyOwner` functions. Can only be called by the current owner. NOTE: Renouncing ownership will leave the contract without an owner, thereby disabling any functionality that is only available to the owner."
            },
            "symbol()": {
              "details": "Returns the symbol of the token, usually a shorter version of the name."
            },
            "totalSupply()": {
              "details": "See {IERC20-totalSupply}."
            },
            "transfer(address,uint256)": {
              "details": "See {IERC20-transfer}. Requirements: - `to` cannot be the zero address. - the caller must have a balance of at least `value`."
            },
            "transferFrom(address,address,uint256)": {
              "details": "See {IERC20-transferFrom}. Emits an {Approval} event indicating the updated allowance. This is not required by the EIP. See the note at the beginning of {ERC20}. NOTE: Does not update the allowance if the current allowance is the maximum `uint256`. Requirements: - `from` and `to` cannot be the zero address. - `from` must have a balance of at least `value`. - the caller must have allowance for ``from``'s tokens of at least `value`."
            },
            "transferOwnership(address)": {
              "details": "Transfers ownership of the contract to a new account (`newOwner`). Can only be called by the current owner."
            }
          },
          "version": 1
        },
        "evm": {
          "assembly": "    /* \"MockUSDT.sol\":167:527  contract MockUSDT is ERC20, Ownable {... */\n  mstore(0x40, 0x80)\n    /* \"MockUSDT.sol\":209:341  constructor(uint256 initialSupply) ERC20(\"Mock USDT\", \"mUSDT\") Ownable(msg.sender) {... */\n  callvalue\n  dup1\n  iszero\n  tag_1\n  jumpi\n  revert(0x00, 0x00)\ntag_1:\n  pop\n  mload(0x40)\n  sub(codesize, bytecodeSize)\n  dup1\n  bytecodeSize\n  dup4\n  codecopy\n  dup2\n  dup2\n  add\n  0x40\n  mstore\n  dup2\n  add\n  swap1\n  tag_2\n  swap2\n  swap1\n  tag_3\n  jump\t// in\ntag_2:\n    /* \"MockUSDT.sol\":280:290  msg.sender */\n  caller\n    /* \"@openzeppelin/contracts/token/ERC20/ERC20.sol\":1896:2009   */\n  mload(0x40)\n  dup1\n  0x40\n  add\n  0x40\n  mstore\n  dup1\n  0x09\n  dup2\n  mstore\n  0x20\n  add\n  0x4d6f636b20555344540000000000000000000000000000000000000000000000\n  dup2\n  mstore\n  pop\n  mload(0x40)\n  dup1\n  0x40\n  add\n  0x40\n  mstore\n  dup1\n  0x05\n  dup2\n  mstore\n  0x20\n  add\n  0x6d55534454000000000000000000000000000000000000000000000000000000\n  dup2\n  mstore\n  pop\n    /* \"@openzeppelin/contracts/token/ERC20/ERC20.sol\":1970:1975   */\n  dup2\n    /* \"@openzeppelin/contracts/token/ERC20/ERC20.sol\":1962:1967   */\n  0x03\n    /* \"@openzeppelin/contracts/token/ERC20/ERC20.sol\":1962:1975   */\n  swap1\n  dup2\n  tag_8\n  swap2\n  swap1\n  tag_9\n  jump\t// in\ntag_8:\n  pop\n    /* \"@openzeppelin/contracts/token/ERC20/ERC20.sol\":1995:2002   */\n  dup1\n    /* \"@openzeppelin/contracts/token/ERC20/ERC20.sol\":1985:1992   */\n  0x04\n    /* \"@openzeppelin/contracts/token/ERC20/ERC20.sol\":1985:2002   */\n  swap1\n  dup2\n  tag_10\n  swap2\n  swap1\n  tag_9\n  jump\t// in\ntag_10:\n  pop\n    /* \"@openzeppelin/contracts/token/ERC20/ERC20.sol\":1896:2009   */\n  pop\n  pop\n    /* \"@openzeppelin/contracts/access/Ownable.sol\":1297:1298   */\n  0x00\n    /* \"@openzeppelin/contracts/access/Ownable.sol\":1273:1299   */\n  0xffffffffffffffffffffffffffffffffffffffff\n  and\n    /* \"@openzeppelin/contracts/access/Ownable.sol\":1273:1285   */\n  dup2\n    /* \"@openzeppelin/contracts/access/Ownable.sol\":1273:1299   */\n  0xffffffffffffffffffffffffffffffffffffffff\n  and\n  sub\n    /* \"@openzeppelin/contracts/access/Ownable.sol\":1269:1364   */\n  tag_12\n  jumpi\n    /* \"@openzeppelin/contracts/access/Ownable.sol\":1350:1351   */\n  0x00\n    /* \"@openzeppelin/contracts/access/Ownable.sol\":1322:1353   */\n  mload(0x40)\n  0x1e4fbdf700000000000000000000000000000000000000000000000000000000\n  dup2\n  mstore\n  0x04\n  add\n  tag_13\n  swap2\n  swap1\n  tag_14\n  jump\t// in\ntag_13:\n  mload(0x40)\n  dup1\n  swap2\n  sub\n  swap1\n  revert\n    /* \"@openzeppelin/contracts/access/Ownable.sol\":1269:1364   */\ntag_12:\n    /* \"@openzeppelin/contracts/access/Ownable.sol\":1373:1405   */\n  tag_15\n    /* \"@openzeppelin/contracts/access/Ownable.sol\":1392:1404   */\n  dup2\n    /* \"@openzeppelin/contracts/access/Ownable.sol\":1373:1391   */\n  shl(0x20, tag_16)\n    /* \"@openzeppelin/contracts/access/Ownable.sol\":1373:1405   */\n  0x20\n  shr\n  jump\t// in\ntag_15:\n    /* \"@openzeppelin/contracts/access/Ownable.sol\":1225:1412   */\n  pop\n    /* \"MockUSDT.sol\":302:334  _mint(msg.sender, initialSupply) */\n  tag_18\n    /* \"MockUSDT.sol\":308:318  msg.sender */\n  caller\n    /* \"MockUSDT.sol\":320:333  initialSupply */\n  dup3\n    /* \"MockUSDT.sol\":302:307  _mint */\n  shl(0x20, tag_19)\n    /* \"MockUSDT.sol\":302:334  _mint(msg.sender, initialSupply) */\n  0x20\n  shr\n  jump\t// in\ntag_18:\n    /* \"MockUSDT.sol\":209:341  constructor(uint256 initialSupply) ERC20(\"Mock USDT\", \"mUSDT\") Ownable(msg.sender) {... */\n  pop\n    /* \"MockUSDT.sol\":167:527  contract MockUSDT is ERC20, Ownable {... */\n  jump(tag_20)\n    /* \"@openzeppelin/contracts/access/Ownable.sol\":2912:3099   */\ntag_16:\n    /* \"@openzeppelin/contracts/access/Ownable.sol\":2985:3001   */\n  0x00\n    /* \"@openzeppelin/contracts/access/Ownable.sol\":3004:3010   */\n  0x05\n  0x00\n  swap1\n  sload\n  swap1\n  0x0100\n  exp\n  swap1\n  div\n  0xffffffffffffffffffffffffffffffffffffffff\n  and\n    /* \"@openzeppelin/contracts/access/Ownable.sol\":2985:3010   */\n  swap1\n  pop\n    /* \"@openzeppelin/contracts/access/Ownable.sol\":3029:3037   */\n  dup2\n    /* \"@openzeppelin/contracts/access/Ownable.sol\":3020:3026   */\n  0x05\n  0x00\n    /* \"@openzeppelin/contracts/access/Ownable.sol\":3020:3037   */\n  0x0100\n  exp\n  dup2\n  sload\n  dup2\n  0xffffffffffffffffffffffffffffffffffffffff\n  mul\n  not\n  and\n  swap1\n  dup4\n  0xffffffffffffffffffffffffffffffffffffffff\n  and\n  mul\n  or\n  swap1\n  sstore\n  pop\n    /* \"@openzeppelin/contracts/access/Ownable.sol\":3083:3091   */\n  dup2\n    /* \"@openzeppelin/contracts/access/Ownable.sol\":3052:3092   */\n  0xffffffffffffffffffffffffffffffffffffffff\n  and\n    /* \"@openzeppelin/contracts/access/Ownable.sol\":3073:3081   */\n  dup2\n    /* \"@openzeppelin/contracts/access/Ownable.sol\":3052:3092   */\n  0xffffffffffffffffffffffffffffffffffffffff\n  and\n  0x8be0079c531659141344cd1fd0a4f28419497f9722a3daafe3b4186f6b6457e0\n  mload(0x40)\n  mload(0x40)\n  dup1\n  swap2\n  sub\n  swap1\n  log3\n    /* \"@openzeppelin/contracts/access/Ownable.sol\":2975:3099   */\n  pop\n    /* \"@openzeppelin/contracts/access/Ownable.sol\":2912:3099   */\n  pop\n  jump\t// out\n    /* \"@openzeppelin/contracts/token/ERC20/ERC20.sol\":7721:7929   */\ntag_19:\n    /* \"@openzeppelin/contracts/token/ERC20/ERC20.sol\":7810:7811   */\n  0x00\n    /* \"@openzeppelin/contracts/token/ERC20/ERC20.sol\":7791:7812   */\n  0xffffffffffffffffffffffffffffffffffffffff\n  and\n    /* \"@openzeppelin/contracts/token/ERC20/ERC20.sol\":7791:7798   */\n  dup3\n    /* \"@openzeppelin/contracts/token/ERC20/ERC20.sol\":7791:7812   */\n  0xffffffffffffffffffffffffffffffffffffffff\n  and\n  sub\n    /* \"@openzeppelin/contracts/token/ERC20/ERC20.sol\":7787:7878   */\n  tag_23\n  jumpi\n    /* \"@openzeppelin/contracts/token/ERC20/ERC20.sol\":7864:7865   */\n  0x00\n    /* \"@openzeppelin/contracts/token/ERC20/ERC20.sol\":7835:7867   */\n  mload(0x40)\n  0xec442f0500000000000000000000000000000000000000000000000000000000\n  dup2\n  mstore\n  0x04\n  add\n  tag_24\n  swap2\n  swap1\n  tag_14\n  jump\t// in\ntag_24:\n  mload(0x40)\n  dup1\n  swap2\n  sub\n  swap1\n  revert\n    /* \"@openzeppelin/contracts/token/ERC20/ERC20.sol\":7787:7878   */\ntag_23:\n    /* \"@openzeppelin/contracts/token/ERC20/ERC20.sol\":7887:7922   */\n  tag_25\n    /* \"@openzeppelin/contracts/token/ERC20/ERC20.sol\":7903:7904   */\n  0x00\n    /* \"@openzeppelin/contracts/token/ERC20/ERC20.sol\":7907:7914   */\n  dup4\n    /* \"@openzeppelin/contracts/token/ERC20/ERC20.sol\":7916:7921   */\n  dup4\n    /* \"@openzeppelin/contracts/token/ERC20/ERC20.sol\":7887:7894   */\n  shl(0x20, tag_26)\n    /* \"@openzeppelin/contracts/token/ERC20/ERC20.sol\":7887:7922   */\n  0x20\n  shr\n  jump\t// in\ntag_25:\n    /* \"@openzeppelin/contracts/token/ERC20/ERC20.sol\":7721:7929   */\n  pop\n  pop\n  jump\t// out\n    /* \"@openzeppelin/contracts/token/ERC20/ERC20.sol\":6271:7378   */\ntag_26:\n    /* \"@openzeppelin/contracts/token/ERC20/ERC20.sol\":6376:6377   */\n  0x00\n    /* \"@openzeppelin/contracts/token/ERC20/ERC20.sol\":6360:6378   */\n  0xffffffffffffffffffffffffffffffffffffffff\n  and\n    /* \"@openzeppelin/contracts/token/ERC20/ERC20.sol\":6360:6364   */\n  dup4\n    /* \"@openzeppelin/contracts/token/ERC20/ERC20.sol\":6360:6378   */\n  0xffffffffffffffffffffffffffffffffffffffff\n  and\n  sub\n    /* \"@openzeppelin/contracts/token/ERC20/ERC20.sol\":6356:6896   */\n  tag_28\n  jumpi\n    /* \"@openzeppelin/contracts/token/ERC20/ERC20.sol\":6512:6517   */\n  dup1\n    /* \"@openzeppelin/contracts/token/ERC20/ERC20.sol\":6496:6508   */\n  0x02\n  0x00\n    /* \"@openzeppelin/contracts/token/ERC20/ERC20.sol\":6496:6517   */\n  dup3\n  dup3\n  sload\n  tag_29\n  swap2\n  swap1\n  tag_30\n  jump\t// in\ntag_29:\n  swap3\n  pop\n  pop\n  dup2\n  swap1\n  sstore\n  pop\n    /* \"@openzeppelin/contracts/token/ERC20/ERC20.sol\":6356:6896   */\n  jump(tag_31)\ntag_28:\n    /* \"@openzeppelin/contracts/token/ERC20/ERC20.sol\":6548:6567   */\n  0x00\n    /* \"@openzeppelin/contracts/token/ERC20/ERC20.sol\":6570:6579   */\n  0x00\n    /* \"@openzeppelin/contracts/token/ERC20/ERC20.sol\":6570:6585   */\n  0x00\n    /* \"@openzeppelin/contracts/token/ERC20/ERC20.sol\":6580:6584   */\n  dup6\n    /* \"@openzeppelin/contracts/token/ERC20/ERC20.sol\":6570:6585   */\n  0xffffffffffffffffffffffffffffffffffffffff\n  and\n  0xffffffffffffffffffffffffffffffffffffffff\n  and\n  dup2\n  mstore\n  0x20\n  add\n  swap1\n  dup2\n  mstore\n  0x20\n  add\n  0x00\n  keccak256\n  sload\n    /* \"@openzeppelin/contracts/token/ERC20/ERC20.sol\":6548:6585   */\n  swap1\n  pop\n    /* \"@openzeppelin/contracts/token/ERC20/ERC20.sol\":6617:6622   */\n  dup2\n    /* \"@openzeppelin/contracts/token/ERC20/ERC20.sol\":6603:6614   */\n  dup2\n    /* \"@openzeppelin/contracts/token/ERC20/ERC20.sol\":6603:6622   */\n  lt\n    /* \"@openzeppelin/contracts/token/ERC20/ERC20.sol\":6599:6714   */\n  iszero\n  tag_32\n  jumpi\n    /* \"@openzeppelin/contracts/token/ERC20/ERC20.sol\":6674:6678   */\n  dup4\n    /* \"@openzeppelin/contracts/token/ERC20/ERC20.sol\":6680:6691   */\n  dup2\n    /* \"@openzeppelin/contracts/token/ERC20/ERC20.sol\":6693:6698   */\n  dup4\n    /* \"@openzeppelin/contracts/token/ERC20/ERC20.sol\":6649:6699   */\n  mload(0x40)\n  0xe450d38c00000000000000000000000000000000000000000000000000000000\n  dup2\n  mstore\n  0x04\n  add\n  tag_33\n  swap4\n  swap3\n  swap2\n  swap1\n  tag_34\n  jump\t// in\ntag_33:\n  mload(0x40)\n  dup1\n  swap2\n  sub\n  swap1\n  revert\n    /* \"@openzeppelin/contracts/token/ERC20/ERC20.sol\":6599:6714   */\ntag_32:\n    /* \"@openzeppelin/contracts/token/ERC20/ERC20.sol\":6866:6871   */\n  dup2\n    /* \"@openzeppelin/contracts/token/ERC20/ERC20.sol\":6852:6863   */\n  dup2\n    /* \"@openzeppelin/contracts/token/ERC20/ERC20.sol\":6852:6871   */\n  sub\n    /* \"@openzeppelin/contracts/token/ERC20/ERC20.sol\":6834:6843   */\n  0x00\n    /* \"@openzeppelin/contracts/token/ERC20/ERC20.sol\":6834:6849   */\n  0x00\n    /* \"@openzeppelin/contracts/token/ERC20/ERC20.sol\":6844:6848   */\n  dup7\n    /* \"@openzeppelin/contracts/token/ERC20/ERC20.sol\":6834:6849   */\n  0xffffffffffffffffffffffffffffffffffffffff\n  and\n  0xffffffffffffffffffffffffffffffffffffffff\n  and\n  dup2\n  mstore\n  0x20\n  add\n  swap1\n  dup2\n  mstore\n  0x20\n  add\n  0x00\n  keccak256\n    /* \"@openzeppelin/contracts/token/ERC20/ERC20.sol\":6834:6871   */\n  dup2\n  swap1\n  sstore\n  pop\n    /* \"@openzeppelin/contracts/token/ERC20/ERC20.sol\":6534:6896   */\n  pop\n    /* \"@openzeppelin/contracts/token/ERC20/ERC20.sol\":6356:6896   */\ntag_31:\n    /* \"@openzeppelin/contracts/token/ERC20/ERC20.sol\":6924:6925   */\n  0x00\n    /* \"@openzeppelin/contracts/token/ERC20/ERC20.sol\":6910:6926   */\n  0xffffffffffffffffffffffffffffffffffffffff\n  and\n    /* \"@openzeppelin/contracts/token/ERC20/ERC20.sol\":6910:6912   */\n  dup3\n    /* \"@openzeppelin/contracts/token/ERC20/ERC20.sol\":6910:6926   */\n  0xffffffffffffffffffffffffffffffffffffffff\n  and\n  sub\n    /* \"@openzeppelin/contracts/token/ERC20/ERC20.sol\":6906:7331   */\n  tag_35\n  jumpi\n    /* \"@openzeppelin/contracts/token/ERC20/ERC20.sol\":7089:7094   */\n  dup1\n    /* \"@openzeppelin/contracts/token/ERC20/ERC20.sol\":7073:7085   */\n  0x02\n  0x00\n    /* \"@openzeppelin/contracts/token/ERC20/ERC20.sol\":7073:7094   */\n  dup3\n  dup3\n  sload\n  sub\n  swap3\n  pop\n  pop\n  dup2\n  swap1\n  sstore\n  pop\n    /* \"@openzeppelin/contracts/token/ERC20/ERC20.sol\":6906:7331   */\n  jump(tag_36)\ntag_35:\n    /* \"@openzeppelin/contracts/token/ERC20/ERC20.sol\":7301:7306   */\n  dup1\n    /* \"@openzeppelin/contracts/token/ERC20/ERC20.sol\":7284:7293   */\n  0x00\n    /* \"@openzeppelin/contracts/token/ERC20/ERC20.sol\":7284:7297   */\n  0x00\n    /* \"@openzeppelin/contracts/token/ERC20/ERC20.sol\":7294:7296   */\n  dup5\n    /* \"@openzeppelin/contracts/token/ERC20/ERC20.sol\":7284:7297   */\n  0xffffffffffffffffffffffffffffffffffffffff\n  and\n  0xffffffffffffffffffffffffffffffffffffffff\n  and\n  dup2\n  mstore\n  0x20\n  add\n  swap1\n  dup2\n  mstore\n  0x20\n  add\n  0x00\n  keccak256\n  0x00\n    /* \"@openzeppelin/contracts/token/ERC20/ERC20.sol\":7284:7306   */\n  dup3\n  dup3\n  sload\n  add\n  swap3\n  pop\n  pop\n  dup2\n  swap1\n  sstore\n  pop\n    /* \"@openzeppelin/contracts/token/ERC20/ERC20.sol\":6906:7331   */\ntag_36:\n    /* \"@openzeppelin/contracts/token/ERC20/ERC20.sol\":7361:7363   */\n  dup2\n    /* \"@openzeppelin/contracts/token/ERC20/ERC20.sol\":7346:7371   */\n  0xffffffffffffffffffffffffffffffffffffffff\n  and\n    /* \"@openzeppelin/contracts/token/ERC20/ERC20.sol\":7355:7359   */\n  dup4\n    /* \"@openzeppelin/contracts/token/ERC20/ERC20.sol\":7346:7371   */\n  0xffffffffffffffffffffffffffffffffffffffff\n  and\n  0xddf252ad1be2c89b69c2b068fc378daa952ba7f163c4a11628f55a4df523b3ef\n    /* \"@openzeppelin/contracts/token/ERC20/ERC20.sol\":7365:7370   */\n  dup4\n    /* \"@openzeppelin/contracts/token/ERC20/ERC20.sol\":7346:7371   */\n  mload(0x40)\n  tag_37\n  swap2\n  swap1\n  tag_38\n  jump\t// in\ntag_37:\n  mload(0x40)\n  dup1\n  swap2\n  sub\n  swap1\n  log3\n    /* \"@openzeppelin/contracts/token/ERC20/ERC20.sol\":6271:7378   */\n  pop\n  pop\n  pop\n  jump\t// out\n    /* \"#utility.yul\":88:205   */\ntag_40:\n    /* \"#utility.yul\":197:198   */\n  0x00\n    /* \"#utility.yul\":194:195   */\n  0x00\n    /* \"#utility.yul\":187:199   */\n  revert\n    /* \"#utility.yul\":334:411   */\ntag_42:\n    /* \"#utility.yul\":371:378   */\n  0x00\n    /* \"#utility.yul\":400:405   */\n  dup2\n    /* \"#utility.yul\":389:405   */\n  swap1\n  pop\n    /* \"#utility.yul\":334:411   */\n  swap2\n  swap1\n  pop\n  jump\t// out\n    /* \"#utility.yul\":417:539   */\ntag_43:\n    /* \"#utility.yul\":490:514   */\n  tag_75\n    /* \"#utility.yul\":508:513   */\n  dup2\n    /* \"#utility.yul\":490:514   */\n  tag_42\n  jump\t// in\ntag_75:\n    /* \"#utility.yul\":483:488   */\n  dup2\n    /* \"#utility.yul\":480:515   */\n  eq\n    /* \"#utility.yul\":470:533   */\n  tag_76\n  jumpi\n    /* \"#utility.yul\":529:530   */\n  0x00\n    /* \"#utility.yul\":526:527   */\n  0x00\n    /* \"#utility.yul\":519:531   */\n  revert\n    /* \"#utility.yul\":470:533   */\ntag_76:\n    /* \"#utility.yul\":417:539   */\n  pop\n  jump\t// out\n    /* \"#utility.yul\":545:688   */\ntag_44:\n    /* \"#utility.yul\":602:607   */\n  0x00\n    /* \"#utility.yul\":633:639   */\n  dup2\n    /* \"#utility.yul\":627:640   */\n  mload\n    /* \"#utility.yul\":618:640   */\n  swap1\n  pop\n    /* \"#utility.yul\":649:682   */\n  tag_78\n    /* \"#utility.yul\":676:681   */\n  dup2\n    /* \"#utility.yul\":649:682   */\n  tag_43\n  jump\t// in\ntag_78:\n    /* \"#utility.yul\":545:688   */\n  swap3\n  swap2\n  pop\n  pop\n  jump\t// out\n    /* \"#utility.yul\":694:1045   */\ntag_3:\n    /* \"#utility.yul\":764:770   */\n  0x00\n    /* \"#utility.yul\":813:815   */\n  0x20\n    /* \"#utility.yul\":801:810   */\n  dup3\n    /* \"#utility.yul\":792:799   */\n  dup5\n    /* \"#utility.yul\":788:811   */\n  sub\n    /* \"#utility.yul\":784:816   */\n  slt\n    /* \"#utility.yul\":781:900   */\n  iszero\n  tag_80\n  jumpi\n    /* \"#utility.yul\":819:898   */\n  tag_81\n  tag_40\n  jump\t// in\ntag_81:\n    /* \"#utility.yul\":781:900   */\ntag_80:\n    /* \"#utility.yul\":939:940   */\n  0x00\n    /* \"#utility.yul\":964:1028   */\n  tag_82\n    /* \"#utility.yul\":1020:1027   */\n  dup5\n    /* \"#utility.yul\":1011:1017   */\n  dup3\n    /* \"#utility.yul\":1000:1009   */\n  dup6\n    /* \"#utility.yul\":996:1018   */\n  add\n    /* \"#utility.yul\":964:1028   */\n  tag_44\n  jump\t// in\ntag_82:\n    /* \"#utility.yul\":954:1028   */\n  swap2\n  pop\n    /* \"#utility.yul\":910:1038   */\n  pop\n    /* \"#utility.yul\":694:1045   */\n  swap3\n  swap2\n  pop\n  pop\n  jump\t// out\n    /* \"#utility.yul\":1051:1150   */\ntag_45:\n    /* \"#utility.yul\":1103:1109   */\n  0x00\n    /* \"#utility.yul\":1137:1142   */\n  dup2\n    /* \"#utility.yul\":1131:1143   */\n  mload\n    /* \"#utility.yul\":1121:1143   */\n  swap1\n  pop\n    /* \"#utility.yul\":1051:1150   */\n  swap2\n  swap1\n  pop\n  jump\t// out\n    /* \"#utility.yul\":1156:1336   */\ntag_46:\n    /* \"#utility.yul\":1204:1281   */\n  0x4e487b7100000000000000000000000000000000000000000000000000000000\n    /* \"#utility.yul\":1201:1202   */\n  0x00\n    /* \"#utility.yul\":1194:1282   */\n  mstore\n    /* \"#utility.yul\":1301:1305   */\n  0x41\n    /* \"#utility.yul\":1298:1299   */\n  0x04\n    /* \"#utility.yul\":1291:1306   */\n  mstore\n    /* \"#utility.yul\":1325:1329   */\n  0x24\n    /* \"#utility.yul\":1322:1323   */\n  0x00\n    /* \"#utility.yul\":1315:1330   */\n  revert\n    /* \"#utility.yul\":1342:1522   */\ntag_47:\n    /* \"#utility.yul\":1390:1467   */\n  0x4e487b7100000000000000000000000000000000000000000000000000000000\n    /* \"#utility.yul\":1387:1388   */\n  0x00\n    /* \"#utility.yul\":1380:1468   */\n  mstore\n    /* \"#utility.yul\":1487:1491   */\n  0x22\n    /* \"#utility.yul\":1484:1485   */\n  0x04\n    /* \"#utility.yul\":1477:1492   */\n  mstore\n    /* \"#utility.yul\":1511:1515   */\n  0x24\n    /* \"#utility.yul\":1508:1509   */\n  0x00\n    /* \"#utility.yul\":1501:1516   */\n  revert\n    /* \"#utility.yul\":1528:1848   */\ntag_48:\n    /* \"#utility.yul\":1572:1578   */\n  0x00\n    /* \"#utility.yul\":1609:1610   */\n  0x02\n    /* \"#utility.yul\":1603:1607   */\n  dup3\n    /* \"#utility.yul\":1599:1611   */\n  div\n    /* \"#utility.yul\":1589:1611   */\n  swap1\n  pop\n    /* \"#utility.yul\":1656:1657   */\n  0x01\n    /* \"#utility.yul\":1650:1654   */\n  dup3\n    /* \"#utility.yul\":1646:1658   */\n  and\n    /* \"#utility.yul\":1677:1695   */\n  dup1\n    /* \"#utility.yul\":1667:1748   */\n  tag_87\n  jumpi\n    /* \"#utility.yul\":1733:1737   */\n  0x7f\n    /* \"#utility.yul\":1725:1731   */\n  dup3\n    /* \"#utility.yul\":1721:1738   */\n  and\n    /* \"#utility.yul\":1711:1738   */\n  swap2\n  pop\n    /* \"#utility.yul\":1667:1748   */\ntag_87:\n    /* \"#utility.yul\":1795:1797   */\n  0x20\n    /* \"#utility.yul\":1787:1793   */\n  dup3\n    /* \"#utility.yul\":1784:1798   */\n  lt\n    /* \"#utility.yul\":1764:1782   */\n  dup2\n    /* \"#utility.yul\":1761:1799   */\n  sub\n    /* \"#utility.yul\":1758:1842   */\n  tag_88\n  jumpi\n    /* \"#utility.yul\":1814:1832   */\n  tag_89\n  tag_47\n  jump\t// in\ntag_89:\n    /* \"#utility.yul\":1758:1842   */\ntag_88:\n    /* \"#utility.yul\":1579:1848   */\n  pop\n    /* \"#utility.yul\":1528:1848   */\n  swap2\n  swap1\n  pop\n  jump\t// out\n    /* \"#utility.yul\":1854:1995   */\ntag_49:\n    /* \"#utility.yul\":1903:1907   */\n  0x00\n    /* \"#utility.yul\":1926:1929   */\n  dup2\n    /* \"#utility.yul\":1918:1929   */\n  swap1\n  pop\n    /* \"#utility.yul\":1949:1952   */\n  dup2\n    /* \"#utility.yul\":1946:1947   */\n  0x00\n    /* \"#utility.yul\":1939:1953   */\n  mstore\n    /* \"#utility.yul\":1983:1987   */\n  0x20\n    /* \"#utility.yul\":1980:1981   */\n  0x00\n    /* \"#utility.yul\":1970:1988   */\n  keccak256\n    /* \"#utility.yul\":1962:1988   */\n  swap1\n  pop\n    /* \"#utility.yul\":1854:1995   */\n  swap2\n  swap1\n  pop\n  jump\t// out\n    /* \"#utility.yul\":2001:2094   */\ntag_50:\n    /* \"#utility.yul\":2038:2044   */\n  0x00\n    /* \"#utility.yul\":2085:2087   */\n  0x20\n    /* \"#utility.yul\":2080:2082   */\n  0x1f\n    /* \"#utility.yul\":2073:2078   */\n  dup4\n    /* \"#utility.yul\":2069:2083   */\n  add\n    /* \"#utility.yul\":2065:2088   */\n  div\n    /* \"#utility.yul\":2055:2088   */\n  swap1\n  pop\n    /* \"#utility.yul\":2001:2094   */\n  swap2\n  swap1\n  pop\n  jump\t// out\n    /* \"#utility.yul\":2100:2207   */\ntag_51:\n    /* \"#utility.yul\":2144:2152   */\n  0x00\n    /* \"#utility.yul\":2194:2199   */\n  dup3\n    /* \"#utility.yul\":2188:2192   */\n  dup3\n    /* \"#utility.yul\":2184:2200   */\n  shl\n    /* \"#utility.yul\":2163:2200   */\n  swap1\n  pop\n    /* \"#utility.yul\":2100:2207   */\n  swap3\n  swap2\n  pop\n  pop\n  jump\t// out\n    /* \"#utility.yul\":2213:2606   */\ntag_52:\n    /* \"#utility.yul\":2282:2288   */\n  0x00\n    /* \"#utility.yul\":2332:2333   */\n  0x08\n    /* \"#utility.yul\":2320:2330   */\n  dup4\n    /* \"#utility.yul\":2316:2334   */\n  mul\n    /* \"#utility.yul\":2355:2452   */\n  tag_94\n    /* \"#utility.yul\":2385:2451   */\n  0xffffffffffffffffffffffffffffffffffffffffffffffffffffffffffffffff\n    /* \"#utility.yul\":2374:2383   */\n  dup3\n    /* \"#utility.yul\":2355:2452   */\n  tag_51\n  jump\t// in\ntag_94:\n    /* \"#utility.yul\":2473:2512   */\n  tag_95\n    /* \"#utility.yul\":2503:2511   */\n  dup7\n    /* \"#utility.yul\":2492:2501   */\n  dup4\n    /* \"#utility.yul\":2473:2512   */\n  tag_51\n  jump\t// in\ntag_95:\n    /* \"#utility.yul\":2461:2512   */\n  swap6\n  pop\n    /* \"#utility.yul\":2545:2549   */\n  dup1\n    /* \"#utility.yul\":2541:2550   */\n  not\n    /* \"#utility.yul\":2534:2539   */\n  dup5\n    /* \"#utility.yul\":2530:2551   */\n  and\n    /* \"#utility.yul\":2521:2551   */\n  swap4\n  pop\n    /* \"#utility.yul\":2594:2598   */\n  dup1\n    /* \"#utility.yul\":2584:2592   */\n  dup7\n    /* \"#utility.yul\":2580:2599   */\n  and\n    /* \"#utility.yul\":2573:2578   */\n  dup5\n    /* \"#utility.yul\":2570:2600   */\n  or\n    /* \"#utility.yul\":2560:2600   */\n  swap3\n  pop\n    /* \"#utility.yul\":2289:2606   */\n  pop\n  pop\n    /* \"#utility.yul\":2213:2606   */\n  swap4\n  swap3\n  pop\n  pop\n  pop\n  jump\t// out\n    /* \"#utility.yul\":2612:2672   */\ntag_53:\n    /* \"#utility.yul\":2640:2643   */\n  0x00\n    /* \"#utility.yul\":2661:2666   */\n  dup2\n    /* \"#utility.yul\":2654:2666   */\n  swap1\n  pop\n    /* \"#utility.yul\":2612:2672   */\n  swap2\n  swap1\n  pop\n  jump\t// out\n    /* \"#utility.yul\":2678:2820   */\ntag_54:\n    /* \"#utility.yul\":2728:2737   */\n  0x00\n    /* \"#utility.yul\":2761:2814   */\n  tag_98\n    /* \"#utility.yul\":2779:2813   */\n  tag_99\n    /* \"#utility.yul\":2788:2812   */\n  tag_100\n    /* \"#utility.yul\":2806:2811   */\n  dup5\n    /* \"#utility.yul\":2788:2812   */\n  tag_42\n  jump\t// in\ntag_100:\n    /* \"#utility.yul\":2779:2813   */\n  tag_53\n  jump\t// in\ntag_99:\n    /* \"#utility.yul\":2761:2814   */\n  tag_42\n  jump\t// in\ntag_98:\n    /* \"#utility.yul\":2748:2814   */\n  swap1\n  pop\n    /* \"#utility.yul\":2678:2820   */\n  swap2\n  swap1\n  pop\n  jump\t// out\n    /* \"#utility.yul\":2826:2901   */\ntag_55:\n    /* \"#utility.yul\":2869:2872   */\n  0x00\n    /* \"#utility.yul\":2890:2895   */\n  dup2\n    /* \"#utility.yul\":2883:2895   */\n  swap1\n  pop\n    /* \"#utility.yul\":2826:2901   */\n  swap2\n  swap1\n  pop\n  jump\t// out\n    /* \"#utility.yul\":2907:3176   */\ntag_56:\n    /* \"#utility.yul\":3017:3056   */\n  tag_103\n    /* \"#utility.yul\":3048:3055   */\n  dup4\n    /* \"#utility.yul\":3017:3056   */\n  tag_54\n  jump\t// in\ntag_103:\n    /* \"#utility.yul\":3078:3169   */\n  tag_104\n    /* \"#utility.yul\":3127:3168   */\n  tag_105\n    /* \"#utility.yul\":3151:3167   */\n  dup3\n    /* \"#utility.yul\":3127:3168   */\n  tag_55\n  jump\t// in\ntag_105:\n    /* \"#utility.yul\":3119:3125   */\n  dup5\n    /* \"#utility.yul\":3112:3116   */\n  dup5\n    /* \"#utility.yul\":3106:3117   */\n  sload\n    /* \"#utility.yul\":3078:3169   */\n  tag_52\n  jump\t// in\ntag_104:\n    /* \"#utility.yul\":3072:3076   */\n  dup3\n    /* \"#utility.yul\":3065:3170   */\n  sstore\n    /* \"#utility.yul\":2983:3176   */\n  pop\n    /* \"#utility.yul\":2907:3176   */\n  pop\n  pop\n  pop\n  jump\t// out\n    /* \"#utility.yul\":3182:3255   */\ntag_57:\n    /* \"#utility.yul\":3227:3230   */\n  0x00\n    /* \"#utility.yul\":3248:3249   */\n  0x00\n    /* \"#utility.yul\":3241:3249   */\n  swap1\n  pop\n    /* \"#utility.yul\":3182:3255   */\n  swap1\n  jump\t// out\n    /* \"#utility.yul\":3261:3450   */\ntag_58:\n    /* \"#utility.yul\":3338:3370   */\n  tag_108\n  tag_57\n  jump\t// in\ntag_108:\n    /* \"#utility.yul\":3379:3444   */\n  tag_109\n    /* \"#utility.yul\":3437:3443   */\n  dup2\n    /* \"#utility.yul\":3429:3435   */\n  dup5\n    /* \"#utility.yul\":3423:3427   */\n  dup5\n    /* \"#utility.yul\":3379:3444   */\n  tag_56\n  jump\t// in\ntag_109:\n    /* \"#utility.yul\":3314:3450   */\n  pop\n    /* \"#utility.yul\":3261:3450   */\n  pop\n  pop\n  jump\t// out\n    /* \"#utility.yul\":3456:3642   */\ntag_59:\n    /* \"#utility.yul\":3516:3636   */\ntag_111:\n    /* \"#utility.yul\":3533:3536   */\n  dup2\n    /* \"#utility.yul\":3526:3531   */\n  dup2\n    /* \"#utility.yul\":3523:3537   */\n  lt\n    /* \"#utility.yul\":3516:3636   */\n  iszero\n  tag_113\n  jumpi\n    /* \"#utility.yul\":3587:3626   */\n  tag_114\n    /* \"#utility.yul\":3624:3625   */\n  0x00\n    /* \"#utility.yul\":3617:3622   */\n  dup3\n    /* \"#utility.yul\":3587:3626   */\n  tag_58\n  jump\t// in\ntag_114:\n    /* \"#utility.yul\":3560:3561   */\n  0x01\n    /* \"#utility.yul\":3553:3558   */\n  dup2\n    /* \"#utility.yul\":3549:3562   */\n  add\n    /* \"#utility.yul\":3540:3562   */\n  swap1\n  pop\n    /* \"#utility.yul\":3516:3636   */\n  jump(tag_111)\ntag_113:\n    /* \"#utility.yul\":3456:3642   */\n  pop\n  pop\n  jump\t// out\n    /* \"#utility.yul\":3648:4191   */\ntag_60:\n    /* \"#utility.yul\":3749:3751   */\n  0x1f\n    /* \"#utility.yul\":3744:3747   */\n  dup3\n    /* \"#utility.yul\":3741:3752   */\n  gt\n    /* \"#utility.yul\":3738:4184   */\n  iszero\n  tag_116\n  jumpi\n    /* \"#utility.yul\":3783:3821   */\n  tag_117\n    /* \"#utility.yul\":3815:3820   */\n  dup2\n    /* \"#utility.yul\":3783:3821   */\n  tag_49\n  jump\t// in\ntag_117:\n    /* \"#utility.yul\":3867:3896   */\n  tag_118\n    /* \"#utility.yul\":3885:3895   */\n  dup5\n    /* \"#utility.yul\":3867:3896   */\n  tag_50\n  jump\t// in\ntag_118:\n    /* \"#utility.yul\":3857:3865   */\n  dup2\n    /* \"#utility.yul\":3853:3897   */\n  add\n    /* \"#utility.yul\":4050:4052   */\n  0x20\n    /* \"#utility.yul\":4038:4048   */\n  dup6\n    /* \"#utility.yul\":4035:4053   */\n  lt\n    /* \"#utility.yul\":4032:4081   */\n  iszero\n  tag_119\n  jumpi\n    /* \"#utility.yul\":4071:4079   */\n  dup2\n    /* \"#utility.yul\":4056:4079   */\n  swap1\n  pop\n    /* \"#utility.yul\":4032:4081   */\ntag_119:\n    /* \"#utility.yul\":4094:4174   */\n  tag_120\n    /* \"#utility.yul\":4150:4172   */\n  tag_121\n    /* \"#utility.yul\":4168:4171   */\n  dup6\n    /* \"#utility.yul\":4150:4172   */\n  tag_50\n  jump\t// in\ntag_121:\n    /* \"#utility.yul\":4140:4148   */\n  dup4\n    /* \"#utility.yul\":4136:4173   */\n  add\n    /* \"#utility.yul\":4123:4134   */\n  dup3\n    /* \"#utility.yul\":4094:4174   */\n  tag_59\n  jump\t// in\ntag_120:\n    /* \"#utility.yul\":3753:4184   */\n  pop\n  pop\n    /* \"#utility.yul\":3738:4184   */\ntag_116:\n    /* \"#utility.yul\":3648:4191   */\n  pop\n  pop\n  pop\n  jump\t// out\n    /* \"#utility.yul\":4197:4314   */\ntag_61:\n    /* \"#utility.yul\":4251:4259   */\n  0x00\n    /* \"#utility.yul\":4301:4306   */\n  dup3\n    /* \"#utility.yul\":4295:4299   */\n  dup3\n    /* \"#utility.yul\":4291:4307   */\n  shr\n    /* \"#utility.yul\":4270:4307   */\n  swap1\n  pop\n    /* \"#utility.yul\":4197:4314   */\n  swap3\n  swap2\n  pop\n  pop\n  jump\t// out\n    /* \"#utility.yul\":4320:4489   */\ntag_62:\n    /* \"#utility.yul\":4364:4370   */\n  0x00\n    /* \"#utility.yul\":4397:4448   */\n  tag_124\n    /* \"#utility.yul\":4445:4446   */\n  0x00\n    /* \"#utility.yul\":4441:4447   */\n  not\n    /* \"#utility.yul\":4433:4438   */\n  dup5\n    /* \"#utility.yul\":4430:4431   */\n  0x08\n    /* \"#utility.yul\":4426:4439   */\n  mul\n    /* \"#utility.yul\":4397:4448   */\n  tag_61\n  jump\t// in\ntag_124:\n    /* \"#utility.yul\":4393:4449   */\n  not\n    /* \"#utility.yul\":4478:4482   */\n  dup1\n    /* \"#utility.yul\":4472:4476   */\n  dup4\n    /* \"#utility.yul\":4468:4483   */\n  and\n    /* \"#utility.yul\":4458:4483   */\n  swap2\n  pop\n    /* \"#utility.yul\":4371:4489   */\n  pop\n    /* \"#utility.yul\":4320:4489   */\n  swap3\n  swap2\n  pop\n  pop\n  jump\t// out\n    /* \"#utility.yul\":4494:4789   */\ntag_63:\n    /* \"#utility.yul\":4570:4574   */\n  0x00\n    /* \"#utility.yul\":4716:4745   */\n  tag_126\n    /* \"#utility.yul\":4741:4744   */\n  dup4\n    /* \"#utility.yul\":4735:4739   */\n  dup4\n    /* \"#utility.yul\":4716:4745   */\n  tag_62\n  jump\t// in\ntag_126:\n    /* \"#utility.yul\":4708:4745   */\n  swap2\n  pop\n    /* \"#utility.yul\":4778:4781   */\n  dup3\n    /* \"#utility.yul\":4775:4776   */\n  0x02\n    /* \"#utility.yul\":4771:4782   */\n  mul\n    /* \"#utility.yul\":4765:4769   */\n  dup3\n    /* \"#utility.yul\":4762:4783   */\n  or\n    /* \"#utility.yul\":4754:4783   */\n  swap1\n  pop\n    /* \"#utility.yul\":4494:4789   */\n  swap3\n  swap2\n  pop\n  pop\n  jump\t// out\n    /* \"#utility.yul\":4794:6189   */\ntag_9:\n    /* \"#utility.yul\":4911:4948   */\n  tag_128\n    /* \"#utility.yul\":4944:4947   */\n  dup3\n    /* \"#utility.yul\":4911:4948   */\n  tag_45\n  jump\t// in\ntag_128:\n    /* \"#utility.yul\":5013:5031   */\n  0xffffffffffffffff\n    /* \"#utility.yul\":5005:5011   */\n  dup2\n    /* \"#utility.yul\":5002:5032   */\n  gt\n    /* \"#utility.yul\":4999:5055   */\n  iszero\n  tag_129\n  jumpi\n    /* \"#utility.yul\":5035:5053   */\n  tag_130\n  tag_46\n  jump\t// in\ntag_130:\n    /* \"#utility.yul\":4999:5055   */\ntag_129:\n    /* \"#utility.yul\":5079:5117   */\n  tag_131\n    /* \"#utility.yul\":5111:5115   */\n  dup3\n    /* \"#utility.yul\":5105:5116   */\n  sload\n    /* \"#utility.yul\":5079:5117   */\n  tag_48\n  jump\t// in\ntag_131:\n    /* \"#utility.yul\":5164:5231   */\n  tag_132\n    /* \"#utility.yul\":5224:5230   */\n  dup3\n    /* \"#utility.yul\":5216:5222   */\n  dup3\n    /* \"#utility.yul\":5210:5214   */\n  dup6\n    /* \"#utility.yul\":5164:5231   */\n  tag_60\n  jump\t// in\ntag_132:\n    /* \"#utility.yul\":5258:5259   */\n  0x00\n    /* \"#utility.yul\":5282:5286   */\n  0x20\n    /* \"#utility.yul\":5269:5286   */\n  swap1\n  pop\n    /* \"#utility.yul\":5314:5316   */\n  0x1f\n    /* \"#utility.yul\":5306:5312   */\n  dup4\n    /* \"#utility.yul\":5303:5317   */\n  gt\n    /* \"#utility.yul\":5331:5332   */\n  0x01\n    /* \"#utility.yul\":5326:5944   */\n  dup2\n  eq\n  tag_134\n  jumpi\n    /* \"#utility.yul\":5988:5989   */\n  0x00\n    /* \"#utility.yul\":6005:6011   */\n  dup5\n    /* \"#utility.yul\":6002:6079   */\n  iszero\n  tag_135\n  jumpi\n    /* \"#utility.yul\":6054:6063   */\n  dup3\n    /* \"#utility.yul\":6049:6052   */\n  dup8\n    /* \"#utility.yul\":6045:6064   */\n  add\n    /* \"#utility.yul\":6039:6065   */\n  mload\n    /* \"#utility.yul\":6030:6065   */\n  swap1\n  pop\n    /* \"#utility.yul\":6002:6079   */\ntag_135:\n    /* \"#utility.yul\":6105:6172   */\n  tag_136\n    /* \"#utility.yul\":6165:6171   */\n  dup6\n    /* \"#utility.yul\":6158:6163   */\n  dup3\n    /* \"#utility.yul\":6105:6172   */\n  tag_63\n  jump\t// in\ntag_136:\n    /* \"#utility.yul\":6099:6103   */\n  dup7\n    /* \"#utility.yul\":6092:6173   */\n  sstore\n    /* \"#utility.yul\":5961:6183   */\n  pop\n    /* \"#utility.yul\":5296:6183   */\n  jump(tag_133)\n    /* \"#utility.yul\":5326:5944   */\ntag_134:\n    /* \"#utility.yul\":5378:5382   */\n  0x1f\n    /* \"#utility.yul\":5374:5383   */\n  not\n    /* \"#utility.yul\":5366:5372   */\n  dup5\n    /* \"#utility.yul\":5362:5384   */\n  and\n    /* \"#utility.yul\":5412:5449   */\n  tag_137\n    /* \"#utility.yul\":5444:5448   */\n  dup7\n    /* \"#utility.yul\":5412:5449   */\n  tag_49\n  jump\t// in\ntag_137:\n    /* \"#utility.yul\":5471:5472   */\n  0x00\n    /* \"#utility.yul\":5485:5693   */\ntag_138:\n    /* \"#utility.yul\":5499:5506   */\n  dup3\n    /* \"#utility.yul\":5496:5497   */\n  dup2\n    /* \"#utility.yul\":5493:5507   */\n  lt\n    /* \"#utility.yul\":5485:5693   */\n  iszero\n  tag_140\n  jumpi\n    /* \"#utility.yul\":5578:5587   */\n  dup5\n    /* \"#utility.yul\":5573:5576   */\n  dup10\n    /* \"#utility.yul\":5569:5588   */\n  add\n    /* \"#utility.yul\":5563:5589   */\n  mload\n    /* \"#utility.yul\":5555:5561   */\n  dup3\n    /* \"#utility.yul\":5548:5590   */\n  sstore\n    /* \"#utility.yul\":5629:5630   */\n  0x01\n    /* \"#utility.yul\":5621:5627   */\n  dup3\n    /* \"#utility.yul\":5617:5631   */\n  add\n    /* \"#utility.yul\":5607:5631   */\n  swap2\n  pop\n    /* \"#utility.yul\":5676:5678   */\n  0x20\n    /* \"#utility.yul\":5665:5674   */\n  dup6\n    /* \"#utility.yul\":5661:5679   */\n  add\n    /* \"#utility.yul\":5648:5679   */\n  swap5\n  pop\n    /* \"#utility.yul\":5522:5526   */\n  0x20\n    /* \"#utility.yul\":5519:5520   */\n  dup2\n    /* \"#utility.yul\":5515:5527   */\n  add\n    /* \"#utility.yul\":5510:5527   */\n  swap1\n  pop\n    /* \"#utility.yul\":5485:5693   */\n  jump(tag_138)\ntag_140:\n    /* \"#utility.yul\":5721:5727   */\n  dup7\n    /* \"#utility.yul\":5712:5719   */\n  dup4\n    /* \"#utility.yul\":5709:5728   */\n  lt\n    /* \"#utility.yul\":5706:5885   */\n  iszero\n  tag_141\n  jumpi\n    /* \"#utility.yul\":5779:5788   */\n  dup5\n    /* \"#utility.yul\":5774:5777   */\n  dup10\n    /* \"#utility.yul\":5770:5789   */\n  add\n    /* \"#utility.yul\":5764:5790   */\n  mload\n    /* \"#utility.yul\":5822:5870   */\n  tag_142\n    /* \"#utility.yul\":5864:5868   */\n  0x1f\n    /* \"#utility.yul\":5856:5862   */\n  dup10\n    /* \"#utility.yul\":5852:5869   */\n  and\n    /* \"#utility.yul\":5841:5850   */\n  dup3\n    /* \"#utility.yul\":5822:5870   */\n  tag_62\n  jump\t// in\ntag_142:\n    /* \"#utility.yul\":5814:5820   */\n  dup4\n    /* \"#utility.yul\":5807:5871   */\n  sstore\n    /* \"#utility.yul\":5729:5885   */\n  pop\n    /* \"#utility.yul\":5706:5885   */\ntag_141:\n    /* \"#utility.yul\":5931:5932   */\n  0x01\n    /* \"#utility.yul\":5927:5928   */\n  0x02\n    /* \"#utility.yul\":5919:5925   */\n  dup9\n    /* \"#utility.yul\":5915:5929   */\n  mul\n    /* \"#utility.yul\":5911:5933   */\n  add\n    /* \"#utility.yul\":5905:5909   */\n  dup9\n    /* \"#utility.yul\":5898:5934   */\n  sstore\n    /* \"#utility.yul\":5333:5944   */\n  pop\n  pop\n  pop\n    /* \"#utility.yul\":5296:6183   */\ntag_133:\n  pop\n    /* \"#utility.yul\":4886:6189   */\n  pop\n  pop\n  pop\n    /* \"#utility.yul\":4794:6189   */\n  pop\n  pop\n  jump\t// out\n    /* \"#utility.yul\":6195:6321   */\ntag_64:\n    /* \"#utility.yul\":6232:6239   */\n  0x00\n    /* \"#utility.yul\":6272:6314   */\n  0xffffffffffffffffffffffffffffffffffffffff\n    /* \"#utility.yul\":6265:6270   */\n  dup3\n    /* \"#utility.yul\":6261:6315   */\n  and\n    /* \"#utility.yul\":6250:6315   */\n  swap1\n  pop\n    /* \"#utility.yul\":6195:6321   */\n  swap2\n  swap1\n  pop\n  jump\t// out\n    /* \"#utility.yul\":6327:6423   */\ntag_65:\n    /* \"#utility.yul\":6364:6371   */\n  0x00\n    /* \"#utility.yul\":6393:6417   */\n  tag_145\n    /* \"#utility.yul\":6411:6416   */\n  dup3\n    /* \"#utility.yul\":6393:6417   */\n  tag_64\n  jump\t// in\ntag_145:\n    /* \"#utility.yul\":6382:6417   */\n  swap1\n  pop\n    /* \"#utility.yul\":6327:6423   */\n  swap2\n  swap1\n  pop\n  jump\t// out\n    /* \"#utility.yul\":6429:6547   */\ntag_66:\n    /* \"#utility.yul\":6516:6540   */\n  tag_147\n    /* \"#utility.yul\":6534:6539   */\n  dup2\n    /* \"#utility.yul\":6516:6540   */\n  tag_65\n  jump\t// in\ntag_147:\n    /* \"#utility.yul\":6511:6514   */\n  dup3\n    /* \"#utility.yul\":6504:6541   */\n  mstore\n    /* \"#utility.yul\":6429:6547   */\n  pop\n  pop\n  jump\t// out\n    /* \"#utility.yul\":6553:6775   */\ntag_14:\n    /* \"#utility.yul\":6646:6650   */\n  0x00\n    /* \"#utility.yul\":6684:6686   */\n  0x20\n    /* \"#utility.yul\":6673:6682   */\n  dup3\n    /* \"#utility.yul\":6669:6687   */\n  add\n    /* \"#utility.yul\":6661:6687   */\n  swap1\n  pop\n    /* \"#utility.yul\":6697:6768   */\n  tag_149\n    /* \"#utility.yul\":6765:6766   */\n  0x00\n    /* \"#utility.yul\":6754:6763   */\n  dup4\n    /* \"#utility.yul\":6750:6767   */\n  add\n    /* \"#utility.yul\":6741:6747   */\n  dup5\n    /* \"#utility.yul\":6697:6768   */\n  tag_66\n  jump\t// in\ntag_149:\n    /* \"#utility.yul\":6553:6775   */\n  swap3\n  swap2\n  pop\n  pop\n  jump\t// out\n    /* \"#utility.yul\":6781:6961   */\ntag_67:\n    /* \"#utility.yul\":6829:6906   */\n  0x4e487b7100000000000000000000000000000000000000000000000000000000\n    /* \"#utility.yul\":6826:6827   */\n  0x00\n    /* \"#utility.yul\":6819:6907   */\n  mstore\n    /* \"#utility.yul\":6926:6930   */\n  0x11\n    /* \"#utility.yul\":6923:6924   */\n  0x04\n    /* \"#utility.yul\":6916:6931   */\n  mstore\n    /* \"#utility.yul\":6950:6954   */\n  0x24\n    /* \"#utility.yul\":6947:6948   */\n  0x00\n    /* \"#utility.yul\":6940:6955   */\n  revert\n    /* \"#utility.yul\":6967:7158   */\ntag_30:\n    /* \"#utility.yul\":7007:7010   */\n  0x00\n    /* \"#utility.yul\":7026:7046   */\n  tag_152\n    /* \"#utility.yul\":7044:7045   */\n  dup3\n    /* \"#utility.yul\":7026:7046   */\n  tag_42\n  jump\t// in\ntag_152:\n    /* \"#utility.yul\":7021:7046   */\n  swap2\n  pop\n    /* \"#utility.yul\":7060:7080   */\n  tag_153\n    /* \"#utility.yul\":7078:7079   */\n  dup4\n    /* \"#utility.yul\":7060:7080   */\n  tag_42\n  jump\t// in\ntag_153:\n    /* \"#utility.yul\":7055:7080   */\n  swap3\n  pop\n    /* \"#utility.yul\":7103:7104   */\n  dup3\n    /* \"#utility.yul\":7100:7101   */\n  dup3\n    /* \"#utility.yul\":7096:7105   */\n  add\n    /* \"#utility.yul\":7089:7105   */\n  swap1\n  pop\n    /* \"#utility.yul\":7124:7127   */\n  dup1\n    /* \"#utility.yul\":7121:7122   */\n  dup3\n    /* \"#utility.yul\":7118:7128   */\n  gt\n    /* \"#utility.yul\":7115:7151   */\n  iszero\n  tag_154\n  jumpi\n    /* \"#utility.yul\":7131:7149   */\n  tag_155\n  tag_67\n  jump\t// in\ntag_155:\n    /* \"#utility.yul\":7115:7151   */\ntag_154:\n    /* \"#utility.yul\":6967:7158   */\n  swap3\n  swap2\n  pop\n  pop\n  jump\t// out\n    /* \"#utility.yul\":7164:7282   */\ntag_68:\n    /* \"#utility.yul\":7251:7275   */\n  tag_157\n    /* \"#utility.yul\":7269:7274   */\n  dup2\n    /* \"#utility.yul\":7251:7275   */\n  tag_42\n  jump\t// in\ntag_157:\n    /* \"#utility.yul\":7246:7249   */\n  dup3\n    /* \"#utility.yul\":7239:7276   */\n  mstore\n    /* \"#utility.yul\":7164:7282   */\n  pop\n  pop\n  jump\t// out\n    /* \"#utility.yul\":7288:7730   */\ntag_34:\n    /* \"#utility.yul\":7437:7441   */\n  0x00\n    /* \"#utility.yul\":7475:7477   */\n  0x60\n    /* \"#utility.yul\":7464:7473   */\n  dup3\n    /* \"#utility.yul\":7460:7478   */\n  add\n    /* \"#utility.yul\":7452:7478   */\n  swap1\n  pop\n    /* \"#utility.yul\":7488:7559   */\n  tag_159\n    /* \"#utility.yul\":7556:7557   */\n  0x00\n    /* \"#utility.yul\":7545:7554   */\n  dup4\n    /* \"#utility.yul\":7541:7558   */\n  add\n    /* \"#utility.yul\":7532:7538   */\n  dup7\n    /* \"#utility.yul\":7488:7559   */\n  tag_66\n  jump\t// in\ntag_159:\n    /* \"#utility.yul\":7569:7641   */\n  tag_160\n    /* \"#utility.yul\":7637:7639   */\n  0x20\n    /* \"#utility.yul\":7626:7635   */\n  dup4\n    /* \"#utility.yul\":7622:7640   */\n  add\n    /* \"#utility.yul\":7613:7619   */\n  dup6\n    /* \"#utility.yul\":7569:7641   */\n  tag_68\n  jump\t// in\ntag_160:\n    /* \"#utility.yul\":7651:7723   */\n  tag_161\n    /* \"#utility.yul\":7719:7721   */\n  0x40\n    /* \"#utility.yul\":7708:7717   */\n  dup4\n    /* \"#utility.yul\":7704:7722   */\n  add\n    /* \"#utility.yul\":7695:7701   */\n  dup5\n    /* \"#utility.yul\":7651:7723   */\n  tag_68\n  jump\t// in\ntag_161:\n    /* \"#utility.yul\":7288:7730   */\n  swap5\n  swap4\n  pop\n  pop\n  pop\n  pop\n  jump\t// out\n    /* \"#utility.yul\":7736:7958   */\ntag_38:\n    /* \"#utility.yul\":7829:7833   */\n  0x00\n    /* \"#utility.yul\":7867:7869   */\n  0x20\n    /* \"#utility.yul\":7856:7865   */\n  dup3\n    /* \"#utility.yul\":7852:7870   */\n  add\n    /* \"#utility.yul\":7844:7870   */\n  swap1\n  pop\n    /* \"#utility.yul\":7880:7951   */\n  tag_163\n    /* \"#utility.yul\":7948:7949   */\n  0x00\n    /* \"#utility.yul\":7937:7946   */\n  dup4\n    /* \"#utility.yul\":7933:7950   */\n  add\n    /* \"#utility.yul\":7924:7930   */\n  dup5\n    /* \"#utility.yul\":7880:7951   */\n  tag_68\n  jump\t// in\ntag_163:\n    /* \"#utility.yul\":7736:7958   */\n  swap3\n  swap2\n  pop\n  pop\n  jump\t// out\n    /* \"MockUSDT.sol\":167:527  contract MockUSDT is ERC20, Ownable {... */\ntag_20:\n  dataSize(sub_0)\n  dup1\n  dataOffset(sub_0)\n  0x00\n  codecopy\n  0x00\n  return\nstop\n\nsub_0: assembly {\n        /* \"MockUSDT.sol\":167:527  contract MockUSDT is ERC20, Ownable {... */\n      mstore(0x40, 0x80)\n      callvalue\n      dup1\n      iszero\n      tag_1\n      jumpi\n      revert(0x00, 0x00)\n    tag_1:\n      pop\n      jumpi(tag_2, lt(calldatasize, 0x04))\n      shr(0xe0, calldataload(0x00))\n      dup1\n      0x70a08231\n      gt\n      tag_17\n      jumpi\n      dup1\n      0x95d89b41\n      gt\n      tag_18\n      jumpi\n      dup1\n      0x95d89b41\n      eq\n      tag_13\n      jumpi\n      dup1\n      0xa9059cbb\n      eq\n      tag_14\n      jumpi\n      dup1\n      0xdd62ed3e\n      eq\n      tag_15\n      jumpi\n      dup1\n      0xf2fde38b\n      eq\n      tag_16\n      jumpi\n      jump(tag_2)\n    tag_18:\n      dup1\n      0x70a08231\n      eq\n      tag_10\n      jumpi\n      dup1\n      0x715018a6\n      eq\n      tag_11\n      jumpi\n      dup1\n      0x8da5cb5b\n      eq\n      tag_12\n      jumpi\n      jump(tag_2)\n    tag_17:\n      dup1\n      0x23b872dd\n      gt\n      tag_19\n      jumpi\n      dup1\n      0x23b872dd\n      eq\n      tag_6\n      jumpi\n      dup1\n      0x313ce567\n      eq\n      tag_7\n      jumpi\n      dup1\n      0x40c10f19\n      eq\n      tag_8\n      jumpi\n      dup1\n      0x42966c68\n      eq\n      tag_9\n      jumpi\n      jump(tag_2)\n    tag_19:\n      dup1\n      0x06fdde03\n      eq\n      tag_3\n      jumpi\n      dup1\n      0x095ea7b3\n      eq\n      tag_4\n      jumpi\n      dup1\n      0x18160ddd\n      eq\n      tag_5\n      jumpi\n    tag_2:\n      revert(0x00, 0x00)\n        /* \"@openzeppelin/contracts/token/ERC20/ERC20.sol\":2074:2163   */\n    tag_3:\n      tag_20\n      tag_21\n      jump\t// in\n    tag_20:\n      mload(0x40)\n      tag_22\n      swap2\n      swap1\n      tag_23\n      jump\t// in\n    tag_22:\n      mload(0x40)\n      dup1\n      swap2\n      sub\n      swap1\n      return\n        /* \"@openzeppelin/contracts/token/ERC20/ERC20.sol\":4293:4479   */\n    tag_4:\n      tag_24\n      0x04\n      dup1\n      calldatasize\n      sub\n      dup2\n      add\n      swap1\n      tag_25\n      swap2\n      swap1\n      tag_26\n      jump\t// in\n    tag_25:\n      tag_27\n      jump\t// in\n    tag_24:\n      mload(0x40)\n      tag_28\n      swap2\n      swap1\n      tag_29\n      jump\t// in\n    tag_28:\n      mload(0x40)\n      dup1\n      swap2\n      sub\n      swap1\n      return\n        /* \"@openzeppelin/contracts/token/ERC20/ERC20.sol\":3144:3241   */\n    tag_5:\n      tag_30\n      tag_31\n      jump\t// in\n    tag_30:\n      mload(0x40)\n      tag_32\n      swap2\n      swap1\n      tag_33\n      jump\t// in\n    tag_32:\n      mload(0x40)\n      dup1\n      swap2\n      sub\n      swap1\n      return\n        /* \"@openzeppelin/contracts/token/ERC20/ERC20.sol\":5039:5283   */\n    tag_6:\n      tag_34\n      0x04\n      dup1\n      calldatasize\n      sub\n      dup2\n      add\n      swap1\n      tag_35\n      swap2\n      swap1\n      tag_36\n      jump\t// in\n    tag_35:\n      tag_37\n      jump\t// in\n    tag_34:\n      mload(0x40)\n      tag_38\n      swap2\n      swap1\n      tag_29\n      jump\t// in\n    tag_38:\n      mload(0x40)\n      dup1\n      swap2\n      sub\n      swap1\n      return\n        /* \"@openzeppelin/contracts/token/ERC20/ERC20.sol\":3002:3084   */\n    tag_7:\n      tag_39\n      tag_40\n      jump\t// in\n    tag_39:\n      mload(0x40)\n      tag_41\n      swap2\n      swap1\n      tag_42\n      jump\t// in\n    tag_41:\n      mload(0x40)\n      dup1\n      swap2\n      sub\n      swap1\n      return\n        /* \"MockUSDT.sol\":347:440  function mint(address to, uint256 amount) public onlyOwner {... */\n    tag_8:\n      tag_43\n      0x04\n      dup1\n      calldatasize\n      sub\n      dup2\n      add\n      swap1\n      tag_44\n      swap2\n      swap1\n      tag_26\n      jump\t// in\n    tag_44:\n      tag_45\n      jump\t// in\n    tag_43:\n      stop\n        /* \"MockUSDT.sol\":446:525  function burn(uint256 amount) public {... */\n    tag_9:\n      tag_46\n      0x04\n      dup1\n      calldatasize\n      sub\n      dup2\n      add\n      swap1\n      tag_47\n      swap2\n      swap1\n      tag_48\n      jump\t// in\n    tag_47:\n      tag_49\n      jump\t// in\n    tag_46:\n      stop\n        /* \"@openzeppelin/contracts/token/ERC20/ERC20.sol\":3299:3415   */\n    tag_10:\n      tag_50\n      0x04\n      dup1\n      calldatasize\n      sub\n      dup2\n      add\n      swap1\n      tag_51\n      swap2\n      swap1\n      tag_52\n      jump\t// in\n    tag_51:\n      tag_53\n      jump\t// in\n    tag_50:\n      mload(0x40)\n      tag_54\n      swap2\n      swap1\n      tag_33\n      jump\t// in\n    tag_54:\n      mload(0x40)\n      dup1\n      swap2\n      sub\n      swap1\n      return\n        /* \"@openzeppelin/contracts/access/Ownable.sol\":2293:2394   */\n    tag_11:\n      tag_55\n      tag_56\n      jump\t// in\n    tag_55:\n      stop\n        /* \"@openzeppelin/contracts/access/Ownable.sol\":1638:1723   */\n    tag_12:\n      tag_57\n      tag_58\n      jump\t// in\n    tag_57:\n      mload(0x40)\n      tag_59\n      swap2\n      swap1\n      tag_60\n      jump\t// in\n    tag_59:\n      mload(0x40)\n      dup1\n      swap2\n      sub\n      swap1\n      return\n        /* \"@openzeppelin/contracts/token/ERC20/ERC20.sol\":2276:2369   */\n    tag_13:\n      tag_61\n      tag_62\n      jump\t// in\n    tag_61:\n      mload(0x40)\n      tag_63\n      swap2\n      swap1\n      tag_23\n      jump\t// in\n    tag_63:\n      mload(0x40)\n      dup1\n      swap2\n      sub\n      swap1\n      return\n        /* \"@openzeppelin/contracts/token/ERC20/ERC20.sol\":3610:3788   */\n    tag_14:\n      tag_64\n      0x04\n      dup1\n      calldatasize\n      sub\n      dup2\n      add\n      swap1\n      tag_65\n      swap2\n      swap1\n      tag_26\n      jump\t// in\n    tag_65:\n      tag_66\n      jump\t// in\n    tag_64:\n      mload(0x40)\n      tag_67\n      swap2\n      swap1\n      tag_29\n      jump\t// in\n    tag_67:\n      mload(0x40)\n      dup1\n      swap2\n      sub\n      swap1\n      return\n        /* \"@openzeppelin/contracts/token/ERC20/ERC20.sol\":3846:3986   */\n    tag_15:\n      tag_68\n      0x04\n      dup1\n      calldatasize\n      sub\n      dup2\n      add\n      swap1\n      tag_69\n      swap2\n      swap1\n      tag_70\n      jump\t// in\n    tag_69:\n      tag_71\n      jump\t// in\n    tag_68:\n      mload(0x40)\n      tag_72\n      swap2\n      swap1\n      tag_33\n      jump\t// in\n    tag_72:\n      mload(0x40)\n      dup1\n      swap2\n      sub\n      swap1\n      return\n        /* \"@openzeppelin/contracts/access/Ownable.sol\":2543:2758   */\n    tag_16:\n      tag_73\n      0x04\n      dup1\n      calldatasize\n      sub\n      dup2\n      add\n      swap1\n      tag_74\n      swap2\n      swap1\n      tag_52\n      jump\t// in\n    tag_74:\n      tag_75\n      jump\t// in\n    tag_73:\n      stop\n        /* \"@openzeppelin/contracts/token/ERC20/ERC20.sol\":2074:2163   */\n    tag_21:\n        /* \"@openzeppelin/contracts/token/ERC20/ERC20.sol\":2119:2132   */\n      0x60\n        /* \"@openzeppelin/contracts/token/ERC20/ERC20.sol\":2151:2156   */\n      0x03\n        /* \"@openzeppelin/contracts/token/ERC20/ERC20.sol\":2144:2156   */\n      dup1\n      sload\n      tag_77\n      swap1\n      tag_78\n      jump\t// in\n    tag_77:\n      dup1\n      0x1f\n      add\n      0x20\n      dup1\n      swap2\n      div\n      mul\n      0x20\n      add\n      mload(0x40)\n      swap1\n      dup2\n      add\n      0x40\n      mstore\n      dup1\n      swap3\n      swap2\n      swap1\n      dup2\n      dup2\n      mstore\n      0x20\n      add\n      dup3\n      dup1\n      sload\n      tag_79\n      swap1\n      tag_78\n      jump\t// in\n    tag_79:\n      dup1\n      iszero\n      tag_80\n      jumpi\n      dup1\n      0x1f\n      lt\n      tag_81\n      jumpi\n      0x0100\n      dup1\n      dup4\n      sload\n      div\n      mul\n      dup4\n      mstore\n      swap2\n      0x20\n      add\n      swap2\n      jump(tag_80)\n    tag_81:\n      dup3\n      add\n      swap2\n      swap1\n      0x00\n      mstore\n      keccak256(0x00, 0x20)\n      swap1\n    tag_82:\n      dup2\n      sload\n      dup2\n      mstore\n      swap1\n      0x01\n      add\n      swap1\n      0x20\n      add\n      dup1\n      dup4\n      gt\n      tag_82\n      jumpi\n      dup3\n      swap1\n      sub\n      0x1f\n      and\n      dup3\n      add\n      swap2\n    tag_80:\n      pop\n      pop\n      pop\n      pop\n      pop\n      swap1\n      pop\n        /* \"@openzeppelin/contracts/token/ERC20/ERC20.sol\":2074:2163   */\n      swap1\n      jump\t// out\n        /* \"@openzeppelin/contracts/token/ERC20/ERC20.sol\":4293:4479   */\n    tag_27:\n        /* \"@openzeppelin/contracts/token/ERC20/ERC20.sol\":4366:4370   */\n      0x00\n        /* \"@openzeppelin/contracts/token/ERC20/ERC20.sol\":4382:4395   */\n      0x00\n        /* \"@openzeppelin/contracts/token/ERC20/ERC20.sol\":4398:4410   */\n      tag_84\n        /* \"@openzeppelin/contracts/token/ERC20/ERC20.sol\":4398:4408   */\n      tag_85\n        /* \"@openzeppelin/contracts/token/ERC20/ERC20.sol\":4398:4410   */\n      jump\t// in\n    tag_84:\n        /* \"@openzeppelin/contracts/token/ERC20/ERC20.sol\":4382:4410   */\n      swap1\n      pop\n        /* \"@openzeppelin/contracts/token/ERC20/ERC20.sol\":4420:4451   */\n      tag_86\n        /* \"@openzeppelin/contracts/token/ERC20/ERC20.sol\":4429:4434   */\n      dup2\n        /* \"@openzeppelin/contracts/token/ERC20/ERC20.sol\":4436:4443   */\n      dup6\n        /* \"@openzeppelin/contracts/token/ERC20/ERC20.sol\":4445:4450   */\n      dup6\n        /* \"@openzeppelin/contracts/token/ERC20/ERC20.sol\":4420:4428   */\n      tag_87\n        /* \"@openzeppelin/contracts/token/ERC20/ERC20.sol\":4420:4451   */\n      jump\t// in\n    tag_86:\n        /* \"@openzeppelin/contracts/token/ERC20/ERC20.sol\":4468:4472   */\n      0x01\n        /* \"@openzeppelin/contracts/token/ERC20/ERC20.sol\":4461:4472   */\n      swap2\n      pop\n      pop\n        /* \"@openzeppelin/contracts/token/ERC20/ERC20.sol\":4293:4479   */\n      swap3\n      swap2\n      pop\n      pop\n      jump\t// out\n        /* \"@openzeppelin/contracts/token/ERC20/ERC20.sol\":3144:3241   */\n    tag_31:\n        /* \"@openzeppelin/contracts/token/ERC20/ERC20.sol\":3196:3203   */\n      0x00\n        /* \"@openzeppelin/contracts/token/ERC20/ERC20.sol\":3222:3234   */\n      sload(0x02)\n        /* \"@openzeppelin/contracts/token/ERC20/ERC20.sol\":3215:3234   */\n      swap1\n      pop\n        /* \"@openzeppelin/contracts/token/ERC20/ERC20.sol\":3144:3241   */\n      swap1\n      jump\t// out\n        /* \"@openzeppelin/contracts/token/ERC20/ERC20.sol\":5039:5283   */\n    tag_37:\n        /* \"@openzeppelin/contracts/token/ERC20/ERC20.sol\":5126:5130   */\n      0x00\n        /* \"@openzeppelin/contracts/token/ERC20/ERC20.sol\":5142:5157   */\n      0x00\n        /* \"@openzeppelin/contracts/token/ERC20/ERC20.sol\":5160:5172   */\n      tag_90\n        /* \"@openzeppelin/contracts/token/ERC20/ERC20.sol\":5160:5170   */\n      tag_85\n        /* \"@openzeppelin/contracts/token/ERC20/ERC20.sol\":5160:5172   */\n      jump\t// in\n    tag_90:\n        /* \"@openzeppelin/contracts/token/ERC20/ERC20.sol\":5142:5172   */\n      swap1\n      pop\n        /* \"@openzeppelin/contracts/token/ERC20/ERC20.sol\":5182:5219   */\n      tag_91\n        /* \"@openzeppelin/contracts/token/ERC20/ERC20.sol\":5198:5202   */\n      dup6\n        /* \"@openzeppelin/contracts/token/ERC20/ERC20.sol\":5204:5211   */\n      dup3\n        /* \"@openzeppelin/contracts/token/ERC20/ERC20.sol\":5213:5218   */\n      dup6\n        /* \"@openzeppelin/contracts/token/ERC20/ERC20.sol\":5182:5197   */\n      tag_92\n        /* \"@openzeppelin/contracts/token/ERC20/ERC20.sol\":5182:5219   */\n      jump\t// in\n    tag_91:\n        /* \"@openzeppelin/contracts/token/ERC20/ERC20.sol\":5229:5255   */\n      tag_93\n        /* \"@openzeppelin/contracts/token/ERC20/ERC20.sol\":5239:5243   */\n      dup6\n        /* \"@openzeppelin/contracts/token/ERC20/ERC20.sol\":5245:5247   */\n      dup6\n        /* \"@openzeppelin/contracts/token/ERC20/ERC20.sol\":5249:5254   */\n      dup6\n        /* \"@openzeppelin/contracts/token/ERC20/ERC20.sol\":5229:5238   */\n      tag_94\n        /* \"@openzeppelin/contracts/token/ERC20/ERC20.sol\":5229:5255   */\n      jump\t// in\n    tag_93:\n        /* \"@openzeppelin/contracts/token/ERC20/ERC20.sol\":5272:5276   */\n      0x01\n        /* \"@openzeppelin/contracts/token/ERC20/ERC20.sol\":5265:5276   */\n      swap2\n      pop\n      pop\n        /* \"@openzeppelin/contracts/token/ERC20/ERC20.sol\":5039:5283   */\n      swap4\n      swap3\n      pop\n      pop\n      pop\n      jump\t// out\n        /* \"@openzeppelin/contracts/token/ERC20/ERC20.sol\":3002:3084   */\n    tag_40:\n        /* \"@openzeppelin/contracts/token/ERC20/ERC20.sol\":3051:3056   */\n      0x00\n        /* \"@openzeppelin/contracts/token/ERC20/ERC20.sol\":3075:3077   */\n      0x12\n        /* \"@openzeppelin/contracts/token/ERC20/ERC20.sol\":3068:3077   */\n      swap1\n      pop\n        /* \"@openzeppelin/contracts/token/ERC20/ERC20.sol\":3002:3084   */\n      swap1\n      jump\t// out\n        /* \"MockUSDT.sol\":347:440  function mint(address to, uint256 amount) public onlyOwner {... */\n    tag_45:\n        /* \"@openzeppelin/contracts/access/Ownable.sol\":1531:1544   */\n      tag_97\n        /* \"@openzeppelin/contracts/access/Ownable.sol\":1531:1542   */\n      tag_98\n        /* \"@openzeppelin/contracts/access/Ownable.sol\":1531:1544   */\n      jump\t// in\n    tag_97:\n        /* \"MockUSDT.sol\":416:433  _mint(to, amount) */\n      tag_100\n        /* \"MockUSDT.sol\":422:424  to */\n      dup3\n        /* \"MockUSDT.sol\":426:432  amount */\n      dup3\n        /* \"MockUSDT.sol\":416:421  _mint */\n      tag_101\n        /* \"MockUSDT.sol\":416:433  _mint(to, amount) */\n      jump\t// in\n    tag_100:\n        /* \"MockUSDT.sol\":347:440  function mint(address to, uint256 amount) public onlyOwner {... */\n      pop\n      pop\n      jump\t// out\n        /* \"MockUSDT.sol\":446:525  function burn(uint256 amount) public {... */\n    tag_49:\n        /* \"MockUSDT.sol\":493:518  _burn(msg.sender, amount) */\n      tag_103\n        /* \"MockUSDT.sol\":499:509  msg.sender */\n      caller\n        /* \"MockUSDT.sol\":511:517  amount */\n      dup3\n        /* \"MockUSDT.sol\":493:498  _burn */\n      tag_104\n        /* \"MockUSDT.sol\":493:518  _burn(msg.sender, amount) */\n      jump\t// in\n    tag_103:\n        /* \"MockUSDT.sol\":446:525  function burn(uint256 amount) public {... */\n      pop\n      jump\t// out\n        /* \"@openzeppelin/contracts/token/ERC20/ERC20.sol\":3299:3415   */\n    tag_53:\n        /* \"@openzeppelin/contracts/token/ERC20/ERC20.sol\":3364:3371   */\n      0x00\n        /* \"@openzeppelin/contracts/token/ERC20/ERC20.sol\":3390:3399   */\n      0x00\n        /* \"@openzeppelin/contracts/token/ERC20/ERC20.sol\":3390:3408   */\n      0x00\n        /* \"@openzeppelin/contracts/token/ERC20/ERC20.sol\":3400:3407   */\n      dup4\n        /* \"@openzeppelin/contracts/token/ERC20/ERC20.sol\":3390:3408   */\n      0xffffffffffffffffffffffffffffffffffffffff\n      and\n      0xffffffffffffffffffffffffffffffffffffffff\n      and\n      dup2\n      mstore\n      0x20\n      add\n      swap1\n      dup2\n      mstore\n      0x20\n      add\n      0x00\n      keccak256\n      sload\n        /* \"@openzeppelin/contracts/token/ERC20/ERC20.sol\":3383:3408   */\n      swap1\n      pop\n        /* \"@openzeppelin/contracts/token/ERC20/ERC20.sol\":3299:3415   */\n      swap2\n      swap1\n      pop\n      jump\t// out\n        /* \"@openzeppelin/contracts/access/Ownable.sol\":2293:2394   */\n    tag_56:\n        /* \"@openzeppelin/contracts/access/Ownable.sol\":1531:1544   */\n      tag_107\n        /* \"@openzeppelin/contracts/access/Ownable.sol\":1531:1542   */\n      tag_98\n        /* \"@openzeppelin/contracts/access/Ownable.sol\":1531:1544   */\n      jump\t// in\n    tag_107:\n        /* \"@openzeppelin/contracts/access/Ownable.sol\":2357:2387   */\n      tag_109\n        /* \"@openzeppelin/contracts/access/Ownable.sol\":2384:2385   */\n      0x00\n        /* \"@openzeppelin/contracts/access/Ownable.sol\":2357:2375   */\n      tag_110\n        /* \"@openzeppelin/contracts/access/Ownable.sol\":2357:2387   */\n      jump\t// in\n    tag_109:\n        /* \"@openzeppelin/contracts/access/Ownable.sol\":2293:2394   */\n      jump\t// out\n        /* \"@openzeppelin/contracts/access/Ownable.sol\":1638:1723   */\n    tag_58:\n        /* \"@openzeppelin/contracts/access/Ownable.sol\":1684:1691   */\n      0x00\n        /* \"@openzeppelin/contracts/access/Ownable.sol\":1710:1716   */\n      0x05\n      0x00\n      swap1\n      sload\n      swap1\n      0x0100\n      exp\n      swap1\n      div\n      0xffffffffffffffffffffffffffffffffffffffff\n      and\n        /* \"@openzeppelin/contracts/access/Ownable.sol\":1703:1716   */\n      swap1\n      pop\n        /* \"@openzeppelin/contracts/access/Ownable.sol\":1638:1723   */\n      swap1\n      jump\t// out\n        /* \"@openzeppelin/contracts/token/ERC20/ERC20.sol\":2276:2369   */\n    tag_62:\n        /* \"@openzeppelin/contracts/token/ERC20/ERC20.sol\":2323:2336   */\n      0x60\n        /* \"@openzeppelin/contracts/token/ERC20/ERC20.sol\":2355:2362   */\n      0x04\n        /* \"@openzeppelin/contracts/token/ERC20/ERC20.sol\":2348:2362   */\n      dup1\n      sload\n      tag_113\n      swap1\n      tag_78\n      jump\t// in\n    tag_113:\n      dup1\n      0x1f\n      add\n      0x20\n      dup1\n      swap2\n      div\n      mul\n      0x20\n      add\n      mload(0x40)\n      swap1\n      dup2\n      add\n      0x40\n      mstore\n      dup1\n      swap3\n      swap2\n      swap1\n      dup2\n      dup2\n      mstore\n      0x20\n      add\n      dup3\n      dup1\n      sload\n      tag_114\n      swap1\n      tag_78\n      jump\t// in\n    tag_114:\n      dup1\n      iszero\n      tag_115\n      jumpi\n      dup1\n      0x1f\n      lt\n      tag_116\n      jumpi\n      0x0100\n      dup1\n      dup4\n      sload\n      div\n      mul\n      dup4\n      mstore\n      swap2\n      0x20\n      add\n      swap2\n      jump(tag_115)\n    tag_116:\n      dup3\n      add\n      swap2\n      swap1\n      0x00\n      mstore\n      keccak256(0x00, 0x20)\n      swap1\n    tag_117:\n      dup2\n      sload\n      dup2\n      mstore\n      swap1\n      0x01\n      add\n      swap1\n      0x20\n      add\n      dup1\n      dup4\n      gt\n      tag_117\n      jumpi\n      dup3\n      swap1\n      sub\n      0x1f\n      and\n      dup3\n      add\n      swap2\n    tag_115:\n      pop\n      pop\n      pop\n      pop\n      pop\n      swap1\n      pop\n        /* \"@openzeppelin/contracts/token/ERC20/ERC20.sol\":2276:2369   */\n      swap1\n      jump\t// out\n        /* \"@openzeppelin/contracts/token/ERC20/ERC20.sol\":3610:3788   */\n    tag_66:\n        /* \"@openzeppelin/contracts/token/ERC20/ERC20.sol\":3679:3683   */\n      0x00\n        /* \"@openzeppelin/contracts/token/ERC20/ERC20.sol\":3695:3708   */\n      0x00\n        /* \"@openzeppelin/contracts/token/ERC20/ERC20.sol\":3711:3723   */\n      tag_119\n        /* \"@openzeppelin/contracts/token/ERC20/ERC20.sol\":3711:3721   */\n      tag_85\n        /* \"@openzeppelin/contracts/token/ERC20/ERC20.sol\":3711:3723   */\n      jump\t// in\n    tag_119:\n        /* \"@openzeppelin/contracts/token/ERC20/ERC20.sol\":3695:3723   */\n      swap1\n      pop\n        /* \"@openzeppelin/contracts/token/ERC20/ERC20.sol\":3733:3760   */\n      tag_120\n        /* \"@openzeppelin/contracts/token/ERC20/ERC20.sol\":3743:3748   */\n      dup2\n        /* \"@openzeppelin/contracts/token/ERC20/ERC20.sol\":3750:3752   */\n      dup6\n        /* \"@openzeppelin/contracts/token/ERC20/ERC20.sol\":3754:3759   */\n      dup6\n        /* \"@openzeppelin/contracts/token/ERC20/ERC20.sol\":3733:3742   */\n      tag_94\n        /* \"@openzeppelin/contracts/token/ERC20/ERC20.sol\":3733:3760   */\n      jump\t// in\n    tag_120:\n        /* \"@openzeppelin/contracts/token/ERC20/ERC20.sol\":3777:3781   */\n      0x01\n        /* \"@openzeppelin/contracts/token/ERC20/ERC20.sol\":3770:3781   */\n      swap2\n      pop\n      pop\n        /* \"@openzeppelin/contracts/token/ERC20/ERC20.sol\":3610:3788   */\n      swap3\n      swap2\n      pop\n      pop\n      jump\t// out\n        /* \"@openzeppelin/contracts/token/ERC20/ERC20.sol\":3846:3986   */\n    tag_71:\n        /* \"@openzeppelin/contracts/token/ERC20/ERC20.sol\":3926:3933   */\n      0x00\n        /* \"@openzeppelin/contracts/token/ERC20/ERC20.sol\":3952:3963   */\n      0x01\n        /* \"@openzeppelin/contracts/token/ERC20/ERC20.sol\":3952:3970   */\n      0x00\n        /* \"@openzeppelin/contracts/token/ERC20/ERC20.sol\":3964:3969   */\n      dup5\n        /* \"@openzeppelin/contracts/token/ERC20/ERC20.sol\":3952:3970   */\n      0xffffffffffffffffffffffffffffffffffffffff\n      and\n      0xffffffffffffffffffffffffffffffffffffffff\n      and\n      dup2\n      mstore\n      0x20\n      add\n      swap1\n      dup2\n      mstore\n      0x20\n      add\n      0x00\n      keccak256\n        /* \"@openzeppelin/contracts/token/ERC20/ERC20.sol\":3952:3979   */\n      0x00\n        /* \"@openzeppelin/contracts/token/ERC20/ERC20.sol\":3971:3978   */\n      dup4\n        /* \"@openzeppelin/contracts/token/ERC20/ERC20.sol\":3952:3979   */\n      0xffffffffffffffffffffffffffffffffffffffff\n      and\n      0xffffffffffffffffffffffffffffffffffffffff\n      and\n      dup2\n      mstore\n      0x20\n      add\n      swap1\n      dup2\n      mstore\n      0x20\n      add\n      0x00\n      keccak256\n      sload\n        /* \"@openzeppelin/contracts/token/ERC20/ERC20.sol\":3945:3979   */\n      swap1\n      pop\n        /* \"@openzeppelin/contracts/token/ERC20/ERC20.sol\":3846:3986   */\n      swap3\n      swap2\n      pop\n      pop\n      jump\t// out\n        /* \"@openzeppelin/contracts/access/Ownable.sol\":2543:2758   */\n    tag_75:\n        /* \"@openzeppelin/contracts/access/Ownable.sol\":1531:1544   */\n      tag_123\n        /* \"@openzeppelin/contracts/access/Ownable.sol\":1531:1542   */\n      tag_98\n        /* \"@openzeppelin/contracts/access/Ownable.sol\":1531:1544   */\n      jump\t// in\n    tag_123:\n        /* \"@openzeppelin/contracts/access/Ownable.sol\":2647:2648   */\n      0x00\n        /* \"@openzeppelin/contracts/access/Ownable.sol\":2627:2649   */\n      0xffffffffffffffffffffffffffffffffffffffff\n      and\n        /* \"@openzeppelin/contracts/access/Ownable.sol\":2627:2635   */\n      dup2\n        /* \"@openzeppelin/contracts/access/Ownable.sol\":2627:2649   */\n      0xffffffffffffffffffffffffffffffffffffffff\n      and\n      sub\n        /* \"@openzeppelin/contracts/access/Ownable.sol\":2623:2714   */\n      tag_125\n      jumpi\n        /* \"@openzeppelin/contracts/access/Ownable.sol\":2700:2701   */\n      0x00\n        /* \"@openzeppelin/contracts/access/Ownable.sol\":2672:2703   */\n      mload(0x40)\n      0x1e4fbdf700000000000000000000000000000000000000000000000000000000\n      dup2\n      mstore\n      0x04\n      add\n      tag_126\n      swap2\n      swap1\n      tag_60\n      jump\t// in\n    tag_126:\n      mload(0x40)\n      dup1\n      swap2\n      sub\n      swap1\n      revert\n        /* \"@openzeppelin/contracts/access/Ownable.sol\":2623:2714   */\n    tag_125:\n        /* \"@openzeppelin/contracts/access/Ownable.sol\":2723:2751   */\n      tag_127\n        /* \"@openzeppelin/contracts/access/Ownable.sol\":2742:2750   */\n      dup2\n        /* \"@openzeppelin/contracts/access/Ownable.sol\":2723:2741   */\n      tag_110\n        /* \"@openzeppelin/contracts/access/Ownable.sol\":2723:2751   */\n      jump\t// in\n    tag_127:\n        /* \"@openzeppelin/contracts/access/Ownable.sol\":2543:2758   */\n      pop\n      jump\t// out\n        /* \"@openzeppelin/contracts/utils/Context.sol\":656:752   */\n    tag_85:\n        /* \"@openzeppelin/contracts/utils/Context.sol\":709:716   */\n      0x00\n        /* \"@openzeppelin/contracts/utils/Context.sol\":735:745   */\n      caller\n        /* \"@openzeppelin/contracts/utils/Context.sol\":728:745   */\n      swap1\n      pop\n        /* \"@openzeppelin/contracts/utils/Context.sol\":656:752   */\n      swap1\n      jump\t// out\n        /* \"@openzeppelin/contracts/token/ERC20/ERC20.sol\":8989:9117   */\n    tag_87:\n        /* \"@openzeppelin/contracts/token/ERC20/ERC20.sol\":9073:9110   */\n      tag_130\n        /* \"@openzeppelin/contracts/token/ERC20/ERC20.sol\":9082:9087   */\n      dup4\n        /* \"@openzeppelin/contracts/token/ERC20/ERC20.sol\":9089:9096   */\n      dup4\n        /* \"@openzeppelin/contracts/token/ERC20/ERC20.sol\":9098:9103   */\n      dup4\n        /* \"@openzeppelin/contracts/token/ERC20/ERC20.sol\":9105:9109   */\n      0x01\n        /* \"@openzeppelin/contracts/token/ERC20/ERC20.sol\":9073:9081   */\n      tag_131\n        /* \"@openzeppelin/contracts/token/ERC20/ERC20.sol\":9073:9110   */\n      jump\t// in\n    tag_130:\n        /* \"@openzeppelin/contracts/token/ERC20/ERC20.sol\":8989:9117   */\n      pop\n      pop\n      pop\n      jump\t// out\n        /* \"@openzeppelin/contracts/token/ERC20/ERC20.sol\":10663:11140   */\n    tag_92:\n        /* \"@openzeppelin/contracts/token/ERC20/ERC20.sol\":10762:10786   */\n      0x00\n        /* \"@openzeppelin/contracts/token/ERC20/ERC20.sol\":10789:10814   */\n      tag_133\n        /* \"@openzeppelin/contracts/token/ERC20/ERC20.sol\":10799:10804   */\n      dup5\n        /* \"@openzeppelin/contracts/token/ERC20/ERC20.sol\":10806:10813   */\n      dup5\n        /* \"@openzeppelin/contracts/token/ERC20/ERC20.sol\":10789:10798   */\n      tag_71\n        /* \"@openzeppelin/contracts/token/ERC20/ERC20.sol\":10789:10814   */\n      jump\t// in\n    tag_133:\n        /* \"@openzeppelin/contracts/token/ERC20/ERC20.sol\":10762:10814   */\n      swap1\n      pop\n        /* \"@openzeppelin/contracts/token/ERC20/ERC20.sol\":10848:10865   */\n      0xffffffffffffffffffffffffffffffffffffffffffffffffffffffffffffffff\n        /* \"@openzeppelin/contracts/token/ERC20/ERC20.sol\":10828:10844   */\n      dup2\n        /* \"@openzeppelin/contracts/token/ERC20/ERC20.sol\":10828:10865   */\n      eq\n        /* \"@openzeppelin/contracts/token/ERC20/ERC20.sol\":10824:11134   */\n      tag_134\n      jumpi\n        /* \"@openzeppelin/contracts/token/ERC20/ERC20.sol\":10904:10909   */\n      dup2\n        /* \"@openzeppelin/contracts/token/ERC20/ERC20.sol\":10885:10901   */\n      dup2\n        /* \"@openzeppelin/contracts/token/ERC20/ERC20.sol\":10885:10909   */\n      lt\n        /* \"@openzeppelin/contracts/token/ERC20/ERC20.sol\":10881:11011   */\n      iszero\n      tag_135\n      jumpi\n        /* \"@openzeppelin/contracts/token/ERC20/ERC20.sol\":10963:10970   */\n      dup3\n        /* \"@openzeppelin/contracts/token/ERC20/ERC20.sol\":10972:10988   */\n      dup2\n        /* \"@openzeppelin/contracts/token/ERC20/ERC20.sol\":10990:10995   */\n      dup4\n        /* \"@openzeppelin/contracts/token/ERC20/ERC20.sol\":10936:10996   */\n      mload(0x40)\n      0xfb8f41b200000000000000000000000000000000000000000000000000000000\n      dup2\n      mstore\n      0x04\n      add\n      tag_136\n      swap4\n      swap3\n      swap2\n      swap1\n      tag_137\n      jump\t// in\n    tag_136:\n      mload(0x40)\n      dup1\n      swap2\n      sub\n      swap1\n      revert\n        /* \"@openzeppelin/contracts/token/ERC20/ERC20.sol\":10881:11011   */\n    tag_135:\n        /* \"@openzeppelin/contracts/token/ERC20/ERC20.sol\":11052:11109   */\n      tag_138\n        /* \"@openzeppelin/contracts/token/ERC20/ERC20.sol\":11061:11066   */\n      dup5\n        /* \"@openzeppelin/contracts/token/ERC20/ERC20.sol\":11068:11075   */\n      dup5\n        /* \"@openzeppelin/contracts/token/ERC20/ERC20.sol\":11096:11101   */\n      dup5\n        /* \"@openzeppelin/contracts/token/ERC20/ERC20.sol\":11077:11093   */\n      dup5\n        /* \"@openzeppelin/contracts/token/ERC20/ERC20.sol\":11077:11101   */\n      sub\n        /* \"@openzeppelin/contracts/token/ERC20/ERC20.sol\":11103:11108   */\n      0x00\n        /* \"@openzeppelin/contracts/token/ERC20/ERC20.sol\":11052:11060   */\n      tag_131\n        /* \"@openzeppelin/contracts/token/ERC20/ERC20.sol\":11052:11109   */\n      jump\t// in\n    tag_138:\n        /* \"@openzeppelin/contracts/token/ERC20/ERC20.sol\":10824:11134   */\n    tag_134:\n        /* \"@openzeppelin/contracts/token/ERC20/ERC20.sol\":10752:11140   */\n      pop\n        /* \"@openzeppelin/contracts/token/ERC20/ERC20.sol\":10663:11140   */\n      pop\n      pop\n      pop\n      jump\t// out\n        /* \"@openzeppelin/contracts/token/ERC20/ERC20.sol\":5656:5956   */\n    tag_94:\n        /* \"@openzeppelin/contracts/token/ERC20/ERC20.sol\":5755:5756   */\n      0x00\n        /* \"@openzeppelin/contracts/token/ERC20/ERC20.sol\":5739:5757   */\n      0xffffffffffffffffffffffffffffffffffffffff\n      and\n        /* \"@openzeppelin/contracts/token/ERC20/ERC20.sol\":5739:5743   */\n      dup4\n        /* \"@openzeppelin/contracts/token/ERC20/ERC20.sol\":5739:5757   */\n      0xffffffffffffffffffffffffffffffffffffffff\n      and\n      sub\n        /* \"@openzeppelin/contracts/token/ERC20/ERC20.sol\":5735:5821   */\n      tag_140\n      jumpi\n        /* \"@openzeppelin/contracts/token/ERC20/ERC20.sol\":5807:5808   */\n      0x00\n        /* \"@openzeppelin/contracts/token/ERC20/ERC20.sol\":5780:5810   */\n      mload(0x40)\n      0x96c6fd1e00000000000000000000000000000000000000000000000000000000\n      dup2\n      mstore\n      0x04\n      add\n      tag_141\n      swap2\n      swap1\n      tag_60\n      jump\t// in\n    tag_141:\n      mload(0x40)\n      dup1\n      swap2\n      sub\n      swap1\n      revert\n        /* \"@openzeppelin/contracts/token/ERC20/ERC20.sol\":5735:5821   */\n    tag_140:\n        /* \"@openzeppelin/contracts/token/ERC20/ERC20.sol\":5848:5849   */\n      0x00\n        /* \"@openzeppelin/contracts/token/ERC20/ERC20.sol\":5834:5850   */\n      0xffffffffffffffffffffffffffffffffffffffff\n      and\n        /* \"@openzeppelin/contracts/token/ERC20/ERC20.sol\":5834:5836   */\n      dup3\n        /* \"@openzeppelin/contracts/token/ERC20/ERC20.sol\":5834:5850   */\n      0xffffffffffffffffffffffffffffffffffffffff\n      and\n      sub\n        /* \"@openzeppelin/contracts/token/ERC20/ERC20.sol\":5830:5916   */\n      tag_142\n      jumpi\n        /* \"@openzeppelin/contracts/token/ERC20/ERC20.sol\":5902:5903   */\n      0x00\n        /* \"@openzeppelin/contracts/token/ERC20/ERC20.sol\":5873:5905   */\n      mload(0x40)\n      0xec442f0500000000000000000000000000000000000000000000000000000000\n      dup2\n      mstore\n      0x04\n      add\n      tag_143\n      swap2\n      swap1\n      tag_60\n      jump\t// in\n    tag_143:\n      mload(0x40)\n      dup1\n      swap2\n      sub\n      swap1\n      revert\n        /* \"@openzeppelin/contracts/token/ERC20/ERC20.sol\":5830:5916   */\n    tag_142:\n        /* \"@openzeppelin/contracts/token/ERC20/ERC20.sol\":5925:5949   */\n      tag_144\n        /* \"@openzeppelin/contracts/token/ERC20/ERC20.sol\":5933:5937   */\n      dup4\n        /* \"@openzeppelin/contracts/token/ERC20/ERC20.sol\":5939:5941   */\n      dup4\n        /* \"@openzeppelin/contracts/token/ERC20/ERC20.sol\":5943:5948   */\n      dup4\n        /* \"@openzeppelin/contracts/token/ERC20/ERC20.sol\":5925:5932   */\n      tag_145\n        /* \"@openzeppelin/contracts/token/ERC20/ERC20.sol\":5925:5949   */\n      jump\t// in\n    tag_144:\n        /* \"@openzeppelin/contracts/token/ERC20/ERC20.sol\":5656:5956   */\n      pop\n      pop\n      pop\n      jump\t// out\n        /* \"@openzeppelin/contracts/access/Ownable.sol\":1796:1958   */\n    tag_98:\n        /* \"@openzeppelin/contracts/access/Ownable.sol\":1866:1878   */\n      tag_147\n        /* \"@openzeppelin/contracts/access/Ownable.sol\":1866:1876   */\n      tag_85\n        /* \"@openzeppelin/contracts/access/Ownable.sol\":1866:1878   */\n      jump\t// in\n    tag_147:\n        /* \"@openzeppelin/contracts/access/Ownable.sol\":1855:1878   */\n      0xffffffffffffffffffffffffffffffffffffffff\n      and\n        /* \"@openzeppelin/contracts/access/Ownable.sol\":1855:1862   */\n      tag_148\n        /* \"@openzeppelin/contracts/access/Ownable.sol\":1855:1860   */\n      tag_58\n        /* \"@openzeppelin/contracts/access/Ownable.sol\":1855:1862   */\n      jump\t// in\n    tag_148:\n        /* \"@openzeppelin/contracts/access/Ownable.sol\":1855:1878   */\n      0xffffffffffffffffffffffffffffffffffffffff\n      and\n      eq\n        /* \"@openzeppelin/contracts/access/Ownable.sol\":1851:1952   */\n      tag_149\n      jumpi\n        /* \"@openzeppelin/contracts/access/Ownable.sol\":1928:1940   */\n      tag_150\n        /* \"@openzeppelin/contracts/access/Ownable.sol\":1928:1938   */\n      tag_85\n        /* \"@openzeppelin/contracts/access/Ownable.sol\":1928:1940   */\n      jump\t// in\n    tag_150:\n        /* \"@openzeppelin/contracts/access/Ownable.sol\":1901:1941   */\n      mload(0x40)\n      0x118cdaa700000000000000000000000000000000000000000000000000000000\n      dup2\n      mstore\n      0x04\n      add\n      tag_151\n      swap2\n      swap1\n      tag_60\n      jump\t// in\n    tag_151:\n      mload(0x40)\n      dup1\n      swap2\n      sub\n      swap1\n      revert\n        /* \"@openzeppelin/contracts/access/Ownable.sol\":1851:1952   */\n    tag_149:\n        /* \"@openzeppelin/contracts/access/Ownable.sol\":1796:1958   */\n      jump\t// out\n        /* \"@openzeppelin/contracts/token/ERC20/ERC20.sol\":7721:7929   */\n    tag_101:\n        /* \"@openzeppelin/contracts/token/ERC20/ERC20.sol\":7810:7811   */\n      0x00\n        /* \"@openzeppelin/contracts/token/ERC20/ERC20.sol\":7791:7812   */\n      0xffffffffffffffffffffffffffffffffffffffff\n      and\n        /* \"@openzeppelin/contracts/token/ERC20/ERC20.sol\":7791:7798   */\n      dup3\n        /* \"@openzeppelin/contracts/token/ERC20/ERC20.sol\":7791:7812   */\n      0xffffffffffffffffffffffffffffffffffffffff\n      and\n      sub\n        /* \"@openzeppelin/contracts/token/ERC20/ERC20.sol\":7787:7878   */\n      tag_153\n      jumpi\n        /* \"@openzeppelin/contracts/token/ERC20/ERC20.sol\":7864:7865   */\n      0x00\n        /* \"@openzeppelin/contracts/token/ERC20/ERC20.sol\":7835:7867   */\n      mload(0x40)\n      0xec442f0500000000000000000000000000000000000000000000000000000000\n      dup2\n      mstore\n      0x04\n      add\n      tag_154\n      swap2\n      swap1\n      tag_60\n      jump\t// in\n    tag_154:\n      mload(0x40)\n      dup1\n      swap2\n      sub\n      swap1\n      revert\n        /* \"@openzeppelin/contracts/token/ERC20/ERC20.sol\":7787:7878   */\n    tag_153:\n        /* \"@openzeppelin/contracts/token/ERC20/ERC20.sol\":7887:7922   */\n      tag_155\n        /* \"@openzeppelin/contracts/token/ERC20/ERC20.sol\":7903:7904   */\n      0x00\n        /* \"@openzeppelin/contracts/token/ERC20/ERC20.sol\":7907:7914   */\n      dup4\n        /* \"@openzeppelin/contracts/token/ERC20/ERC20.sol\":7916:7921   */\n      dup4\n        /* \"@openzeppelin/contracts/token/ERC20/ERC20.sol\":7887:7894   */\n      tag_145\n        /* \"@openzeppelin/contracts/token/ERC20/ERC20.sol\":7887:7922   */\n      jump\t// in\n    tag_155:\n        /* \"@openzeppelin/contracts/token/ERC20/ERC20.sol\":7721:7929   */\n      pop\n      pop\n      jump\t// out\n        /* \"@openzeppelin/contracts/token/ERC20/ERC20.sol\":8247:8453   */\n    tag_104:\n        /* \"@openzeppelin/contracts/token/ERC20/ERC20.sol\":8336:8337   */\n      0x00\n        /* \"@openzeppelin/contracts/token/ERC20/ERC20.sol\":8317:8338   */\n      0xffffffffffffffffffffffffffffffffffffffff\n      and\n        /* \"@openzeppelin/contracts/token/ERC20/ERC20.sol\":8317:8324   */\n      dup3\n        /* \"@openzeppelin/contracts/token/ERC20/ERC20.sol\":8317:8338   */\n      0xffffffffffffffffffffffffffffffffffffffff\n      and\n      sub\n        /* \"@openzeppelin/contracts/token/ERC20/ERC20.sol\":8313:8402   */\n      tag_157\n      jumpi\n        /* \"@openzeppelin/contracts/token/ERC20/ERC20.sol\":8388:8389   */\n      0x00\n        /* \"@openzeppelin/contracts/token/ERC20/ERC20.sol\":8361:8391   */\n      mload(0x40)\n      0x96c6fd1e00000000000000000000000000000000000000000000000000000000\n      dup2\n      mstore\n      0x04\n      add\n      tag_158\n      swap2\n      swap1\n      tag_60\n      jump\t// in\n    tag_158:\n      mload(0x40)\n      dup1\n      swap2\n      sub\n      swap1\n      revert\n        /* \"@openzeppelin/contracts/token/ERC20/ERC20.sol\":8313:8402   */\n    tag_157:\n        /* \"@openzeppelin/contracts/token/ERC20/ERC20.sol\":8411:8446   */\n      tag_159\n        /* \"@openzeppelin/contracts/token/ERC20/ERC20.sol\":8419:8426   */\n      dup3\n        /* \"@openzeppelin/contracts/token/ERC20/ERC20.sol\":8436:8437   */\n      0x00\n        /* \"@openzeppelin/contracts/token/ERC20/ERC20.sol\":8440:8445   */\n      dup4\n        /* \"@openzeppelin/contracts/token/ERC20/ERC20.sol\":8411:8418   */\n      tag_145\n        /* \"@openzeppelin/contracts/token/ERC20/ERC20.sol\":8411:8446   */\n      jump\t// in\n    tag_159:\n        /* \"@openzeppelin/contracts/token/ERC20/ERC20.sol\":8247:8453   */\n      pop\n      pop\n      jump\t// out\n        /* \"@openzeppelin/contracts/access/Ownable.sol\":2912:3099   */\n    tag_110:\n        /* \"@openzeppelin/contracts/access/Ownable.sol\":2985:3001   */\n      0x00\n        /* \"@openzeppelin/contracts/access/Ownable.sol\":3004:3010   */\n      0x05\n      0x00\n      swap1\n      sload\n      swap1\n      0x0100\n      exp\n      swap1\n      div\n      0xffffffffffffffffffffffffffffffffffffffff\n      and\n        /* \"@openzeppelin/contracts/access/Ownable.sol\":2985:3010   */\n      swap1\n      pop\n        /* \"@openzeppelin/contracts/access/Ownable.sol\":3029:3037   */\n      dup2\n        /* \"@openzeppelin/contracts/access/Ownable.sol\":3020:3026   */\n      0x05\n      0x00\n        /* \"@openzeppelin/contracts/access/Ownable.sol\":3020:3037   */\n      0x0100\n      exp\n      dup2\n      sload\n      dup2\n      0xffffffffffffffffffffffffffffffffffffffff\n      mul\n      not\n      and\n      swap1\n      dup4\n      0xffffffffffffffffffffffffffffffffffffffff\n      and\n      mul\n      or\n      swap1\n      sstore\n      pop\n        /* \"@openzeppelin/contracts/access/Ownable.sol\":3083:3091   */\n      dup2\n        /* \"@openzeppelin/contracts/access/Ownable.sol\":3052:3092   */\n      0xffffffffffffffffffffffffffffffffffffffff\n      and\n        /* \"@openzeppelin/contracts/access/Ownable.sol\":3073:3081   */\n      dup2\n        /* \"@openzeppelin/contracts/access/Ownable.sol\":3052:3092   */\n      0xffffffffffffffffffffffffffffffffffffffff\n      and\n      0x8be0079c531659141344cd1fd0a4f28419497f9722a3daafe3b4186f6b6457e0\n      mload(0x40)\n      mload(0x40)\n      dup1\n      swap2\n      sub\n      swap1\n      log3\n        /* \"@openzeppelin/contracts/access/Ownable.sol\":2975:3099   */\n      pop\n        /* \"@openzeppelin/contracts/access/Ownable.sol\":2912:3099   */\n      pop\n      jump\t// out\n        /* \"@openzeppelin/contracts/token/ERC20/ERC20.sol\":9949:10381   */\n    tag_131:\n        /* \"@openzeppelin/contracts/token/ERC20/ERC20.sol\":10078:10079   */\n      0x00\n        /* \"@openzeppelin/contracts/token/ERC20/ERC20.sol\":10061:10080   */\n      0xffffffffffffffffffffffffffffffffffffffff\n      and\n        /* \"@openzeppelin/contracts/token/ERC20/ERC20.sol\":10061:10066   */\n      dup5\n        /* \"@openzeppelin/contracts/token/ERC20/ERC20.sol\":10061:10080   */\n      0xffffffffffffffffffffffffffffffffffffffff\n      and\n      sub\n        /* \"@openzeppelin/contracts/token/ERC20/ERC20.sol\":10057:10146   */\n      tag_162\n      jumpi\n        /* \"@openzeppelin/contracts/token/ERC20/ERC20.sol\":10132:10133   */\n      0x00\n        /* \"@openzeppelin/contracts/token/ERC20/ERC20.sol\":10103:10135   */\n      mload(0x40)\n      0xe602df0500000000000000000000000000000000000000000000000000000000\n      dup2\n      mstore\n      0x04\n      add\n      tag_163\n      swap2\n      swap1\n      tag_60\n      jump\t// in\n    tag_163:\n      mload(0x40)\n      dup1\n      swap2\n      sub\n      swap1\n      revert\n        /* \"@openzeppelin/contracts/token/ERC20/ERC20.sol\":10057:10146   */\n    tag_162:\n        /* \"@openzeppelin/contracts/token/ERC20/ERC20.sol\":10178:10179   */\n      0x00\n        /* \"@openzeppelin/contracts/token/ERC20/ERC20.sol\":10159:10180   */\n      0xffffffffffffffffffffffffffffffffffffffff\n      and\n        /* \"@openzeppelin/contracts/token/ERC20/ERC20.sol\":10159:10166   */\n      dup4\n        /* \"@openzeppelin/contracts/token/ERC20/ERC20.sol\":10159:10180   */\n      0xffffffffffffffffffffffffffffffffffffffff\n      and\n      sub\n        /* \"@openzeppelin/contracts/token/ERC20/ERC20.sol\":10155:10245   */\n      tag_164\n      jumpi\n        /* \"@openzeppelin/contracts/token/ERC20/ERC20.sol\":10231:10232   */\n      0x00\n        /* \"@openzeppelin/contracts/token/ERC20/ERC20.sol\":10203:10234   */\n      mload(0x40)\n      0x94280d6200000000000000000000000000000000000000000000000000000000\n      dup2\n      mstore\n      0x04\n      add\n      tag_165\n      swap2\n      swap1\n      tag_60\n      jump\t// in\n    tag_165:\n      mload(0x40)\n      dup1\n      swap2\n      sub\n      swap1\n      revert\n        /* \"@openzeppelin/contracts/token/ERC20/ERC20.sol\":10155:10245   */\n    tag_164:\n        /* \"@openzeppelin/contracts/token/ERC20/ERC20.sol\":10284:10289   */\n      dup2\n        /* \"@openzeppelin/contracts/token/ERC20/ERC20.sol\":10254:10265   */\n      0x01\n        /* \"@openzeppelin/contracts/token/ERC20/ERC20.sol\":10254:10272   */\n      0x00\n        /* \"@openzeppelin/contracts/token/ERC20/ERC20.sol\":10266:10271   */\n      dup7\n        /* \"@openzeppelin/contracts/token/ERC20/ERC20.sol\":10254:10272   */\n      0xffffffffffffffffffffffffffffffffffffffff\n      and\n      0xffffffffffffffffffffffffffffffffffffffff\n      and\n      dup2\n      mstore\n      0x20\n      add\n      swap1\n      dup2\n      mstore\n      0x20\n      add\n      0x00\n      keccak256\n        /* \"@openzeppelin/contracts/token/ERC20/ERC20.sol\":10254:10281   */\n      0x00\n        /* \"@openzeppelin/contracts/token/ERC20/ERC20.sol\":10273:10280   */\n      dup6\n        /* \"@openzeppelin/contracts/token/ERC20/ERC20.sol\":10254:10281   */\n      0xffffffffffffffffffffffffffffffffffffffff\n      and\n      0xffffffffffffffffffffffffffffffffffffffff\n      and\n      dup2\n      mstore\n      0x20\n      add\n      swap1\n      dup2\n      mstore\n      0x20\n      add\n      0x00\n      keccak256\n        /* \"@openzeppelin/contracts/token/ERC20/ERC20.sol\":10254:10289   */\n      dup2\n      swap1\n      sstore\n      pop\n        /* \"@openzeppelin/contracts/token/ERC20/ERC20.sol\":10303:10312   */\n      dup1\n        /* \"@openzeppelin/contracts/token/ERC20/ERC20.sol\":10299:10375   */\n      iszero\n      tag_166\n      jumpi\n        /* \"@openzeppelin/contracts/token/ERC20/ERC20.sol\":10349:10356   */\n      dup3\n        /* \"@openzeppelin/contracts/token/ERC20/ERC20.sol\":10333:10364   */\n      0xffffffffffffffffffffffffffffffffffffffff\n      and\n        /* \"@openzeppelin/contracts/token/ERC20/ERC20.sol\":10342:10347   */\n      dup5\n        /* \"@openzeppelin/contracts/token/ERC20/ERC20.sol\":10333:10364   */\n      0xffffffffffffffffffffffffffffffffffffffff\n      and\n      0x8c5be1e5ebec7d5bd14f71427d1e84f3dd0314c0f7b2291e5b200ac8c7c3b925\n        /* \"@openzeppelin/contracts/token/ERC20/ERC20.sol\":10358:10363   */\n      dup5\n        /* \"@openzeppelin/contracts/token/ERC20/ERC20.sol\":10333:10364   */\n      mload(0x40)\n      tag_167\n      swap2\n      swap1\n      tag_33\n      jump\t// in\n    tag_167:\n      mload(0x40)\n      dup1\n      swap2\n      sub\n      swap1\n      log3\n        /* \"@openzeppelin/contracts/token/ERC20/ERC20.sol\":10299:10375   */\n    tag_166:\n        /* \"@openzeppelin/contracts/token/ERC20/ERC20.sol\":9949:10381   */\n      pop\n      pop\n      pop\n      pop\n      jump\t// out\n        /* \"@openzeppelin/contracts/token/ERC20/ERC20.sol\":6271:7378   */\n    tag_145:\n        /* \"@openzeppelin/contracts/token/ERC20/ERC20.sol\":6376:6377   */\n      0x00\n        /* \"@openzeppelin/contracts/token/ERC20/ERC20.sol\":6360:6378   */\n      0xffffffffffffffffffffffffffffffffffffffff\n      and\n        /* \"@openzeppelin/contracts/token/ERC20/ERC20.sol\":6360:6364   */\n      dup4\n        /* \"@openzeppelin/contracts/token/ERC20/ERC20.sol\":6360:6378   */\n      0xffffffffffffffffffffffffffffffffffffffff\n      and\n      sub\n        /* \"@openzeppelin/contracts/token/ERC20/ERC20.sol\":6356:6896   */\n      tag_169\n      jumpi\n        /* \"@openzeppelin/contracts/token/ERC20/ERC20.sol\":6512:6517   */\n      dup1\n        /* \"@openzeppelin/contracts/token/ERC20/ERC20.sol\":6496:6508   */\n      0x02\n      0x00\n        /* \"@openzeppelin/contracts/token/ERC20/ERC20.sol\":6496:6517   */\n      dup3\n      dup3\n      sload\n      tag_170\n      swap2\n      swap1\n      tag_171\n      jump\t// in\n    tag_170:\n      swap3\n      pop\n      pop\n      dup2\n      swap1\n      sstore\n      pop\n        /* \"@openzeppelin/contracts/token/ERC20/ERC20.sol\":6356:6896   */\n      jump(tag_172)\n    tag_169:\n        /* \"@openzeppelin/contracts/token/ERC20/ERC20.sol\":6548:6567   */\n      0x00\n        /* \"@openzeppelin/contracts/token/ERC20/ERC20.sol\":6570:6579   */\n      0x00\n        /* \"@openzeppelin/contracts/token/ERC20/ERC20.sol\":6570:6585   */\n      0x00\n        /* \"@openzeppelin/contracts/token/ERC20/ERC20.sol\":6580:6584   */\n      dup6\n        /* \"@openzeppelin/contracts/token/ERC20/ERC20.sol\":6570:6585   */\n      0xffffffffffffffffffffffffffffffffffffffff\n      and\n      0xffffffffffffffffffffffffffffffffffffffff\n      and\n      dup2\n      mstore\n      0x20\n      add\n      swap1\n      dup2\n      mstore\n      0x20\n      add\n      0x00\n      keccak256\n      sload\n        /* \"@openzeppelin/contracts/token/ERC20/ERC20.sol\":6548:6585   */\n      swap1\n      pop\n        /* \"@openzeppelin/contracts/token/ERC20/ERC20.sol\":6617:6622   */\n      dup2\n        /* \"@openzeppelin/contracts/token/ERC20/ERC20.sol\":6603:6614   */\n      dup2\n        /* \"@openzeppelin/contracts/token/ERC20/ERC20.sol\":6603:6622   */\n      lt\n        /* \"@openzeppelin/contracts/token/ERC20/ERC20.sol\":6599:6714   */\n      iszero\n      tag_173\n      jumpi\n        /* \"@openzeppelin/contracts/token/ERC20/ERC20.sol\":6674:6678   */\n      dup4\n        /* \"@openzeppelin/contracts/token/ERC20/ERC20.sol\":6680:6691   */\n      dup2\n        /* \"@openzeppelin/contracts/token/ERC20/ERC20.sol\":6693:6698   */\n      dup4\n        /* \"@openzeppelin/contracts/token/ERC20/ERC20.sol\":6649:6699   */\n      mload(0x40)\n      0xe450d38c00000000000000000000000000000000000000000000000000000000\n      dup2\n      mstore\n      0x04\n      add\n      tag_174\n      swap4\n      swap3\n      swap2\n      swap1\n      tag_137\n      jump\t// in\n    tag_174:\n      mload(0x40)\n      dup1\n      swap2\n      sub\n      swap1\n      revert\n        /* \"@openzeppelin/contracts/token/ERC20/ERC20.sol\":6599:6714   */\n    tag_173:\n        /* \"@openzeppelin/contracts/token/ERC20/ERC20.sol\":6866:6871   */\n      dup2\n        /* \"@openzeppelin/contracts/token/ERC20/ERC20.sol\":6852:6863   */\n      dup2\n        /* \"@openzeppelin/contracts/token/ERC20/ERC20.sol\":6852:6871   */\n      sub\n        /* \"@openzeppelin/contracts/token/ERC20/ERC20.sol\":6834:6843   */\n      0x00\n        /* \"@openzeppelin/contracts/token/ERC20/ERC20.sol\":6834:6849   */\n      0x00\n        /* \"@openzeppelin/contracts/token/ERC20/ERC20.sol\":6844:6848   */\n      dup7\n        /* \"@openzeppelin/contracts/token/ERC20/ERC20.sol\":6834:6849   */\n      0xffffffffffffffffffffffffffffffffffffffff\n      and\n      0xffffffffffffffffffffffffffffffffffffffff\n      and\n      dup2\n      mstore\n      0x20\n      add\n      swap1\n      dup2\n      mstore\n      0x20\n      add\n      0x00\n      keccak256\n        /* \"@openzeppelin/contracts/token/ERC20/ERC20.sol\":6834:6871   */\n      dup2\n      swap1\n      sstore\n      pop\n        /* \"@openzeppelin/contracts/token/ERC20/ERC20.sol\":6534:6896   */\n      pop\n        /* \"@openzeppelin/contracts/token/ERC20/ERC20.sol\":6356:6896   */\n    tag_172:\n        /* \"@openzeppelin/contracts/token/ERC20/ERC20.sol\":6924:6925   */\n      0x00\n        /* \"@openzeppelin/contracts/token/ERC20/ERC20.sol\":6910:6926   */\n      0xffffffffffffffffffffffffffffffffffffffff\n      and\n        /* \"@openzeppelin/contracts/token/ERC20/ERC20.sol\":6910:6912   */\n      dup3\n        /* \"@openzeppelin/contracts/token/ERC20/ERC20.sol\":6910:6926   */\n      0xffffffffffffffffffffffffffffffffffffffff\n      and\n      sub\n        /* \"@openzeppelin/contracts/token/ERC20/ERC20.sol\":6906:7331   */\n      tag_175\n      jumpi\n        /* \"@openzeppelin/contracts/token/ERC20/ERC20.sol\":7089:7094   */\n      dup1\n        /* \"@openzeppelin/contracts/token/ERC20/ERC20.sol\":7073:7085   */\n      0x02\n      0x00\n        /* \"@openzeppelin/contracts/token/ERC20/ERC20.sol\":7073:7094   */\n      dup3\n      dup3\n      sload\n      sub\n      swap3\n      pop\n      pop\n      dup2\n      swap1\n      sstore\n      pop\n        /* \"@openzeppelin/contracts/token/ERC20/ERC20.sol\":6906:7331   */\n      jump(tag_176)\n    tag_175:\n        /* \"@openzeppelin/contracts/token/ERC20/ERC20.sol\":7301:7306   */\n      dup1\n        /* \"@openzeppelin/contracts/token/ERC20/ERC20.sol\":7284:7293   */\n      0x00\n        /* \"@openzeppelin/contracts/token/ERC20/ERC20.sol\":7284:7297   */\n      0x00\n        /* \"@openzeppelin/contracts/token/ERC20/ERC20.sol\":7294:7296   */\n      dup5\n        /* \"@openzeppelin/contracts/token/ERC20/ERC20.sol\":7284:7297   */\n      0xffffffffffffffffffffffffffffffffffffffff\n      and\n      0xffffffffffffffffffffffffffffffffffffffff\n      and\n      dup2\n      mstore\n      0x20\n      add\n      swap1\n      dup2\n      mstore\n      0x20\n      add\n      0x00\n      keccak256\n      0x00\n        /* \"@openzeppelin/contracts/token/ERC20/ERC20.sol\":7284:7306   */\n      dup3\n      dup3\n      sload\n      add\n      swap3\n      pop\n      pop\n      dup2\n      swap1\n      sstore\n      pop\n        /* \"@openzeppelin/contracts/token/ERC20/ERC20.sol\":6906:7331   */\n    tag_176:\n        /* \"@openzeppelin/contracts/token/ERC20/ERC20.sol\":7361:7363   */\n      dup2\n        /* \"@openzeppelin/contracts/token/ERC20/ERC20.sol\":7346:7371   */\n      0xffffffffffffffffffffffffffffffffffffffff\n      and\n        /* \"@openzeppelin/contracts/token/ERC20/ERC20.sol\":7355:7359   */\n      dup4\n        /* \"@openzeppelin/contracts/token/ERC20/ERC20.sol\":7346:7371   */\n      0xffffffffffffffffffffffffffffffffffffffff\n      and\n      0xddf252ad1be2c89b69c2b068fc378daa952ba7f163c4a11628f55a4df523b3ef\n        /* \"@openzeppelin/contracts/token/ERC20/ERC20.sol\":7365:7370   */\n      dup4\n        /* \"@openzeppelin/contracts/token/ERC20/ERC20.sol\":7346:7371   */\n      mload(0x40)\n      tag_177\n      swap2\n      swap1\n      tag_33\n      jump\t// in\n    tag_177:\n      mload(0x40)\n      dup1\n      swap2\n      sub\n      swap1\n      log3\n        /* \"@openzeppelin/contracts/token/ERC20/ERC20.sol\":6271:7378   */\n      pop\n      pop\n      pop\n      jump\t// out\n        /* \"#utility.yul\":7:106   */\n    tag_178:\n        /* \"#utility.yul\":59:65   */\n      0x00\n        /* \"#utility.yul\":93:98   */\n      dup2\n        /* \"#utility.yul\":87:99   */\n      mload\n        /* \"#utility.yul\":77:99   */\n      swap1\n      pop\n        /* \"#utility.yul\":7:106   */\n      swap2\n      swap1\n      pop\n      jump\t// out\n        /* \"#utility.yul\":112:281   */\n    tag_179:\n        /* \"#utility.yul\":196:207   */\n      0x00\n        /* \"#utility.yul\":230:236   */\n      dup3\n        /* \"#utility.yul\":225:228   */\n      dup3\n        /* \"#utility.yul\":218:237   */\n      mstore\n        /* \"#utility.yul\":270:274   */\n      0x20\n        /* \"#utility.yul\":265:268   */\n      dup3\n        /* \"#utility.yul\":261:275   */\n      add\n        /* \"#utility.yul\":246:275   */\n      swap1\n      pop\n        /* \"#utility.yul\":112:281   */\n      swap3\n      swap2\n      pop\n      pop\n      jump\t// out\n        /* \"#utility.yul\":287:426   */\n    tag_180:\n        /* \"#utility.yul\":376:382   */\n      dup3\n        /* \"#utility.yul\":371:374   */\n      dup2\n        /* \"#utility.yul\":366:369   */\n      dup4\n        /* \"#utility.yul\":360:383   */\n      mcopy\n        /* \"#utility.yul\":417:418   */\n      0x00\n        /* \"#utility.yul\":408:414   */\n      dup4\n        /* \"#utility.yul\":403:406   */\n      dup4\n        /* \"#utility.yul\":399:415   */\n      add\n        /* \"#utility.yul\":392:419   */\n      mstore\n        /* \"#utility.yul\":287:426   */\n      pop\n      pop\n      pop\n      jump\t// out\n        /* \"#utility.yul\":432:534   */\n    tag_181:\n        /* \"#utility.yul\":473:479   */\n      0x00\n        /* \"#utility.yul\":524:526   */\n      0x1f\n        /* \"#utility.yul\":520:527   */\n      not\n        /* \"#utility.yul\":515:517   */\n      0x1f\n        /* \"#utility.yul\":508:513   */\n      dup4\n        /* \"#utility.yul\":504:518   */\n      add\n        /* \"#utility.yul\":500:528   */\n      and\n        /* \"#utility.yul\":490:528   */\n      swap1\n      pop\n        /* \"#utility.yul\":432:534   */\n      swap2\n      swap1\n      pop\n      jump\t// out\n        /* \"#utility.yul\":540:917   */\n    tag_182:\n        /* \"#utility.yul\":628:631   */\n      0x00\n        /* \"#utility.yul\":656:695   */\n      tag_207\n        /* \"#utility.yul\":689:694   */\n      dup3\n        /* \"#utility.yul\":656:695   */\n      tag_178\n      jump\t// in\n    tag_207:\n        /* \"#utility.yul\":711:782   */\n      tag_208\n        /* \"#utility.yul\":775:781   */\n      dup2\n        /* \"#utility.yul\":770:773   */\n      dup6\n        /* \"#utility.yul\":711:782   */\n      tag_179\n      jump\t// in\n    tag_208:\n        /* \"#utility.yul\":704:782   */\n      swap4\n      pop\n        /* \"#utility.yul\":791:856   */\n      tag_209\n        /* \"#utility.yul\":849:855   */\n      dup2\n        /* \"#utility.yul\":844:847   */\n      dup6\n        /* \"#utility.yul\":837:841   */\n      0x20\n        /* \"#utility.yul\":830:835   */\n      dup7\n        /* \"#utility.yul\":826:842   */\n      add\n        /* \"#utility.yul\":791:856   */\n      tag_180\n      jump\t// in\n    tag_209:\n        /* \"#utility.yul\":881:910   */\n      tag_210\n        /* \"#utility.yul\":903:909   */\n      dup2\n        /* \"#utility.yul\":881:910   */\n      tag_181\n      jump\t// in\n    tag_210:\n        /* \"#utility.yul\":876:879   */\n      dup5\n        /* \"#utility.yul\":872:911   */\n      add\n        /* \"#utility.yul\":865:911   */\n      swap2\n      pop\n        /* \"#utility.yul\":632:917   */\n      pop\n        /* \"#utility.yul\":540:917   */\n      swap3\n      swap2\n      pop\n      pop\n      jump\t// out\n        /* \"#utility.yul\":923:1236   */\n    tag_23:\n        /* \"#utility.yul\":1036:1040   */\n      0x00\n        /* \"#utility.yul\":1074:1076   */\n      0x20\n        /* \"#utility.yul\":1063:1072   */\n      dup3\n        /* \"#utility.yul\":1059:1077   */\n      add\n        /* \"#utility.yul\":1051:1077   */\n      swap1\n      pop\n        /* \"#utility.yul\":1123:1132   */\n      dup2\n        /* \"#utility.yul\":1117:1121   */\n      dup2\n        /* \"#utility.yul\":1113:1133   */\n      sub\n        /* \"#utility.yul\":1109:1110   */\n      0x00\n        /* \"#utility.yul\":1098:1107   */\n      dup4\n        /* \"#utility.yul\":1094:1111   */\n      add\n        /* \"#utility.yul\":1087:1134   */\n      mstore\n        /* \"#utility.yul\":1151:1229   */\n      tag_212\n        /* \"#utility.yul\":1224:1228   */\n      dup2\n        /* \"#utility.yul\":1215:1221   */\n      dup5\n        /* \"#utility.yul\":1151:1229   */\n      tag_182\n      jump\t// in\n    tag_212:\n        /* \"#utility.yul\":1143:1229   */\n      swap1\n      pop\n        /* \"#utility.yul\":923:1236   */\n      swap3\n      swap2\n      pop\n      pop\n      jump\t// out\n        /* \"#utility.yul\":1323:1440   */\n    tag_184:\n        /* \"#utility.yul\":1432:1433   */\n      0x00\n        /* \"#utility.yul\":1429:1430   */\n      0x00\n        /* \"#utility.yul\":1422:1434   */\n      revert\n        /* \"#utility.yul\":1569:1695   */\n    tag_186:\n        /* \"#utility.yul\":1606:1613   */\n      0x00\n        /* \"#utility.yul\":1646:1688   */\n      0xffffffffffffffffffffffffffffffffffffffff\n        /* \"#utility.yul\":1639:1644   */\n      dup3\n        /* \"#utility.yul\":1635:1689   */\n      and\n        /* \"#utility.yul\":1624:1689   */\n      swap1\n      pop\n        /* \"#utility.yul\":1569:1695   */\n      swap2\n      swap1\n      pop\n      jump\t// out\n        /* \"#utility.yul\":1701:1797   */\n    tag_187:\n        /* \"#utility.yul\":1738:1745   */\n      0x00\n        /* \"#utility.yul\":1767:1791   */\n      tag_218\n        /* \"#utility.yul\":1785:1790   */\n      dup3\n        /* \"#utility.yul\":1767:1791   */\n      tag_186\n      jump\t// in\n    tag_218:\n        /* \"#utility.yul\":1756:1791   */\n      swap1\n      pop\n        /* \"#utility.yul\":1701:1797   */\n      swap2\n      swap1\n      pop\n      jump\t// out\n        /* \"#utility.yul\":1803:1925   */\n    tag_188:\n        /* \"#utility.yul\":1876:1900   */\n      tag_220\n        /* \"#utility.yul\":1894:1899   */\n      dup2\n        /* \"#utility.yul\":1876:1900   */\n      tag_187\n      jump\t// in\n    tag_220:\n        /* \"#utility.yul\":1869:1874   */\n      dup2\n        /* \"#utility.yul\":1866:1901   */\n      eq\n        /* \"#utility.yul\":1856:1919   */\n      tag_221\n      jumpi\n        /* \"#utility.yul\":1915:1916   */\n      0x00\n        /* \"#utility.yul\":1912:1913   */\n      0x00\n        /* \"#utility.yul\":1905:1917   */\n      revert\n        /* \"#utility.yul\":1856:1919   */\n    tag_221:\n        /* \"#utility.yul\":1803:1925   */\n      pop\n      jump\t// out\n        /* \"#utility.yul\":1931:2070   */\n    tag_189:\n        /* \"#utility.yul\":1977:1982   */\n      0x00\n        /* \"#utility.yul\":2015:2021   */\n      dup2\n        /* \"#utility.yul\":2002:2022   */\n      calldataload\n        /* \"#utility.yul\":1993:2022   */\n      swap1\n      pop\n        /* \"#utility.yul\":2031:2064   */\n      tag_223\n        /* \"#utility.yul\":2058:2063   */\n      dup2\n        /* \"#utility.yul\":2031:2064   */\n      tag_188\n      jump\t// in\n    tag_223:\n        /* \"#utility.yul\":1931:2070   */\n      swap3\n      swap2\n      pop\n      pop\n      jump\t// out\n        /* \"#utility.yul\":2076:2153   */\n    tag_190:\n        /* \"#utility.yul\":2113:2120   */\n      0x00\n        /* \"#utility.yul\":2142:2147   */\n      dup2\n        /* \"#utility.yul\":2131:2147   */\n      swap1\n      pop\n        /* \"#utility.yul\":2076:2153   */\n      swap2\n      swap1\n      pop\n      jump\t// out\n        /* \"#utility.yul\":2159:2281   */\n    tag_191:\n        /* \"#utility.yul\":2232:2256   */\n      tag_226\n        /* \"#utility.yul\":2250:2255   */\n      dup2\n        /* \"#utility.yul\":2232:2256   */\n      tag_190\n      jump\t// in\n    tag_226:\n        /* \"#utility.yul\":2225:2230   */\n      dup2\n        /* \"#utility.yul\":2222:2257   */\n      eq\n        /* \"#utility.yul\":2212:2275   */\n      tag_227\n      jumpi\n        /* \"#utility.yul\":2271:2272   */\n      0x00\n        /* \"#utility.yul\":2268:2269   */\n      0x00\n        /* \"#utility.yul\":2261:2273   */\n      revert\n        /* \"#utility.yul\":2212:2275   */\n    tag_227:\n        /* \"#utility.yul\":2159:2281   */\n      pop\n      jump\t// out\n        /* \"#utility.yul\":2287:2426   */\n    tag_192:\n        /* \"#utility.yul\":2333:2338   */\n      0x00\n        /* \"#utility.yul\":2371:2377   */\n      dup2\n        /* \"#utility.yul\":2358:2378   */\n      calldataload\n        /* \"#utility.yul\":2349:2378   */\n      swap1\n      pop\n        /* \"#utility.yul\":2387:2420   */\n      tag_229\n        /* \"#utility.yul\":2414:2419   */\n      dup2\n        /* \"#utility.yul\":2387:2420   */\n      tag_191\n      jump\t// in\n    tag_229:\n        /* \"#utility.yul\":2287:2426   */\n      swap3\n      swap2\n      pop\n      pop\n      jump\t// out\n        /* \"#utility.yul\":2432:2906   */\n    tag_26:\n        /* \"#utility.yul\":2500:2506   */\n      0x00\n        /* \"#utility.yul\":2508:2514   */\n      0x00\n        /* \"#utility.yul\":2557:2559   */\n      0x40\n        /* \"#utility.yul\":2545:2554   */\n      dup4\n        /* \"#utility.yul\":2536:2543   */\n      dup6\n        /* \"#utility.yul\":2532:2555   */\n      sub\n        /* \"#utility.yul\":2528:2560   */\n      slt\n        /* \"#utility.yul\":2525:2644   */\n      iszero\n      tag_231\n      jumpi\n        /* \"#utility.yul\":2563:2642   */\n      tag_232\n      tag_184\n      jump\t// in\n    tag_232:\n        /* \"#utility.yul\":2525:2644   */\n    tag_231:\n        /* \"#utility.yul\":2683:2684   */\n      0x00\n        /* \"#utility.yul\":2708:2761   */\n      tag_233\n        /* \"#utility.yul\":2753:2760   */\n      dup6\n        /* \"#utility.yul\":2744:2750   */\n      dup3\n        /* \"#utility.yul\":2733:2742   */\n      dup7\n        /* \"#utility.yul\":2729:2751   */\n      add\n        /* \"#utility.yul\":2708:2761   */\n      tag_189\n      jump\t// in\n    tag_233:\n        /* \"#utility.yul\":2698:2761   */\n      swap3\n      pop\n        /* \"#utility.yul\":2654:2771   */\n      pop\n        /* \"#utility.yul\":2810:2812   */\n      0x20\n        /* \"#utility.yul\":2836:2889   */\n      tag_234\n        /* \"#utility.yul\":2881:2888   */\n      dup6\n        /* \"#utility.yul\":2872:2878   */\n      dup3\n        /* \"#utility.yul\":2861:2870   */\n      dup7\n        /* \"#utility.yul\":2857:2879   */\n      add\n        /* \"#utility.yul\":2836:2889   */\n      tag_192\n      jump\t// in\n    tag_234:\n        /* \"#utility.yul\":2826:2889   */\n      swap2\n      pop\n        /* \"#utility.yul\":2781:2899   */\n      pop\n        /* \"#utility.yul\":2432:2906   */\n      swap3\n      pop\n      swap3\n      swap1\n      pop\n      jump\t// out\n        /* \"#utility.yul\":2912:3002   */\n    tag_193:\n        /* \"#utility.yul\":2946:2953   */\n      0x00\n        /* \"#utility.yul\":2989:2994   */\n      dup2\n        /* \"#utility.yul\":2982:2995   */\n      iszero\n        /* \"#utility.yul\":2975:2996   */\n      iszero\n        /* \"#utility.yul\":2964:2996   */\n      swap1\n      pop\n        /* \"#utility.yul\":2912:3002   */\n      swap2\n      swap1\n      pop\n      jump\t// out\n        /* \"#utility.yul\":3008:3117   */\n    tag_194:\n        /* \"#utility.yul\":3089:3110   */\n      tag_237\n        /* \"#utility.yul\":3104:3109   */\n      dup2\n        /* \"#utility.yul\":3089:3110   */\n      tag_193\n      jump\t// in\n    tag_237:\n        /* \"#utility.yul\":3084:3087   */\n      dup3\n        /* \"#utility.yul\":3077:3111   */\n      mstore\n        /* \"#utility.yul\":3008:3117   */\n      pop\n      pop\n      jump\t// out\n        /* \"#utility.yul\":3123:3333   */\n    tag_29:\n        /* \"#utility.yul\":3210:3214   */\n      0x00\n        /* \"#utility.yul\":3248:3250   */\n      0x20\n        /* \"#utility.yul\":3237:3246   */\n      dup3\n        /* \"#utility.yul\":3233:3251   */\n      add\n        /* \"#utility.yul\":3225:3251   */\n      swap1\n      pop\n        /* \"#utility.yul\":3261:3326   */\n      tag_239\n        /* \"#utility.yul\":3323:3324   */\n      0x00\n        /* \"#utility.yul\":3312:3321   */\n      dup4\n        /* \"#utility.yul\":3308:3325   */\n      add\n        /* \"#utility.yul\":3299:3305   */\n      dup5\n        /* \"#utility.yul\":3261:3326   */\n      tag_194\n      jump\t// in\n    tag_239:\n        /* \"#utility.yul\":3123:3333   */\n      swap3\n      swap2\n      pop\n      pop\n      jump\t// out\n        /* \"#utility.yul\":3339:3457   */\n    tag_195:\n        /* \"#utility.yul\":3426:3450   */\n      tag_241\n        /* \"#utility.yul\":3444:3449   */\n      dup2\n        /* \"#utility.yul\":3426:3450   */\n      tag_190\n      jump\t// in\n    tag_241:\n        /* \"#utility.yul\":3421:3424   */\n      dup3\n        /* \"#utility.yul\":3414:3451   */\n      mstore\n        /* \"#utility.yul\":3339:3457   */\n      pop\n      pop\n      jump\t// out\n        /* \"#utility.yul\":3463:3685   */\n    tag_33:\n        /* \"#utility.yul\":3556:3560   */\n      0x00\n        /* \"#utility.yul\":3594:3596   */\n      0x20\n        /* \"#utility.yul\":3583:3592   */\n      dup3\n        /* \"#utility.yul\":3579:3597   */\n      add\n        /* \"#utility.yul\":3571:3597   */\n      swap1\n      pop\n        /* \"#utility.yul\":3607:3678   */\n      tag_243\n        /* \"#utility.yul\":3675:3676   */\n      0x00\n        /* \"#utility.yul\":3664:3673   */\n      dup4\n        /* \"#utility.yul\":3660:3677   */\n      add\n        /* \"#utility.yul\":3651:3657   */\n      dup5\n        /* \"#utility.yul\":3607:3678   */\n      tag_195\n      jump\t// in\n    tag_243:\n        /* \"#utility.yul\":3463:3685   */\n      swap3\n      swap2\n      pop\n      pop\n      jump\t// out\n        /* \"#utility.yul\":3691:4310   */\n    tag_36:\n        /* \"#utility.yul\":3768:3774   */\n      0x00\n        /* \"#utility.yul\":3776:3782   */\n      0x00\n        /* \"#utility.yul\":3784:3790   */\n      0x00\n        /* \"#utility.yul\":3833:3835   */\n      0x60\n        /* \"#utility.yul\":3821:3830   */\n      dup5\n        /* \"#utility.yul\":3812:3819   */\n      dup7\n        /* \"#utility.yul\":3808:3831   */\n      sub\n        /* \"#utility.yul\":3804:3836   */\n      slt\n        /* \"#utility.yul\":3801:3920   */\n      iszero\n      tag_245\n      jumpi\n        /* \"#utility.yul\":3839:3918   */\n      tag_246\n      tag_184\n      jump\t// in\n    tag_246:\n        /* \"#utility.yul\":3801:3920   */\n    tag_245:\n        /* \"#utility.yul\":3959:3960   */\n      0x00\n        /* \"#utility.yul\":3984:4037   */\n      tag_247\n        /* \"#utility.yul\":4029:4036   */\n      dup7\n        /* \"#utility.yul\":4020:4026   */\n      dup3\n        /* \"#utility.yul\":4009:4018   */\n      dup8\n        /* \"#utility.yul\":4005:4027   */\n      add\n        /* \"#utility.yul\":3984:4037   */\n      tag_189\n      jump\t// in\n    tag_247:\n        /* \"#utility.yul\":3974:4037   */\n      swap4\n      pop\n        /* \"#utility.yul\":3930:4047   */\n      pop\n        /* \"#utility.yul\":4086:4088   */\n      0x20\n        /* \"#utility.yul\":4112:4165   */\n      tag_248\n        /* \"#utility.yul\":4157:4164   */\n      dup7\n        /* \"#utility.yul\":4148:4154   */\n      dup3\n        /* \"#utility.yul\":4137:4146   */\n      dup8\n        /* \"#utility.yul\":4133:4155   */\n      add\n        /* \"#utility.yul\":4112:4165   */\n      tag_189\n      jump\t// in\n    tag_248:\n        /* \"#utility.yul\":4102:4165   */\n      swap3\n      pop\n        /* \"#utility.yul\":4057:4175   */\n      pop\n        /* \"#utility.yul\":4214:4216   */\n      0x40\n        /* \"#utility.yul\":4240:4293   */\n      tag_249\n        /* \"#utility.yul\":4285:4292   */\n      dup7\n        /* \"#utility.yul\":4276:4282   */\n      dup3\n        /* \"#utility.yul\":4265:4274   */\n      dup8\n        /* \"#utility.yul\":4261:4283   */\n      add\n        /* \"#utility.yul\":4240:4293   */\n      tag_192\n      jump\t// in\n    tag_249:\n        /* \"#utility.yul\":4230:4293   */\n      swap2\n      pop\n        /* \"#utility.yul\":4185:4303   */\n      pop\n        /* \"#utility.yul\":3691:4310   */\n      swap3\n      pop\n      swap3\n      pop\n      swap3\n      jump\t// out\n        /* \"#utility.yul\":4316:4402   */\n    tag_196:\n        /* \"#utility.yul\":4351:4358   */\n      0x00\n        /* \"#utility.yul\":4391:4395   */\n      0xff\n        /* \"#utility.yul\":4384:4389   */\n      dup3\n        /* \"#utility.yul\":4380:4396   */\n      and\n        /* \"#utility.yul\":4369:4396   */\n      swap1\n      pop\n        /* \"#utility.yul\":4316:4402   */\n      swap2\n      swap1\n      pop\n      jump\t// out\n        /* \"#utility.yul\":4408:4520   */\n    tag_197:\n        /* \"#utility.yul\":4491:4513   */\n      tag_252\n        /* \"#utility.yul\":4507:4512   */\n      dup2\n        /* \"#utility.yul\":4491:4513   */\n      tag_196\n      jump\t// in\n    tag_252:\n        /* \"#utility.yul\":4486:4489   */\n      dup3\n        /* \"#utility.yul\":4479:4514   */\n      mstore\n        /* \"#utility.yul\":4408:4520   */\n      pop\n      pop\n      jump\t// out\n        /* \"#utility.yul\":4526:4740   */\n    tag_42:\n        /* \"#utility.yul\":4615:4619   */\n      0x00\n        /* \"#utility.yul\":4653:4655   */\n      0x20\n        /* \"#utility.yul\":4642:4651   */\n      dup3\n        /* \"#utility.yul\":4638:4656   */\n      add\n        /* \"#utility.yul\":4630:4656   */\n      swap1\n      pop\n        /* \"#utility.yul\":4666:4733   */\n      tag_254\n        /* \"#utility.yul\":4730:4731   */\n      0x00\n        /* \"#utility.yul\":4719:4728   */\n      dup4\n        /* \"#utility.yul\":4715:4732   */\n      add\n        /* \"#utility.yul\":4706:4712   */\n      dup5\n        /* \"#utility.yul\":4666:4733   */\n      tag_197\n      jump\t// in\n    tag_254:\n        /* \"#utility.yul\":4526:4740   */\n      swap3\n      swap2\n      pop\n      pop\n      jump\t// out\n        /* \"#utility.yul\":4746:5075   */\n    tag_48:\n        /* \"#utility.yul\":4805:4811   */\n      0x00\n        /* \"#utility.yul\":4854:4856   */\n      0x20\n        /* \"#utility.yul\":4842:4851   */\n      dup3\n        /* \"#utility.yul\":4833:4840   */\n      dup5\n        /* \"#utility.yul\":4829:4852   */\n      sub\n        /* \"#utility.yul\":4825:4857   */\n      slt\n        /* \"#utility.yul\":4822:4941   */\n      iszero\n      tag_256\n      jumpi\n        /* \"#utility.yul\":4860:4939   */\n      tag_257\n      tag_184\n      jump\t// in\n    tag_257:\n        /* \"#utility.yul\":4822:4941   */\n    tag_256:\n        /* \"#utility.yul\":4980:4981   */\n      0x00\n        /* \"#utility.yul\":5005:5058   */\n      tag_258\n        /* \"#utility.yul\":5050:5057   */\n      dup5\n        /* \"#utility.yul\":5041:5047   */\n      dup3\n        /* \"#utility.yul\":5030:5039   */\n      dup6\n        /* \"#utility.yul\":5026:5048   */\n      add\n        /* \"#utility.yul\":5005:5058   */\n      tag_192\n      jump\t// in\n    tag_258:\n        /* \"#utility.yul\":4995:5058   */\n      swap2\n      pop\n        /* \"#utility.yul\":4951:5068   */\n      pop\n        /* \"#utility.yul\":4746:5075   */\n      swap3\n      swap2\n      pop\n      pop\n      jump\t// out\n        /* \"#utility.yul\":5081:5410   */\n    tag_52:\n        /* \"#utility.yul\":5140:5146   */\n      0x00\n        /* \"#utility.yul\":5189:5191   */\n      0x20\n        /* \"#utility.yul\":5177:5186   */\n      dup3\n        /* \"#utility.yul\":5168:5175   */\n      dup5\n        /* \"#utility.yul\":5164:5187   */\n      sub\n        /* \"#utility.yul\":5160:5192   */\n      slt\n        /* \"#utility.yul\":5157:5276   */\n      iszero\n      tag_260\n      jumpi\n        /* \"#utility.yul\":5195:5274   */\n      tag_261\n      tag_184\n      jump\t// in\n    tag_261:\n        /* \"#utility.yul\":5157:5276   */\n    tag_260:\n        /* \"#utility.yul\":5315:5316   */\n      0x00\n        /* \"#utility.yul\":5340:5393   */\n      tag_262\n        /* \"#utility.yul\":5385:5392   */\n      dup5\n        /* \"#utility.yul\":5376:5382   */\n      dup3\n        /* \"#utility.yul\":5365:5374   */\n      dup6\n        /* \"#utility.yul\":5361:5383   */\n      add\n        /* \"#utility.yul\":5340:5393   */\n      tag_189\n      jump\t// in\n    tag_262:\n        /* \"#utility.yul\":5330:5393   */\n      swap2\n      pop\n        /* \"#utility.yul\":5286:5403   */\n      pop\n        /* \"#utility.yul\":5081:5410   */\n      swap3\n      swap2\n      pop\n      pop\n      jump\t// out\n        /* \"#utility.yul\":5416:5534   */\n    tag_198:\n        /* \"#utility.yul\":5503:5527   */\n      tag_264\n        /* \"#utility.yul\":5521:5526   */\n      dup2\n        /* \"#utility.yul\":5503:5527   */\n      tag_187\n      jump\t// in\n    tag_264:\n        /* \"#utility.yul\":5498:5501   */\n      dup3\n        /* \"#utility.yul\":5491:5528   */\n      mstore\n        /* \"#utility.yul\":5416:5534   */\n      pop\n      pop\n      jump\t// out\n        /* \"#utility.yul\":5540:5762   */\n    tag_60:\n        /* \"#utility.yul\":5633:5637   */\n      0x00\n        /* \"#utility.yul\":5671:5673   */\n      0x20\n        /* \"#utility.yul\":5660:5669   */\n      dup3\n        /* \"#utility.yul\":5656:5674   */\n      add\n        /* \"#utility.yul\":5648:5674   */\n      swap1\n      pop\n        /* \"#utility.yul\":5684:5755   */\n      tag_266\n        /* \"#utility.yul\":5752:5753   */\n      0x00\n        /* \"#utility.yul\":5741:5750   */\n      dup4\n        /* \"#utility.yul\":5737:5754   */\n      add\n        /* \"#utility.yul\":5728:5734   */\n      dup5\n        /* \"#utility.yul\":5684:5755   */\n      tag_198\n      jump\t// in\n    tag_266:\n        /* \"#utility.yul\":5540:5762   */\n      swap3\n      swap2\n      pop\n      pop\n      jump\t// out\n        /* \"#utility.yul\":5768:6242   */\n    tag_70:\n        /* \"#utility.yul\":5836:5842   */\n      0x00\n        /* \"#utility.yul\":5844:5850   */\n      0x00\n        /* \"#utility.yul\":5893:5895   */\n      0x40\n        /* \"#utility.yul\":5881:5890   */\n      dup4\n        /* \"#utility.yul\":5872:5879   */\n      dup6\n        /* \"#utility.yul\":5868:5891   */\n      sub\n        /* \"#utility.yul\":5864:5896   */\n      slt\n        /* \"#utility.yul\":5861:5980   */\n      iszero\n      tag_268\n      jumpi\n        /* \"#utility.yul\":5899:5978   */\n      tag_269\n      tag_184\n      jump\t// in\n    tag_269:\n        /* \"#utility.yul\":5861:5980   */\n    tag_268:\n        /* \"#utility.yul\":6019:6020   */\n      0x00\n        /* \"#utility.yul\":6044:6097   */\n      tag_270\n        /* \"#utility.yul\":6089:6096   */\n      dup6\n        /* \"#utility.yul\":6080:6086   */\n      dup3\n        /* \"#utility.yul\":6069:6078   */\n      dup7\n        /* \"#utility.yul\":6065:6087   */\n      add\n        /* \"#utility.yul\":6044:6097   */\n      tag_189\n      jump\t// in\n    tag_270:\n        /* \"#utility.yul\":6034:6097   */\n      swap3\n      pop\n        /* \"#utility.yul\":5990:6107   */\n      pop\n        /* \"#utility.yul\":6146:6148   */\n      0x20\n        /* \"#utility.yul\":6172:6225   */\n      tag_271\n        /* \"#utility.yul\":6217:6224   */\n      dup6\n        /* \"#utility.yul\":6208:6214   */\n      dup3\n        /* \"#utility.yul\":6197:6206   */\n      dup7\n        /* \"#utility.yul\":6193:6215   */\n      add\n        /* \"#utility.yul\":6172:6225   */\n      tag_189\n      jump\t// in\n    tag_271:\n        /* \"#utility.yul\":6162:6225   */\n      swap2\n      pop\n        /* \"#utility.yul\":6117:6235   */\n      pop\n        /* \"#utility.yul\":5768:6242   */\n      swap3\n      pop\n      swap3\n      swap1\n      pop\n      jump\t// out\n        /* \"#utility.yul\":6248:6428   */\n    tag_199:\n        /* \"#utility.yul\":6296:6373   */\n      0x4e487b7100000000000000000000000000000000000000000000000000000000\n        /* \"#utility.yul\":6293:6294   */\n      0x00\n        /* \"#utility.yul\":6286:6374   */\n      mstore\n        /* \"#utility.yul\":6393:6397   */\n      0x22\n        /* \"#utility.yul\":6390:6391   */\n      0x04\n        /* \"#utility.yul\":6383:6398   */\n      mstore\n        /* \"#utility.yul\":6417:6421   */\n      0x24\n        /* \"#utility.yul\":6414:6415   */\n      0x00\n        /* \"#utility.yul\":6407:6422   */\n      revert\n        /* \"#utility.yul\":6434:6754   */\n    tag_78:\n        /* \"#utility.yul\":6478:6484   */\n      0x00\n        /* \"#utility.yul\":6515:6516   */\n      0x02\n        /* \"#utility.yul\":6509:6513   */\n      dup3\n        /* \"#utility.yul\":6505:6517   */\n      div\n        /* \"#utility.yul\":6495:6517   */\n      swap1\n      pop\n        /* \"#utility.yul\":6562:6563   */\n      0x01\n        /* \"#utility.yul\":6556:6560   */\n      dup3\n        /* \"#utility.yul\":6552:6564   */\n      and\n        /* \"#utility.yul\":6583:6601   */\n      dup1\n        /* \"#utility.yul\":6573:6654   */\n      tag_274\n      jumpi\n        /* \"#utility.yul\":6639:6643   */\n      0x7f\n        /* \"#utility.yul\":6631:6637   */\n      dup3\n        /* \"#utility.yul\":6627:6644   */\n      and\n        /* \"#utility.yul\":6617:6644   */\n      swap2\n      pop\n        /* \"#utility.yul\":6573:6654   */\n    tag_274:\n        /* \"#utility.yul\":6701:6703   */\n      0x20\n        /* \"#utility.yul\":6693:6699   */\n      dup3\n        /* \"#utility.yul\":6690:6704   */\n      lt\n        /* \"#utility.yul\":6670:6688   */\n      dup2\n        /* \"#utility.yul\":6667:6705   */\n      sub\n        /* \"#utility.yul\":6664:6748   */\n      tag_275\n      jumpi\n        /* \"#utility.yul\":6720:6738   */\n      tag_276\n      tag_199\n      jump\t// in\n    tag_276:\n        /* \"#utility.yul\":6664:6748   */\n    tag_275:\n        /* \"#utility.yul\":6485:6754   */\n      pop\n        /* \"#utility.yul\":6434:6754   */\n      swap2\n      swap1\n      pop\n      jump\t// out\n        /* \"#utility.yul\":6760:7202   */\n    tag_137:\n        /* \"#utility.yul\":6909:6913   */\n      0x00\n        /* \"#utility.yul\":6947:6949   */\n      0x60\n        /* \"#utility.yul\":6936:6945   */\n      dup3\n        /* \"#utility.yul\":6932:6950   */\n      add\n        /* \"#utility.yul\":6924:6950   */\n      swap1\n      pop\n        /* \"#utility.yul\":6960:7031   */\n      tag_278\n        /* \"#utility.yul\":7028:7029   */\n      0x00\n        /* \"#utility.yul\":7017:7026   */\n      dup4\n        /* \"#utility.yul\":7013:7030   */\n      add\n        /* \"#utility.yul\":7004:7010   */\n      dup7\n        /* \"#utility.yul\":6960:7031   */\n      tag_198\n      jump\t// in\n    tag_278:\n        /* \"#utility.yul\":7041:7113   */\n      tag_279\n        /* \"#utility.yul\":7109:7111   */\n      0x20\n        /* \"#utility.yul\":7098:7107   */\n      dup4\n        /* \"#utility.yul\":7094:7112   */\n      add\n        /* \"#utility.yul\":7085:7091   */\n      dup6\n        /* \"#utility.yul\":7041:7113   */\n      tag_195\n      jump\t// in\n    tag_279:\n        /* \"#utility.yul\":7123:7195   */\n      tag_280\n        /* \"#utility.yul\":7191:7193   */\n      0x40\n        /* \"#utility.yul\":7180:7189   */\n      dup4\n        /* \"#utility.yul\":7176:7194   */\n      add\n        /* \"#utility.yul\":7167:7173   */\n      dup5\n        /* \"#utility.yul\":7123:7195   */\n      tag_195\n      jump\t// in\n    tag_280:\n        /* \"#utility.yul\":6760:7202   */\n      swap5\n      swap4\n      pop\n      pop\n      pop\n      pop\n      jump\t// out\n        /* \"#utility.yul\":7208:7388   */\n    tag_200:\n        /* \"#utility.yul\":7256:7333   */\n      0x4e487b7100000000000000000000000000000000000000000000000000000000\n        /* \"#utility.yul\":7253:7254   */\n      0x00\n        /* \"#utility.yul\":7246:7334   */\n      mstore\n        /* \"#utility.yul\":7353:7357   */\n      0x11\n        /* \"#utility.yul\":7350:7351   */\n      0x04\n        /* \"#utility.yul\":7343:7358   */\n      mstore\n        /* \"#utility.yul\":7377:7381   */\n      0x24\n        /* \"#utility.yul\":7374:7375   */\n      0x00\n        /* \"#utility.yul\":7367:7382   */\n      revert\n        /* \"#utility.yul\":7394:7585   */\n    tag_171:\n        /* \"#utility.yul\":7434:7437   */\n      0x00\n        /* \"#utility.yul\":7453:7473   */\n      tag_283\n        /* \"#utility.yul\":7471:7472   */\n      dup3\n        /* \"#utility.yul\":7453:7473   */\n      tag_190\n      jump\t// in\n    tag_283:\n        /* \"#utility.yul\":7448:7473   */\n      swap2\n      pop\n        /* \"#utility.yul\":7487:7507   */\n      tag_284\n        /* \"#utility.yul\":7505:7506   */\n      dup4\n        /* \"#utility.yul\":7487:7507   */\n      tag_190\n      jump\t// in\n    tag_284:\n        /* \"#utility.yul\":7482:7507   */\n      swap3\n      pop\n        /* \"#utility.yul\":7530:7531   */\n      dup3\n        /* \"#utility.yul\":7527:7528   */\n      dup3\n        /* \"#utility.yul\":7523:7532   */\n      add\n        /* \"#utility.yul\":7516:7532   */\n      swap1\n      pop\n        /* \"#utility.yul\":7551:7554   */\n      dup1\n        /* \"#utility.yul\":7548:7549   */\n      dup3\n        /* \"#utility.yul\":7545:7555   */\n      gt\n        /* \"#utility.yul\":7542:7578   */\n      iszero\n      tag_285\n      jumpi\n        /* \"#utility.yul\":7558:7576   */\n      tag_286\n      tag_200\n      jump\t// in\n    tag_286:\n        /* \"#utility.yul\":7542:7578   */\n    tag_285:\n        /* \"#utility.yul\":7394:7585   */\n      swap3\n      swap2\n      pop\n      pop\n      jump\t// out\n\n    auxdata: 0xa2646970667358221220ccac1fb1eb543eac97cbfc768773aec1376864d99f3aab0fa64a6436e7a523d764736f6c634300081b0033\n}\n",
          "bytecode": {
            "functionDebugData": {
              "@_106": {
                "entryPoint": null,
                "id": 106,
                "parameterSlots": 1,
                "returnSlots": 0
              },
              "@_255": {
                "entryPoint": null,
                "id": 255,
                "parameterSlots": 2,
                "returnSlots": 0
              },
              "@_27": {
                "entryPoint": null,
                "id": 27,
                "parameterSlots": 1,
                "returnSlots": 0
              },
              "@_mint_558": {
                "entryPoint": 537,
                "id": 558,
                "parameterSlots": 2,
                "returnSlots": 0
              },
              "@_transferOwnership_202": {
                "entryPoint": 342,
                "id": 202,
                "parameterSlots": 1,
                "returnSlots": 0
              },
              "@_update_525": {
                "entryPoint": 670,
                "id": 525,
                "parameterSlots": 3,
                "returnSlots": 0
              },
              "abi_decode_t_uint256_fromMemory": {
                "entryPoint": 1242,
                "id": null,
                "parameterSlots": 2,
                "returnSlots": 1
              },
              "abi_decode_tuple_t_uint256_fromMemory": {
                "entryPoint": 1262,
                "id": null,
                "parameterSlots": 2,
                "returnSlots": 1
              },
              "abi_encode_t_address_to_t_address_fromStack": {
                "entryPoint": 2124,
                "id": null,
                "parameterSlots": 2,
                "returnSlots": 0
              },
              "abi_encode_t_uint256_to_t_uint256_fromStack": {
                "entryPoint": 2260,
                "id": null,
                "parameterSlots": 2,
                "returnSlots": 0
              },
              "abi_encode_tuple_t_address__to_t_address__fromStack_reversed": {
                "entryPoint": 2139,
                "id": null,
                "parameterSlots": 2,
                "returnSlots": 1
              },
              "abi_encode_tuple_t_address_t_uint256_t_uint256__to_t_address_t_uint256_t_uint256__fromStack_reversed": {
                "entryPoint": 2275,
                "id": null,
                "parameterSlots": 4,
                "returnSlots": 1
              },
              "abi_encode_tuple_t_uint256__to_t_uint256__fromStack_reversed": {
                "entryPoint": 2328,
                "id": null,
                "parameterSlots": 2,
                "returnSlots": 1
              },
              "allocate_unbounded": {
                "entryPoint": null,
                "id": null,
                "parameterSlots": 0,
                "returnSlots": 1
              },
              "array_dataslot_t_string_storage": {
                "entryPoint": 1453,
                "id": null,
                "parameterSlots": 1,
                "returnSlots": 1
              },
              "array_length_t_string_memory_ptr": {
                "entryPoint": 1305,
                "id": null,
                "parameterSlots": 1,
                "returnSlots": 1
              },
              "checked_add_t_uint256": {
                "entryPoint": 2209,
                "id": null,
                "parameterSlots": 2,
                "returnSlots": 1
              },
              "clean_up_bytearray_end_slots_t_string_storage": {
                "entryPoint": 1732,
                "id": null,
                "parameterSlots": 3,
                "returnSlots": 0
              },
              "cleanup_t_address": {
                "entryPoint": 2107,
                "id": null,
                "parameterSlots": 1,
                "returnSlots": 1
              },
              "cleanup_t_uint160": {
                "entryPoint": 2076,
                "id": null,
                "parameterSlots": 1,
                "returnSlots": 1
              },
              "cleanup_t_uint256": {
                "entryPoint": 1211,
                "id": null,
                "parameterSlots": 1,
                "returnSlots": 1
              },
              "clear_storage_range_t_bytes1": {
                "entryPoint": 1698,
                "id": null,
                "parameterSlots": 2,
                "returnSlots": 0
              },
              "convert_t_uint256_to_t_uint256": {
                "entryPoint": 1588,
                "id": null,
                "parameterSlots": 1,
                "returnSlots": 1
              },
              "copy_byte_array_to_storage_from_t_string_memory_ptr_to_t_string_storage": {
                "entryPoint": 1869,
                "id": null,
                "parameterSlots": 2,
                "returnSlots": 0
              },
              "divide_by_32_ceil": {
                "entryPoint": 1471,
                "id": null,
                "parameterSlots": 1,
                "returnSlots": 1
              },
              "extract_byte_array_length": {
                "entryPoint": 1405,
                "id": null,
                "parameterSlots": 1,
                "returnSlots": 1
              },
              "extract_used_part_and_set_length_of_short_byte_array": {
                "entryPoint": 1842,
                "id": null,
                "parameterSlots": 2,
                "returnSlots": 1
              },
              "identity": {
                "entryPoint": 1579,
                "id": null,
                "parameterSlots": 1,
                "returnSlots": 1
              },
              "mask_bytes_dynamic": {
                "entryPoint": 1814,
                "id": null,
                "parameterSlots": 2,
                "returnSlots": 1
              },
              "panic_error_0x11": {
                "entryPoint": 2164,
                "id": null,
                "parameterSlots": 0,
                "returnSlots": 0
              },
              "panic_error_0x22": {
                "entryPoint": 1360,
                "id": null,
                "parameterSlots": 0,
                "returnSlots": 0
              },
              "panic_error_0x41": {
                "entryPoint": 1315,
                "id": null,
                "parameterSlots": 0,
                "returnSlots": 0
              },
              "prepare_store_t_uint256": {
                "entryPoint": 1621,
                "id": null,
                "parameterSlots": 1,
                "returnSlots": 1
              },
              "revert_error_c1322bf8034eace5e0b5c7295db60986aa89aae5e0ea0873e4689e076861a5db": {
                "entryPoint": null,
                "id": null,
                "parameterSlots": 0,
                "returnSlots": 0
              },
              "revert_error_dbdddcbe895c83990c08b3492a0e83918d802a52331272ac6fdb6a7c4aea3b1b": {
                "entryPoint": 1207,
                "id": null,
                "parameterSlots": 0,
                "returnSlots": 0
              },
              "shift_left_dynamic": {
                "entryPoint": 1486,
                "id": null,
                "parameterSlots": 2,
                "returnSlots": 1
              },
              "shift_right_unsigned_dynamic": {
                "entryPoint": 1802,
                "id": null,
                "parameterSlots": 2,
                "returnSlots": 1
              },
              "storage_set_to_zero_t_uint256": {
                "entryPoint": 1674,
                "id": null,
                "parameterSlots": 2,
                "returnSlots": 0
              },
              "update_byte_slice_dynamic32": {
                "entryPoint": 1498,
                "id": null,
                "parameterSlots": 3,
                "returnSlots": 1
              },
              "update_storage_value_t_uint256_to_t_uint256": {
                "entryPoint": 1630,
                "id": null,
                "parameterSlots": 3,
                "returnSlots": 0
              },
              "validator_revert_t_uint256": {
                "entryPoint": 1220,
                "id": null,
                "parameterSlots": 1,
                "returnSlots": 0
              },
              "zero_value_for_split_t_uint256": {
                "entryPoint": 1667,
                "id": null,
                "parameterSlots": 0,
                "returnSlots": 1
              }
            },
            "generatedSources": [
              {
                "ast": {
                  "nativeSrc": "0:7961:7",
                  "nodeType": "YulBlock",
                  "src": "0:7961:7",
                  "statements": [
                    {
                      "body": {
                        "nativeSrc": "47:35:7",
                        "nodeType": "YulBlock",
                        "src": "47:35:7",
                        "statements": [
                          {
                            "nativeSrc": "57:19:7",
                            "nodeType": "YulAssignment",
                            "src": "57:19:7",
                            "value": {
                              "arguments": [
                                {
                                  "kind": "number",
                                  "nativeSrc": "73:2:7",
                                  "nodeType": "YulLiteral",
                                  "src": "73:2:7",
                                  "type": "",
                                  "value": "64"
                                }
                              ],
                              "functionName": {
                                "name": "mload",
                                "nativeSrc": "67:5:7",
                                "nodeType": "YulIdentifier",
                                "src": "67:5:7"
                              },
                              "nativeSrc": "67:9:7",
                              "nodeType": "YulFunctionCall",
                              "src": "67:9:7"
                            },
                            "variableNames": [
                              {
                                "name": "memPtr",
                                "nativeSrc": "57:6:7",
                                "nodeType": "YulIdentifier",
                                "src": "57:6:7"
                              }
                            ]
                          }
                        ]
                      },
                      "name": "allocate_unbounded",
                      "nativeSrc": "7:75:7",
                      "nodeType": "YulFunctionDefinition",
                      "returnVariables": [
                        {
                          "name": "memPtr",
                          "nativeSrc": "40:6:7",
                          "nodeType": "YulTypedName",
                          "src": "40:6:7",
                          "type": ""
                        }
                      ],
                      "src": "7:75:7"
                    },
                    {
                      "body": {
                        "nativeSrc": "177:28:7",
                        "nodeType": "YulBlock",
                        "src": "177:28:7",
                        "statements": [
                          {
                            "expression": {
                              "arguments": [
                                {
                                  "kind": "number",
                                  "nativeSrc": "194:1:7",
                                  "nodeType": "YulLiteral",
                                  "src": "194:1:7",
                                  "type": "",
                                  "value": "0"
                                },
                                {
                                  "kind": "number",
                                  "nativeSrc": "197:1:7",
                                  "nodeType": "YulLiteral",
                                  "src": "197:1:7",
                                  "type": "",
                                  "value": "0"
                                }
                              ],
                              "functionName": {
                                "name": "revert",
                                "nativeSrc": "187:6:7",
                                "nodeType": "YulIdentifier",
                                "src": "187:6:7"
                              },
                              "nativeSrc": "187:12:7",
                              "nodeType": "YulFunctionCall",
                              "src": "187:12:7"
                            },
                            "nativeSrc": "187:12:7",
                            "nodeType": "YulExpressionStatement",
                            "src": "187:12:7"
                          }
                        ]
                      },
                      "name": "revert_error_dbdddcbe895c83990c08b3492a0e83918d802a52331272ac6fdb6a7c4aea3b1b",
                      "nativeSrc": "88:117:7",
                      "nodeType": "YulFunctionDefinition",
                      "src": "88:117:7"
                    },
                    {
                      "body": {
                        "nativeSrc": "300:28:7",
                        "nodeType": "YulBlock",
                        "src": "300:28:7",
                        "statements": [
                          {
                            "expression": {
                              "arguments": [
                                {
                                  "kind": "number",
                                  "nativeSrc": "317:1:7",
                                  "nodeType": "YulLiteral",
                                  "src": "317:1:7",
                                  "type": "",
                                  "value": "0"
                                },
                                {
                                  "kind": "number",
                                  "nativeSrc": "320:1:7",
                                  "nodeType": "YulLiteral",
                                  "src": "320:1:7",
                                  "type": "",
                                  "value": "0"
                                }
                              ],
                              "functionName": {
                                "name": "revert",
                                "nativeSrc": "310:6:7",
                                "nodeType": "YulIdentifier",
                                "src": "310:6:7"
                              },
                              "nativeSrc": "310:12:7",
                              "nodeType": "YulFunctionCall",
                              "src": "310:12:7"
                            },
                            "nativeSrc": "310:12:7",
                            "nodeType": "YulExpressionStatement",
                            "src": "310:12:7"
                          }
                        ]
                      },
                      "name": "revert_error_c1322bf8034eace5e0b5c7295db60986aa89aae5e0ea0873e4689e076861a5db",
                      "nativeSrc": "211:117:7",
                      "nodeType": "YulFunctionDefinition",
                      "src": "211:117:7"
                    },
                    {
                      "body": {
                        "nativeSrc": "379:32:7",
                        "nodeType": "YulBlock",
                        "src": "379:32:7",
                        "statements": [
                          {
                            "nativeSrc": "389:16:7",
                            "nodeType": "YulAssignment",
                            "src": "389:16:7",
                            "value": {
                              "name": "value",
                              "nativeSrc": "400:5:7",
                              "nodeType": "YulIdentifier",
                              "src": "400:5:7"
                            },
                            "variableNames": [
                              {
                                "name": "cleaned",
                                "nativeSrc": "389:7:7",
                                "nodeType": "YulIdentifier",
                                "src": "389:7:7"
                              }
                            ]
                          }
                        ]
                      },
                      "name": "cleanup_t_uint256",
                      "nativeSrc": "334:77:7",
                      "nodeType": "YulFunctionDefinition",
                      "parameters": [
                        {
                          "name": "value",
                          "nativeSrc": "361:5:7",
                          "nodeType": "YulTypedName",
                          "src": "361:5:7",
                          "type": ""
                        }
                      ],
                      "returnVariables": [
                        {
                          "name": "cleaned",
                          "nativeSrc": "371:7:7",
                          "nodeType": "YulTypedName",
                          "src": "371:7:7",
                          "type": ""
                        }
                      ],
                      "src": "334:77:7"
                    },
                    {
                      "body": {
                        "nativeSrc": "460:79:7",
                        "nodeType": "YulBlock",
                        "src": "460:79:7",
                        "statements": [
                          {
                            "body": {
                              "nativeSrc": "517:16:7",
                              "nodeType": "YulBlock",
                              "src": "517:16:7",
                              "statements": [
                                {
                                  "expression": {
                                    "arguments": [
                                      {
                                        "kind": "number",
                                        "nativeSrc": "526:1:7",
                                        "nodeType": "YulLiteral",
                                        "src": "526:1:7",
                                        "type": "",
                                        "value": "0"
                                      },
                                      {
                                        "kind": "number",
                                        "nativeSrc": "529:1:7",
                                        "nodeType": "YulLiteral",
                                        "src": "529:1:7",
                                        "type": "",
                                        "value": "0"
                                      }
                                    ],
                                    "functionName": {
                                      "name": "revert",
                                      "nativeSrc": "519:6:7",
                                      "nodeType": "YulIdentifier",
                                      "src": "519:6:7"
                                    },
                                    "nativeSrc": "519:12:7",
                                    "nodeType": "YulFunctionCall",
                                    "src": "519:12:7"
                                  },
                                  "nativeSrc": "519:12:7",
                                  "nodeType": "YulExpressionStatement",
                                  "src": "519:12:7"
                                }
                              ]
                            },
                            "condition": {
                              "arguments": [
                                {
                                  "arguments": [
                                    {
                                      "name": "value",
                                      "nativeSrc": "483:5:7",
                                      "nodeType": "YulIdentifier",
                                      "src": "483:5:7"
                                    },
                                    {
                                      "arguments": [
                                        {
                                          "name": "value",
                                          "nativeSrc": "508:5:7",
                                          "nodeType": "YulIdentifier",
                                          "src": "508:5:7"
                                        }
                                      ],
                                      "functionName": {
                                        "name": "cleanup_t_uint256",
                                        "nativeSrc": "490:17:7",
                                        "nodeType": "YulIdentifier",
                                        "src": "490:17:7"
                                      },
                                      "nativeSrc": "490:24:7",
                                      "nodeType": "YulFunctionCall",
                                      "src": "490:24:7"
                                    }
                                  ],
                                  "functionName": {
                                    "name": "eq",
                                    "nativeSrc": "480:2:7",
                                    "nodeType": "YulIdentifier",
                                    "src": "480:2:7"
                                  },
                                  "nativeSrc": "480:35:7",
                                  "nodeType": "YulFunctionCall",
                                  "src": "480:35:7"
                                }
                              ],
                              "functionName": {
                                "name": "iszero",
                                "nativeSrc": "473:6:7",
                                "nodeType": "YulIdentifier",
                                "src": "473:6:7"
                              },
                              "nativeSrc": "473:43:7",
                              "nodeType": "YulFunctionCall",
                              "src": "473:43:7"
                            },
                            "nativeSrc": "470:63:7",
                            "nodeType": "YulIf",
                            "src": "470:63:7"
                          }
                        ]
                      },
                      "name": "validator_revert_t_uint256",
                      "nativeSrc": "417:122:7",
                      "nodeType": "YulFunctionDefinition",
                      "parameters": [
                        {
                          "name": "value",
                          "nativeSrc": "453:5:7",
                          "nodeType": "YulTypedName",
                          "src": "453:5:7",
                          "type": ""
                        }
                      ],
                      "src": "417:122:7"
                    },
                    {
                      "body": {
                        "nativeSrc": "608:80:7",
                        "nodeType": "YulBlock",
                        "src": "608:80:7",
                        "statements": [
                          {
                            "nativeSrc": "618:22:7",
                            "nodeType": "YulAssignment",
                            "src": "618:22:7",
                            "value": {
                              "arguments": [
                                {
                                  "name": "offset",
                                  "nativeSrc": "633:6:7",
                                  "nodeType": "YulIdentifier",
                                  "src": "633:6:7"
                                }
                              ],
                              "functionName": {
                                "name": "mload",
                                "nativeSrc": "627:5:7",
                                "nodeType": "YulIdentifier",
                                "src": "627:5:7"
                              },
                              "nativeSrc": "627:13:7",
                              "nodeType": "YulFunctionCall",
                              "src": "627:13:7"
                            },
                            "variableNames": [
                              {
                                "name": "value",
                                "nativeSrc": "618:5:7",
                                "nodeType": "YulIdentifier",
                                "src": "618:5:7"
                              }
                            ]
                          },
                          {
                            "expression": {
                              "arguments": [
                                {
                                  "name": "value",
                                  "nativeSrc": "676:5:7",
                                  "nodeType": "YulIdentifier",
                                  "src": "676:5:7"
                                }
                              ],
                              "functionName": {
                                "name": "validator_revert_t_uint256",
                                "nativeSrc": "649:26:7",
                                "nodeType": "YulIdentifier",
                                "src": "649:26:7"
                              },
                              "nativeSrc": "649:33:7",
                              "nodeType": "YulFunctionCall",
                              "src": "649:33:7"
                            },
                            "nativeSrc": "649:33:7",
                            "nodeType": "YulExpressionStatement",
                            "src": "649:33:7"
                          }
                        ]
                      },
                      "name": "abi_decode_t_uint256_fromMemory",
                      "nativeSrc": "545:143:7",
                      "nodeType": "YulFunctionDefinition",
                      "parameters": [
                        {
                          "name": "offset",
                          "nativeSrc": "586:6:7",
                          "nodeType": "YulTypedName",
                          "src": "586:6:7",
                          "type": ""
                        },
                        {
                          "name": "end",
                          "nativeSrc": "594:3:7",
                          "nodeType": "YulTypedName",
                          "src": "594:3:7",
                          "type": ""
                        }
                      ],
                      "returnVariables": [
                        {
                          "name": "value",
                          "nativeSrc": "602:5:7",
                          "nodeType": "YulTypedName",
                          "src": "602:5:7",
                          "type": ""
                        }
                      ],
                      "src": "545:143:7"
                    },
                    {
                      "body": {
                        "nativeSrc": "771:274:7",
                        "nodeType": "YulBlock",
                        "src": "771:274:7",
                        "statements": [
                          {
                            "body": {
                              "nativeSrc": "817:83:7",
                              "nodeType": "YulBlock",
                              "src": "817:83:7",
                              "statements": [
                                {
                                  "expression": {
                                    "arguments": [],
                                    "functionName": {
                                      "name": "revert_error_dbdddcbe895c83990c08b3492a0e83918d802a52331272ac6fdb6a7c4aea3b1b",
                                      "nativeSrc": "819:77:7",
                                      "nodeType": "YulIdentifier",
                                      "src": "819:77:7"
                                    },
                                    "nativeSrc": "819:79:7",
                                    "nodeType": "YulFunctionCall",
                                    "src": "819:79:7"
                                  },
                                  "nativeSrc": "819:79:7",
                                  "nodeType": "YulExpressionStatement",
                                  "src": "819:79:7"
                                }
                              ]
                            },
                            "condition": {
                              "arguments": [
                                {
                                  "arguments": [
                                    {
                                      "name": "dataEnd",
                                      "nativeSrc": "792:7:7",
                                      "nodeType": "YulIdentifier",
                                      "src": "792:7:7"
                                    },
                                    {
                                      "name": "headStart",
                                      "nativeSrc": "801:9:7",
                                      "nodeType": "YulIdentifier",
                                      "src": "801:9:7"
                                    }
                                  ],
                                  "functionName": {
                                    "name": "sub",
                                    "nativeSrc": "788:3:7",
                                    "nodeType": "YulIdentifier",
                                    "src": "788:3:7"
                                  },
                                  "nativeSrc": "788:23:7",
                                  "nodeType": "YulFunctionCall",
                                  "src": "788:23:7"
                                },
                                {
                                  "kind": "number",
                                  "nativeSrc": "813:2:7",
                                  "nodeType": "YulLiteral",
                                  "src": "813:2:7",
                                  "type": "",
                                  "value": "32"
                                }
                              ],
                              "functionName": {
                                "name": "slt",
                                "nativeSrc": "784:3:7",
                                "nodeType": "YulIdentifier",
                                "src": "784:3:7"
                              },
                              "nativeSrc": "784:32:7",
                              "nodeType": "YulFunctionCall",
                              "src": "784:32:7"
                            },
                            "nativeSrc": "781:119:7",
                            "nodeType": "YulIf",
                            "src": "781:119:7"
                          },
                          {
                            "nativeSrc": "910:128:7",
                            "nodeType": "YulBlock",
                            "src": "910:128:7",
                            "statements": [
                              {
                                "nativeSrc": "925:15:7",
                                "nodeType": "YulVariableDeclaration",
                                "src": "925:15:7",
                                "value": {
                                  "kind": "number",
                                  "nativeSrc": "939:1:7",
                                  "nodeType": "YulLiteral",
                                  "src": "939:1:7",
                                  "type": "",
                                  "value": "0"
                                },
                                "variables": [
                                  {
                                    "name": "offset",
                                    "nativeSrc": "929:6:7",
                                    "nodeType": "YulTypedName",
                                    "src": "929:6:7",
                                    "type": ""
                                  }
                                ]
                              },
                              {
                                "nativeSrc": "954:74:7",
                                "nodeType": "YulAssignment",
                                "src": "954:74:7",
                                "value": {
                                  "arguments": [
                                    {
                                      "arguments": [
                                        {
                                          "name": "headStart",
                                          "nativeSrc": "1000:9:7",
                                          "nodeType": "YulIdentifier",
                                          "src": "1000:9:7"
                                        },
                                        {
                                          "name": "offset",
                                          "nativeSrc": "1011:6:7",
                                          "nodeType": "YulIdentifier",
                                          "src": "1011:6:7"
                                        }
                                      ],
                                      "functionName": {
                                        "name": "add",
                                        "nativeSrc": "996:3:7",
                                        "nodeType": "YulIdentifier",
                                        "src": "996:3:7"
                                      },
                                      "nativeSrc": "996:22:7",
                                      "nodeType": "YulFunctionCall",
                                      "src": "996:22:7"
                                    },
                                    {
                                      "name": "dataEnd",
                                      "nativeSrc": "1020:7:7",
                                      "nodeType": "YulIdentifier",
                                      "src": "1020:7:7"
                                    }
                                  ],
                                  "functionName": {
                                    "name": "abi_decode_t_uint256_fromMemory",
                                    "nativeSrc": "964:31:7",
                                    "nodeType": "YulIdentifier",
                                    "src": "964:31:7"
                                  },
                                  "nativeSrc": "964:64:7",
                                  "nodeType": "YulFunctionCall",
                                  "src": "964:64:7"
                                },
                                "variableNames": [
                                  {
                                    "name": "value0",
                                    "nativeSrc": "954:6:7",
                                    "nodeType": "YulIdentifier",
                                    "src": "954:6:7"
                                  }
                                ]
                              }
                            ]
                          }
                        ]
                      },
                      "name": "abi_decode_tuple_t_uint256_fromMemory",
                      "nativeSrc": "694:351:7",
                      "nodeType": "YulFunctionDefinition",
                      "parameters": [
                        {
                          "name": "headStart",
                          "nativeSrc": "741:9:7",
                          "nodeType": "YulTypedName",
                          "src": "741:9:7",
                          "type": ""
                        },
                        {
                          "name": "dataEnd",
                          "nativeSrc": "752:7:7",
                          "nodeType": "YulTypedName",
                          "src": "752:7:7",
                          "type": ""
                        }
                      ],
                      "returnVariables": [
                        {
                          "name": "value0",
                          "nativeSrc": "764:6:7",
                          "nodeType": "YulTypedName",
                          "src": "764:6:7",
                          "type": ""
                        }
                      ],
                      "src": "694:351:7"
                    },
                    {
                      "body": {
                        "nativeSrc": "1110:40:7",
                        "nodeType": "YulBlock",
                        "src": "1110:40:7",
                        "statements": [
                          {
                            "nativeSrc": "1121:22:7",
                            "nodeType": "YulAssignment",
                            "src": "1121:22:7",
                            "value": {
                              "arguments": [
                                {
                                  "name": "value",
                                  "nativeSrc": "1137:5:7",
                                  "nodeType": "YulIdentifier",
                                  "src": "1137:5:7"
                                }
                              ],
                              "functionName": {
                                "name": "mload",
                                "nativeSrc": "1131:5:7",
                                "nodeType": "YulIdentifier",
                                "src": "1131:5:7"
                              },
                              "nativeSrc": "1131:12:7",
                              "nodeType": "YulFunctionCall",
                              "src": "1131:12:7"
                            },
                            "variableNames": [
                              {
                                "name": "length",
                                "nativeSrc": "1121:6:7",
                                "nodeType": "YulIdentifier",
                                "src": "1121:6:7"
                              }
                            ]
                          }
                        ]
                      },
                      "name": "array_length_t_string_memory_ptr",
                      "nativeSrc": "1051:99:7",
                      "nodeType": "YulFunctionDefinition",
                      "parameters": [
                        {
                          "name": "value",
                          "nativeSrc": "1093:5:7",
                          "nodeType": "YulTypedName",
                          "src": "1093:5:7",
                          "type": ""
                        }
                      ],
                      "returnVariables": [
                        {
                          "name": "length",
                          "nativeSrc": "1103:6:7",
                          "nodeType": "YulTypedName",
                          "src": "1103:6:7",
                          "type": ""
                        }
                      ],
                      "src": "1051:99:7"
                    },
                    {
                      "body": {
                        "nativeSrc": "1184:152:7",
                        "nodeType": "YulBlock",
                        "src": "1184:152:7",
                        "statements": [
                          {
                            "expression": {
                              "arguments": [
                                {
                                  "kind": "number",
                                  "nativeSrc": "1201:1:7",
                                  "nodeType": "YulLiteral",
                                  "src": "1201:1:7",
                                  "type": "",
                                  "value": "0"
                                },
                                {
                                  "kind": "number",
                                  "nativeSrc": "1204:77:7",
                                  "nodeType": "YulLiteral",
                                  "src": "1204:77:7",
                                  "type": "",
                                  "value": "35408467139433450592217433187231851964531694900788300625387963629091585785856"
                                }
                              ],
                              "functionName": {
                                "name": "mstore",
                                "nativeSrc": "1194:6:7",
                                "nodeType": "YulIdentifier",
                                "src": "1194:6:7"
                              },
                              "nativeSrc": "1194:88:7",
                              "nodeType": "YulFunctionCall",
                              "src": "1194:88:7"
                            },
                            "nativeSrc": "1194:88:7",
                            "nodeType": "YulExpressionStatement",
                            "src": "1194:88:7"
                          },
                          {
                            "expression": {
                              "arguments": [
                                {
                                  "kind": "number",
                                  "nativeSrc": "1298:1:7",
                                  "nodeType": "YulLiteral",
                                  "src": "1298:1:7",
                                  "type": "",
                                  "value": "4"
                                },
                                {
                                  "kind": "number",
                                  "nativeSrc": "1301:4:7",
                                  "nodeType": "YulLiteral",
                                  "src": "1301:4:7",
                                  "type": "",
                                  "value": "0x41"
                                }
                              ],
                              "functionName": {
                                "name": "mstore",
                                "nativeSrc": "1291:6:7",
                                "nodeType": "YulIdentifier",
                                "src": "1291:6:7"
                              },
                              "nativeSrc": "1291:15:7",
                              "nodeType": "YulFunctionCall",
                              "src": "1291:15:7"
                            },
                            "nativeSrc": "1291:15:7",
                            "nodeType": "YulExpressionStatement",
                            "src": "1291:15:7"
                          },
                          {
                            "expression": {
                              "arguments": [
                                {
                                  "kind": "number",
                                  "nativeSrc": "1322:1:7",
                                  "nodeType": "YulLiteral",
                                  "src": "1322:1:7",
                                  "type": "",
                                  "value": "0"
                                },
                                {
                                  "kind": "number",
                                  "nativeSrc": "1325:4:7",
                                  "nodeType": "YulLiteral",
                                  "src": "1325:4:7",
                                  "type": "",
                                  "value": "0x24"
                                }
                              ],
                              "functionName": {
                                "name": "revert",
                                "nativeSrc": "1315:6:7",
                                "nodeType": "YulIdentifier",
                                "src": "1315:6:7"
                              },
                              "nativeSrc": "1315:15:7",
                              "nodeType": "YulFunctionCall",
                              "src": "1315:15:7"
                            },
                            "nativeSrc": "1315:15:7",
                            "nodeType": "YulExpressionStatement",
                            "src": "1315:15:7"
                          }
                        ]
                      },
                      "name": "panic_error_0x41",
                      "nativeSrc": "1156:180:7",
                      "nodeType": "YulFunctionDefinition",
                      "src": "1156:180:7"
                    },
                    {
                      "body": {
                        "nativeSrc": "1370:152:7",
                        "nodeType": "YulBlock",
                        "src": "1370:152:7",
                        "statements": [
                          {
                            "expression": {
                              "arguments": [
                                {
                                  "kind": "number",
                                  "nativeSrc": "1387:1:7",
                                  "nodeType": "YulLiteral",
                                  "src": "1387:1:7",
                                  "type": "",
                                  "value": "0"
                                },
                                {
                                  "kind": "number",
                                  "nativeSrc": "1390:77:7",
                                  "nodeType": "YulLiteral",
                                  "src": "1390:77:7",
                                  "type": "",
                                  "value": "35408467139433450592217433187231851964531694900788300625387963629091585785856"
                                }
                              ],
                              "functionName": {
                                "name": "mstore",
                                "nativeSrc": "1380:6:7",
                                "nodeType": "YulIdentifier",
                                "src": "1380:6:7"
                              },
                              "nativeSrc": "1380:88:7",
                              "nodeType": "YulFunctionCall",
                              "src": "1380:88:7"
                            },
                            "nativeSrc": "1380:88:7",
                            "nodeType": "YulExpressionStatement",
                            "src": "1380:88:7"
                          },
                          {
                            "expression": {
                              "arguments": [
                                {
                                  "kind": "number",
                                  "nativeSrc": "1484:1:7",
                                  "nodeType": "YulLiteral",
                                  "src": "1484:1:7",
                                  "type": "",
                                  "value": "4"
                                },
                                {
                                  "kind": "number",
                                  "nativeSrc": "1487:4:7",
                                  "nodeType": "YulLiteral",
                                  "src": "1487:4:7",
                                  "type": "",
                                  "value": "0x22"
                                }
                              ],
                              "functionName": {
                                "name": "mstore",
                                "nativeSrc": "1477:6:7",
                                "nodeType": "YulIdentifier",
                                "src": "1477:6:7"
                              },
                              "nativeSrc": "1477:15:7",
                              "nodeType": "YulFunctionCall",
                              "src": "1477:15:7"
                            },
                            "nativeSrc": "1477:15:7",
                            "nodeType": "YulExpressionStatement",
                            "src": "1477:15:7"
                          },
                          {
                            "expression": {
                              "arguments": [
                                {
                                  "kind": "number",
                                  "nativeSrc": "1508:1:7",
                                  "nodeType": "YulLiteral",
                                  "src": "1508:1:7",
                                  "type": "",
                                  "value": "0"
                                },
                                {
                                  "kind": "number",
                                  "nativeSrc": "1511:4:7",
                                  "nodeType": "YulLiteral",
                                  "src": "1511:4:7",
                                  "type": "",
                                  "value": "0x24"
                                }
                              ],
                              "functionName": {
                                "name": "revert",
                                "nativeSrc": "1501:6:7",
                                "nodeType": "YulIdentifier",
                                "src": "1501:6:7"
                              },
                              "nativeSrc": "1501:15:7",
                              "nodeType": "YulFunctionCall",
                              "src": "1501:15:7"
                            },
                            "nativeSrc": "1501:15:7",
                            "nodeType": "YulExpressionStatement",
                            "src": "1501:15:7"
                          }
                        ]
                      },
                      "name": "panic_error_0x22",
                      "nativeSrc": "1342:180:7",
                      "nodeType": "YulFunctionDefinition",
                      "src": "1342:180:7"
                    },
                    {
                      "body": {
                        "nativeSrc": "1579:269:7",
                        "nodeType": "YulBlock",
                        "src": "1579:269:7",
                        "statements": [
                          {
                            "nativeSrc": "1589:22:7",
                            "nodeType": "YulAssignment",
                            "src": "1589:22:7",
                            "value": {
                              "arguments": [
                                {
                                  "name": "data",
                                  "nativeSrc": "1603:4:7",
                                  "nodeType": "YulIdentifier",
                                  "src": "1603:4:7"
                                },
                                {
                                  "kind": "number",
                                  "nativeSrc": "1609:1:7",
                                  "nodeType": "YulLiteral",
                                  "src": "1609:1:7",
                                  "type": "",
                                  "value": "2"
                                }
                              ],
                              "functionName": {
                                "name": "div",
                                "nativeSrc": "1599:3:7",
                                "nodeType": "YulIdentifier",
                                "src": "1599:3:7"
                              },
                              "nativeSrc": "1599:12:7",
                              "nodeType": "YulFunctionCall",
                              "src": "1599:12:7"
                            },
                            "variableNames": [
                              {
                                "name": "length",
                                "nativeSrc": "1589:6:7",
                                "nodeType": "YulIdentifier",
                                "src": "1589:6:7"
                              }
                            ]
                          },
                          {
                            "nativeSrc": "1620:38:7",
                            "nodeType": "YulVariableDeclaration",
                            "src": "1620:38:7",
                            "value": {
                              "arguments": [
                                {
                                  "name": "data",
                                  "nativeSrc": "1650:4:7",
                                  "nodeType": "YulIdentifier",
                                  "src": "1650:4:7"
                                },
                                {
                                  "kind": "number",
                                  "nativeSrc": "1656:1:7",
                                  "nodeType": "YulLiteral",
                                  "src": "1656:1:7",
                                  "type": "",
                                  "value": "1"
                                }
                              ],
                              "functionName": {
                                "name": "and",
                                "nativeSrc": "1646:3:7",
                                "nodeType": "YulIdentifier",
                                "src": "1646:3:7"
                              },
                              "nativeSrc": "1646:12:7",
                              "nodeType": "YulFunctionCall",
                              "src": "1646:12:7"
                            },
                            "variables": [
                              {
                                "name": "outOfPlaceEncoding",
                                "nativeSrc": "1624:18:7",
                                "nodeType": "YulTypedName",
                                "src": "1624:18:7",
                                "type": ""
                              }
                            ]
                          },
                          {
                            "body": {
                              "nativeSrc": "1697:51:7",
                              "nodeType": "YulBlock",
                              "src": "1697:51:7",
                              "statements": [
                                {
                                  "nativeSrc": "1711:27:7",
                                  "nodeType": "YulAssignment",
                                  "src": "1711:27:7",
                                  "value": {
                                    "arguments": [
                                      {
                                        "name": "length",
                                        "nativeSrc": "1725:6:7",
                                        "nodeType": "YulIdentifier",
                                        "src": "1725:6:7"
                                      },
                                      {
                                        "kind": "number",
                                        "nativeSrc": "1733:4:7",
                                        "nodeType": "YulLiteral",
                                        "src": "1733:4:7",
                                        "type": "",
                                        "value": "0x7f"
                                      }
                                    ],
                                    "functionName": {
                                      "name": "and",
                                      "nativeSrc": "1721:3:7",
                                      "nodeType": "YulIdentifier",
                                      "src": "1721:3:7"
                                    },
                                    "nativeSrc": "1721:17:7",
                                    "nodeType": "YulFunctionCall",
                                    "src": "1721:17:7"
                                  },
                                  "variableNames": [
                                    {
                                      "name": "length",
                                      "nativeSrc": "1711:6:7",
                                      "nodeType": "YulIdentifier",
                                      "src": "1711:6:7"
                                    }
                                  ]
                                }
                              ]
                            },
                            "condition": {
                              "arguments": [
                                {
                                  "name": "outOfPlaceEncoding",
                                  "nativeSrc": "1677:18:7",
                                  "nodeType": "YulIdentifier",
                                  "src": "1677:18:7"
                                }
                              ],
                              "functionName": {
                                "name": "iszero",
                                "nativeSrc": "1670:6:7",
                                "nodeType": "YulIdentifier",
                                "src": "1670:6:7"
                              },
                              "nativeSrc": "1670:26:7",
                              "nodeType": "YulFunctionCall",
                              "src": "1670:26:7"
                            },
                            "nativeSrc": "1667:81:7",
                            "nodeType": "YulIf",
                            "src": "1667:81:7"
                          },
                          {
                            "body": {
                              "nativeSrc": "1800:42:7",
                              "nodeType": "YulBlock",
                              "src": "1800:42:7",
                              "statements": [
                                {
                                  "expression": {
                                    "arguments": [],
                                    "functionName": {
                                      "name": "panic_error_0x22",
                                      "nativeSrc": "1814:16:7",
                                      "nodeType": "YulIdentifier",
                                      "src": "1814:16:7"
                                    },
                                    "nativeSrc": "1814:18:7",
                                    "nodeType": "YulFunctionCall",
                                    "src": "1814:18:7"
                                  },
                                  "nativeSrc": "1814:18:7",
                                  "nodeType": "YulExpressionStatement",
                                  "src": "1814:18:7"
                                }
                              ]
                            },
                            "condition": {
                              "arguments": [
                                {
                                  "name": "outOfPlaceEncoding",
                                  "nativeSrc": "1764:18:7",
                                  "nodeType": "YulIdentifier",
                                  "src": "1764:18:7"
                                },
                                {
                                  "arguments": [
                                    {
                                      "name": "length",
                                      "nativeSrc": "1787:6:7",
                                      "nodeType": "YulIdentifier",
                                      "src": "1787:6:7"
                                    },
                                    {
                                      "kind": "number",
                                      "nativeSrc": "1795:2:7",
                                      "nodeType": "YulLiteral",
                                      "src": "1795:2:7",
                                      "type": "",
                                      "value": "32"
                                    }
                                  ],
                                  "functionName": {
                                    "name": "lt",
                                    "nativeSrc": "1784:2:7",
                                    "nodeType": "YulIdentifier",
                                    "src": "1784:2:7"
                                  },
                                  "nativeSrc": "1784:14:7",
                                  "nodeType": "YulFunctionCall",
                                  "src": "1784:14:7"
                                }
                              ],
                              "functionName": {
                                "name": "eq",
                                "nativeSrc": "1761:2:7",
                                "nodeType": "YulIdentifier",
                                "src": "1761:2:7"
                              },
                              "nativeSrc": "1761:38:7",
                              "nodeType": "YulFunctionCall",
                              "src": "1761:38:7"
                            },
                            "nativeSrc": "1758:84:7",
                            "nodeType": "YulIf",
                            "src": "1758:84:7"
                          }
                        ]
                      },
                      "name": "extract_byte_array_length",
                      "nativeSrc": "1528:320:7",
                      "nodeType": "YulFunctionDefinition",
                      "parameters": [
                        {
                          "name": "data",
                          "nativeSrc": "1563:4:7",
                          "nodeType": "YulTypedName",
                          "src": "1563:4:7",
                          "type": ""
                        }
                      ],
                      "returnVariables": [
                        {
                          "name": "length",
                          "nativeSrc": "1572:6:7",
                          "nodeType": "YulTypedName",
                          "src": "1572:6:7",
                          "type": ""
                        }
                      ],
                      "src": "1528:320:7"
                    },
                    {
                      "body": {
                        "nativeSrc": "1908:87:7",
                        "nodeType": "YulBlock",
                        "src": "1908:87:7",
                        "statements": [
                          {
                            "nativeSrc": "1918:11:7",
                            "nodeType": "YulAssignment",
                            "src": "1918:11:7",
                            "value": {
                              "name": "ptr",
                              "nativeSrc": "1926:3:7",
                              "nodeType": "YulIdentifier",
                              "src": "1926:3:7"
                            },
                            "variableNames": [
                              {
                                "name": "data",
                                "nativeSrc": "1918:4:7",
                                "nodeType": "YulIdentifier",
                                "src": "1918:4:7"
                              }
                            ]
                          },
                          {
                            "expression": {
                              "arguments": [
                                {
                                  "kind": "number",
                                  "nativeSrc": "1946:1:7",
                                  "nodeType": "YulLiteral",
                                  "src": "1946:1:7",
                                  "type": "",
                                  "value": "0"
                                },
                                {
                                  "name": "ptr",
                                  "nativeSrc": "1949:3:7",
                                  "nodeType": "YulIdentifier",
                                  "src": "1949:3:7"
                                }
                              ],
                              "functionName": {
                                "name": "mstore",
                                "nativeSrc": "1939:6:7",
                                "nodeType": "YulIdentifier",
                                "src": "1939:6:7"
                              },
                              "nativeSrc": "1939:14:7",
                              "nodeType": "YulFunctionCall",
                              "src": "1939:14:7"
                            },
                            "nativeSrc": "1939:14:7",
                            "nodeType": "YulExpressionStatement",
                            "src": "1939:14:7"
                          },
                          {
                            "nativeSrc": "1962:26:7",
                            "nodeType": "YulAssignment",
                            "src": "1962:26:7",
                            "value": {
                              "arguments": [
                                {
                                  "kind": "number",
                                  "nativeSrc": "1980:1:7",
                                  "nodeType": "YulLiteral",
                                  "src": "1980:1:7",
                                  "type": "",
                                  "value": "0"
                                },
                                {
                                  "kind": "number",
                                  "nativeSrc": "1983:4:7",
                                  "nodeType": "YulLiteral",
                                  "src": "1983:4:7",
                                  "type": "",
                                  "value": "0x20"
                                }
                              ],
                              "functionName": {
                                "name": "keccak256",
                                "nativeSrc": "1970:9:7",
                                "nodeType": "YulIdentifier",
                                "src": "1970:9:7"
                              },
                              "nativeSrc": "1970:18:7",
                              "nodeType": "YulFunctionCall",
                              "src": "1970:18:7"
                            },
                            "variableNames": [
                              {
                                "name": "data",
                                "nativeSrc": "1962:4:7",
                                "nodeType": "YulIdentifier",
                                "src": "1962:4:7"
                              }
                            ]
                          }
                        ]
                      },
                      "name": "array_dataslot_t_string_storage",
                      "nativeSrc": "1854:141:7",
                      "nodeType": "YulFunctionDefinition",
                      "parameters": [
                        {
                          "name": "ptr",
                          "nativeSrc": "1895:3:7",
                          "nodeType": "YulTypedName",
                          "src": "1895:3:7",
                          "type": ""
                        }
                      ],
                      "returnVariables": [
                        {
                          "name": "data",
                          "nativeSrc": "1903:4:7",
                          "nodeType": "YulTypedName",
                          "src": "1903:4:7",
                          "type": ""
                        }
                      ],
                      "src": "1854:141:7"
                    },
                    {
                      "body": {
                        "nativeSrc": "2045:49:7",
                        "nodeType": "YulBlock",
                        "src": "2045:49:7",
                        "statements": [
                          {
                            "nativeSrc": "2055:33:7",
                            "nodeType": "YulAssignment",
                            "src": "2055:33:7",
                            "value": {
                              "arguments": [
                                {
                                  "arguments": [
                                    {
                                      "name": "value",
                                      "nativeSrc": "2073:5:7",
                                      "nodeType": "YulIdentifier",
                                      "src": "2073:5:7"
                                    },
                                    {
                                      "kind": "number",
                                      "nativeSrc": "2080:2:7",
                                      "nodeType": "YulLiteral",
                                      "src": "2080:2:7",
                                      "type": "",
                                      "value": "31"
                                    }
                                  ],
                                  "functionName": {
                                    "name": "add",
                                    "nativeSrc": "2069:3:7",
                                    "nodeType": "YulIdentifier",
                                    "src": "2069:3:7"
                                  },
                                  "nativeSrc": "2069:14:7",
                                  "nodeType": "YulFunctionCall",
                                  "src": "2069:14:7"
                                },
                                {
                                  "kind": "number",
                                  "nativeSrc": "2085:2:7",
                                  "nodeType": "YulLiteral",
                                  "src": "2085:2:7",
                                  "type": "",
                                  "value": "32"
                                }
                              ],
                              "functionName": {
                                "name": "div",
                                "nativeSrc": "2065:3:7",
                                "nodeType": "YulIdentifier",
                                "src": "2065:3:7"
                              },
                              "nativeSrc": "2065:23:7",
                              "nodeType": "YulFunctionCall",
                              "src": "2065:23:7"
                            },
                            "variableNames": [
                              {
                                "name": "result",
                                "nativeSrc": "2055:6:7",
                                "nodeType": "YulIdentifier",
                                "src": "2055:6:7"
                              }
                            ]
                          }
                        ]
                      },
                      "name": "divide_by_32_ceil",
                      "nativeSrc": "2001:93:7",
                      "nodeType": "YulFunctionDefinition",
                      "parameters": [
                        {
                          "name": "value",
                          "nativeSrc": "2028:5:7",
                          "nodeType": "YulTypedName",
                          "src": "2028:5:7",
                          "type": ""
                        }
                      ],
                      "returnVariables": [
                        {
                          "name": "result",
                          "nativeSrc": "2038:6:7",
                          "nodeType": "YulTypedName",
                          "src": "2038:6:7",
                          "type": ""
                        }
                      ],
                      "src": "2001:93:7"
                    },
                    {
                      "body": {
                        "nativeSrc": "2153:54:7",
                        "nodeType": "YulBlock",
                        "src": "2153:54:7",
                        "statements": [
                          {
                            "nativeSrc": "2163:37:7",
                            "nodeType": "YulAssignment",
                            "src": "2163:37:7",
                            "value": {
                              "arguments": [
                                {
                                  "name": "bits",
                                  "nativeSrc": "2188:4:7",
                                  "nodeType": "YulIdentifier",
                                  "src": "2188:4:7"
                                },
                                {
                                  "name": "value",
                                  "nativeSrc": "2194:5:7",
                                  "nodeType": "YulIdentifier",
                                  "src": "2194:5:7"
                                }
                              ],
                              "functionName": {
                                "name": "shl",
                                "nativeSrc": "2184:3:7",
                                "nodeType": "YulIdentifier",
                                "src": "2184:3:7"
                              },
                              "nativeSrc": "2184:16:7",
                              "nodeType": "YulFunctionCall",
                              "src": "2184:16:7"
                            },
                            "variableNames": [
                              {
                                "name": "newValue",
                                "nativeSrc": "2163:8:7",
                                "nodeType": "YulIdentifier",
                                "src": "2163:8:7"
                              }
                            ]
                          }
                        ]
                      },
                      "name": "shift_left_dynamic",
                      "nativeSrc": "2100:107:7",
                      "nodeType": "YulFunctionDefinition",
                      "parameters": [
                        {
                          "name": "bits",
                          "nativeSrc": "2128:4:7",
                          "nodeType": "YulTypedName",
                          "src": "2128:4:7",
                          "type": ""
                        },
                        {
                          "name": "value",
                          "nativeSrc": "2134:5:7",
                          "nodeType": "YulTypedName",
                          "src": "2134:5:7",
                          "type": ""
                        }
                      ],
                      "returnVariables": [
                        {
                          "name": "newValue",
                          "nativeSrc": "2144:8:7",
                          "nodeType": "YulTypedName",
                          "src": "2144:8:7",
                          "type": ""
                        }
                      ],
                      "src": "2100:107:7"
                    },
                    {
                      "body": {
                        "nativeSrc": "2289:317:7",
                        "nodeType": "YulBlock",
                        "src": "2289:317:7",
                        "statements": [
                          {
                            "nativeSrc": "2299:35:7",
                            "nodeType": "YulVariableDeclaration",
                            "src": "2299:35:7",
                            "value": {
                              "arguments": [
                                {
                                  "name": "shiftBytes",
                                  "nativeSrc": "2320:10:7",
                                  "nodeType": "YulIdentifier",
                                  "src": "2320:10:7"
                                },
                                {
                                  "kind": "number",
                                  "nativeSrc": "2332:1:7",
                                  "nodeType": "YulLiteral",
                                  "src": "2332:1:7",
                                  "type": "",
                                  "value": "8"
                                }
                              ],
                              "functionName": {
                                "name": "mul",
                                "nativeSrc": "2316:3:7",
                                "nodeType": "YulIdentifier",
                                "src": "2316:3:7"
                              },
                              "nativeSrc": "2316:18:7",
                              "nodeType": "YulFunctionCall",
                              "src": "2316:18:7"
                            },
                            "variables": [
                              {
                                "name": "shiftBits",
                                "nativeSrc": "2303:9:7",
                                "nodeType": "YulTypedName",
                                "src": "2303:9:7",
                                "type": ""
                              }
                            ]
                          },
                          {
                            "nativeSrc": "2343:109:7",
                            "nodeType": "YulVariableDeclaration",
                            "src": "2343:109:7",
                            "value": {
                              "arguments": [
                                {
                                  "name": "shiftBits",
                                  "nativeSrc": "2374:9:7",
                                  "nodeType": "YulIdentifier",
                                  "src": "2374:9:7"
                                },
                                {
                                  "kind": "number",
                                  "nativeSrc": "2385:66:7",
                                  "nodeType": "YulLiteral",
                                  "src": "2385:66:7",
                                  "type": "",
                                  "value": "0xffffffffffffffffffffffffffffffffffffffffffffffffffffffffffffffff"
                                }
                              ],
                              "functionName": {
                                "name": "shift_left_dynamic",
                                "nativeSrc": "2355:18:7",
                                "nodeType": "YulIdentifier",
                                "src": "2355:18:7"
                              },
                              "nativeSrc": "2355:97:7",
                              "nodeType": "YulFunctionCall",
                              "src": "2355:97:7"
                            },
                            "variables": [
                              {
                                "name": "mask",
                                "nativeSrc": "2347:4:7",
                                "nodeType": "YulTypedName",
                                "src": "2347:4:7",
                                "type": ""
                              }
                            ]
                          },
                          {
                            "nativeSrc": "2461:51:7",
                            "nodeType": "YulAssignment",
                            "src": "2461:51:7",
                            "value": {
                              "arguments": [
                                {
                                  "name": "shiftBits",
                                  "nativeSrc": "2492:9:7",
                                  "nodeType": "YulIdentifier",
                                  "src": "2492:9:7"
                                },
                                {
                                  "name": "toInsert",
                                  "nativeSrc": "2503:8:7",
                                  "nodeType": "YulIdentifier",
                                  "src": "2503:8:7"
                                }
                              ],
                              "functionName": {
                                "name": "shift_left_dynamic",
                                "nativeSrc": "2473:18:7",
                                "nodeType": "YulIdentifier",
                                "src": "2473:18:7"
                              },
                              "nativeSrc": "2473:39:7",
                              "nodeType": "YulFunctionCall",
                              "src": "2473:39:7"
                            },
                            "variableNames": [
                              {
                                "name": "toInsert",
                                "nativeSrc": "2461:8:7",
                                "nodeType": "YulIdentifier",
                                "src": "2461:8:7"
                              }
                            ]
                          },
                          {
                            "nativeSrc": "2521:30:7",
                            "nodeType": "YulAssignment",
                            "src": "2521:30:7",
                            "value": {
                              "arguments": [
                                {
                                  "name": "value",
                                  "nativeSrc": "2534:5:7",
                                  "nodeType": "YulIdentifier",
                                  "src": "2534:5:7"
                                },
                                {
                                  "arguments": [
                                    {
                                      "name": "mask",
                                      "nativeSrc": "2545:4:7",
                                      "nodeType": "YulIdentifier",
                                      "src": "2545:4:7"
                                    }
                                  ],
                                  "functionName": {
                                    "name": "not",
                                    "nativeSrc": "2541:3:7",
                                    "nodeType": "YulIdentifier",
                                    "src": "2541:3:7"
                                  },
                                  "nativeSrc": "2541:9:7",
                                  "nodeType": "YulFunctionCall",
                                  "src": "2541:9:7"
                                }
                              ],
                              "functionName": {
                                "name": "and",
                                "nativeSrc": "2530:3:7",
                                "nodeType": "YulIdentifier",
                                "src": "2530:3:7"
                              },
                              "nativeSrc": "2530:21:7",
                              "nodeType": "YulFunctionCall",
                              "src": "2530:21:7"
                            },
                            "variableNames": [
                              {
                                "name": "value",
                                "nativeSrc": "2521:5:7",
                                "nodeType": "YulIdentifier",
                                "src": "2521:5:7"
                              }
                            ]
                          },
                          {
                            "nativeSrc": "2560:40:7",
                            "nodeType": "YulAssignment",
                            "src": "2560:40:7",
                            "value": {
                              "arguments": [
                                {
                                  "name": "value",
                                  "nativeSrc": "2573:5:7",
                                  "nodeType": "YulIdentifier",
                                  "src": "2573:5:7"
                                },
                                {
                                  "arguments": [
                                    {
                                      "name": "toInsert",
                                      "nativeSrc": "2584:8:7",
                                      "nodeType": "YulIdentifier",
                                      "src": "2584:8:7"
                                    },
                                    {
                                      "name": "mask",
                                      "nativeSrc": "2594:4:7",
                                      "nodeType": "YulIdentifier",
                                      "src": "2594:4:7"
                                    }
                                  ],
                                  "functionName": {
                                    "name": "and",
                                    "nativeSrc": "2580:3:7",
                                    "nodeType": "YulIdentifier",
                                    "src": "2580:3:7"
                                  },
                                  "nativeSrc": "2580:19:7",
                                  "nodeType": "YulFunctionCall",
                                  "src": "2580:19:7"
                                }
                              ],
                              "functionName": {
                                "name": "or",
                                "nativeSrc": "2570:2:7",
                                "nodeType": "YulIdentifier",
                                "src": "2570:2:7"
                              },
                              "nativeSrc": "2570:30:7",
                              "nodeType": "YulFunctionCall",
                              "src": "2570:30:7"
                            },
                            "variableNames": [
                              {
                                "name": "result",
                                "nativeSrc": "2560:6:7",
                                "nodeType": "YulIdentifier",
                                "src": "2560:6:7"
                              }
                            ]
                          }
                        ]
                      },
                      "name": "update_byte_slice_dynamic32",
                      "nativeSrc": "2213:393:7",
                      "nodeType": "YulFunctionDefinition",
                      "parameters": [
                        {
                          "name": "value",
                          "nativeSrc": "2250:5:7",
                          "nodeType": "YulTypedName",
                          "src": "2250:5:7",
                          "type": ""
                        },
                        {
                          "name": "shiftBytes",
                          "nativeSrc": "2257:10:7",
                          "nodeType": "YulTypedName",
                          "src": "2257:10:7",
                          "type": ""
                        },
                        {
                          "name": "toInsert",
                          "nativeSrc": "2269:8:7",
                          "nodeType": "YulTypedName",
                          "src": "2269:8:7",
                          "type": ""
                        }
                      ],
                      "returnVariables": [
                        {
                          "name": "result",
                          "nativeSrc": "2282:6:7",
                          "nodeType": "YulTypedName",
                          "src": "2282:6:7",
                          "type": ""
                        }
                      ],
                      "src": "2213:393:7"
                    },
                    {
                      "body": {
                        "nativeSrc": "2644:28:7",
                        "nodeType": "YulBlock",
                        "src": "2644:28:7",
                        "statements": [
                          {
                            "nativeSrc": "2654:12:7",
                            "nodeType": "YulAssignment",
                            "src": "2654:12:7",
                            "value": {
                              "name": "value",
                              "nativeSrc": "2661:5:7",
                              "nodeType": "YulIdentifier",
                              "src": "2661:5:7"
                            },
                            "variableNames": [
                              {
                                "name": "ret",
                                "nativeSrc": "2654:3:7",
                                "nodeType": "YulIdentifier",
                                "src": "2654:3:7"
                              }
                            ]
                          }
                        ]
                      },
                      "name": "identity",
                      "nativeSrc": "2612:60:7",
                      "nodeType": "YulFunctionDefinition",
                      "parameters": [
                        {
                          "name": "value",
                          "nativeSrc": "2630:5:7",
                          "nodeType": "YulTypedName",
                          "src": "2630:5:7",
                          "type": ""
                        }
                      ],
                      "returnVariables": [
                        {
                          "name": "ret",
                          "nativeSrc": "2640:3:7",
                          "nodeType": "YulTypedName",
                          "src": "2640:3:7",
                          "type": ""
                        }
                      ],
                      "src": "2612:60:7"
                    },
                    {
                      "body": {
                        "nativeSrc": "2738:82:7",
                        "nodeType": "YulBlock",
                        "src": "2738:82:7",
                        "statements": [
                          {
                            "nativeSrc": "2748:66:7",
                            "nodeType": "YulAssignment",
                            "src": "2748:66:7",
                            "value": {
                              "arguments": [
                                {
                                  "arguments": [
                                    {
                                      "arguments": [
                                        {
                                          "name": "value",
                                          "nativeSrc": "2806:5:7",
                                          "nodeType": "YulIdentifier",
                                          "src": "2806:5:7"
                                        }
                                      ],
                                      "functionName": {
                                        "name": "cleanup_t_uint256",
                                        "nativeSrc": "2788:17:7",
                                        "nodeType": "YulIdentifier",
                                        "src": "2788:17:7"
                                      },
                                      "nativeSrc": "2788:24:7",
                                      "nodeType": "YulFunctionCall",
                                      "src": "2788:24:7"
                                    }
                                  ],
                                  "functionName": {
                                    "name": "identity",
                                    "nativeSrc": "2779:8:7",
                                    "nodeType": "YulIdentifier",
                                    "src": "2779:8:7"
                                  },
                                  "nativeSrc": "2779:34:7",
                                  "nodeType": "YulFunctionCall",
                                  "src": "2779:34:7"
                                }
                              ],
                              "functionName": {
                                "name": "cleanup_t_uint256",
                                "nativeSrc": "2761:17:7",
                                "nodeType": "YulIdentifier",
                                "src": "2761:17:7"
                              },
                              "nativeSrc": "2761:53:7",
                              "nodeType": "YulFunctionCall",
                              "src": "2761:53:7"
                            },
                            "variableNames": [
                              {
                                "name": "converted",
                                "nativeSrc": "2748:9:7",
                                "nodeType": "YulIdentifier",
                                "src": "2748:9:7"
                              }
                            ]
                          }
                        ]
                      },
                      "name": "convert_t_uint256_to_t_uint256",
                      "nativeSrc": "2678:142:7",
                      "nodeType": "YulFunctionDefinition",
                      "parameters": [
                        {
                          "name": "value",
                          "nativeSrc": "2718:5:7",
                          "nodeType": "YulTypedName",
                          "src": "2718:5:7",
                          "type": ""
                        }
                      ],
                      "returnVariables": [
                        {
                          "name": "converted",
                          "nativeSrc": "2728:9:7",
                          "nodeType": "YulTypedName",
                          "src": "2728:9:7",
                          "type": ""
                        }
                      ],
                      "src": "2678:142:7"
                    },
                    {
                      "body": {
                        "nativeSrc": "2873:28:7",
                        "nodeType": "YulBlock",
                        "src": "2873:28:7",
                        "statements": [
                          {
                            "nativeSrc": "2883:12:7",
                            "nodeType": "YulAssignment",
                            "src": "2883:12:7",
                            "value": {
                              "name": "value",
                              "nativeSrc": "2890:5:7",
                              "nodeType": "YulIdentifier",
                              "src": "2890:5:7"
                            },
                            "variableNames": [
                              {
                                "name": "ret",
                                "nativeSrc": "2883:3:7",
                                "nodeType": "YulIdentifier",
                                "src": "2883:3:7"
                              }
                            ]
                          }
                        ]
                      },
                      "name": "prepare_store_t_uint256",
                      "nativeSrc": "2826:75:7",
                      "nodeType": "YulFunctionDefinition",
                      "parameters": [
                        {
                          "name": "value",
                          "nativeSrc": "2859:5:7",
                          "nodeType": "YulTypedName",
                          "src": "2859:5:7",
                          "type": ""
                        }
                      ],
                      "returnVariables": [
                        {
                          "name": "ret",
                          "nativeSrc": "2869:3:7",
                          "nodeType": "YulTypedName",
                          "src": "2869:3:7",
                          "type": ""
                        }
                      ],
                      "src": "2826:75:7"
                    },
                    {
                      "body": {
                        "nativeSrc": "2983:193:7",
                        "nodeType": "YulBlock",
                        "src": "2983:193:7",
                        "statements": [
                          {
                            "nativeSrc": "2993:63:7",
                            "nodeType": "YulVariableDeclaration",
                            "src": "2993:63:7",
                            "value": {
                              "arguments": [
                                {
                                  "name": "value_0",
                                  "nativeSrc": "3048:7:7",
                                  "nodeType": "YulIdentifier",
                                  "src": "3048:7:7"
                                }
                              ],
                              "functionName": {
                                "name": "convert_t_uint256_to_t_uint256",
                                "nativeSrc": "3017:30:7",
                                "nodeType": "YulIdentifier",
                                "src": "3017:30:7"
                              },
                              "nativeSrc": "3017:39:7",
                              "nodeType": "YulFunctionCall",
                              "src": "3017:39:7"
                            },
                            "variables": [
                              {
                                "name": "convertedValue_0",
                                "nativeSrc": "2997:16:7",
                                "nodeType": "YulTypedName",
                                "src": "2997:16:7",
                                "type": ""
                              }
                            ]
                          },
                          {
                            "expression": {
                              "arguments": [
                                {
                                  "name": "slot",
                                  "nativeSrc": "3072:4:7",
                                  "nodeType": "YulIdentifier",
                                  "src": "3072:4:7"
                                },
                                {
                                  "arguments": [
                                    {
                                      "arguments": [
                                        {
                                          "name": "slot",
                                          "nativeSrc": "3112:4:7",
                                          "nodeType": "YulIdentifier",
                                          "src": "3112:4:7"
                                        }
                                      ],
                                      "functionName": {
                                        "name": "sload",
                                        "nativeSrc": "3106:5:7",
                                        "nodeType": "YulIdentifier",
                                        "src": "3106:5:7"
                                      },
                                      "nativeSrc": "3106:11:7",
                                      "nodeType": "YulFunctionCall",
                                      "src": "3106:11:7"
                                    },
                                    {
                                      "name": "offset",
                                      "nativeSrc": "3119:6:7",
                                      "nodeType": "YulIdentifier",
                                      "src": "3119:6:7"
                                    },
                                    {
                                      "arguments": [
                                        {
                                          "name": "convertedValue_0",
                                          "nativeSrc": "3151:16:7",
                                          "nodeType": "YulIdentifier",
                                          "src": "3151:16:7"
                                        }
                                      ],
                                      "functionName": {
                                        "name": "prepare_store_t_uint256",
                                        "nativeSrc": "3127:23:7",
                                        "nodeType": "YulIdentifier",
                                        "src": "3127:23:7"
                                      },
                                      "nativeSrc": "3127:41:7",
                                      "nodeType": "YulFunctionCall",
                                      "src": "3127:41:7"
                                    }
                                  ],
                                  "functionName": {
                                    "name": "update_byte_slice_dynamic32",
                                    "nativeSrc": "3078:27:7",
                                    "nodeType": "YulIdentifier",
                                    "src": "3078:27:7"
                                  },
                                  "nativeSrc": "3078:91:7",
                                  "nodeType": "YulFunctionCall",
                                  "src": "3078:91:7"
                                }
                              ],
                              "functionName": {
                                "name": "sstore",
                                "nativeSrc": "3065:6:7",
                                "nodeType": "YulIdentifier",
                                "src": "3065:6:7"
                              },
                              "nativeSrc": "3065:105:7",
                              "nodeType": "YulFunctionCall",
                              "src": "3065:105:7"
                            },
                            "nativeSrc": "3065:105:7",
                            "nodeType": "YulExpressionStatement",
                            "src": "3065:105:7"
                          }
                        ]
                      },
                      "name": "update_storage_value_t_uint256_to_t_uint256",
                      "nativeSrc": "2907:269:7",
                      "nodeType": "YulFunctionDefinition",
                      "parameters": [
                        {
                          "name": "slot",
                          "nativeSrc": "2960:4:7",
                          "nodeType": "YulTypedName",
                          "src": "2960:4:7",
                          "type": ""
                        },
                        {
                          "name": "offset",
                          "nativeSrc": "2966:6:7",
                          "nodeType": "YulTypedName",
                          "src": "2966:6:7",
                          "type": ""
                        },
                        {
                          "name": "value_0",
                          "nativeSrc": "2974:7:7",
                          "nodeType": "YulTypedName",
                          "src": "2974:7:7",
                          "type": ""
                        }
                      ],
                      "src": "2907:269:7"
                    },
                    {
                      "body": {
                        "nativeSrc": "3231:24:7",
                        "nodeType": "YulBlock",
                        "src": "3231:24:7",
                        "statements": [
                          {
                            "nativeSrc": "3241:8:7",
                            "nodeType": "YulAssignment",
                            "src": "3241:8:7",
                            "value": {
                              "kind": "number",
                              "nativeSrc": "3248:1:7",
                              "nodeType": "YulLiteral",
                              "src": "3248:1:7",
                              "type": "",
                              "value": "0"
                            },
                            "variableNames": [
                              {
                                "name": "ret",
                                "nativeSrc": "3241:3:7",
                                "nodeType": "YulIdentifier",
                                "src": "3241:3:7"
                              }
                            ]
                          }
                        ]
                      },
                      "name": "zero_value_for_split_t_uint256",
                      "nativeSrc": "3182:73:7",
                      "nodeType": "YulFunctionDefinition",
                      "returnVariables": [
                        {
                          "name": "ret",
                          "nativeSrc": "3227:3:7",
                          "nodeType": "YulTypedName",
                          "src": "3227:3:7",
                          "type": ""
                        }
                      ],
                      "src": "3182:73:7"
                    },
                    {
                      "body": {
                        "nativeSrc": "3314:136:7",
                        "nodeType": "YulBlock",
                        "src": "3314:136:7",
                        "statements": [
                          {
                            "nativeSrc": "3324:46:7",
                            "nodeType": "YulVariableDeclaration",
                            "src": "3324:46:7",
                            "value": {
                              "arguments": [],
                              "functionName": {
                                "name": "zero_value_for_split_t_uint256",
                                "nativeSrc": "3338:30:7",
                                "nodeType": "YulIdentifier",
                                "src": "3338:30:7"
                              },
                              "nativeSrc": "3338:32:7",
                              "nodeType": "YulFunctionCall",
                              "src": "3338:32:7"
                            },
                            "variables": [
                              {
                                "name": "zero_0",
                                "nativeSrc": "3328:6:7",
                                "nodeType": "YulTypedName",
                                "src": "3328:6:7",
                                "type": ""
                              }
                            ]
                          },
                          {
                            "expression": {
                              "arguments": [
                                {
                                  "name": "slot",
                                  "nativeSrc": "3423:4:7",
                                  "nodeType": "YulIdentifier",
                                  "src": "3423:4:7"
                                },
                                {
                                  "name": "offset",
                                  "nativeSrc": "3429:6:7",
                                  "nodeType": "YulIdentifier",
                                  "src": "3429:6:7"
                                },
                                {
                                  "name": "zero_0",
                                  "nativeSrc": "3437:6:7",
                                  "nodeType": "YulIdentifier",
                                  "src": "3437:6:7"
                                }
                              ],
                              "functionName": {
                                "name": "update_storage_value_t_uint256_to_t_uint256",
                                "nativeSrc": "3379:43:7",
                                "nodeType": "YulIdentifier",
                                "src": "3379:43:7"
                              },
                              "nativeSrc": "3379:65:7",
                              "nodeType": "YulFunctionCall",
                              "src": "3379:65:7"
                            },
                            "nativeSrc": "3379:65:7",
                            "nodeType": "YulExpressionStatement",
                            "src": "3379:65:7"
                          }
                        ]
                      },
                      "name": "storage_set_to_zero_t_uint256",
                      "nativeSrc": "3261:189:7",
                      "nodeType": "YulFunctionDefinition",
                      "parameters": [
                        {
                          "name": "slot",
                          "nativeSrc": "3300:4:7",
                          "nodeType": "YulTypedName",
                          "src": "3300:4:7",
                          "type": ""
                        },
                        {
                          "name": "offset",
                          "nativeSrc": "3306:6:7",
                          "nodeType": "YulTypedName",
                          "src": "3306:6:7",
                          "type": ""
                        }
                      ],
                      "src": "3261:189:7"
                    },
                    {
                      "body": {
                        "nativeSrc": "3506:136:7",
                        "nodeType": "YulBlock",
                        "src": "3506:136:7",
                        "statements": [
                          {
                            "body": {
                              "nativeSrc": "3573:63:7",
                              "nodeType": "YulBlock",
                              "src": "3573:63:7",
                              "statements": [
                                {
                                  "expression": {
                                    "arguments": [
                                      {
                                        "name": "start",
                                        "nativeSrc": "3617:5:7",
                                        "nodeType": "YulIdentifier",
                                        "src": "3617:5:7"
                                      },
                                      {
                                        "kind": "number",
                                        "nativeSrc": "3624:1:7",
                                        "nodeType": "YulLiteral",
                                        "src": "3624:1:7",
                                        "type": "",
                                        "value": "0"
                                      }
                                    ],
                                    "functionName": {
                                      "name": "storage_set_to_zero_t_uint256",
                                      "nativeSrc": "3587:29:7",
                                      "nodeType": "YulIdentifier",
                                      "src": "3587:29:7"
                                    },
                                    "nativeSrc": "3587:39:7",
                                    "nodeType": "YulFunctionCall",
                                    "src": "3587:39:7"
                                  },
                                  "nativeSrc": "3587:39:7",
                                  "nodeType": "YulExpressionStatement",
                                  "src": "3587:39:7"
                                }
                              ]
                            },
                            "condition": {
                              "arguments": [
                                {
                                  "name": "start",
                                  "nativeSrc": "3526:5:7",
                                  "nodeType": "YulIdentifier",
                                  "src": "3526:5:7"
                                },
                                {
                                  "name": "end",
                                  "nativeSrc": "3533:3:7",
                                  "nodeType": "YulIdentifier",
                                  "src": "3533:3:7"
                                }
                              ],
                              "functionName": {
                                "name": "lt",
                                "nativeSrc": "3523:2:7",
                                "nodeType": "YulIdentifier",
                                "src": "3523:2:7"
                              },
                              "nativeSrc": "3523:14:7",
                              "nodeType": "YulFunctionCall",
                              "src": "3523:14:7"
                            },
                            "nativeSrc": "3516:120:7",
                            "nodeType": "YulForLoop",
                            "post": {
                              "nativeSrc": "3538:26:7",
                              "nodeType": "YulBlock",
                              "src": "3538:26:7",
                              "statements": [
                                {
                                  "nativeSrc": "3540:22:7",
                                  "nodeType": "YulAssignment",
                                  "src": "3540:22:7",
                                  "value": {
                                    "arguments": [
                                      {
                                        "name": "start",
                                        "nativeSrc": "3553:5:7",
                                        "nodeType": "YulIdentifier",
                                        "src": "3553:5:7"
                                      },
                                      {
                                        "kind": "number",
                                        "nativeSrc": "3560:1:7",
                                        "nodeType": "YulLiteral",
                                        "src": "3560:1:7",
                                        "type": "",
                                        "value": "1"
                                      }
                                    ],
                                    "functionName": {
                                      "name": "add",
                                      "nativeSrc": "3549:3:7",
                                      "nodeType": "YulIdentifier",
                                      "src": "3549:3:7"
                                    },
                                    "nativeSrc": "3549:13:7",
                                    "nodeType": "YulFunctionCall",
                                    "src": "3549:13:7"
                                  },
                                  "variableNames": [
                                    {
                                      "name": "start",
                                      "nativeSrc": "3540:5:7",
                                      "nodeType": "YulIdentifier",
                                      "src": "3540:5:7"
                                    }
                                  ]
                                }
                              ]
                            },
                            "pre": {
                              "nativeSrc": "3520:2:7",
                              "nodeType": "YulBlock",
                              "src": "3520:2:7",
                              "statements": []
                            },
                            "src": "3516:120:7"
                          }
                        ]
                      },
                      "name": "clear_storage_range_t_bytes1",
                      "nativeSrc": "3456:186:7",
                      "nodeType": "YulFunctionDefinition",
                      "parameters": [
                        {
                          "name": "start",
                          "nativeSrc": "3494:5:7",
                          "nodeType": "YulTypedName",
                          "src": "3494:5:7",
                          "type": ""
                        },
                        {
                          "name": "end",
                          "nativeSrc": "3501:3:7",
                          "nodeType": "YulTypedName",
                          "src": "3501:3:7",
                          "type": ""
                        }
                      ],
                      "src": "3456:186:7"
                    },
                    {
                      "body": {
                        "nativeSrc": "3727:464:7",
                        "nodeType": "YulBlock",
                        "src": "3727:464:7",
                        "statements": [
                          {
                            "body": {
                              "nativeSrc": "3753:431:7",
                              "nodeType": "YulBlock",
                              "src": "3753:431:7",
                              "statements": [
                                {
                                  "nativeSrc": "3767:54:7",
                                  "nodeType": "YulVariableDeclaration",
                                  "src": "3767:54:7",
                                  "value": {
                                    "arguments": [
                                      {
                                        "name": "array",
                                        "nativeSrc": "3815:5:7",
                                        "nodeType": "YulIdentifier",
                                        "src": "3815:5:7"
                                      }
                                    ],
                                    "functionName": {
                                      "name": "array_dataslot_t_string_storage",
                                      "nativeSrc": "3783:31:7",
                                      "nodeType": "YulIdentifier",
                                      "src": "3783:31:7"
                                    },
                                    "nativeSrc": "3783:38:7",
                                    "nodeType": "YulFunctionCall",
                                    "src": "3783:38:7"
                                  },
                                  "variables": [
                                    {
                                      "name": "dataArea",
                                      "nativeSrc": "3771:8:7",
                                      "nodeType": "YulTypedName",
                                      "src": "3771:8:7",
                                      "type": ""
                                    }
                                  ]
                                },
                                {
                                  "nativeSrc": "3834:63:7",
                                  "nodeType": "YulVariableDeclaration",
                                  "src": "3834:63:7",
                                  "value": {
                                    "arguments": [
                                      {
                                        "name": "dataArea",
                                        "nativeSrc": "3857:8:7",
                                        "nodeType": "YulIdentifier",
                                        "src": "3857:8:7"
                                      },
                                      {
                                        "arguments": [
                                          {
                                            "name": "startIndex",
                                            "nativeSrc": "3885:10:7",
                                            "nodeType": "YulIdentifier",
                                            "src": "3885:10:7"
                                          }
                                        ],
                                        "functionName": {
                                          "name": "divide_by_32_ceil",
                                          "nativeSrc": "3867:17:7",
                                          "nodeType": "YulIdentifier",
                                          "src": "3867:17:7"
                                        },
                                        "nativeSrc": "3867:29:7",
                                        "nodeType": "YulFunctionCall",
                                        "src": "3867:29:7"
                                      }
                                    ],
                                    "functionName": {
                                      "name": "add",
                                      "nativeSrc": "3853:3:7",
                                      "nodeType": "YulIdentifier",
                                      "src": "3853:3:7"
                                    },
                                    "nativeSrc": "3853:44:7",
                                    "nodeType": "YulFunctionCall",
                                    "src": "3853:44:7"
                                  },
                                  "variables": [
                                    {
                                      "name": "deleteStart",
                                      "nativeSrc": "3838:11:7",
                                      "nodeType": "YulTypedName",
                                      "src": "3838:11:7",
                                      "type": ""
                                    }
                                  ]
                                },
                                {
                                  "body": {
                                    "nativeSrc": "4054:27:7",
                                    "nodeType": "YulBlock",
                                    "src": "4054:27:7",
                                    "statements": [
                                      {
                                        "nativeSrc": "4056:23:7",
                                        "nodeType": "YulAssignment",
                                        "src": "4056:23:7",
                                        "value": {
                                          "name": "dataArea",
                                          "nativeSrc": "4071:8:7",
                                          "nodeType": "YulIdentifier",
                                          "src": "4071:8:7"
                                        },
                                        "variableNames": [
                                          {
                                            "name": "deleteStart",
                                            "nativeSrc": "4056:11:7",
                                            "nodeType": "YulIdentifier",
                                            "src": "4056:11:7"
                                          }
                                        ]
                                      }
                                    ]
                                  },
                                  "condition": {
                                    "arguments": [
                                      {
                                        "name": "startIndex",
                                        "nativeSrc": "4038:10:7",
                                        "nodeType": "YulIdentifier",
                                        "src": "4038:10:7"
                                      },
                                      {
                                        "kind": "number",
                                        "nativeSrc": "4050:2:7",
                                        "nodeType": "YulLiteral",
                                        "src": "4050:2:7",
                                        "type": "",
                                        "value": "32"
                                      }
                                    ],
                                    "functionName": {
                                      "name": "lt",
                                      "nativeSrc": "4035:2:7",
                                      "nodeType": "YulIdentifier",
                                      "src": "4035:2:7"
                                    },
                                    "nativeSrc": "4035:18:7",
                                    "nodeType": "YulFunctionCall",
                                    "src": "4035:18:7"
                                  },
                                  "nativeSrc": "4032:49:7",
                                  "nodeType": "YulIf",
                                  "src": "4032:49:7"
                                },
                                {
                                  "expression": {
                                    "arguments": [
                                      {
                                        "name": "deleteStart",
                                        "nativeSrc": "4123:11:7",
                                        "nodeType": "YulIdentifier",
                                        "src": "4123:11:7"
                                      },
                                      {
                                        "arguments": [
                                          {
                                            "name": "dataArea",
                                            "nativeSrc": "4140:8:7",
                                            "nodeType": "YulIdentifier",
                                            "src": "4140:8:7"
                                          },
                                          {
                                            "arguments": [
                                              {
                                                "name": "len",
                                                "nativeSrc": "4168:3:7",
                                                "nodeType": "YulIdentifier",
                                                "src": "4168:3:7"
                                              }
                                            ],
                                            "functionName": {
                                              "name": "divide_by_32_ceil",
                                              "nativeSrc": "4150:17:7",
                                              "nodeType": "YulIdentifier",
                                              "src": "4150:17:7"
                                            },
                                            "nativeSrc": "4150:22:7",
                                            "nodeType": "YulFunctionCall",
                                            "src": "4150:22:7"
                                          }
                                        ],
                                        "functionName": {
                                          "name": "add",
                                          "nativeSrc": "4136:3:7",
                                          "nodeType": "YulIdentifier",
                                          "src": "4136:3:7"
                                        },
                                        "nativeSrc": "4136:37:7",
                                        "nodeType": "YulFunctionCall",
                                        "src": "4136:37:7"
                                      }
                                    ],
                                    "functionName": {
                                      "name": "clear_storage_range_t_bytes1",
                                      "nativeSrc": "4094:28:7",
                                      "nodeType": "YulIdentifier",
                                      "src": "4094:28:7"
                                    },
                                    "nativeSrc": "4094:80:7",
                                    "nodeType": "YulFunctionCall",
                                    "src": "4094:80:7"
                                  },
                                  "nativeSrc": "4094:80:7",
                                  "nodeType": "YulExpressionStatement",
                                  "src": "4094:80:7"
                                }
                              ]
                            },
                            "condition": {
                              "arguments": [
                                {
                                  "name": "len",
                                  "nativeSrc": "3744:3:7",
                                  "nodeType": "YulIdentifier",
                                  "src": "3744:3:7"
                                },
                                {
                                  "kind": "number",
                                  "nativeSrc": "3749:2:7",
                                  "nodeType": "YulLiteral",
                                  "src": "3749:2:7",
                                  "type": "",
                                  "value": "31"
                                }
                              ],
                              "functionName": {
                                "name": "gt",
                                "nativeSrc": "3741:2:7",
                                "nodeType": "YulIdentifier",
                                "src": "3741:2:7"
                              },
                              "nativeSrc": "3741:11:7",
                              "nodeType": "YulFunctionCall",
                              "src": "3741:11:7"
                            },
                            "nativeSrc": "3738:446:7",
                            "nodeType": "YulIf",
                            "src": "3738:446:7"
                          }
                        ]
                      },
                      "name": "clean_up_bytearray_end_slots_t_string_storage",
                      "nativeSrc": "3648:543:7",
                      "nodeType": "YulFunctionDefinition",
                      "parameters": [
                        {
                          "name": "array",
                          "nativeSrc": "3703:5:7",
                          "nodeType": "YulTypedName",
                          "src": "3703:5:7",
                          "type": ""
                        },
                        {
                          "name": "len",
                          "nativeSrc": "3710:3:7",
                          "nodeType": "YulTypedName",
                          "src": "3710:3:7",
                          "type": ""
                        },
                        {
                          "name": "startIndex",
                          "nativeSrc": "3715:10:7",
                          "nodeType": "YulTypedName",
                          "src": "3715:10:7",
                          "type": ""
                        }
                      ],
                      "src": "3648:543:7"
                    },
                    {
                      "body": {
                        "nativeSrc": "4260:54:7",
                        "nodeType": "YulBlock",
                        "src": "4260:54:7",
                        "statements": [
                          {
                            "nativeSrc": "4270:37:7",
                            "nodeType": "YulAssignment",
                            "src": "4270:37:7",
                            "value": {
                              "arguments": [
                                {
                                  "name": "bits",
                                  "nativeSrc": "4295:4:7",
                                  "nodeType": "YulIdentifier",
                                  "src": "4295:4:7"
                                },
                                {
                                  "name": "value",
                                  "nativeSrc": "4301:5:7",
                                  "nodeType": "YulIdentifier",
                                  "src": "4301:5:7"
                                }
                              ],
                              "functionName": {
                                "name": "shr",
                                "nativeSrc": "4291:3:7",
                                "nodeType": "YulIdentifier",
                                "src": "4291:3:7"
                              },
                              "nativeSrc": "4291:16:7",
                              "nodeType": "YulFunctionCall",
                              "src": "4291:16:7"
                            },
                            "variableNames": [
                              {
                                "name": "newValue",
                                "nativeSrc": "4270:8:7",
                                "nodeType": "YulIdentifier",
                                "src": "4270:8:7"
                              }
                            ]
                          }
                        ]
                      },
                      "name": "shift_right_unsigned_dynamic",
                      "nativeSrc": "4197:117:7",
                      "nodeType": "YulFunctionDefinition",
                      "parameters": [
                        {
                          "name": "bits",
                          "nativeSrc": "4235:4:7",
                          "nodeType": "YulTypedName",
                          "src": "4235:4:7",
                          "type": ""
                        },
                        {
                          "name": "value",
                          "nativeSrc": "4241:5:7",
                          "nodeType": "YulTypedName",
                          "src": "4241:5:7",
                          "type": ""
                        }
                      ],
                      "returnVariables": [
                        {
                          "name": "newValue",
                          "nativeSrc": "4251:8:7",
                          "nodeType": "YulTypedName",
                          "src": "4251:8:7",
                          "type": ""
                        }
                      ],
                      "src": "4197:117:7"
                    },
                    {
                      "body": {
                        "nativeSrc": "4371:118:7",
                        "nodeType": "YulBlock",
                        "src": "4371:118:7",
                        "statements": [
                          {
                            "nativeSrc": "4381:68:7",
                            "nodeType": "YulVariableDeclaration",
                            "src": "4381:68:7",
                            "value": {
                              "arguments": [
                                {
                                  "arguments": [
                                    {
                                      "arguments": [
                                        {
                                          "kind": "number",
                                          "nativeSrc": "4430:1:7",
                                          "nodeType": "YulLiteral",
                                          "src": "4430:1:7",
                                          "type": "",
                                          "value": "8"
                                        },
                                        {
                                          "name": "bytes",
                                          "nativeSrc": "4433:5:7",
                                          "nodeType": "YulIdentifier",
                                          "src": "4433:5:7"
                                        }
                                      ],
                                      "functionName": {
                                        "name": "mul",
                                        "nativeSrc": "4426:3:7",
                                        "nodeType": "YulIdentifier",
                                        "src": "4426:3:7"
                                      },
                                      "nativeSrc": "4426:13:7",
                                      "nodeType": "YulFunctionCall",
                                      "src": "4426:13:7"
                                    },
                                    {
                                      "arguments": [
                                        {
                                          "kind": "number",
                                          "nativeSrc": "4445:1:7",
                                          "nodeType": "YulLiteral",
                                          "src": "4445:1:7",
                                          "type": "",
                                          "value": "0"
                                        }
                                      ],
                                      "functionName": {
                                        "name": "not",
                                        "nativeSrc": "4441:3:7",
                                        "nodeType": "YulIdentifier",
                                        "src": "4441:3:7"
                                      },
                                      "nativeSrc": "4441:6:7",
                                      "nodeType": "YulFunctionCall",
                                      "src": "4441:6:7"
                                    }
                                  ],
                                  "functionName": {
                                    "name": "shift_right_unsigned_dynamic",
                                    "nativeSrc": "4397:28:7",
                                    "nodeType": "YulIdentifier",
                                    "src": "4397:28:7"
                                  },
                                  "nativeSrc": "4397:51:7",
                                  "nodeType": "YulFunctionCall",
                                  "src": "4397:51:7"
                                }
                              ],
                              "functionName": {
                                "name": "not",
                                "nativeSrc": "4393:3:7",
                                "nodeType": "YulIdentifier",
                                "src": "4393:3:7"
                              },
                              "nativeSrc": "4393:56:7",
                              "nodeType": "YulFunctionCall",
                              "src": "4393:56:7"
                            },
                            "variables": [
                              {
                                "name": "mask",
                                "nativeSrc": "4385:4:7",
                                "nodeType": "YulTypedName",
                                "src": "4385:4:7",
                                "type": ""
                              }
                            ]
                          },
                          {
                            "nativeSrc": "4458:25:7",
                            "nodeType": "YulAssignment",
                            "src": "4458:25:7",
                            "value": {
                              "arguments": [
                                {
                                  "name": "data",
                                  "nativeSrc": "4472:4:7",
                                  "nodeType": "YulIdentifier",
                                  "src": "4472:4:7"
                                },
                                {
                                  "name": "mask",
                                  "nativeSrc": "4478:4:7",
                                  "nodeType": "YulIdentifier",
                                  "src": "4478:4:7"
                                }
                              ],
                              "functionName": {
                                "name": "and",
                                "nativeSrc": "4468:3:7",
                                "nodeType": "YulIdentifier",
                                "src": "4468:3:7"
                              },
                              "nativeSrc": "4468:15:7",
                              "nodeType": "YulFunctionCall",
                              "src": "4468:15:7"
                            },
                            "variableNames": [
                              {
                                "name": "result",
                                "nativeSrc": "4458:6:7",
                                "nodeType": "YulIdentifier",
                                "src": "4458:6:7"
                              }
                            ]
                          }
                        ]
                      },
                      "name": "mask_bytes_dynamic",
                      "nativeSrc": "4320:169:7",
                      "nodeType": "YulFunctionDefinition",
                      "parameters": [
                        {
                          "name": "data",
                          "nativeSrc": "4348:4:7",
                          "nodeType": "YulTypedName",
                          "src": "4348:4:7",
                          "type": ""
                        },
                        {
                          "name": "bytes",
                          "nativeSrc": "4354:5:7",
                          "nodeType": "YulTypedName",
                          "src": "4354:5:7",
                          "type": ""
                        }
                      ],
                      "returnVariables": [
                        {
                          "name": "result",
                          "nativeSrc": "4364:6:7",
                          "nodeType": "YulTypedName",
                          "src": "4364:6:7",
                          "type": ""
                        }
                      ],
                      "src": "4320:169:7"
                    },
                    {
                      "body": {
                        "nativeSrc": "4575:214:7",
                        "nodeType": "YulBlock",
                        "src": "4575:214:7",
                        "statements": [
                          {
                            "nativeSrc": "4708:37:7",
                            "nodeType": "YulAssignment",
                            "src": "4708:37:7",
                            "value": {
                              "arguments": [
                                {
                                  "name": "data",
                                  "nativeSrc": "4735:4:7",
                                  "nodeType": "YulIdentifier",
                                  "src": "4735:4:7"
                                },
                                {
                                  "name": "len",
                                  "nativeSrc": "4741:3:7",
                                  "nodeType": "YulIdentifier",
                                  "src": "4741:3:7"
                                }
                              ],
                              "functionName": {
                                "name": "mask_bytes_dynamic",
                                "nativeSrc": "4716:18:7",
                                "nodeType": "YulIdentifier",
                                "src": "4716:18:7"
                              },
                              "nativeSrc": "4716:29:7",
                              "nodeType": "YulFunctionCall",
                              "src": "4716:29:7"
                            },
                            "variableNames": [
                              {
                                "name": "data",
                                "nativeSrc": "4708:4:7",
                                "nodeType": "YulIdentifier",
                                "src": "4708:4:7"
                              }
                            ]
                          },
                          {
                            "nativeSrc": "4754:29:7",
                            "nodeType": "YulAssignment",
                            "src": "4754:29:7",
                            "value": {
                              "arguments": [
                                {
                                  "name": "data",
                                  "nativeSrc": "4765:4:7",
                                  "nodeType": "YulIdentifier",
                                  "src": "4765:4:7"
                                },
                                {
                                  "arguments": [
                                    {
                                      "kind": "number",
                                      "nativeSrc": "4775:1:7",
                                      "nodeType": "YulLiteral",
                                      "src": "4775:1:7",
                                      "type": "",
                                      "value": "2"
                                    },
                                    {
                                      "name": "len",
                                      "nativeSrc": "4778:3:7",
                                      "nodeType": "YulIdentifier",
                                      "src": "4778:3:7"
                                    }
                                  ],
                                  "functionName": {
                                    "name": "mul",
                                    "nativeSrc": "4771:3:7",
                                    "nodeType": "YulIdentifier",
                                    "src": "4771:3:7"
                                  },
                                  "nativeSrc": "4771:11:7",
                                  "nodeType": "YulFunctionCall",
                                  "src": "4771:11:7"
                                }
                              ],
                              "functionName": {
                                "name": "or",
                                "nativeSrc": "4762:2:7",
                                "nodeType": "YulIdentifier",
                                "src": "4762:2:7"
                              },
                              "nativeSrc": "4762:21:7",
                              "nodeType": "YulFunctionCall",
                              "src": "4762:21:7"
                            },
                            "variableNames": [
                              {
                                "name": "used",
                                "nativeSrc": "4754:4:7",
                                "nodeType": "YulIdentifier",
                                "src": "4754:4:7"
                              }
                            ]
                          }
                        ]
                      },
                      "name": "extract_used_part_and_set_length_of_short_byte_array",
                      "nativeSrc": "4494:295:7",
                      "nodeType": "YulFunctionDefinition",
                      "parameters": [
                        {
                          "name": "data",
                          "nativeSrc": "4556:4:7",
                          "nodeType": "YulTypedName",
                          "src": "4556:4:7",
                          "type": ""
                        },
                        {
                          "name": "len",
                          "nativeSrc": "4562:3:7",
                          "nodeType": "YulTypedName",
                          "src": "4562:3:7",
                          "type": ""
                        }
                      ],
                      "returnVariables": [
                        {
                          "name": "used",
                          "nativeSrc": "4570:4:7",
                          "nodeType": "YulTypedName",
                          "src": "4570:4:7",
                          "type": ""
                        }
                      ],
                      "src": "4494:295:7"
                    },
                    {
                      "body": {
                        "nativeSrc": "4886:1303:7",
                        "nodeType": "YulBlock",
                        "src": "4886:1303:7",
                        "statements": [
                          {
                            "nativeSrc": "4897:51:7",
                            "nodeType": "YulVariableDeclaration",
                            "src": "4897:51:7",
                            "value": {
                              "arguments": [
                                {
                                  "name": "src",
                                  "nativeSrc": "4944:3:7",
                                  "nodeType": "YulIdentifier",
                                  "src": "4944:3:7"
                                }
                              ],
                              "functionName": {
                                "name": "array_length_t_string_memory_ptr",
                                "nativeSrc": "4911:32:7",
                                "nodeType": "YulIdentifier",
                                "src": "4911:32:7"
                              },
                              "nativeSrc": "4911:37:7",
                              "nodeType": "YulFunctionCall",
                              "src": "4911:37:7"
                            },
                            "variables": [
                              {
                                "name": "newLen",
                                "nativeSrc": "4901:6:7",
                                "nodeType": "YulTypedName",
                                "src": "4901:6:7",
                                "type": ""
                              }
                            ]
                          },
                          {
                            "body": {
                              "nativeSrc": "5033:22:7",
                              "nodeType": "YulBlock",
                              "src": "5033:22:7",
                              "statements": [
                                {
                                  "expression": {
                                    "arguments": [],
                                    "functionName": {
                                      "name": "panic_error_0x41",
                                      "nativeSrc": "5035:16:7",
                                      "nodeType": "YulIdentifier",
                                      "src": "5035:16:7"
                                    },
                                    "nativeSrc": "5035:18:7",
                                    "nodeType": "YulFunctionCall",
                                    "src": "5035:18:7"
                                  },
                                  "nativeSrc": "5035:18:7",
                                  "nodeType": "YulExpressionStatement",
                                  "src": "5035:18:7"
                                }
                              ]
                            },
                            "condition": {
                              "arguments": [
                                {
                                  "name": "newLen",
                                  "nativeSrc": "5005:6:7",
                                  "nodeType": "YulIdentifier",
                                  "src": "5005:6:7"
                                },
                                {
                                  "kind": "number",
                                  "nativeSrc": "5013:18:7",
                                  "nodeType": "YulLiteral",
                                  "src": "5013:18:7",
                                  "type": "",
                                  "value": "0xffffffffffffffff"
                                }
                              ],
                              "functionName": {
                                "name": "gt",
                                "nativeSrc": "5002:2:7",
                                "nodeType": "YulIdentifier",
                                "src": "5002:2:7"
                              },
                              "nativeSrc": "5002:30:7",
                              "nodeType": "YulFunctionCall",
                              "src": "5002:30:7"
                            },
                            "nativeSrc": "4999:56:7",
                            "nodeType": "YulIf",
                            "src": "4999:56:7"
                          },
                          {
                            "nativeSrc": "5065:52:7",
                            "nodeType": "YulVariableDeclaration",
                            "src": "5065:52:7",
                            "value": {
                              "arguments": [
                                {
                                  "arguments": [
                                    {
                                      "name": "slot",
                                      "nativeSrc": "5111:4:7",
                                      "nodeType": "YulIdentifier",
                                      "src": "5111:4:7"
                                    }
                                  ],
                                  "functionName": {
                                    "name": "sload",
                                    "nativeSrc": "5105:5:7",
                                    "nodeType": "YulIdentifier",
                                    "src": "5105:5:7"
                                  },
                                  "nativeSrc": "5105:11:7",
                                  "nodeType": "YulFunctionCall",
                                  "src": "5105:11:7"
                                }
                              ],
                              "functionName": {
                                "name": "extract_byte_array_length",
                                "nativeSrc": "5079:25:7",
                                "nodeType": "YulIdentifier",
                                "src": "5079:25:7"
                              },
                              "nativeSrc": "5079:38:7",
                              "nodeType": "YulFunctionCall",
                              "src": "5079:38:7"
                            },
                            "variables": [
                              {
                                "name": "oldLen",
                                "nativeSrc": "5069:6:7",
                                "nodeType": "YulTypedName",
                                "src": "5069:6:7",
                                "type": ""
                              }
                            ]
                          },
                          {
                            "expression": {
                              "arguments": [
                                {
                                  "name": "slot",
                                  "nativeSrc": "5210:4:7",
                                  "nodeType": "YulIdentifier",
                                  "src": "5210:4:7"
                                },
                                {
                                  "name": "oldLen",
                                  "nativeSrc": "5216:6:7",
                                  "nodeType": "YulIdentifier",
                                  "src": "5216:6:7"
                                },
                                {
                                  "name": "newLen",
                                  "nativeSrc": "5224:6:7",
                                  "nodeType": "YulIdentifier",
                                  "src": "5224:6:7"
                                }
                              ],
                              "functionName": {
                                "name": "clean_up_bytearray_end_slots_t_string_storage",
                                "nativeSrc": "5164:45:7",
                                "nodeType": "YulIdentifier",
                                "src": "5164:45:7"
                              },
                              "nativeSrc": "5164:67:7",
                              "nodeType": "YulFunctionCall",
                              "src": "5164:67:7"
                            },
                            "nativeSrc": "5164:67:7",
                            "nodeType": "YulExpressionStatement",
                            "src": "5164:67:7"
                          },
                          {
                            "nativeSrc": "5241:18:7",
                            "nodeType": "YulVariableDeclaration",
                            "src": "5241:18:7",
                            "value": {
                              "kind": "number",
                              "nativeSrc": "5258:1:7",
                              "nodeType": "YulLiteral",
                              "src": "5258:1:7",
                              "type": "",
                              "value": "0"
                            },
                            "variables": [
                              {
                                "name": "srcOffset",
                                "nativeSrc": "5245:9:7",
                                "nodeType": "YulTypedName",
                                "src": "5245:9:7",
                                "type": ""
                              }
                            ]
                          },
                          {
                            "nativeSrc": "5269:17:7",
                            "nodeType": "YulAssignment",
                            "src": "5269:17:7",
                            "value": {
                              "kind": "number",
                              "nativeSrc": "5282:4:7",
                              "nodeType": "YulLiteral",
                              "src": "5282:4:7",
                              "type": "",
                              "value": "0x20"
                            },
                            "variableNames": [
                              {
                                "name": "srcOffset",
                                "nativeSrc": "5269:9:7",
                                "nodeType": "YulIdentifier",
                                "src": "5269:9:7"
                              }
                            ]
                          },
                          {
                            "cases": [
                              {
                                "body": {
                                  "nativeSrc": "5333:611:7",
                                  "nodeType": "YulBlock",
                                  "src": "5333:611:7",
                                  "statements": [
                                    {
                                      "nativeSrc": "5347:37:7",
                                      "nodeType": "YulVariableDeclaration",
                                      "src": "5347:37:7",
                                      "value": {
                                        "arguments": [
                                          {
                                            "name": "newLen",
                                            "nativeSrc": "5366:6:7",
                                            "nodeType": "YulIdentifier",
                                            "src": "5366:6:7"
                                          },
                                          {
                                            "arguments": [
                                              {
                                                "kind": "number",
                                                "nativeSrc": "5378:4:7",
                                                "nodeType": "YulLiteral",
                                                "src": "5378:4:7",
                                                "type": "",
                                                "value": "0x1f"
                                              }
                                            ],
                                            "functionName": {
                                              "name": "not",
                                              "nativeSrc": "5374:3:7",
                                              "nodeType": "YulIdentifier",
                                              "src": "5374:3:7"
                                            },
                                            "nativeSrc": "5374:9:7",
                                            "nodeType": "YulFunctionCall",
                                            "src": "5374:9:7"
                                          }
                                        ],
                                        "functionName": {
                                          "name": "and",
                                          "nativeSrc": "5362:3:7",
                                          "nodeType": "YulIdentifier",
                                          "src": "5362:3:7"
                                        },
                                        "nativeSrc": "5362:22:7",
                                        "nodeType": "YulFunctionCall",
                                        "src": "5362:22:7"
                                      },
                                      "variables": [
                                        {
                                          "name": "loopEnd",
                                          "nativeSrc": "5351:7:7",
                                          "nodeType": "YulTypedName",
                                          "src": "5351:7:7",
                                          "type": ""
                                        }
                                      ]
                                    },
                                    {
                                      "nativeSrc": "5398:51:7",
                                      "nodeType": "YulVariableDeclaration",
                                      "src": "5398:51:7",
                                      "value": {
                                        "arguments": [
                                          {
                                            "name": "slot",
                                            "nativeSrc": "5444:4:7",
                                            "nodeType": "YulIdentifier",
                                            "src": "5444:4:7"
                                          }
                                        ],
                                        "functionName": {
                                          "name": "array_dataslot_t_string_storage",
                                          "nativeSrc": "5412:31:7",
                                          "nodeType": "YulIdentifier",
                                          "src": "5412:31:7"
                                        },
                                        "nativeSrc": "5412:37:7",
                                        "nodeType": "YulFunctionCall",
                                        "src": "5412:37:7"
                                      },
                                      "variables": [
                                        {
                                          "name": "dstPtr",
                                          "nativeSrc": "5402:6:7",
                                          "nodeType": "YulTypedName",
                                          "src": "5402:6:7",
                                          "type": ""
                                        }
                                      ]
                                    },
                                    {
                                      "nativeSrc": "5462:10:7",
                                      "nodeType": "YulVariableDeclaration",
                                      "src": "5462:10:7",
                                      "value": {
                                        "kind": "number",
                                        "nativeSrc": "5471:1:7",
                                        "nodeType": "YulLiteral",
                                        "src": "5471:1:7",
                                        "type": "",
                                        "value": "0"
                                      },
                                      "variables": [
                                        {
                                          "name": "i",
                                          "nativeSrc": "5466:1:7",
                                          "nodeType": "YulTypedName",
                                          "src": "5466:1:7",
                                          "type": ""
                                        }
                                      ]
                                    },
                                    {
                                      "body": {
                                        "nativeSrc": "5530:163:7",
                                        "nodeType": "YulBlock",
                                        "src": "5530:163:7",
                                        "statements": [
                                          {
                                            "expression": {
                                              "arguments": [
                                                {
                                                  "name": "dstPtr",
                                                  "nativeSrc": "5555:6:7",
                                                  "nodeType": "YulIdentifier",
                                                  "src": "5555:6:7"
                                                },
                                                {
                                                  "arguments": [
                                                    {
                                                      "arguments": [
                                                        {
                                                          "name": "src",
                                                          "nativeSrc": "5573:3:7",
                                                          "nodeType": "YulIdentifier",
                                                          "src": "5573:3:7"
                                                        },
                                                        {
                                                          "name": "srcOffset",
                                                          "nativeSrc": "5578:9:7",
                                                          "nodeType": "YulIdentifier",
                                                          "src": "5578:9:7"
                                                        }
                                                      ],
                                                      "functionName": {
                                                        "name": "add",
                                                        "nativeSrc": "5569:3:7",
                                                        "nodeType": "YulIdentifier",
                                                        "src": "5569:3:7"
                                                      },
                                                      "nativeSrc": "5569:19:7",
                                                      "nodeType": "YulFunctionCall",
                                                      "src": "5569:19:7"
                                                    }
                                                  ],
                                                  "functionName": {
                                                    "name": "mload",
                                                    "nativeSrc": "5563:5:7",
                                                    "nodeType": "YulIdentifier",
                                                    "src": "5563:5:7"
                                                  },
                                                  "nativeSrc": "5563:26:7",
                                                  "nodeType": "YulFunctionCall",
                                                  "src": "5563:26:7"
                                                }
                                              ],
                                              "functionName": {
                                                "name": "sstore",
                                                "nativeSrc": "5548:6:7",
                                                "nodeType": "YulIdentifier",
                                                "src": "5548:6:7"
                                              },
                                              "nativeSrc": "5548:42:7",
                                              "nodeType": "YulFunctionCall",
                                              "src": "5548:42:7"
                                            },
                                            "nativeSrc": "5548:42:7",
                                            "nodeType": "YulExpressionStatement",
                                            "src": "5548:42:7"
                                          },
                                          {
                                            "nativeSrc": "5607:24:7",
                                            "nodeType": "YulAssignment",
                                            "src": "5607:24:7",
                                            "value": {
                                              "arguments": [
                                                {
                                                  "name": "dstPtr",
                                                  "nativeSrc": "5621:6:7",
                                                  "nodeType": "YulIdentifier",
                                                  "src": "5621:6:7"
                                                },
                                                {
                                                  "kind": "number",
                                                  "nativeSrc": "5629:1:7",
                                                  "nodeType": "YulLiteral",
                                                  "src": "5629:1:7",
                                                  "type": "",
                                                  "value": "1"
                                                }
                                              ],
                                              "functionName": {
                                                "name": "add",
                                                "nativeSrc": "5617:3:7",
                                                "nodeType": "YulIdentifier",
                                                "src": "5617:3:7"
                                              },
                                              "nativeSrc": "5617:14:7",
                                              "nodeType": "YulFunctionCall",
                                              "src": "5617:14:7"
                                            },
                                            "variableNames": [
                                              {
                                                "name": "dstPtr",
                                                "nativeSrc": "5607:6:7",
                                                "nodeType": "YulIdentifier",
                                                "src": "5607:6:7"
                                              }
                                            ]
                                          },
                                          {
                                            "nativeSrc": "5648:31:7",
                                            "nodeType": "YulAssignment",
                                            "src": "5648:31:7",
                                            "value": {
                                              "arguments": [
                                                {
                                                  "name": "srcOffset",
                                                  "nativeSrc": "5665:9:7",
                                                  "nodeType": "YulIdentifier",
                                                  "src": "5665:9:7"
                                                },
                                                {
                                                  "kind": "number",
                                                  "nativeSrc": "5676:2:7",
                                                  "nodeType": "YulLiteral",
                                                  "src": "5676:2:7",
                                                  "type": "",
                                                  "value": "32"
                                                }
                                              ],
                                              "functionName": {
                                                "name": "add",
                                                "nativeSrc": "5661:3:7",
                                                "nodeType": "YulIdentifier",
                                                "src": "5661:3:7"
                                              },
                                              "nativeSrc": "5661:18:7",
                                              "nodeType": "YulFunctionCall",
                                              "src": "5661:18:7"
                                            },
                                            "variableNames": [
                                              {
                                                "name": "srcOffset",
                                                "nativeSrc": "5648:9:7",
                                                "nodeType": "YulIdentifier",
                                                "src": "5648:9:7"
                                              }
                                            ]
                                          }
                                        ]
                                      },
                                      "condition": {
                                        "arguments": [
                                          {
                                            "name": "i",
                                            "nativeSrc": "5496:1:7",
                                            "nodeType": "YulIdentifier",
                                            "src": "5496:1:7"
                                          },
                                          {
                                            "name": "loopEnd",
                                            "nativeSrc": "5499:7:7",
                                            "nodeType": "YulIdentifier",
                                            "src": "5499:7:7"
                                          }
                                        ],
                                        "functionName": {
                                          "name": "lt",
                                          "nativeSrc": "5493:2:7",
                                          "nodeType": "YulIdentifier",
                                          "src": "5493:2:7"
                                        },
                                        "nativeSrc": "5493:14:7",
                                        "nodeType": "YulFunctionCall",
                                        "src": "5493:14:7"
                                      },
                                      "nativeSrc": "5485:208:7",
                                      "nodeType": "YulForLoop",
                                      "post": {
                                        "nativeSrc": "5508:21:7",
                                        "nodeType": "YulBlock",
                                        "src": "5508:21:7",
                                        "statements": [
                                          {
                                            "nativeSrc": "5510:17:7",
                                            "nodeType": "YulAssignment",
                                            "src": "5510:17:7",
                                            "value": {
                                              "arguments": [
                                                {
                                                  "name": "i",
                                                  "nativeSrc": "5519:1:7",
                                                  "nodeType": "YulIdentifier",
                                                  "src": "5519:1:7"
                                                },
                                                {
                                                  "kind": "number",
                                                  "nativeSrc": "5522:4:7",
                                                  "nodeType": "YulLiteral",
                                                  "src": "5522:4:7",
                                                  "type": "",
                                                  "value": "0x20"
                                                }
                                              ],
                                              "functionName": {
                                                "name": "add",
                                                "nativeSrc": "5515:3:7",
                                                "nodeType": "YulIdentifier",
                                                "src": "5515:3:7"
                                              },
                                              "nativeSrc": "5515:12:7",
                                              "nodeType": "YulFunctionCall",
                                              "src": "5515:12:7"
                                            },
                                            "variableNames": [
                                              {
                                                "name": "i",
                                                "nativeSrc": "5510:1:7",
                                                "nodeType": "YulIdentifier",
                                                "src": "5510:1:7"
                                              }
                                            ]
                                          }
                                        ]
                                      },
                                      "pre": {
                                        "nativeSrc": "5489:3:7",
                                        "nodeType": "YulBlock",
                                        "src": "5489:3:7",
                                        "statements": []
                                      },
                                      "src": "5485:208:7"
                                    },
                                    {
                                      "body": {
                                        "nativeSrc": "5729:156:7",
                                        "nodeType": "YulBlock",
                                        "src": "5729:156:7",
                                        "statements": [
                                          {
                                            "nativeSrc": "5747:43:7",
                                            "nodeType": "YulVariableDeclaration",
                                            "src": "5747:43:7",
                                            "value": {
                                              "arguments": [
                                                {
                                                  "arguments": [
                                                    {
                                                      "name": "src",
                                                      "nativeSrc": "5774:3:7",
                                                      "nodeType": "YulIdentifier",
                                                      "src": "5774:3:7"
                                                    },
                                                    {
                                                      "name": "srcOffset",
                                                      "nativeSrc": "5779:9:7",
                                                      "nodeType": "YulIdentifier",
                                                      "src": "5779:9:7"
                                                    }
                                                  ],
                                                  "functionName": {
                                                    "name": "add",
                                                    "nativeSrc": "5770:3:7",
                                                    "nodeType": "YulIdentifier",
                                                    "src": "5770:3:7"
                                                  },
                                                  "nativeSrc": "5770:19:7",
                                                  "nodeType": "YulFunctionCall",
                                                  "src": "5770:19:7"
                                                }
                                              ],
                                              "functionName": {
                                                "name": "mload",
                                                "nativeSrc": "5764:5:7",
                                                "nodeType": "YulIdentifier",
                                                "src": "5764:5:7"
                                              },
                                              "nativeSrc": "5764:26:7",
                                              "nodeType": "YulFunctionCall",
                                              "src": "5764:26:7"
                                            },
                                            "variables": [
                                              {
                                                "name": "lastValue",
                                                "nativeSrc": "5751:9:7",
                                                "nodeType": "YulTypedName",
                                                "src": "5751:9:7",
                                                "type": ""
                                              }
                                            ]
                                          },
                                          {
                                            "expression": {
                                              "arguments": [
                                                {
                                                  "name": "dstPtr",
                                                  "nativeSrc": "5814:6:7",
                                                  "nodeType": "YulIdentifier",
                                                  "src": "5814:6:7"
                                                },
                                                {
                                                  "arguments": [
                                                    {
                                                      "name": "lastValue",
                                                      "nativeSrc": "5841:9:7",
                                                      "nodeType": "YulIdentifier",
                                                      "src": "5841:9:7"
                                                    },
                                                    {
                                                      "arguments": [
                                                        {
                                                          "name": "newLen",
                                                          "nativeSrc": "5856:6:7",
                                                          "nodeType": "YulIdentifier",
                                                          "src": "5856:6:7"
                                                        },
                                                        {
                                                          "kind": "number",
                                                          "nativeSrc": "5864:4:7",
                                                          "nodeType": "YulLiteral",
                                                          "src": "5864:4:7",
                                                          "type": "",
                                                          "value": "0x1f"
                                                        }
                                                      ],
                                                      "functionName": {
                                                        "name": "and",
                                                        "nativeSrc": "5852:3:7",
                                                        "nodeType": "YulIdentifier",
                                                        "src": "5852:3:7"
                                                      },
                                                      "nativeSrc": "5852:17:7",
                                                      "nodeType": "YulFunctionCall",
                                                      "src": "5852:17:7"
                                                    }
                                                  ],
                                                  "functionName": {
                                                    "name": "mask_bytes_dynamic",
                                                    "nativeSrc": "5822:18:7",
                                                    "nodeType": "YulIdentifier",
                                                    "src": "5822:18:7"
                                                  },
                                                  "nativeSrc": "5822:48:7",
                                                  "nodeType": "YulFunctionCall",
                                                  "src": "5822:48:7"
                                                }
                                              ],
                                              "functionName": {
                                                "name": "sstore",
                                                "nativeSrc": "5807:6:7",
                                                "nodeType": "YulIdentifier",
                                                "src": "5807:6:7"
                                              },
                                              "nativeSrc": "5807:64:7",
                                              "nodeType": "YulFunctionCall",
                                              "src": "5807:64:7"
                                            },
                                            "nativeSrc": "5807:64:7",
                                            "nodeType": "YulExpressionStatement",
                                            "src": "5807:64:7"
                                          }
                                        ]
                                      },
                                      "condition": {
                                        "arguments": [
                                          {
                                            "name": "loopEnd",
                                            "nativeSrc": "5712:7:7",
                                            "nodeType": "YulIdentifier",
                                            "src": "5712:7:7"
                                          },
                                          {
                                            "name": "newLen",
                                            "nativeSrc": "5721:6:7",
                                            "nodeType": "YulIdentifier",
                                            "src": "5721:6:7"
                                          }
                                        ],
                                        "functionName": {
                                          "name": "lt",
                                          "nativeSrc": "5709:2:7",
                                          "nodeType": "YulIdentifier",
                                          "src": "5709:2:7"
                                        },
                                        "nativeSrc": "5709:19:7",
                                        "nodeType": "YulFunctionCall",
                                        "src": "5709:19:7"
                                      },
                                      "nativeSrc": "5706:179:7",
                                      "nodeType": "YulIf",
                                      "src": "5706:179:7"
                                    },
                                    {
                                      "expression": {
                                        "arguments": [
                                          {
                                            "name": "slot",
                                            "nativeSrc": "5905:4:7",
                                            "nodeType": "YulIdentifier",
                                            "src": "5905:4:7"
                                          },
                                          {
                                            "arguments": [
                                              {
                                                "arguments": [
                                                  {
                                                    "name": "newLen",
                                                    "nativeSrc": "5919:6:7",
                                                    "nodeType": "YulIdentifier",
                                                    "src": "5919:6:7"
                                                  },
                                                  {
                                                    "kind": "number",
                                                    "nativeSrc": "5927:1:7",
                                                    "nodeType": "YulLiteral",
                                                    "src": "5927:1:7",
                                                    "type": "",
                                                    "value": "2"
                                                  }
                                                ],
                                                "functionName": {
                                                  "name": "mul",
                                                  "nativeSrc": "5915:3:7",
                                                  "nodeType": "YulIdentifier",
                                                  "src": "5915:3:7"
                                                },
                                                "nativeSrc": "5915:14:7",
                                                "nodeType": "YulFunctionCall",
                                                "src": "5915:14:7"
                                              },
                                              {
                                                "kind": "number",
                                                "nativeSrc": "5931:1:7",
                                                "nodeType": "YulLiteral",
                                                "src": "5931:1:7",
                                                "type": "",
                                                "value": "1"
                                              }
                                            ],
                                            "functionName": {
                                              "name": "add",
                                              "nativeSrc": "5911:3:7",
                                              "nodeType": "YulIdentifier",
                                              "src": "5911:3:7"
                                            },
                                            "nativeSrc": "5911:22:7",
                                            "nodeType": "YulFunctionCall",
                                            "src": "5911:22:7"
                                          }
                                        ],
                                        "functionName": {
                                          "name": "sstore",
                                          "nativeSrc": "5898:6:7",
                                          "nodeType": "YulIdentifier",
                                          "src": "5898:6:7"
                                        },
                                        "nativeSrc": "5898:36:7",
                                        "nodeType": "YulFunctionCall",
                                        "src": "5898:36:7"
                                      },
                                      "nativeSrc": "5898:36:7",
                                      "nodeType": "YulExpressionStatement",
                                      "src": "5898:36:7"
                                    }
                                  ]
                                },
                                "nativeSrc": "5326:618:7",
                                "nodeType": "YulCase",
                                "src": "5326:618:7",
                                "value": {
                                  "kind": "number",
                                  "nativeSrc": "5331:1:7",
                                  "nodeType": "YulLiteral",
                                  "src": "5331:1:7",
                                  "type": "",
                                  "value": "1"
                                }
                              },
                              {
                                "body": {
                                  "nativeSrc": "5961:222:7",
                                  "nodeType": "YulBlock",
                                  "src": "5961:222:7",
                                  "statements": [
                                    {
                                      "nativeSrc": "5975:14:7",
                                      "nodeType": "YulVariableDeclaration",
                                      "src": "5975:14:7",
                                      "value": {
                                        "kind": "number",
                                        "nativeSrc": "5988:1:7",
                                        "nodeType": "YulLiteral",
                                        "src": "5988:1:7",
                                        "type": "",
                                        "value": "0"
                                      },
                                      "variables": [
                                        {
                                          "name": "value",
                                          "nativeSrc": "5979:5:7",
                                          "nodeType": "YulTypedName",
                                          "src": "5979:5:7",
                                          "type": ""
                                        }
                                      ]
                                    },
                                    {
                                      "body": {
                                        "nativeSrc": "6012:67:7",
                                        "nodeType": "YulBlock",
                                        "src": "6012:67:7",
                                        "statements": [
                                          {
                                            "nativeSrc": "6030:35:7",
                                            "nodeType": "YulAssignment",
                                            "src": "6030:35:7",
                                            "value": {
                                              "arguments": [
                                                {
                                                  "arguments": [
                                                    {
                                                      "name": "src",
                                                      "nativeSrc": "6049:3:7",
                                                      "nodeType": "YulIdentifier",
                                                      "src": "6049:3:7"
                                                    },
                                                    {
                                                      "name": "srcOffset",
                                                      "nativeSrc": "6054:9:7",
                                                      "nodeType": "YulIdentifier",
                                                      "src": "6054:9:7"
                                                    }
                                                  ],
                                                  "functionName": {
                                                    "name": "add",
                                                    "nativeSrc": "6045:3:7",
                                                    "nodeType": "YulIdentifier",
                                                    "src": "6045:3:7"
                                                  },
                                                  "nativeSrc": "6045:19:7",
                                                  "nodeType": "YulFunctionCall",
                                                  "src": "6045:19:7"
                                                }
                                              ],
                                              "functionName": {
                                                "name": "mload",
                                                "nativeSrc": "6039:5:7",
                                                "nodeType": "YulIdentifier",
                                                "src": "6039:5:7"
                                              },
                                              "nativeSrc": "6039:26:7",
                                              "nodeType": "YulFunctionCall",
                                              "src": "6039:26:7"
                                            },
                                            "variableNames": [
                                              {
                                                "name": "value",
                                                "nativeSrc": "6030:5:7",
                                                "nodeType": "YulIdentifier",
                                                "src": "6030:5:7"
                                              }
                                            ]
                                          }
                                        ]
                                      },
                                      "condition": {
                                        "name": "newLen",
                                        "nativeSrc": "6005:6:7",
                                        "nodeType": "YulIdentifier",
                                        "src": "6005:6:7"
                                      },
                                      "nativeSrc": "6002:77:7",
                                      "nodeType": "YulIf",
                                      "src": "6002:77:7"
                                    },
                                    {
                                      "expression": {
                                        "arguments": [
                                          {
                                            "name": "slot",
                                            "nativeSrc": "6099:4:7",
                                            "nodeType": "YulIdentifier",
                                            "src": "6099:4:7"
                                          },
                                          {
                                            "arguments": [
                                              {
                                                "name": "value",
                                                "nativeSrc": "6158:5:7",
                                                "nodeType": "YulIdentifier",
                                                "src": "6158:5:7"
                                              },
                                              {
                                                "name": "newLen",
                                                "nativeSrc": "6165:6:7",
                                                "nodeType": "YulIdentifier",
                                                "src": "6165:6:7"
                                              }
                                            ],
                                            "functionName": {
                                              "name": "extract_used_part_and_set_length_of_short_byte_array",
                                              "nativeSrc": "6105:52:7",
                                              "nodeType": "YulIdentifier",
                                              "src": "6105:52:7"
                                            },
                                            "nativeSrc": "6105:67:7",
                                            "nodeType": "YulFunctionCall",
                                            "src": "6105:67:7"
                                          }
                                        ],
                                        "functionName": {
                                          "name": "sstore",
                                          "nativeSrc": "6092:6:7",
                                          "nodeType": "YulIdentifier",
                                          "src": "6092:6:7"
                                        },
                                        "nativeSrc": "6092:81:7",
                                        "nodeType": "YulFunctionCall",
                                        "src": "6092:81:7"
                                      },
                                      "nativeSrc": "6092:81:7",
                                      "nodeType": "YulExpressionStatement",
                                      "src": "6092:81:7"
                                    }
                                  ]
                                },
                                "nativeSrc": "5953:230:7",
                                "nodeType": "YulCase",
                                "src": "5953:230:7",
                                "value": "default"
                              }
                            ],
                            "expression": {
                              "arguments": [
                                {
                                  "name": "newLen",
                                  "nativeSrc": "5306:6:7",
                                  "nodeType": "YulIdentifier",
                                  "src": "5306:6:7"
                                },
                                {
                                  "kind": "number",
                                  "nativeSrc": "5314:2:7",
                                  "nodeType": "YulLiteral",
                                  "src": "5314:2:7",
                                  "type": "",
                                  "value": "31"
                                }
                              ],
                              "functionName": {
                                "name": "gt",
                                "nativeSrc": "5303:2:7",
                                "nodeType": "YulIdentifier",
                                "src": "5303:2:7"
                              },
                              "nativeSrc": "5303:14:7",
                              "nodeType": "YulFunctionCall",
                              "src": "5303:14:7"
                            },
                            "nativeSrc": "5296:887:7",
                            "nodeType": "YulSwitch",
                            "src": "5296:887:7"
                          }
                        ]
                      },
                      "name": "copy_byte_array_to_storage_from_t_string_memory_ptr_to_t_string_storage",
                      "nativeSrc": "4794:1395:7",
                      "nodeType": "YulFunctionDefinition",
                      "parameters": [
                        {
                          "name": "slot",
                          "nativeSrc": "4875:4:7",
                          "nodeType": "YulTypedName",
                          "src": "4875:4:7",
                          "type": ""
                        },
                        {
                          "name": "src",
                          "nativeSrc": "4881:3:7",
                          "nodeType": "YulTypedName",
                          "src": "4881:3:7",
                          "type": ""
                        }
                      ],
                      "src": "4794:1395:7"
                    },
                    {
                      "body": {
                        "nativeSrc": "6240:81:7",
                        "nodeType": "YulBlock",
                        "src": "6240:81:7",
                        "statements": [
                          {
                            "nativeSrc": "6250:65:7",
                            "nodeType": "YulAssignment",
                            "src": "6250:65:7",
                            "value": {
                              "arguments": [
                                {
                                  "name": "value",
                                  "nativeSrc": "6265:5:7",
                                  "nodeType": "YulIdentifier",
                                  "src": "6265:5:7"
                                },
                                {
                                  "kind": "number",
                                  "nativeSrc": "6272:42:7",
                                  "nodeType": "YulLiteral",
                                  "src": "6272:42:7",
                                  "type": "",
                                  "value": "0xffffffffffffffffffffffffffffffffffffffff"
                                }
                              ],
                              "functionName": {
                                "name": "and",
                                "nativeSrc": "6261:3:7",
                                "nodeType": "YulIdentifier",
                                "src": "6261:3:7"
                              },
                              "nativeSrc": "6261:54:7",
                              "nodeType": "YulFunctionCall",
                              "src": "6261:54:7"
                            },
                            "variableNames": [
                              {
                                "name": "cleaned",
                                "nativeSrc": "6250:7:7",
                                "nodeType": "YulIdentifier",
                                "src": "6250:7:7"
                              }
                            ]
                          }
                        ]
                      },
                      "name": "cleanup_t_uint160",
                      "nativeSrc": "6195:126:7",
                      "nodeType": "YulFunctionDefinition",
                      "parameters": [
                        {
                          "name": "value",
                          "nativeSrc": "6222:5:7",
                          "nodeType": "YulTypedName",
                          "src": "6222:5:7",
                          "type": ""
                        }
                      ],
                      "returnVariables": [
                        {
                          "name": "cleaned",
                          "nativeSrc": "6232:7:7",
                          "nodeType": "YulTypedName",
                          "src": "6232:7:7",
                          "type": ""
                        }
                      ],
                      "src": "6195:126:7"
                    },
                    {
                      "body": {
                        "nativeSrc": "6372:51:7",
                        "nodeType": "YulBlock",
                        "src": "6372:51:7",
                        "statements": [
                          {
                            "nativeSrc": "6382:35:7",
                            "nodeType": "YulAssignment",
                            "src": "6382:35:7",
                            "value": {
                              "arguments": [
                                {
                                  "name": "value",
                                  "nativeSrc": "6411:5:7",
                                  "nodeType": "YulIdentifier",
                                  "src": "6411:5:7"
                                }
                              ],
                              "functionName": {
                                "name": "cleanup_t_uint160",
                                "nativeSrc": "6393:17:7",
                                "nodeType": "YulIdentifier",
                                "src": "6393:17:7"
                              },
                              "nativeSrc": "6393:24:7",
                              "nodeType": "YulFunctionCall",
                              "src": "6393:24:7"
                            },
                            "variableNames": [
                              {
                                "name": "cleaned",
                                "nativeSrc": "6382:7:7",
                                "nodeType": "YulIdentifier",
                                "src": "6382:7:7"
                              }
                            ]
                          }
                        ]
                      },
                      "name": "cleanup_t_address",
                      "nativeSrc": "6327:96:7",
                      "nodeType": "YulFunctionDefinition",
                      "parameters": [
                        {
                          "name": "value",
                          "nativeSrc": "6354:5:7",
                          "nodeType": "YulTypedName",
                          "src": "6354:5:7",
                          "type": ""
                        }
                      ],
                      "returnVariables": [
                        {
                          "name": "cleaned",
                          "nativeSrc": "6364:7:7",
                          "nodeType": "YulTypedName",
                          "src": "6364:7:7",
                          "type": ""
                        }
                      ],
                      "src": "6327:96:7"
                    },
                    {
                      "body": {
                        "nativeSrc": "6494:53:7",
                        "nodeType": "YulBlock",
                        "src": "6494:53:7",
                        "statements": [
                          {
                            "expression": {
                              "arguments": [
                                {
                                  "name": "pos",
                                  "nativeSrc": "6511:3:7",
                                  "nodeType": "YulIdentifier",
                                  "src": "6511:3:7"
                                },
                                {
                                  "arguments": [
                                    {
                                      "name": "value",
                                      "nativeSrc": "6534:5:7",
                                      "nodeType": "YulIdentifier",
                                      "src": "6534:5:7"
                                    }
                                  ],
                                  "functionName": {
                                    "name": "cleanup_t_address",
                                    "nativeSrc": "6516:17:7",
                                    "nodeType": "YulIdentifier",
                                    "src": "6516:17:7"
                                  },
                                  "nativeSrc": "6516:24:7",
                                  "nodeType": "YulFunctionCall",
                                  "src": "6516:24:7"
                                }
                              ],
                              "functionName": {
                                "name": "mstore",
                                "nativeSrc": "6504:6:7",
                                "nodeType": "YulIdentifier",
                                "src": "6504:6:7"
                              },
                              "nativeSrc": "6504:37:7",
                              "nodeType": "YulFunctionCall",
                              "src": "6504:37:7"
                            },
                            "nativeSrc": "6504:37:7",
                            "nodeType": "YulExpressionStatement",
                            "src": "6504:37:7"
                          }
                        ]
                      },
                      "name": "abi_encode_t_address_to_t_address_fromStack",
                      "nativeSrc": "6429:118:7",
                      "nodeType": "YulFunctionDefinition",
                      "parameters": [
                        {
                          "name": "value",
                          "nativeSrc": "6482:5:7",
                          "nodeType": "YulTypedName",
                          "src": "6482:5:7",
                          "type": ""
                        },
                        {
                          "name": "pos",
                          "nativeSrc": "6489:3:7",
                          "nodeType": "YulTypedName",
                          "src": "6489:3:7",
                          "type": ""
                        }
                      ],
                      "src": "6429:118:7"
                    },
                    {
                      "body": {
                        "nativeSrc": "6651:124:7",
                        "nodeType": "YulBlock",
                        "src": "6651:124:7",
                        "statements": [
                          {
                            "nativeSrc": "6661:26:7",
                            "nodeType": "YulAssignment",
                            "src": "6661:26:7",
                            "value": {
                              "arguments": [
                                {
                                  "name": "headStart",
                                  "nativeSrc": "6673:9:7",
                                  "nodeType": "YulIdentifier",
                                  "src": "6673:9:7"
                                },
                                {
                                  "kind": "number",
                                  "nativeSrc": "6684:2:7",
                                  "nodeType": "YulLiteral",
                                  "src": "6684:2:7",
                                  "type": "",
                                  "value": "32"
                                }
                              ],
                              "functionName": {
                                "name": "add",
                                "nativeSrc": "6669:3:7",
                                "nodeType": "YulIdentifier",
                                "src": "6669:3:7"
                              },
                              "nativeSrc": "6669:18:7",
                              "nodeType": "YulFunctionCall",
                              "src": "6669:18:7"
                            },
                            "variableNames": [
                              {
                                "name": "tail",
                                "nativeSrc": "6661:4:7",
                                "nodeType": "YulIdentifier",
                                "src": "6661:4:7"
                              }
                            ]
                          },
                          {
                            "expression": {
                              "arguments": [
                                {
                                  "name": "value0",
                                  "nativeSrc": "6741:6:7",
                                  "nodeType": "YulIdentifier",
                                  "src": "6741:6:7"
                                },
                                {
                                  "arguments": [
                                    {
                                      "name": "headStart",
                                      "nativeSrc": "6754:9:7",
                                      "nodeType": "YulIdentifier",
                                      "src": "6754:9:7"
                                    },
                                    {
                                      "kind": "number",
                                      "nativeSrc": "6765:1:7",
                                      "nodeType": "YulLiteral",
                                      "src": "6765:1:7",
                                      "type": "",
                                      "value": "0"
                                    }
                                  ],
                                  "functionName": {
                                    "name": "add",
                                    "nativeSrc": "6750:3:7",
                                    "nodeType": "YulIdentifier",
                                    "src": "6750:3:7"
                                  },
                                  "nativeSrc": "6750:17:7",
                                  "nodeType": "YulFunctionCall",
                                  "src": "6750:17:7"
                                }
                              ],
                              "functionName": {
                                "name": "abi_encode_t_address_to_t_address_fromStack",
                                "nativeSrc": "6697:43:7",
                                "nodeType": "YulIdentifier",
                                "src": "6697:43:7"
                              },
                              "nativeSrc": "6697:71:7",
                              "nodeType": "YulFunctionCall",
                              "src": "6697:71:7"
                            },
                            "nativeSrc": "6697:71:7",
                            "nodeType": "YulExpressionStatement",
                            "src": "6697:71:7"
                          }
                        ]
                      },
                      "name": "abi_encode_tuple_t_address__to_t_address__fromStack_reversed",
                      "nativeSrc": "6553:222:7",
                      "nodeType": "YulFunctionDefinition",
                      "parameters": [
                        {
                          "name": "headStart",
                          "nativeSrc": "6623:9:7",
                          "nodeType": "YulTypedName",
                          "src": "6623:9:7",
                          "type": ""
                        },
                        {
                          "name": "value0",
                          "nativeSrc": "6635:6:7",
                          "nodeType": "YulTypedName",
                          "src": "6635:6:7",
                          "type": ""
                        }
                      ],
                      "returnVariables": [
                        {
                          "name": "tail",
                          "nativeSrc": "6646:4:7",
                          "nodeType": "YulTypedName",
                          "src": "6646:4:7",
                          "type": ""
                        }
                      ],
                      "src": "6553:222:7"
                    },
                    {
                      "body": {
                        "nativeSrc": "6809:152:7",
                        "nodeType": "YulBlock",
                        "src": "6809:152:7",
                        "statements": [
                          {
                            "expression": {
                              "arguments": [
                                {
                                  "kind": "number",
                                  "nativeSrc": "6826:1:7",
                                  "nodeType": "YulLiteral",
                                  "src": "6826:1:7",
                                  "type": "",
                                  "value": "0"
                                },
                                {
                                  "kind": "number",
                                  "nativeSrc": "6829:77:7",
                                  "nodeType": "YulLiteral",
                                  "src": "6829:77:7",
                                  "type": "",
                                  "value": "35408467139433450592217433187231851964531694900788300625387963629091585785856"
                                }
                              ],
                              "functionName": {
                                "name": "mstore",
                                "nativeSrc": "6819:6:7",
                                "nodeType": "YulIdentifier",
                                "src": "6819:6:7"
                              },
                              "nativeSrc": "6819:88:7",
                              "nodeType": "YulFunctionCall",
                              "src": "6819:88:7"
                            },
                            "nativeSrc": "6819:88:7",
                            "nodeType": "YulExpressionStatement",
                            "src": "6819:88:7"
                          },
                          {
                            "expression": {
                              "arguments": [
                                {
                                  "kind": "number",
                                  "nativeSrc": "6923:1:7",
                                  "nodeType": "YulLiteral",
                                  "src": "6923:1:7",
                                  "type": "",
                                  "value": "4"
                                },
                                {
                                  "kind": "number",
                                  "nativeSrc": "6926:4:7",
                                  "nodeType": "YulLiteral",
                                  "src": "6926:4:7",
                                  "type": "",
                                  "value": "0x11"
                                }
                              ],
                              "functionName": {
                                "name": "mstore",
                                "nativeSrc": "6916:6:7",
                                "nodeType": "YulIdentifier",
                                "src": "6916:6:7"
                              },
                              "nativeSrc": "6916:15:7",
                              "nodeType": "YulFunctionCall",
                              "src": "6916:15:7"
                            },
                            "nativeSrc": "6916:15:7",
                            "nodeType": "YulExpressionStatement",
                            "src": "6916:15:7"
                          },
                          {
                            "expression": {
                              "arguments": [
                                {
                                  "kind": "number",
                                  "nativeSrc": "6947:1:7",
                                  "nodeType": "YulLiteral",
                                  "src": "6947:1:7",
                                  "type": "",
                                  "value": "0"
                                },
                                {
                                  "kind": "number",
                                  "nativeSrc": "6950:4:7",
                                  "nodeType": "YulLiteral",
                                  "src": "6950:4:7",
                                  "type": "",
                                  "value": "0x24"
                                }
                              ],
                              "functionName": {
                                "name": "revert",
                                "nativeSrc": "6940:6:7",
                                "nodeType": "YulIdentifier",
                                "src": "6940:6:7"
                              },
                              "nativeSrc": "6940:15:7",
                              "nodeType": "YulFunctionCall",
                              "src": "6940:15:7"
                            },
                            "nativeSrc": "6940:15:7",
                            "nodeType": "YulExpressionStatement",
                            "src": "6940:15:7"
                          }
                        ]
                      },
                      "name": "panic_error_0x11",
                      "nativeSrc": "6781:180:7",
                      "nodeType": "YulFunctionDefinition",
                      "src": "6781:180:7"
                    },
                    {
                      "body": {
                        "nativeSrc": "7011:147:7",
                        "nodeType": "YulBlock",
                        "src": "7011:147:7",
                        "statements": [
                          {
                            "nativeSrc": "7021:25:7",
                            "nodeType": "YulAssignment",
                            "src": "7021:25:7",
                            "value": {
                              "arguments": [
                                {
                                  "name": "x",
                                  "nativeSrc": "7044:1:7",
                                  "nodeType": "YulIdentifier",
                                  "src": "7044:1:7"
                                }
                              ],
                              "functionName": {
                                "name": "cleanup_t_uint256",
                                "nativeSrc": "7026:17:7",
                                "nodeType": "YulIdentifier",
                                "src": "7026:17:7"
                              },
                              "nativeSrc": "7026:20:7",
                              "nodeType": "YulFunctionCall",
                              "src": "7026:20:7"
                            },
                            "variableNames": [
                              {
                                "name": "x",
                                "nativeSrc": "7021:1:7",
                                "nodeType": "YulIdentifier",
                                "src": "7021:1:7"
                              }
                            ]
                          },
                          {
                            "nativeSrc": "7055:25:7",
                            "nodeType": "YulAssignment",
                            "src": "7055:25:7",
                            "value": {
                              "arguments": [
                                {
                                  "name": "y",
                                  "nativeSrc": "7078:1:7",
                                  "nodeType": "YulIdentifier",
                                  "src": "7078:1:7"
                                }
                              ],
                              "functionName": {
                                "name": "cleanup_t_uint256",
                                "nativeSrc": "7060:17:7",
                                "nodeType": "YulIdentifier",
                                "src": "7060:17:7"
                              },
                              "nativeSrc": "7060:20:7",
                              "nodeType": "YulFunctionCall",
                              "src": "7060:20:7"
                            },
                            "variableNames": [
                              {
                                "name": "y",
                                "nativeSrc": "7055:1:7",
                                "nodeType": "YulIdentifier",
                                "src": "7055:1:7"
                              }
                            ]
                          },
                          {
                            "nativeSrc": "7089:16:7",
                            "nodeType": "YulAssignment",
                            "src": "7089:16:7",
                            "value": {
                              "arguments": [
                                {
                                  "name": "x",
                                  "nativeSrc": "7100:1:7",
                                  "nodeType": "YulIdentifier",
                                  "src": "7100:1:7"
                                },
                                {
                                  "name": "y",
                                  "nativeSrc": "7103:1:7",
                                  "nodeType": "YulIdentifier",
                                  "src": "7103:1:7"
                                }
                              ],
                              "functionName": {
                                "name": "add",
                                "nativeSrc": "7096:3:7",
                                "nodeType": "YulIdentifier",
                                "src": "7096:3:7"
                              },
                              "nativeSrc": "7096:9:7",
                              "nodeType": "YulFunctionCall",
                              "src": "7096:9:7"
                            },
                            "variableNames": [
                              {
                                "name": "sum",
                                "nativeSrc": "7089:3:7",
                                "nodeType": "YulIdentifier",
                                "src": "7089:3:7"
                              }
                            ]
                          },
                          {
                            "body": {
                              "nativeSrc": "7129:22:7",
                              "nodeType": "YulBlock",
                              "src": "7129:22:7",
                              "statements": [
                                {
                                  "expression": {
                                    "arguments": [],
                                    "functionName": {
                                      "name": "panic_error_0x11",
                                      "nativeSrc": "7131:16:7",
                                      "nodeType": "YulIdentifier",
                                      "src": "7131:16:7"
                                    },
                                    "nativeSrc": "7131:18:7",
                                    "nodeType": "YulFunctionCall",
                                    "src": "7131:18:7"
                                  },
                                  "nativeSrc": "7131:18:7",
                                  "nodeType": "YulExpressionStatement",
                                  "src": "7131:18:7"
                                }
                              ]
                            },
                            "condition": {
                              "arguments": [
                                {
                                  "name": "x",
                                  "nativeSrc": "7121:1:7",
                                  "nodeType": "YulIdentifier",
                                  "src": "7121:1:7"
                                },
                                {
                                  "name": "sum",
                                  "nativeSrc": "7124:3:7",
                                  "nodeType": "YulIdentifier",
                                  "src": "7124:3:7"
                                }
                              ],
                              "functionName": {
                                "name": "gt",
                                "nativeSrc": "7118:2:7",
                                "nodeType": "YulIdentifier",
                                "src": "7118:2:7"
                              },
                              "nativeSrc": "7118:10:7",
                              "nodeType": "YulFunctionCall",
                              "src": "7118:10:7"
                            },
                            "nativeSrc": "7115:36:7",
                            "nodeType": "YulIf",
                            "src": "7115:36:7"
                          }
                        ]
                      },
                      "name": "checked_add_t_uint256",
                      "nativeSrc": "6967:191:7",
                      "nodeType": "YulFunctionDefinition",
                      "parameters": [
                        {
                          "name": "x",
                          "nativeSrc": "6998:1:7",
                          "nodeType": "YulTypedName",
                          "src": "6998:1:7",
                          "type": ""
                        },
                        {
                          "name": "y",
                          "nativeSrc": "7001:1:7",
                          "nodeType": "YulTypedName",
                          "src": "7001:1:7",
                          "type": ""
                        }
                      ],
                      "returnVariables": [
                        {
                          "name": "sum",
                          "nativeSrc": "7007:3:7",
                          "nodeType": "YulTypedName",
                          "src": "7007:3:7",
                          "type": ""
                        }
                      ],
                      "src": "6967:191:7"
                    },
                    {
                      "body": {
                        "nativeSrc": "7229:53:7",
                        "nodeType": "YulBlock",
                        "src": "7229:53:7",
                        "statements": [
                          {
                            "expression": {
                              "arguments": [
                                {
                                  "name": "pos",
                                  "nativeSrc": "7246:3:7",
                                  "nodeType": "YulIdentifier",
                                  "src": "7246:3:7"
                                },
                                {
                                  "arguments": [
                                    {
                                      "name": "value",
                                      "nativeSrc": "7269:5:7",
                                      "nodeType": "YulIdentifier",
                                      "src": "7269:5:7"
                                    }
                                  ],
                                  "functionName": {
                                    "name": "cleanup_t_uint256",
                                    "nativeSrc": "7251:17:7",
                                    "nodeType": "YulIdentifier",
                                    "src": "7251:17:7"
                                  },
                                  "nativeSrc": "7251:24:7",
                                  "nodeType": "YulFunctionCall",
                                  "src": "7251:24:7"
                                }
                              ],
                              "functionName": {
                                "name": "mstore",
                                "nativeSrc": "7239:6:7",
                                "nodeType": "YulIdentifier",
                                "src": "7239:6:7"
                              },
                              "nativeSrc": "7239:37:7",
                              "nodeType": "YulFunctionCall",
                              "src": "7239:37:7"
                            },
                            "nativeSrc": "7239:37:7",
                            "nodeType": "YulExpressionStatement",
                            "src": "7239:37:7"
                          }
                        ]
                      },
                      "name": "abi_encode_t_uint256_to_t_uint256_fromStack",
                      "nativeSrc": "7164:118:7",
                      "nodeType": "YulFunctionDefinition",
                      "parameters": [
                        {
                          "name": "value",
                          "nativeSrc": "7217:5:7",
                          "nodeType": "YulTypedName",
                          "src": "7217:5:7",
                          "type": ""
                        },
                        {
                          "name": "pos",
                          "nativeSrc": "7224:3:7",
                          "nodeType": "YulTypedName",
                          "src": "7224:3:7",
                          "type": ""
                        }
                      ],
                      "src": "7164:118:7"
                    },
                    {
                      "body": {
                        "nativeSrc": "7442:288:7",
                        "nodeType": "YulBlock",
                        "src": "7442:288:7",
                        "statements": [
                          {
                            "nativeSrc": "7452:26:7",
                            "nodeType": "YulAssignment",
                            "src": "7452:26:7",
                            "value": {
                              "arguments": [
                                {
                                  "name": "headStart",
                                  "nativeSrc": "7464:9:7",
                                  "nodeType": "YulIdentifier",
                                  "src": "7464:9:7"
                                },
                                {
                                  "kind": "number",
                                  "nativeSrc": "7475:2:7",
                                  "nodeType": "YulLiteral",
                                  "src": "7475:2:7",
                                  "type": "",
                                  "value": "96"
                                }
                              ],
                              "functionName": {
                                "name": "add",
                                "nativeSrc": "7460:3:7",
                                "nodeType": "YulIdentifier",
                                "src": "7460:3:7"
                              },
                              "nativeSrc": "7460:18:7",
                              "nodeType": "YulFunctionCall",
                              "src": "7460:18:7"
                            },
                            "variableNames": [
                              {
                                "name": "tail",
                                "nativeSrc": "7452:4:7",
                                "nodeType": "YulIdentifier",
                                "src": "7452:4:7"
                              }
                            ]
                          },
                          {
                            "expression": {
                              "arguments": [
                                {
                                  "name": "value0",
                                  "nativeSrc": "7532:6:7",
                                  "nodeType": "YulIdentifier",
                                  "src": "7532:6:7"
                                },
                                {
                                  "arguments": [
                                    {
                                      "name": "headStart",
                                      "nativeSrc": "7545:9:7",
                                      "nodeType": "YulIdentifier",
                                      "src": "7545:9:7"
                                    },
                                    {
                                      "kind": "number",
                                      "nativeSrc": "7556:1:7",
                                      "nodeType": "YulLiteral",
                                      "src": "7556:1:7",
                                      "type": "",
                                      "value": "0"
                                    }
                                  ],
                                  "functionName": {
                                    "name": "add",
                                    "nativeSrc": "7541:3:7",
                                    "nodeType": "YulIdentifier",
                                    "src": "7541:3:7"
                                  },
                                  "nativeSrc": "7541:17:7",
                                  "nodeType": "YulFunctionCall",
                                  "src": "7541:17:7"
                                }
                              ],
                              "functionName": {
                                "name": "abi_encode_t_address_to_t_address_fromStack",
                                "nativeSrc": "7488:43:7",
                                "nodeType": "YulIdentifier",
                                "src": "7488:43:7"
                              },
                              "nativeSrc": "7488:71:7",
                              "nodeType": "YulFunctionCall",
                              "src": "7488:71:7"
                            },
                            "nativeSrc": "7488:71:7",
                            "nodeType": "YulExpressionStatement",
                            "src": "7488:71:7"
                          },
                          {
                            "expression": {
                              "arguments": [
                                {
                                  "name": "value1",
                                  "nativeSrc": "7613:6:7",
                                  "nodeType": "YulIdentifier",
                                  "src": "7613:6:7"
                                },
                                {
                                  "arguments": [
                                    {
                                      "name": "headStart",
                                      "nativeSrc": "7626:9:7",
                                      "nodeType": "YulIdentifier",
                                      "src": "7626:9:7"
                                    },
                                    {
                                      "kind": "number",
                                      "nativeSrc": "7637:2:7",
                                      "nodeType": "YulLiteral",
                                      "src": "7637:2:7",
                                      "type": "",
                                      "value": "32"
                                    }
                                  ],
                                  "functionName": {
                                    "name": "add",
                                    "nativeSrc": "7622:3:7",
                                    "nodeType": "YulIdentifier",
                                    "src": "7622:3:7"
                                  },
                                  "nativeSrc": "7622:18:7",
                                  "nodeType": "YulFunctionCall",
                                  "src": "7622:18:7"
                                }
                              ],
                              "functionName": {
                                "name": "abi_encode_t_uint256_to_t_uint256_fromStack",
                                "nativeSrc": "7569:43:7",
                                "nodeType": "YulIdentifier",
                                "src": "7569:43:7"
                              },
                              "nativeSrc": "7569:72:7",
                              "nodeType": "YulFunctionCall",
                              "src": "7569:72:7"
                            },
                            "nativeSrc": "7569:72:7",
                            "nodeType": "YulExpressionStatement",
                            "src": "7569:72:7"
                          },
                          {
                            "expression": {
                              "arguments": [
                                {
                                  "name": "value2",
                                  "nativeSrc": "7695:6:7",
                                  "nodeType": "YulIdentifier",
                                  "src": "7695:6:7"
                                },
                                {
                                  "arguments": [
                                    {
                                      "name": "headStart",
                                      "nativeSrc": "7708:9:7",
                                      "nodeType": "YulIdentifier",
                                      "src": "7708:9:7"
                                    },
                                    {
                                      "kind": "number",
                                      "nativeSrc": "7719:2:7",
                                      "nodeType": "YulLiteral",
                                      "src": "7719:2:7",
                                      "type": "",
                                      "value": "64"
                                    }
                                  ],
                                  "functionName": {
                                    "name": "add",
                                    "nativeSrc": "7704:3:7",
                                    "nodeType": "YulIdentifier",
                                    "src": "7704:3:7"
                                  },
                                  "nativeSrc": "7704:18:7",
                                  "nodeType": "YulFunctionCall",
                                  "src": "7704:18:7"
                                }
                              ],
                              "functionName": {
                                "name": "abi_encode_t_uint256_to_t_uint256_fromStack",
                                "nativeSrc": "7651:43:7",
                                "nodeType": "YulIdentifier",
                                "src": "7651:43:7"
                              },
                              "nativeSrc": "7651:72:7",
                              "nodeType": "YulFunctionCall",
                              "src": "7651:72:7"
                            },
                            "nativeSrc": "7651:72:7",
                            "nodeType": "YulExpressionStatement",
                            "src": "7651:72:7"
                          }
                        ]
                      },
                      "name": "abi_encode_tuple_t_address_t_uint256_t_uint256__to_t_address_t_uint256_t_uint256__fromStack_reversed",
                      "nativeSrc": "7288:442:7",
                      "nodeType": "YulFunctionDefinition",
                      "parameters": [
                        {
                          "name": "headStart",
                          "nativeSrc": "7398:9:7",
                          "nodeType": "YulTypedName",
                          "src": "7398:9:7",
                          "type": ""
                        },
                        {
                          "name": "value2",
                          "nativeSrc": "7410:6:7",
                          "nodeType": "YulTypedName",
                          "src": "7410:6:7",
                          "type": ""
                        },
                        {
                          "name": "value1",
                          "nativeSrc": "7418:6:7",
                          "nodeType": "YulTypedName",
                          "src": "7418:6:7",
                          "type": ""
                        },
                        {
                          "name": "value0",
                          "nativeSrc": "7426:6:7",
                          "nodeType": "YulTypedName",
                          "src": "7426:6:7",
                          "type": ""
                        }
                      ],
                      "returnVariables": [
                        {
                          "name": "tail",
                          "nativeSrc": "7437:4:7",
                          "nodeType": "YulTypedName",
                          "src": "7437:4:7",
                          "type": ""
                        }
                      ],
                      "src": "7288:442:7"
                    },
                    {
                      "body": {
                        "nativeSrc": "7834:124:7",
                        "nodeType": "YulBlock",
                        "src": "7834:124:7",
                        "statements": [
                          {
                            "nativeSrc": "7844:26:7",
                            "nodeType": "YulAssignment",
                            "src": "7844:26:7",
                            "value": {
                              "arguments": [
                                {
                                  "name": "headStart",
                                  "nativeSrc": "7856:9:7",
                                  "nodeType": "YulIdentifier",
                                  "src": "7856:9:7"
                                },
                                {
                                  "kind": "number",
                                  "nativeSrc": "7867:2:7",
                                  "nodeType": "YulLiteral",
                                  "src": "7867:2:7",
                                  "type": "",
                                  "value": "32"
                                }
                              ],
                              "functionName": {
                                "name": "add",
                                "nativeSrc": "7852:3:7",
                                "nodeType": "YulIdentifier",
                                "src": "7852:3:7"
                              },
                              "nativeSrc": "7852:18:7",
                              "nodeType": "YulFunctionCall",
                              "src": "7852:18:7"
                            },
                            "variableNames": [
                              {
                                "name": "tail",
                                "nativeSrc": "7844:4:7",
                                "nodeType": "YulIdentifier",
                                "src": "7844:4:7"
                              }
                            ]
                          },
                          {
                            "expression": {
                              "arguments": [
                                {
                                  "name": "value0",
                                  "nativeSrc": "7924:6:7",
                                  "nodeType": "YulIdentifier",
                                  "src": "7924:6:7"
                                },
                                {
                                  "arguments": [
                                    {
                                      "name": "headStart",
                                      "nativeSrc": "7937:9:7",
                                      "nodeType": "YulIdentifier",
                                      "src": "7937:9:7"
                                    },
                                    {
                                      "kind": "number",
                                      "nativeSrc": "7948:1:7",
                                      "nodeType": "YulLiteral",
                                      "src": "7948:1:7",
                                      "type": "",
                                      "value": "0"
                                    }
                                  ],
                                  "functionName": {
                                    "name": "add",
                                    "nativeSrc": "7933:3:7",
                                    "nodeType": "YulIdentifier",
                                    "src": "7933:3:7"
                                  },
                                  "nativeSrc": "7933:17:7",
                                  "nodeType": "YulFunctionCall",
                                  "src": "7933:17:7"
                                }
                              ],
                              "functionName": {
                                "name": "abi_encode_t_uint256_to_t_uint256_fromStack",
                                "nativeSrc": "7880:43:7",
                                "nodeType": "YulIdentifier",
                                "src": "7880:43:7"
                              },
                              "nativeSrc": "7880:71:7",
                              "nodeType": "YulFunctionCall",
                              "src": "7880:71:7"
                            },
                            "nativeSrc": "7880:71:7",
                            "nodeType": "YulExpressionStatement",
                            "src": "7880:71:7"
                          }
                        ]
                      },
                      "name": "abi_encode_tuple_t_uint256__to_t_uint256__fromStack_reversed",
                      "nativeSrc": "7736:222:7",
                      "nodeType": "YulFunctionDefinition",
                      "parameters": [
                        {
                          "name": "headStart",
                          "nativeSrc": "7806:9:7",
                          "nodeType": "YulTypedName",
                          "src": "7806:9:7",
                          "type": ""
                        },
                        {
                          "name": "value0",
                          "nativeSrc": "7818:6:7",
                          "nodeType": "YulTypedName",
                          "src": "7818:6:7",
                          "type": ""
                        }
                      ],
                      "returnVariables": [
                        {
                          "name": "tail",
                          "nativeSrc": "7829:4:7",
                          "nodeType": "YulTypedName",
                          "src": "7829:4:7",
                          "type": ""
                        }
                      ],
                      "src": "7736:222:7"
                    }
                  ]
                },
                "contents": "{\n\n    function allocate_unbounded() -> memPtr {\n        memPtr := mload(64)\n    }\n\n    function revert_error_dbdddcbe895c83990c08b3492a0e83918d802a52331272ac6fdb6a7c4aea3b1b() {\n        revert(0, 0)\n    }\n\n    function revert_error_c1322bf8034eace5e0b5c7295db60986aa89aae5e0ea0873e4689e076861a5db() {\n        revert(0, 0)\n    }\n\n    function cleanup_t_uint256(value) -> cleaned {\n        cleaned := value\n    }\n\n    function validator_revert_t_uint256(value) {\n        if iszero(eq(value, cleanup_t_uint256(value))) { revert(0, 0) }\n    }\n\n    function abi_decode_t_uint256_fromMemory(offset, end) -> value {\n        value := mload(offset)\n        validator_revert_t_uint256(value)\n    }\n\n    function abi_decode_tuple_t_uint256_fromMemory(headStart, dataEnd) -> value0 {\n        if slt(sub(dataEnd, headStart), 32) { revert_error_dbdddcbe895c83990c08b3492a0e83918d802a52331272ac6fdb6a7c4aea3b1b() }\n\n        {\n\n            let offset := 0\n\n            value0 := abi_decode_t_uint256_fromMemory(add(headStart, offset), dataEnd)\n        }\n\n    }\n\n    function array_length_t_string_memory_ptr(value) -> length {\n\n        length := mload(value)\n\n    }\n\n    function panic_error_0x41() {\n        mstore(0, 35408467139433450592217433187231851964531694900788300625387963629091585785856)\n        mstore(4, 0x41)\n        revert(0, 0x24)\n    }\n\n    function panic_error_0x22() {\n        mstore(0, 35408467139433450592217433187231851964531694900788300625387963629091585785856)\n        mstore(4, 0x22)\n        revert(0, 0x24)\n    }\n\n    function extract_byte_array_length(data) -> length {\n        length := div(data, 2)\n        let outOfPlaceEncoding := and(data, 1)\n        if iszero(outOfPlaceEncoding) {\n            length := and(length, 0x7f)\n        }\n\n        if eq(outOfPlaceEncoding, lt(length, 32)) {\n            panic_error_0x22()\n        }\n    }\n\n    function array_dataslot_t_string_storage(ptr) -> data {\n        data := ptr\n\n        mstore(0, ptr)\n        data := keccak256(0, 0x20)\n\n    }\n\n    function divide_by_32_ceil(value) -> result {\n        result := div(add(value, 31), 32)\n    }\n\n    function shift_left_dynamic(bits, value) -> newValue {\n        newValue :=\n\n        shl(bits, value)\n\n    }\n\n    function update_byte_slice_dynamic32(value, shiftBytes, toInsert) -> result {\n        let shiftBits := mul(shiftBytes, 8)\n        let mask := shift_left_dynamic(shiftBits, 0xffffffffffffffffffffffffffffffffffffffffffffffffffffffffffffffff)\n        toInsert := shift_left_dynamic(shiftBits, toInsert)\n        value := and(value, not(mask))\n        result := or(value, and(toInsert, mask))\n    }\n\n    function identity(value) -> ret {\n        ret := value\n    }\n\n    function convert_t_uint256_to_t_uint256(value) -> converted {\n        converted := cleanup_t_uint256(identity(cleanup_t_uint256(value)))\n    }\n\n    function prepare_store_t_uint256(value) -> ret {\n        ret := value\n    }\n\n    function update_storage_value_t_uint256_to_t_uint256(slot, offset, value_0) {\n        let convertedValue_0 := convert_t_uint256_to_t_uint256(value_0)\n        sstore(slot, update_byte_slice_dynamic32(sload(slot), offset, prepare_store_t_uint256(convertedValue_0)))\n    }\n\n    function zero_value_for_split_t_uint256() -> ret {\n        ret := 0\n    }\n\n    function storage_set_to_zero_t_uint256(slot, offset) {\n        let zero_0 := zero_value_for_split_t_uint256()\n        update_storage_value_t_uint256_to_t_uint256(slot, offset, zero_0)\n    }\n\n    function clear_storage_range_t_bytes1(start, end) {\n        for {} lt(start, end) { start := add(start, 1) }\n        {\n            storage_set_to_zero_t_uint256(start, 0)\n        }\n    }\n\n    function clean_up_bytearray_end_slots_t_string_storage(array, len, startIndex) {\n\n        if gt(len, 31) {\n            let dataArea := array_dataslot_t_string_storage(array)\n            let deleteStart := add(dataArea, divide_by_32_ceil(startIndex))\n            // If we are clearing array to be short byte array, we want to clear only data starting from array data area.\n            if lt(startIndex, 32) { deleteStart := dataArea }\n            clear_storage_range_t_bytes1(deleteStart, add(dataArea, divide_by_32_ceil(len)))\n        }\n\n    }\n\n    function shift_right_unsigned_dynamic(bits, value) -> newValue {\n        newValue :=\n\n        shr(bits, value)\n\n    }\n\n    function mask_bytes_dynamic(data, bytes) -> result {\n        let mask := not(shift_right_unsigned_dynamic(mul(8, bytes), not(0)))\n        result := and(data, mask)\n    }\n    function extract_used_part_and_set_length_of_short_byte_array(data, len) -> used {\n        // we want to save only elements that are part of the array after resizing\n        // others should be set to zero\n        data := mask_bytes_dynamic(data, len)\n        used := or(data, mul(2, len))\n    }\n    function copy_byte_array_to_storage_from_t_string_memory_ptr_to_t_string_storage(slot, src) {\n\n        let newLen := array_length_t_string_memory_ptr(src)\n        // Make sure array length is sane\n        if gt(newLen, 0xffffffffffffffff) { panic_error_0x41() }\n\n        let oldLen := extract_byte_array_length(sload(slot))\n\n        // potentially truncate data\n        clean_up_bytearray_end_slots_t_string_storage(slot, oldLen, newLen)\n\n        let srcOffset := 0\n\n        srcOffset := 0x20\n\n        switch gt(newLen, 31)\n        case 1 {\n            let loopEnd := and(newLen, not(0x1f))\n\n            let dstPtr := array_dataslot_t_string_storage(slot)\n            let i := 0\n            for { } lt(i, loopEnd) { i := add(i, 0x20) } {\n                sstore(dstPtr, mload(add(src, srcOffset)))\n                dstPtr := add(dstPtr, 1)\n                srcOffset := add(srcOffset, 32)\n            }\n            if lt(loopEnd, newLen) {\n                let lastValue := mload(add(src, srcOffset))\n                sstore(dstPtr, mask_bytes_dynamic(lastValue, and(newLen, 0x1f)))\n            }\n            sstore(slot, add(mul(newLen, 2), 1))\n        }\n        default {\n            let value := 0\n            if newLen {\n                value := mload(add(src, srcOffset))\n            }\n            sstore(slot, extract_used_part_and_set_length_of_short_byte_array(value, newLen))\n        }\n    }\n\n    function cleanup_t_uint160(value) -> cleaned {\n        cleaned := and(value, 0xffffffffffffffffffffffffffffffffffffffff)\n    }\n\n    function cleanup_t_address(value) -> cleaned {\n        cleaned := cleanup_t_uint160(value)\n    }\n\n    function abi_encode_t_address_to_t_address_fromStack(value, pos) {\n        mstore(pos, cleanup_t_address(value))\n    }\n\n    function abi_encode_tuple_t_address__to_t_address__fromStack_reversed(headStart , value0) -> tail {\n        tail := add(headStart, 32)\n\n        abi_encode_t_address_to_t_address_fromStack(value0,  add(headStart, 0))\n\n    }\n\n    function panic_error_0x11() {\n        mstore(0, 35408467139433450592217433187231851964531694900788300625387963629091585785856)\n        mstore(4, 0x11)\n        revert(0, 0x24)\n    }\n\n    function checked_add_t_uint256(x, y) -> sum {\n        x := cleanup_t_uint256(x)\n        y := cleanup_t_uint256(y)\n        sum := add(x, y)\n\n        if gt(x, sum) { panic_error_0x11() }\n\n    }\n\n    function abi_encode_t_uint256_to_t_uint256_fromStack(value, pos) {\n        mstore(pos, cleanup_t_uint256(value))\n    }\n\n    function abi_encode_tuple_t_address_t_uint256_t_uint256__to_t_address_t_uint256_t_uint256__fromStack_reversed(headStart , value2, value1, value0) -> tail {\n        tail := add(headStart, 96)\n\n        abi_encode_t_address_to_t_address_fromStack(value0,  add(headStart, 0))\n\n        abi_encode_t_uint256_to_t_uint256_fromStack(value1,  add(headStart, 32))\n\n        abi_encode_t_uint256_to_t_uint256_fromStack(value2,  add(headStart, 64))\n\n    }\n\n    function abi_encode_tuple_t_uint256__to_t_uint256__fromStack_reversed(headStart , value0) -> tail {\n        tail := add(headStart, 32)\n\n        abi_encode_t_uint256_to_t_uint256_fromStack(value0,  add(headStart, 0))\n\n    }\n\n}\n",
                "id": 7,
                "language": "Yul",
                "name": "#utility.yul"
              }
            ],
            "linkReferences": {},
            "object": "608060405234801561000f575f5ffd5b50604051611b47380380611b47833981810160405281019061003191906104ee565b336040518060400160405280600981526020017f4d6f636b205553445400000000000000000000000000000000000000000000008152506040518060400160405280600581526020017f6d5553445400000000000000000000000000000000000000000000000000000081525081600390816100ad919061074d565b5080600490816100bd919061074d565b5050505f73ffffffffffffffffffffffffffffffffffffffff168173ffffffffffffffffffffffffffffffffffffffff1603610130575f6040517f1e4fbdf7000000000000000000000000000000000000000000000000000000008152600401610127919061085b565b60405180910390fd5b61013f8161015660201b60201c565b50610150338261021960201b60201c565b50610931565b5f60055f9054906101000a900473ffffffffffffffffffffffffffffffffffffffff1690508160055f6101000a81548173ffffffffffffffffffffffffffffffffffffffff021916908373ffffffffffffffffffffffffffffffffffffffff1602179055508173ffffffffffffffffffffffffffffffffffffffff168173ffffffffffffffffffffffffffffffffffffffff167f8be0079c531659141344cd1fd0a4f28419497f9722a3daafe3b4186f6b6457e060405160405180910390a35050565b5f73ffffffffffffffffffffffffffffffffffffffff168273ffffffffffffffffffffffffffffffffffffffff1603610289575f6040517fec442f05000000000000000000000000000000000000000000000000000000008152600401610280919061085b565b60405180910390fd5b61029a5f838361029e60201b60201c565b5050565b5f73ffffffffffffffffffffffffffffffffffffffff168373ffffffffffffffffffffffffffffffffffffffff16036102ee578060025f8282546102e291906108a1565b925050819055506103bc565b5f5f5f8573ffffffffffffffffffffffffffffffffffffffff1673ffffffffffffffffffffffffffffffffffffffff1681526020019081526020015f2054905081811015610377578381836040517fe450d38c00000000000000000000000000000000000000000000000000000000815260040161036e939291906108e3565b60405180910390fd5b8181035f5f8673ffffffffffffffffffffffffffffffffffffffff1673ffffffffffffffffffffffffffffffffffffffff1681526020019081526020015f2081905550505b5f73ffffffffffffffffffffffffffffffffffffffff168273ffffffffffffffffffffffffffffffffffffffff1603610403578060025f828254039250508190555061044d565b805f5f8473ffffffffffffffffffffffffffffffffffffffff1673ffffffffffffffffffffffffffffffffffffffff1681526020019081526020015f205f82825401925050819055505b8173ffffffffffffffffffffffffffffffffffffffff168373ffffffffffffffffffffffffffffffffffffffff167fddf252ad1be2c89b69c2b068fc378daa952ba7f163c4a11628f55a4df523b3ef836040516104aa9190610918565b60405180910390a3505050565b5f5ffd5b5f819050919050565b6104cd816104bb565b81146104d7575f5ffd5b50565b5f815190506104e8816104c4565b92915050565b5f60208284031215610503576105026104b7565b5b5f610510848285016104da565b91505092915050565b5f81519050919050565b7f4e487b71000000000000000000000000000000000000000000000000000000005f52604160045260245ffd5b7f4e487b71000000000000000000000000000000000000000000000000000000005f52602260045260245ffd5b5f600282049050600182168061059457607f821691505b6020821081036105a7576105a6610550565b5b50919050565b5f819050815f5260205f209050919050565b5f6020601f8301049050919050565b5f82821b905092915050565b5f600883026106097fffffffffffffffffffffffffffffffffffffffffffffffffffffffffffffffff826105ce565b61061386836105ce565b95508019841693508086168417925050509392505050565b5f819050919050565b5f61064e610649610644846104bb565b61062b565b6104bb565b9050919050565b5f819050919050565b61066783610634565b61067b61067382610655565b8484546105da565b825550505050565b5f5f905090565b610692610683565b61069d81848461065e565b505050565b5b818110156106c0576106b55f8261068a565b6001810190506106a3565b5050565b601f821115610705576106d6816105ad565b6106df846105bf565b810160208510156106ee578190505b6107026106fa856105bf565b8301826106a2565b50505b505050565b5f82821c905092915050565b5f6107255f198460080261070a565b1980831691505092915050565b5f61073d8383610716565b9150826002028217905092915050565b61075682610519565b67ffffffffffffffff81111561076f5761076e610523565b5b610779825461057d565b6107848282856106c4565b5f60209050601f8311600181146107b5575f84156107a3578287015190505b6107ad8582610732565b865550610814565b601f1984166107c3866105ad565b5f5b828110156107ea578489015182556001820191506020850194506020810190506107c5565b868310156108075784890151610803601f891682610716565b8355505b6001600288020188555050505b505050505050565b5f73ffffffffffffffffffffffffffffffffffffffff82169050919050565b5f6108458261081c565b9050919050565b6108558161083b565b82525050565b5f60208201905061086e5f83018461084c565b92915050565b7f4e487b71000000000000000000000000000000000000000000000000000000005f52601160045260245ffd5b5f6108ab826104bb565b91506108b6836104bb565b92508282019050808211156108ce576108cd610874565b5b92915050565b6108dd816104bb565b82525050565b5f6060820190506108f65f83018661084c565b61090360208301856108d4565b61091060408301846108d4565b949350505050565b5f60208201905061092b5f8301846108d4565b92915050565b6112098061093e5f395ff3fe608060405234801561000f575f5ffd5b50600436106100e8575f3560e01c806370a082311161008a57806395d89b411161006457806395d89b4114610236578063a9059cbb14610254578063dd62ed3e14610284578063f2fde38b146102b4576100e8565b806370a08231146101de578063715018a61461020e5780638da5cb5b14610218576100e8565b806323b872dd116100c657806323b872dd14610158578063313ce5671461018857806340c10f19146101a657806342966c68146101c2576100e8565b806306fdde03146100ec578063095ea7b31461010a57806318160ddd1461013a575b5f5ffd5b6100f46102d0565b6040516101019190610e57565b60405180910390f35b610124600480360381019061011f9190610f08565b610360565b6040516101319190610f60565b60405180910390f35b610142610382565b60405161014f9190610f88565b60405180910390f35b610172600480360381019061016d9190610fa1565b61038b565b60405161017f9190610f60565b60405180910390f35b6101906103b9565b60405161019d919061100c565b60405180910390f35b6101c060048036038101906101bb9190610f08565b6103c1565b005b6101dc60048036038101906101d79190611025565b6103d7565b005b6101f860048036038101906101f39190611050565b6103e4565b6040516102059190610f88565b60405180910390f35b610216610429565b005b61022061043c565b60405161022d919061108a565b60405180910390f35b61023e610464565b60405161024b9190610e57565b60405180910390f35b61026e60048036038101906102699190610f08565b6104f4565b60405161027b9190610f60565b60405180910390f35b61029e600480360381019061029991906110a3565b610516565b6040516102ab9190610f88565b60405180910390f35b6102ce60048036038101906102c99190611050565b610598565b005b6060600380546102df9061110e565b80601f016020809104026020016040519081016040528092919081815260200182805461030b9061110e565b80156103565780601f1061032d57610100808354040283529160200191610356565b820191905f5260205f20905b81548152906001019060200180831161033957829003601f168201915b5050505050905090565b5f5f61036a61061c565b9050610377818585610623565b600191505092915050565b5f600254905090565b5f5f61039561061c565b90506103a2858285610635565b6103ad8585856106c7565b60019150509392505050565b5f6012905090565b6103c96107b7565b6103d3828261083e565b5050565b6103e133826108bd565b50565b5f5f5f8373ffffffffffffffffffffffffffffffffffffffff1673ffffffffffffffffffffffffffffffffffffffff1681526020019081526020015f20549050919050565b6104316107b7565b61043a5f61093c565b565b5f60055f9054906101000a900473ffffffffffffffffffffffffffffffffffffffff16905090565b6060600480546104739061110e565b80601f016020809104026020016040519081016040528092919081815260200182805461049f9061110e565b80156104ea5780601f106104c1576101008083540402835291602001916104ea565b820191905f5260205f20905b8154815290600101906020018083116104cd57829003601f168201915b5050505050905090565b5f5f6104fe61061c565b905061050b8185856106c7565b600191505092915050565b5f60015f8473ffffffffffffffffffffffffffffffffffffffff1673ffffffffffffffffffffffffffffffffffffffff1681526020019081526020015f205f8373ffffffffffffffffffffffffffffffffffffffff1673ffffffffffffffffffffffffffffffffffffffff1681526020019081526020015f2054905092915050565b6105a06107b7565b5f73ffffffffffffffffffffffffffffffffffffffff168173ffffffffffffffffffffffffffffffffffffffff1603610610575f6040517f1e4fbdf7000000000000000000000000000000000000000000000000000000008152600401610607919061108a565b60405180910390fd5b6106198161093c565b50565b5f33905090565b61063083838360016109ff565b505050565b5f6106408484610516565b90507fffffffffffffffffffffffffffffffffffffffffffffffffffffffffffffffff81146106c157818110156106b2578281836040517ffb8f41b20000000000000000000000000000000000000000000000000000000081526004016106a99392919061113e565b60405180910390fd5b6106c084848484035f6109ff565b5b50505050565b5f73ffffffffffffffffffffffffffffffffffffffff168373ffffffffffffffffffffffffffffffffffffffff1603610737575f6040517f96c6fd1e00000000000000000000000000000000000000000000000000000000815260040161072e919061108a565b60405180910390fd5b5f73ffffffffffffffffffffffffffffffffffffffff168273ffffffffffffffffffffffffffffffffffffffff16036107a7575f6040517fec442f0500000000000000000000000000000000000000000000000000000000815260040161079e919061108a565b60405180910390fd5b6107b2838383610bce565b505050565b6107bf61061c565b73ffffffffffffffffffffffffffffffffffffffff166107dd61043c565b73ffffffffffffffffffffffffffffffffffffffff161461083c5761080061061c565b6040517f118cdaa7000000000000000000000000000000000000000000000000000000008152600401610833919061108a565b60405180910390fd5b565b5f73ffffffffffffffffffffffffffffffffffffffff168273ffffffffffffffffffffffffffffffffffffffff16036108ae575f6040517fec442f050000000000000000000000000000000000000000000000000000000081526004016108a5919061108a565b60405180910390fd5b6108b95f8383610bce565b5050565b5f73ffffffffffffffffffffffffffffffffffffffff168273ffffffffffffffffffffffffffffffffffffffff160361092d575f6040517f96c6fd1e000000000000000000000000000000000000000000000000000000008152600401610924919061108a565b60405180910390fd5b610938825f83610bce565b5050565b5f60055f9054906101000a900473ffffffffffffffffffffffffffffffffffffffff1690508160055f6101000a81548173ffffffffffffffffffffffffffffffffffffffff021916908373ffffffffffffffffffffffffffffffffffffffff1602179055508173ffffffffffffffffffffffffffffffffffffffff168173ffffffffffffffffffffffffffffffffffffffff167f8be0079c531659141344cd1fd0a4f28419497f9722a3daafe3b4186f6b6457e060405160405180910390a35050565b5f73ffffffffffffffffffffffffffffffffffffffff168473ffffffffffffffffffffffffffffffffffffffff1603610a6f575f6040517fe602df05000000000000000000000000000000000000000000000000000000008152600401610a66919061108a565b60405180910390fd5b5f73ffffffffffffffffffffffffffffffffffffffff168373ffffffffffffffffffffffffffffffffffffffff1603610adf575f6040517f94280d62000000000000000000000000000000000000000000000000000000008152600401610ad6919061108a565b60405180910390fd5b8160015f8673ffffffffffffffffffffffffffffffffffffffff1673ffffffffffffffffffffffffffffffffffffffff1681526020019081526020015f205f8573ffffffffffffffffffffffffffffffffffffffff1673ffffffffffffffffffffffffffffffffffffffff1681526020019081526020015f20819055508015610bc8578273ffffffffffffffffffffffffffffffffffffffff168473ffffffffffffffffffffffffffffffffffffffff167f8c5be1e5ebec7d5bd14f71427d1e84f3dd0314c0f7b2291e5b200ac8c7c3b92584604051610bbf9190610f88565b60405180910390a35b50505050565b5f73ffffffffffffffffffffffffffffffffffffffff168373ffffffffffffffffffffffffffffffffffffffff1603610c1e578060025f828254610c1291906111a0565b92505081905550610cec565b5f5f5f8573ffffffffffffffffffffffffffffffffffffffff1673ffffffffffffffffffffffffffffffffffffffff1681526020019081526020015f2054905081811015610ca7578381836040517fe450d38c000000000000000000000000000000000000000000000000000000008152600401610c9e9392919061113e565b60405180910390fd5b8181035f5f8673ffffffffffffffffffffffffffffffffffffffff1673ffffffffffffffffffffffffffffffffffffffff1681526020019081526020015f2081905550505b5f73ffffffffffffffffffffffffffffffffffffffff168273ffffffffffffffffffffffffffffffffffffffff1603610d33578060025f8282540392505081905550610d7d565b805f5f8473ffffffffffffffffffffffffffffffffffffffff1673ffffffffffffffffffffffffffffffffffffffff1681526020019081526020015f205f82825401925050819055505b8173ffffffffffffffffffffffffffffffffffffffff168373ffffffffffffffffffffffffffffffffffffffff167fddf252ad1be2c89b69c2b068fc378daa952ba7f163c4a11628f55a4df523b3ef83604051610dda9190610f88565b60405180910390a3505050565b5f81519050919050565b5f82825260208201905092915050565b8281835e5f83830152505050565b5f601f19601f8301169050919050565b5f610e2982610de7565b610e338185610df1565b9350610e43818560208601610e01565b610e4c81610e0f565b840191505092915050565b5f6020820190508181035f830152610e6f8184610e1f565b905092915050565b5f5ffd5b5f73ffffffffffffffffffffffffffffffffffffffff82169050919050565b5f610ea482610e7b565b9050919050565b610eb481610e9a565b8114610ebe575f5ffd5b50565b5f81359050610ecf81610eab565b92915050565b5f819050919050565b610ee781610ed5565b8114610ef1575f5ffd5b50565b5f81359050610f0281610ede565b92915050565b5f5f60408385031215610f1e57610f1d610e77565b5b5f610f2b85828601610ec1565b9250506020610f3c85828601610ef4565b9150509250929050565b5f8115159050919050565b610f5a81610f46565b82525050565b5f602082019050610f735f830184610f51565b92915050565b610f8281610ed5565b82525050565b5f602082019050610f9b5f830184610f79565b92915050565b5f5f5f60608486031215610fb857610fb7610e77565b5b5f610fc586828701610ec1565b9350506020610fd686828701610ec1565b9250506040610fe786828701610ef4565b9150509250925092565b5f60ff82169050919050565b61100681610ff1565b82525050565b5f60208201905061101f5f830184610ffd565b92915050565b5f6020828403121561103a57611039610e77565b5b5f61104784828501610ef4565b91505092915050565b5f6020828403121561106557611064610e77565b5b5f61107284828501610ec1565b91505092915050565b61108481610e9a565b82525050565b5f60208201905061109d5f83018461107b565b92915050565b5f5f604083850312156110b9576110b8610e77565b5b5f6110c685828601610ec1565b92505060206110d785828601610ec1565b9150509250929050565b7f4e487b71000000000000000000000000000000000000000000000000000000005f52602260045260245ffd5b5f600282049050600182168061112557607f821691505b602082108103611138576111376110e1565b5b50919050565b5f6060820190506111515f83018661107b565b61115e6020830185610f79565b61116b6040830184610f79565b949350505050565b7f4e487b71000000000000000000000000000000000000000000000000000000005f52601160045260245ffd5b5f6111aa82610ed5565b91506111b583610ed5565b92508282019050808211156111cd576111cc611173565b5b9291505056fea2646970667358221220ccac1fb1eb543eac97cbfc768773aec1376864d99f3aab0fa64a6436e7a523d764736f6c634300081b0033",
            "opcodes": "PUSH1 0x80 PUSH1 0x40 MSTORE CALLVALUE DUP1 ISZERO PUSH2 0xF JUMPI PUSH0 PUSH0 REVERT JUMPDEST POP PUSH1 0x40 MLOAD PUSH2 0x1B47 CODESIZE SUB DUP1 PUSH2 0x1B47 DUP4 CODECOPY DUP2 DUP2 ADD PUSH1 0x40 MSTORE DUP2 ADD SWAP1 PUSH2 0x31 SWAP2 SWAP1 PUSH2 0x4EE JUMP JUMPDEST CALLER PUSH1 0x40 MLOAD DUP1 PUSH1 0x40 ADD PUSH1 0x40 MSTORE DUP1 PUSH1 0x9 DUP2 MSTORE PUSH1 0x20 ADD PUSH32 0x4D6F636B20555344540000000000000000000000000000000000000000000000 DUP2 MSTORE POP PUSH1 0x40 MLOAD DUP1 PUSH1 0x40 ADD PUSH1 0x40 MSTORE DUP1 PUSH1 0x5 DUP2 MSTORE PUSH1 0x20 ADD PUSH32 0x6D55534454000000000000000000000000000000000000000000000000000000 DUP2 MSTORE POP DUP2 PUSH1 0x3 SWAP1 DUP2 PUSH2 0xAD SWAP2 SWAP1 PUSH2 0x74D JUMP JUMPDEST POP DUP1 PUSH1 0x4 SWAP1 DUP2 PUSH2 0xBD SWAP2 SWAP1 PUSH2 0x74D JUMP JUMPDEST POP POP POP PUSH0 PUSH20 0xFFFFFFFFFFFFFFFFFFFFFFFFFFFFFFFFFFFFFFFF AND DUP2 PUSH20 0xFFFFFFFFFFFFFFFFFFFFFFFFFFFFFFFFFFFFFFFF AND SUB PUSH2 0x130 JUMPI PUSH0 PUSH1 0x40 MLOAD PUSH32 0x1E4FBDF700000000000000000000000000000000000000000000000000000000 DUP2 MSTORE PUSH1 0x4 ADD PUSH2 0x127 SWAP2 SWAP1 PUSH2 0x85B JUMP JUMPDEST PUSH1 0x40 MLOAD DUP1 SWAP2 SUB SWAP1 REVERT JUMPDEST PUSH2 0x13F DUP2 PUSH2 0x156 PUSH1 0x20 SHL PUSH1 0x20 SHR JUMP JUMPDEST POP PUSH2 0x150 CALLER DUP3 PUSH2 0x219 PUSH1 0x20 SHL PUSH1 0x20 SHR JUMP JUMPDEST POP PUSH2 0x931 JUMP JUMPDEST PUSH0 PUSH1 0x5 PUSH0 SWAP1 SLOAD SWAP1 PUSH2 0x100 EXP SWAP1 DIV PUSH20 0xFFFFFFFFFFFFFFFFFFFFFFFFFFFFFFFFFFFFFFFF AND SWAP1 POP DUP2 PUSH1 0x5 PUSH0 PUSH2 0x100 EXP DUP2 SLOAD DUP2 PUSH20 0xFFFFFFFFFFFFFFFFFFFFFFFFFFFFFFFFFFFFFFFF MUL NOT AND SWAP1 DUP4 PUSH20 0xFFFFFFFFFFFFFFFFFFFFFFFFFFFFFFFFFFFFFFFF AND MUL OR SWAP1 SSTORE POP DUP2 PUSH20 0xFFFFFFFFFFFFFFFFFFFFFFFFFFFFFFFFFFFFFFFF AND DUP2 PUSH20 0xFFFFFFFFFFFFFFFFFFFFFFFFFFFFFFFFFFFFFFFF AND PUSH32 0x8BE0079C531659141344CD1FD0A4F28419497F9722A3DAAFE3B4186F6B6457E0 PUSH1 0x40 MLOAD PUSH1 0x40 MLOAD DUP1 SWAP2 SUB SWAP1 LOG3 POP POP JUMP JUMPDEST PUSH0 PUSH20 0xFFFFFFFFFFFFFFFFFFFFFFFFFFFFFFFFFFFFFFFF AND DUP3 PUSH20 0xFFFFFFFFFFFFFFFFFFFFFFFFFFFFFFFFFFFFFFFF AND SUB PUSH2 0x289 JUMPI PUSH0 PUSH1 0x40 MLOAD PUSH32 0xEC442F0500000000000000000000000000000000000000000000000000000000 DUP2 MSTORE PUSH1 0x4 ADD PUSH2 0x280 SWAP2 SWAP1 PUSH2 0x85B JUMP JUMPDEST PUSH1 0x40 MLOAD DUP1 SWAP2 SUB SWAP1 REVERT JUMPDEST PUSH2 0x29A PUSH0 DUP4 DUP4 PUSH2 0x29E PUSH1 0x20 SHL PUSH1 0x20 SHR JUMP JUMPDEST POP POP JUMP JUMPDEST PUSH0 PUSH20 0xFFFFFFFFFFFFFFFFFFFFFFFFFFFFFFFFFFFFFFFF AND DUP4 PUSH20 0xFFFFFFFFFFFFFFFFFFFFFFFFFFFFFFFFFFFFFFFF AND SUB PUSH2 0x2EE JUMPI DUP1 PUSH1 0x2 PUSH0 DUP3 DUP3 SLOAD PUSH2 0x2E2 SWAP2 SWAP1 PUSH2 0x8A1 JUMP JUMPDEST SWAP3 POP POP DUP2 SWAP1 SSTORE POP PUSH2 0x3BC JUMP JUMPDEST PUSH0 PUSH0 PUSH0 DUP6 PUSH20 0xFFFFFFFFFFFFFFFFFFFFFFFFFFFFFFFFFFFFFFFF AND PUSH20 0xFFFFFFFFFFFFFFFFFFFFFFFFFFFFFFFFFFFFFFFF AND DUP2 MSTORE PUSH1 0x20 ADD SWAP1 DUP2 MSTORE PUSH1 0x20 ADD PUSH0 KECCAK256 SLOAD SWAP1 POP DUP2 DUP2 LT ISZERO PUSH2 0x377 JUMPI DUP4 DUP2 DUP4 PUSH1 0x40 MLOAD PUSH32 0xE450D38C00000000000000000000000000000000000000000000000000000000 DUP2 MSTORE PUSH1 0x4 ADD PUSH2 0x36E SWAP4 SWAP3 SWAP2 SWAP1 PUSH2 0x8E3 JUMP JUMPDEST PUSH1 0x40 MLOAD DUP1 SWAP2 SUB SWAP1 REVERT JUMPDEST DUP2 DUP2 SUB PUSH0 PUSH0 DUP7 PUSH20 0xFFFFFFFFFFFFFFFFFFFFFFFFFFFFFFFFFFFFFFFF AND PUSH20 0xFFFFFFFFFFFFFFFFFFFFFFFFFFFFFFFFFFFFFFFF AND DUP2 MSTORE PUSH1 0x20 ADD SWAP1 DUP2 MSTORE PUSH1 0x20 ADD PUSH0 KECCAK256 DUP2 SWAP1 SSTORE POP POP JUMPDEST PUSH0 PUSH20 0xFFFFFFFFFFFFFFFFFFFFFFFFFFFFFFFFFFFFFFFF AND DUP3 PUSH20 0xFFFFFFFFFFFFFFFFFFFFFFFFFFFFFFFFFFFFFFFF AND SUB PUSH2 0x403 JUMPI DUP1 PUSH1 0x2 PUSH0 DUP3 DUP3 SLOAD SUB SWAP3 POP POP DUP2 SWAP1 SSTORE POP PUSH2 0x44D JUMP JUMPDEST DUP1 PUSH0 PUSH0 DUP5 PUSH20 0xFFFFFFFFFFFFFFFFFFFFFFFFFFFFFFFFFFFFFFFF AND PUSH20 0xFFFFFFFFFFFFFFFFFFFFFFFFFFFFFFFFFFFFFFFF AND DUP2 MSTORE PUSH1 0x20 ADD SWAP1 DUP2 MSTORE PUSH1 0x20 ADD PUSH0 KECCAK256 PUSH0 DUP3 DUP3 SLOAD ADD SWAP3 POP POP DUP2 SWAP1 SSTORE POP JUMPDEST DUP2 PUSH20 0xFFFFFFFFFFFFFFFFFFFFFFFFFFFFFFFFFFFFFFFF AND DUP4 PUSH20 0xFFFFFFFFFFFFFFFFFFFFFFFFFFFFFFFFFFFFFFFF AND PUSH32 0xDDF252AD1BE2C89B69C2B068FC378DAA952BA7F163C4A11628F55A4DF523B3EF DUP4 PUSH1 0x40 MLOAD PUSH2 0x4AA SWAP2 SWAP1 PUSH2 0x918 JUMP JUMPDEST PUSH1 0x40 MLOAD DUP1 SWAP2 SUB SWAP1 LOG3 POP POP POP JUMP JUMPDEST PUSH0 PUSH0 REVERT JUMPDEST PUSH0 DUP2 SWAP1 POP SWAP2 SWAP1 POP JUMP JUMPDEST PUSH2 0x4CD DUP2 PUSH2 0x4BB JUMP JUMPDEST DUP2 EQ PUSH2 0x4D7 JUMPI PUSH0 PUSH0 REVERT JUMPDEST POP JUMP JUMPDEST PUSH0 DUP2 MLOAD SWAP1 POP PUSH2 0x4E8 DUP2 PUSH2 0x4C4 JUMP JUMPDEST SWAP3 SWAP2 POP POP JUMP JUMPDEST PUSH0 PUSH1 0x20 DUP3 DUP5 SUB SLT ISZERO PUSH2 0x503 JUMPI PUSH2 0x502 PUSH2 0x4B7 JUMP JUMPDEST JUMPDEST PUSH0 PUSH2 0x510 DUP5 DUP3 DUP6 ADD PUSH2 0x4DA JUMP JUMPDEST SWAP2 POP POP SWAP3 SWAP2 POP POP JUMP JUMPDEST PUSH0 DUP2 MLOAD SWAP1 POP SWAP2 SWAP1 POP JUMP JUMPDEST PUSH32 0x4E487B7100000000000000000000000000000000000000000000000000000000 PUSH0 MSTORE PUSH1 0x41 PUSH1 0x4 MSTORE PUSH1 0x24 PUSH0 REVERT JUMPDEST PUSH32 0x4E487B7100000000000000000000000000000000000000000000000000000000 PUSH0 MSTORE PUSH1 0x22 PUSH1 0x4 MSTORE PUSH1 0x24 PUSH0 REVERT JUMPDEST PUSH0 PUSH1 0x2 DUP3 DIV SWAP1 POP PUSH1 0x1 DUP3 AND DUP1 PUSH2 0x594 JUMPI PUSH1 0x7F DUP3 AND SWAP2 POP JUMPDEST PUSH1 0x20 DUP3 LT DUP2 SUB PUSH2 0x5A7 JUMPI PUSH2 0x5A6 PUSH2 0x550 JUMP JUMPDEST JUMPDEST POP SWAP2 SWAP1 POP JUMP JUMPDEST PUSH0 DUP2 SWAP1 POP DUP2 PUSH0 MSTORE PUSH1 0x20 PUSH0 KECCAK256 SWAP1 POP SWAP2 SWAP1 POP JUMP JUMPDEST PUSH0 PUSH1 0x20 PUSH1 0x1F DUP4 ADD DIV SWAP1 POP SWAP2 SWAP1 POP JUMP JUMPDEST PUSH0 DUP3 DUP3 SHL SWAP1 POP SWAP3 SWAP2 POP POP JUMP JUMPDEST PUSH0 PUSH1 0x8 DUP4 MUL PUSH2 0x609 PUSH32 0xFFFFFFFFFFFFFFFFFFFFFFFFFFFFFFFFFFFFFFFFFFFFFFFFFFFFFFFFFFFFFFFF DUP3 PUSH2 0x5CE JUMP JUMPDEST PUSH2 0x613 DUP7 DUP4 PUSH2 0x5CE JUMP JUMPDEST SWAP6 POP DUP1 NOT DUP5 AND SWAP4 POP DUP1 DUP7 AND DUP5 OR SWAP3 POP POP POP SWAP4 SWAP3 POP POP POP JUMP JUMPDEST PUSH0 DUP2 SWAP1 POP SWAP2 SWAP1 POP JUMP JUMPDEST PUSH0 PUSH2 0x64E PUSH2 0x649 PUSH2 0x644 DUP5 PUSH2 0x4BB JUMP JUMPDEST PUSH2 0x62B JUMP JUMPDEST PUSH2 0x4BB JUMP JUMPDEST SWAP1 POP SWAP2 SWAP1 POP JUMP JUMPDEST PUSH0 DUP2 SWAP1 POP SWAP2 SWAP1 POP JUMP JUMPDEST PUSH2 0x667 DUP4 PUSH2 0x634 JUMP JUMPDEST PUSH2 0x67B PUSH2 0x673 DUP3 PUSH2 0x655 JUMP JUMPDEST DUP5 DUP5 SLOAD PUSH2 0x5DA JUMP JUMPDEST DUP3 SSTORE POP POP POP POP JUMP JUMPDEST PUSH0 PUSH0 SWAP1 POP SWAP1 JUMP JUMPDEST PUSH2 0x692 PUSH2 0x683 JUMP JUMPDEST PUSH2 0x69D DUP2 DUP5 DUP5 PUSH2 0x65E JUMP JUMPDEST POP POP POP JUMP JUMPDEST JUMPDEST DUP2 DUP2 LT ISZERO PUSH2 0x6C0 JUMPI PUSH2 0x6B5 PUSH0 DUP3 PUSH2 0x68A JUMP JUMPDEST PUSH1 0x1 DUP2 ADD SWAP1 POP PUSH2 0x6A3 JUMP JUMPDEST POP POP JUMP JUMPDEST PUSH1 0x1F DUP3 GT ISZERO PUSH2 0x705 JUMPI PUSH2 0x6D6 DUP2 PUSH2 0x5AD JUMP JUMPDEST PUSH2 0x6DF DUP5 PUSH2 0x5BF JUMP JUMPDEST DUP2 ADD PUSH1 0x20 DUP6 LT ISZERO PUSH2 0x6EE JUMPI DUP2 SWAP1 POP JUMPDEST PUSH2 0x702 PUSH2 0x6FA DUP6 PUSH2 0x5BF JUMP JUMPDEST DUP4 ADD DUP3 PUSH2 0x6A2 JUMP JUMPDEST POP POP JUMPDEST POP POP POP JUMP JUMPDEST PUSH0 DUP3 DUP3 SHR SWAP1 POP SWAP3 SWAP2 POP POP JUMP JUMPDEST PUSH0 PUSH2 0x725 PUSH0 NOT DUP5 PUSH1 0x8 MUL PUSH2 0x70A JUMP JUMPDEST NOT DUP1 DUP4 AND SWAP2 POP POP SWAP3 SWAP2 POP POP JUMP JUMPDEST PUSH0 PUSH2 0x73D DUP4 DUP4 PUSH2 0x716 JUMP JUMPDEST SWAP2 POP DUP3 PUSH1 0x2 MUL DUP3 OR SWAP1 POP SWAP3 SWAP2 POP POP JUMP JUMPDEST PUSH2 0x756 DUP3 PUSH2 0x519 JUMP JUMPDEST PUSH8 0xFFFFFFFFFFFFFFFF DUP2 GT ISZERO PUSH2 0x76F JUMPI PUSH2 0x76E PUSH2 0x523 JUMP JUMPDEST JUMPDEST PUSH2 0x779 DUP3 SLOAD PUSH2 0x57D JUMP JUMPDEST PUSH2 0x784 DUP3 DUP3 DUP6 PUSH2 0x6C4 JUMP JUMPDEST PUSH0 PUSH1 0x20 SWAP1 POP PUSH1 0x1F DUP4 GT PUSH1 0x1 DUP2 EQ PUSH2 0x7B5 JUMPI PUSH0 DUP5 ISZERO PUSH2 0x7A3 JUMPI DUP3 DUP8 ADD MLOAD SWAP1 POP JUMPDEST PUSH2 0x7AD DUP6 DUP3 PUSH2 0x732 JUMP JUMPDEST DUP7 SSTORE POP PUSH2 0x814 JUMP JUMPDEST PUSH1 0x1F NOT DUP5 AND PUSH2 0x7C3 DUP7 PUSH2 0x5AD JUMP JUMPDEST PUSH0 JUMPDEST DUP3 DUP2 LT ISZERO PUSH2 0x7EA JUMPI DUP5 DUP10 ADD MLOAD DUP3 SSTORE PUSH1 0x1 DUP3 ADD SWAP2 POP PUSH1 0x20 DUP6 ADD SWAP5 POP PUSH1 0x20 DUP2 ADD SWAP1 POP PUSH2 0x7C5 JUMP JUMPDEST DUP7 DUP4 LT ISZERO PUSH2 0x807 JUMPI DUP5 DUP10 ADD MLOAD PUSH2 0x803 PUSH1 0x1F DUP10 AND DUP3 PUSH2 0x716 JUMP JUMPDEST DUP4 SSTORE POP JUMPDEST PUSH1 0x1 PUSH1 0x2 DUP9 MUL ADD DUP9 SSTORE POP POP POP JUMPDEST POP POP POP POP POP POP JUMP JUMPDEST PUSH0 PUSH20 0xFFFFFFFFFFFFFFFFFFFFFFFFFFFFFFFFFFFFFFFF DUP3 AND SWAP1 POP SWAP2 SWAP1 POP JUMP JUMPDEST PUSH0 PUSH2 0x845 DUP3 PUSH2 0x81C JUMP JUMPDEST SWAP1 POP SWAP2 SWAP1 POP JUMP JUMPDEST PUSH2 0x855 DUP2 PUSH2 0x83B JUMP JUMPDEST DUP3 MSTORE POP POP JUMP JUMPDEST PUSH0 PUSH1 0x20 DUP3 ADD SWAP1 POP PUSH2 0x86E PUSH0 DUP4 ADD DUP5 PUSH2 0x84C JUMP JUMPDEST SWAP3 SWAP2 POP POP JUMP JUMPDEST PUSH32 0x4E487B7100000000000000000000000000000000000000000000000000000000 PUSH0 MSTORE PUSH1 0x11 PUSH1 0x4 MSTORE PUSH1 0x24 PUSH0 REVERT JUMPDEST PUSH0 PUSH2 0x8AB DUP3 PUSH2 0x4BB JUMP JUMPDEST SWAP2 POP PUSH2 0x8B6 DUP4 PUSH2 0x4BB JUMP JUMPDEST SWAP3 POP DUP3 DUP3 ADD SWAP1 POP DUP1 DUP3 GT ISZERO PUSH2 0x8CE JUMPI PUSH2 0x8CD PUSH2 0x874 JUMP JUMPDEST JUMPDEST SWAP3 SWAP2 POP POP JUMP JUMPDEST PUSH2 0x8DD DUP2 PUSH2 0x4BB JUMP JUMPDEST DUP3 MSTORE POP POP JUMP JUMPDEST PUSH0 PUSH1 0x60 DUP3 ADD SWAP1 POP PUSH2 0x8F6 PUSH0 DUP4 ADD DUP7 PUSH2 0x84C JUMP JUMPDEST PUSH2 0x903 PUSH1 0x20 DUP4 ADD DUP6 PUSH2 0x8D4 JUMP JUMPDEST PUSH2 0x910 PUSH1 0x40 DUP4 ADD DUP5 PUSH2 0x8D4 JUMP JUMPDEST SWAP5 SWAP4 POP POP POP POP JUMP JUMPDEST PUSH0 PUSH1 0x20 DUP3 ADD SWAP1 POP PUSH2 0x92B PUSH0 DUP4 ADD DUP5 PUSH2 0x8D4 JUMP JUMPDEST SWAP3 SWAP2 POP POP JUMP JUMPDEST PUSH2 0x1209 DUP1 PUSH2 0x93E PUSH0 CODECOPY PUSH0 RETURN INVALID PUSH1 0x80 PUSH1 0x40 MSTORE CALLVALUE DUP1 ISZERO PUSH2 0xF JUMPI PUSH0 PUSH0 REVERT JUMPDEST POP PUSH1 0x4 CALLDATASIZE LT PUSH2 0xE8 JUMPI PUSH0 CALLDATALOAD PUSH1 0xE0 SHR DUP1 PUSH4 0x70A08231 GT PUSH2 0x8A JUMPI DUP1 PUSH4 0x95D89B41 GT PUSH2 0x64 JUMPI DUP1 PUSH4 0x95D89B41 EQ PUSH2 0x236 JUMPI DUP1 PUSH4 0xA9059CBB EQ PUSH2 0x254 JUMPI DUP1 PUSH4 0xDD62ED3E EQ PUSH2 0x284 JUMPI DUP1 PUSH4 0xF2FDE38B EQ PUSH2 0x2B4 JUMPI PUSH2 0xE8 JUMP JUMPDEST DUP1 PUSH4 0x70A08231 EQ PUSH2 0x1DE JUMPI DUP1 PUSH4 0x715018A6 EQ PUSH2 0x20E JUMPI DUP1 PUSH4 0x8DA5CB5B EQ PUSH2 0x218 JUMPI PUSH2 0xE8 JUMP JUMPDEST DUP1 PUSH4 0x23B872DD GT PUSH2 0xC6 JUMPI DUP1 PUSH4 0x23B872DD EQ PUSH2 0x158 JUMPI DUP1 PUSH4 0x313CE567 EQ PUSH2 0x188 JUMPI DUP1 PUSH4 0x40C10F19 EQ PUSH2 0x1A6 JUMPI DUP1 PUSH4 0x42966C68 EQ PUSH2 0x1C2 JUMPI PUSH2 0xE8 JUMP JUMPDEST DUP1 PUSH4 0x6FDDE03 EQ PUSH2 0xEC JUMPI DUP1 PUSH4 0x95EA7B3 EQ PUSH2 0x10A JUMPI DUP1 PUSH4 0x18160DDD EQ PUSH2 0x13A JUMPI JUMPDEST PUSH0 PUSH0 REVERT JUMPDEST PUSH2 0xF4 PUSH2 0x2D0 JUMP JUMPDEST PUSH1 0x40 MLOAD PUSH2 0x101 SWAP2 SWAP1 PUSH2 0xE57 JUMP JUMPDEST PUSH1 0x40 MLOAD DUP1 SWAP2 SUB SWAP1 RETURN JUMPDEST PUSH2 0x124 PUSH1 0x4 DUP1 CALLDATASIZE SUB DUP2 ADD SWAP1 PUSH2 0x11F SWAP2 SWAP1 PUSH2 0xF08 JUMP JUMPDEST PUSH2 0x360 JUMP JUMPDEST PUSH1 0x40 MLOAD PUSH2 0x131 SWAP2 SWAP1 PUSH2 0xF60 JUMP JUMPDEST PUSH1 0x40 MLOAD DUP1 SWAP2 SUB SWAP1 RETURN JUMPDEST PUSH2 0x142 PUSH2 0x382 JUMP JUMPDEST PUSH1 0x40 MLOAD PUSH2 0x14F SWAP2 SWAP1 PUSH2 0xF88 JUMP JUMPDEST PUSH1 0x40 MLOAD DUP1 SWAP2 SUB SWAP1 RETURN JUMPDEST PUSH2 0x172 PUSH1 0x4 DUP1 CALLDATASIZE SUB DUP2 ADD SWAP1 PUSH2 0x16D SWAP2 SWAP1 PUSH2 0xFA1 JUMP JUMPDEST PUSH2 0x38B JUMP JUMPDEST PUSH1 0x40 MLOAD PUSH2 0x17F SWAP2 SWAP1 PUSH2 0xF60 JUMP JUMPDEST PUSH1 0x40 MLOAD DUP1 SWAP2 SUB SWAP1 RETURN JUMPDEST PUSH2 0x190 PUSH2 0x3B9 JUMP JUMPDEST PUSH1 0x40 MLOAD PUSH2 0x19D SWAP2 SWAP1 PUSH2 0x100C JUMP JUMPDEST PUSH1 0x40 MLOAD DUP1 SWAP2 SUB SWAP1 RETURN JUMPDEST PUSH2 0x1C0 PUSH1 0x4 DUP1 CALLDATASIZE SUB DUP2 ADD SWAP1 PUSH2 0x1BB SWAP2 SWAP1 PUSH2 0xF08 JUMP JUMPDEST PUSH2 0x3C1 JUMP JUMPDEST STOP JUMPDEST PUSH2 0x1DC PUSH1 0x4 DUP1 CALLDATASIZE SUB DUP2 ADD SWAP1 PUSH2 0x1D7 SWAP2 SWAP1 PUSH2 0x1025 JUMP JUMPDEST PUSH2 0x3D7 JUMP JUMPDEST STOP JUMPDEST PUSH2 0x1F8 PUSH1 0x4 DUP1 CALLDATASIZE SUB DUP2 ADD SWAP1 PUSH2 0x1F3 SWAP2 SWAP1 PUSH2 0x1050 JUMP JUMPDEST PUSH2 0x3E4 JUMP JUMPDEST PUSH1 0x40 MLOAD PUSH2 0x205 SWAP2 SWAP1 PUSH2 0xF88 JUMP JUMPDEST PUSH1 0x40 MLOAD DUP1 SWAP2 SUB SWAP1 RETURN JUMPDEST PUSH2 0x216 PUSH2 0x429 JUMP JUMPDEST STOP JUMPDEST PUSH2 0x220 PUSH2 0x43C JUMP JUMPDEST PUSH1 0x40 MLOAD PUSH2 0x22D SWAP2 SWAP1 PUSH2 0x108A JUMP JUMPDEST PUSH1 0x40 MLOAD DUP1 SWAP2 SUB SWAP1 RETURN JUMPDEST PUSH2 0x23E PUSH2 0x464 JUMP JUMPDEST PUSH1 0x40 MLOAD PUSH2 0x24B SWAP2 SWAP1 PUSH2 0xE57 JUMP JUMPDEST PUSH1 0x40 MLOAD DUP1 SWAP2 SUB SWAP1 RETURN JUMPDEST PUSH2 0x26E PUSH1 0x4 DUP1 CALLDATASIZE SUB DUP2 ADD SWAP1 PUSH2 0x269 SWAP2 SWAP1 PUSH2 0xF08 JUMP JUMPDEST PUSH2 0x4F4 JUMP JUMPDEST PUSH1 0x40 MLOAD PUSH2 0x27B SWAP2 SWAP1 PUSH2 0xF60 JUMP JUMPDEST PUSH1 0x40 MLOAD DUP1 SWAP2 SUB SWAP1 RETURN JUMPDEST PUSH2 0x29E PUSH1 0x4 DUP1 CALLDATASIZE SUB DUP2 ADD SWAP1 PUSH2 0x299 SWAP2 SWAP1 PUSH2 0x10A3 JUMP JUMPDEST PUSH2 0x516 JUMP JUMPDEST PUSH1 0x40 MLOAD PUSH2 0x2AB SWAP2 SWAP1 PUSH2 0xF88 JUMP JUMPDEST PUSH1 0x40 MLOAD DUP1 SWAP2 SUB SWAP1 RETURN JUMPDEST PUSH2 0x2CE PUSH1 0x4 DUP1 CALLDATASIZE SUB DUP2 ADD SWAP1 PUSH2 0x2C9 SWAP2 SWAP1 PUSH2 0x1050 JUMP JUMPDEST PUSH2 0x598 JUMP JUMPDEST STOP JUMPDEST PUSH1 0x60 PUSH1 0x3 DUP1 SLOAD PUSH2 0x2DF SWAP1 PUSH2 0x110E JUMP JUMPDEST DUP1 PUSH1 0x1F ADD PUSH1 0x20 DUP1 SWAP2 DIV MUL PUSH1 0x20 ADD PUSH1 0x40 MLOAD SWAP1 DUP2 ADD PUSH1 0x40 MSTORE DUP1 SWAP3 SWAP2 SWAP1 DUP2 DUP2 MSTORE PUSH1 0x20 ADD DUP3 DUP1 SLOAD PUSH2 0x30B SWAP1 PUSH2 0x110E JUMP JUMPDEST DUP1 ISZERO PUSH2 0x356 JUMPI DUP1 PUSH1 0x1F LT PUSH2 0x32D JUMPI PUSH2 0x100 DUP1 DUP4 SLOAD DIV MUL DUP4 MSTORE SWAP2 PUSH1 0x20 ADD SWAP2 PUSH2 0x356 JUMP JUMPDEST DUP3 ADD SWAP2 SWAP1 PUSH0 MSTORE PUSH1 0x20 PUSH0 KECCAK256 SWAP1 JUMPDEST DUP2 SLOAD DUP2 MSTORE SWAP1 PUSH1 0x1 ADD SWAP1 PUSH1 0x20 ADD DUP1 DUP4 GT PUSH2 0x339 JUMPI DUP3 SWAP1 SUB PUSH1 0x1F AND DUP3 ADD SWAP2 JUMPDEST POP POP POP POP POP SWAP1 POP SWAP1 JUMP JUMPDEST PUSH0 PUSH0 PUSH2 0x36A PUSH2 0x61C JUMP JUMPDEST SWAP1 POP PUSH2 0x377 DUP2 DUP6 DUP6 PUSH2 0x623 JUMP JUMPDEST PUSH1 0x1 SWAP2 POP POP SWAP3 SWAP2 POP POP JUMP JUMPDEST PUSH0 PUSH1 0x2 SLOAD SWAP1 POP SWAP1 JUMP JUMPDEST PUSH0 PUSH0 PUSH2 0x395 PUSH2 0x61C JUMP JUMPDEST SWAP1 POP PUSH2 0x3A2 DUP6 DUP3 DUP6 PUSH2 0x635 JUMP JUMPDEST PUSH2 0x3AD DUP6 DUP6 DUP6 PUSH2 0x6C7 JUMP JUMPDEST PUSH1 0x1 SWAP2 POP POP SWAP4 SWAP3 POP POP POP JUMP JUMPDEST PUSH0 PUSH1 0x12 SWAP1 POP SWAP1 JUMP JUMPDEST PUSH2 0x3C9 PUSH2 0x7B7 JUMP JUMPDEST PUSH2 0x3D3 DUP3 DUP3 PUSH2 0x83E JUMP JUMPDEST POP POP JUMP JUMPDEST PUSH2 0x3E1 CALLER DUP3 PUSH2 0x8BD JUMP JUMPDEST POP JUMP JUMPDEST PUSH0 PUSH0 PUSH0 DUP4 PUSH20 0xFFFFFFFFFFFFFFFFFFFFFFFFFFFFFFFFFFFFFFFF AND PUSH20 0xFFFFFFFFFFFFFFFFFFFFFFFFFFFFFFFFFFFFFFFF AND DUP2 MSTORE PUSH1 0x20 ADD SWAP1 DUP2 MSTORE PUSH1 0x20 ADD PUSH0 KECCAK256 SLOAD SWAP1 POP SWAP2 SWAP1 POP JUMP JUMPDEST PUSH2 0x431 PUSH2 0x7B7 JUMP JUMPDEST PUSH2 0x43A PUSH0 PUSH2 0x93C JUMP JUMPDEST JUMP JUMPDEST PUSH0 PUSH1 0x5 PUSH0 SWAP1 SLOAD SWAP1 PUSH2 0x100 EXP SWAP1 DIV PUSH20 0xFFFFFFFFFFFFFFFFFFFFFFFFFFFFFFFFFFFFFFFF AND SWAP1 POP SWAP1 JUMP JUMPDEST PUSH1 0x60 PUSH1 0x4 DUP1 SLOAD PUSH2 0x473 SWAP1 PUSH2 0x110E JUMP JUMPDEST DUP1 PUSH1 0x1F ADD PUSH1 0x20 DUP1 SWAP2 DIV MUL PUSH1 0x20 ADD PUSH1 0x40 MLOAD SWAP1 DUP2 ADD PUSH1 0x40 MSTORE DUP1 SWAP3 SWAP2 SWAP1 DUP2 DUP2 MSTORE PUSH1 0x20 ADD DUP3 DUP1 SLOAD PUSH2 0x49F SWAP1 PUSH2 0x110E JUMP JUMPDEST DUP1 ISZERO PUSH2 0x4EA JUMPI DUP1 PUSH1 0x1F LT PUSH2 0x4C1 JUMPI PUSH2 0x100 DUP1 DUP4 SLOAD DIV MUL DUP4 MSTORE SWAP2 PUSH1 0x20 ADD SWAP2 PUSH2 0x4EA JUMP JUMPDEST DUP3 ADD SWAP2 SWAP1 PUSH0 MSTORE PUSH1 0x20 PUSH0 KECCAK256 SWAP1 JUMPDEST DUP2 SLOAD DUP2 MSTORE SWAP1 PUSH1 0x1 ADD SWAP1 PUSH1 0x20 ADD DUP1 DUP4 GT PUSH2 0x4CD JUMPI DUP3 SWAP1 SUB PUSH1 0x1F AND DUP3 ADD SWAP2 JUMPDEST POP POP POP POP POP SWAP1 POP SWAP1 JUMP JUMPDEST PUSH0 PUSH0 PUSH2 0x4FE PUSH2 0x61C JUMP JUMPDEST SWAP1 POP PUSH2 0x50B DUP2 DUP6 DUP6 PUSH2 0x6C7 JUMP JUMPDEST PUSH1 0x1 SWAP2 POP POP SWAP3 SWAP2 POP POP JUMP JUMPDEST PUSH0 PUSH1 0x1 PUSH0 DUP5 PUSH20 0xFFFFFFFFFFFFFFFFFFFFFFFFFFFFFFFFFFFFFFFF AND PUSH20 0xFFFFFFFFFFFFFFFFFFFFFFFFFFFFFFFFFFFFFFFF AND DUP2 MSTORE PUSH1 0x20 ADD SWAP1 DUP2 MSTORE PUSH1 0x20 ADD PUSH0 KECCAK256 PUSH0 DUP4 PUSH20 0xFFFFFFFFFFFFFFFFFFFFFFFFFFFFFFFFFFFFFFFF AND PUSH20 0xFFFFFFFFFFFFFFFFFFFFFFFFFFFFFFFFFFFFFFFF AND DUP2 MSTORE PUSH1 0x20 ADD SWAP1 DUP2 MSTORE PUSH1 0x20 ADD PUSH0 KECCAK256 SLOAD SWAP1 POP SWAP3 SWAP2 POP POP JUMP JUMPDEST PUSH2 0x5A0 PUSH2 0x7B7 JUMP JUMPDEST PUSH0 PUSH20 0xFFFFFFFFFFFFFFFFFFFFFFFFFFFFFFFFFFFFFFFF AND DUP2 PUSH20 0xFFFFFFFFFFFFFFFFFFFFFFFFFFFFFFFFFFFFFFFF AND SUB PUSH2 0x610 JUMPI PUSH0 PUSH1 0x40 MLOAD PUSH32 0x1E4FBDF700000000000000000000000000000000000000000000000000000000 DUP2 MSTORE PUSH1 0x4 ADD PUSH2 0x607 SWAP2 SWAP1 PUSH2 0x108A JUMP JUMPDEST PUSH1 0x40 MLOAD DUP1 SWAP2 SUB SWAP1 REVERT JUMPDEST PUSH2 0x619 DUP2 PUSH2 0x93C JUMP JUMPDEST POP JUMP JUMPDEST PUSH0 CALLER SWAP1 POP SWAP1 JUMP JUMPDEST PUSH2 0x630 DUP4 DUP4 DUP4 PUSH1 0x1 PUSH2 0x9FF JUMP JUMPDEST POP POP POP JUMP JUMPDEST PUSH0 PUSH2 0x640 DUP5 DUP5 PUSH2 0x516 JUMP JUMPDEST SWAP1 POP PUSH32 0xFFFFFFFFFFFFFFFFFFFFFFFFFFFFFFFFFFFFFFFFFFFFFFFFFFFFFFFFFFFFFFFF DUP2 EQ PUSH2 0x6C1 JUMPI DUP2 DUP2 LT ISZERO PUSH2 0x6B2 JUMPI DUP3 DUP2 DUP4 PUSH1 0x40 MLOAD PUSH32 0xFB8F41B200000000000000000000000000000000000000000000000000000000 DUP2 MSTORE PUSH1 0x4 ADD PUSH2 0x6A9 SWAP4 SWAP3 SWAP2 SWAP1 PUSH2 0x113E JUMP JUMPDEST PUSH1 0x40 MLOAD DUP1 SWAP2 SUB SWAP1 REVERT JUMPDEST PUSH2 0x6C0 DUP5 DUP5 DUP5 DUP5 SUB PUSH0 PUSH2 0x9FF JUMP JUMPDEST JUMPDEST POP POP POP POP JUMP JUMPDEST PUSH0 PUSH20 0xFFFFFFFFFFFFFFFFFFFFFFFFFFFFFFFFFFFFFFFF AND DUP4 PUSH20 0xFFFFFFFFFFFFFFFFFFFFFFFFFFFFFFFFFFFFFFFF AND SUB PUSH2 0x737 JUMPI PUSH0 PUSH1 0x40 MLOAD PUSH32 0x96C6FD1E00000000000000000000000000000000000000000000000000000000 DUP2 MSTORE PUSH1 0x4 ADD PUSH2 0x72E SWAP2 SWAP1 PUSH2 0x108A JUMP JUMPDEST PUSH1 0x40 MLOAD DUP1 SWAP2 SUB SWAP1 REVERT JUMPDEST PUSH0 PUSH20 0xFFFFFFFFFFFFFFFFFFFFFFFFFFFFFFFFFFFFFFFF AND DUP3 PUSH20 0xFFFFFFFFFFFFFFFFFFFFFFFFFFFFFFFFFFFFFFFF AND SUB PUSH2 0x7A7 JUMPI PUSH0 PUSH1 0x40 MLOAD PUSH32 0xEC442F0500000000000000000000000000000000000000000000000000000000 DUP2 MSTORE PUSH1 0x4 ADD PUSH2 0x79E SWAP2 SWAP1 PUSH2 0x108A JUMP JUMPDEST PUSH1 0x40 MLOAD DUP1 SWAP2 SUB SWAP1 REVERT JUMPDEST PUSH2 0x7B2 DUP4 DUP4 DUP4 PUSH2 0xBCE JUMP JUMPDEST POP POP POP JUMP JUMPDEST PUSH2 0x7BF PUSH2 0x61C JUMP JUMPDEST PUSH20 0xFFFFFFFFFFFFFFFFFFFFFFFFFFFFFFFFFFFFFFFF AND PUSH2 0x7DD PUSH2 0x43C JUMP JUMPDEST PUSH20 0xFFFFFFFFFFFFFFFFFFFFFFFFFFFFFFFFFFFFFFFF AND EQ PUSH2 0x83C JUMPI PUSH2 0x800 PUSH2 0x61C JUMP JUMPDEST PUSH1 0x40 MLOAD PUSH32 0x118CDAA700000000000000000000000000000000000000000000000000000000 DUP2 MSTORE PUSH1 0x4 ADD PUSH2 0x833 SWAP2 SWAP1 PUSH2 0x108A JUMP JUMPDEST PUSH1 0x40 MLOAD DUP1 SWAP2 SUB SWAP1 REVERT JUMPDEST JUMP JUMPDEST PUSH0 PUSH20 0xFFFFFFFFFFFFFFFFFFFFFFFFFFFFFFFFFFFFFFFF AND DUP3 PUSH20 0xFFFFFFFFFFFFFFFFFFFFFFFFFFFFFFFFFFFFFFFF AND SUB PUSH2 0x8AE JUMPI PUSH0 PUSH1 0x40 MLOAD PUSH32 0xEC442F0500000000000000000000000000000000000000000000000000000000 DUP2 MSTORE PUSH1 0x4 ADD PUSH2 0x8A5 SWAP2 SWAP1 PUSH2 0x108A JUMP JUMPDEST PUSH1 0x40 MLOAD DUP1 SWAP2 SUB SWAP1 REVERT JUMPDEST PUSH2 0x8B9 PUSH0 DUP4 DUP4 PUSH2 0xBCE JUMP JUMPDEST POP POP JUMP JUMPDEST PUSH0 PUSH20 0xFFFFFFFFFFFFFFFFFFFFFFFFFFFFFFFFFFFFFFFF AND DUP3 PUSH20 0xFFFFFFFFFFFFFFFFFFFFFFFFFFFFFFFFFFFFFFFF AND SUB PUSH2 0x92D JUMPI PUSH0 PUSH1 0x40 MLOAD PUSH32 0x96C6FD1E00000000000000000000000000000000000000000000000000000000 DUP2 MSTORE PUSH1 0x4 ADD PUSH2 0x924 SWAP2 SWAP1 PUSH2 0x108A JUMP JUMPDEST PUSH1 0x40 MLOAD DUP1 SWAP2 SUB SWAP1 REVERT JUMPDEST PUSH2 0x938 DUP3 PUSH0 DUP4 PUSH2 0xBCE JUMP JUMPDEST POP POP JUMP JUMPDEST PUSH0 PUSH1 0x5 PUSH0 SWAP1 SLOAD SWAP1 PUSH2 0x100 EXP SWAP1 DIV PUSH20 0xFFFFFFFFFFFFFFFFFFFFFFFFFFFFFFFFFFFFFFFF AND SWAP1 POP DUP2 PUSH1 0x5 PUSH0 PUSH2 0x100 EXP DUP2 SLOAD DUP2 PUSH20 0xFFFFFFFFFFFFFFFFFFFFFFFFFFFFFFFFFFFFFFFF MUL NOT AND SWAP1 DUP4 PUSH20 0xFFFFFFFFFFFFFFFFFFFFFFFFFFFFFFFFFFFFFFFF AND MUL OR SWAP1 SSTORE POP DUP2 PUSH20 0xFFFFFFFFFFFFFFFFFFFFFFFFFFFFFFFFFFFFFFFF AND DUP2 PUSH20 0xFFFFFFFFFFFFFFFFFFFFFFFFFFFFFFFFFFFFFFFF AND PUSH32 0x8BE0079C531659141344CD1FD0A4F28419497F9722A3DAAFE3B4186F6B6457E0 PUSH1 0x40 MLOAD PUSH1 0x40 MLOAD DUP1 SWAP2 SUB SWAP1 LOG3 POP POP JUMP JUMPDEST PUSH0 PUSH20 0xFFFFFFFFFFFFFFFFFFFFFFFFFFFFFFFFFFFFFFFF AND DUP5 PUSH20 0xFFFFFFFFFFFFFFFFFFFFFFFFFFFFFFFFFFFFFFFF AND SUB PUSH2 0xA6F JUMPI PUSH0 PUSH1 0x40 MLOAD PUSH32 0xE602DF0500000000000000000000000000000000000000000000000000000000 DUP2 MSTORE PUSH1 0x4 ADD PUSH2 0xA66 SWAP2 SWAP1 PUSH2 0x108A JUMP JUMPDEST PUSH1 0x40 MLOAD DUP1 SWAP2 SUB SWAP1 REVERT JUMPDEST PUSH0 PUSH20 0xFFFFFFFFFFFFFFFFFFFFFFFFFFFFFFFFFFFFFFFF AND DUP4 PUSH20 0xFFFFFFFFFFFFFFFFFFFFFFFFFFFFFFFFFFFFFFFF AND SUB PUSH2 0xADF JUMPI PUSH0 PUSH1 0x40 MLOAD PUSH32 0x94280D6200000000000000000000000000000000000000000000000000000000 DUP2 MSTORE PUSH1 0x4 ADD PUSH2 0xAD6 SWAP2 SWAP1 PUSH2 0x108A JUMP JUMPDEST PUSH1 0x40 MLOAD DUP1 SWAP2 SUB SWAP1 REVERT JUMPDEST DUP2 PUSH1 0x1 PUSH0 DUP7 PUSH20 0xFFFFFFFFFFFFFFFFFFFFFFFFFFFFFFFFFFFFFFFF AND PUSH20 0xFFFFFFFFFFFFFFFFFFFFFFFFFFFFFFFFFFFFFFFF AND DUP2 MSTORE PUSH1 0x20 ADD SWAP1 DUP2 MSTORE PUSH1 0x20 ADD PUSH0 KECCAK256 PUSH0 DUP6 PUSH20 0xFFFFFFFFFFFFFFFFFFFFFFFFFFFFFFFFFFFFFFFF AND PUSH20 0xFFFFFFFFFFFFFFFFFFFFFFFFFFFFFFFFFFFFFFFF AND DUP2 MSTORE PUSH1 0x20 ADD SWAP1 DUP2 MSTORE PUSH1 0x20 ADD PUSH0 KECCAK256 DUP2 SWAP1 SSTORE POP DUP1 ISZERO PUSH2 0xBC8 JUMPI DUP3 PUSH20 0xFFFFFFFFFFFFFFFFFFFFFFFFFFFFFFFFFFFFFFFF AND DUP5 PUSH20 0xFFFFFFFFFFFFFFFFFFFFFFFFFFFFFFFFFFFFFFFF AND PUSH32 0x8C5BE1E5EBEC7D5BD14F71427D1E84F3DD0314C0F7B2291E5B200AC8C7C3B925 DUP5 PUSH1 0x40 MLOAD PUSH2 0xBBF SWAP2 SWAP1 PUSH2 0xF88 JUMP JUMPDEST PUSH1 0x40 MLOAD DUP1 SWAP2 SUB SWAP1 LOG3 JUMPDEST POP POP POP POP JUMP JUMPDEST PUSH0 PUSH20 0xFFFFFFFFFFFFFFFFFFFFFFFFFFFFFFFFFFFFFFFF AND DUP4 PUSH20 0xFFFFFFFFFFFFFFFFFFFFFFFFFFFFFFFFFFFFFFFF AND SUB PUSH2 0xC1E JUMPI DUP1 PUSH1 0x2 PUSH0 DUP3 DUP3 SLOAD PUSH2 0xC12 SWAP2 SWAP1 PUSH2 0x11A0 JUMP JUMPDEST SWAP3 POP POP DUP2 SWAP1 SSTORE POP PUSH2 0xCEC JUMP JUMPDEST PUSH0 PUSH0 PUSH0 DUP6 PUSH20 0xFFFFFFFFFFFFFFFFFFFFFFFFFFFFFFFFFFFFFFFF AND PUSH20 0xFFFFFFFFFFFFFFFFFFFFFFFFFFFFFFFFFFFFFFFF AND DUP2 MSTORE PUSH1 0x20 ADD SWAP1 DUP2 MSTORE PUSH1 0x20 ADD PUSH0 KECCAK256 SLOAD SWAP1 POP DUP2 DUP2 LT ISZERO PUSH2 0xCA7 JUMPI DUP4 DUP2 DUP4 PUSH1 0x40 MLOAD PUSH32 0xE450D38C00000000000000000000000000000000000000000000000000000000 DUP2 MSTORE PUSH1 0x4 ADD PUSH2 0xC9E SWAP4 SWAP3 SWAP2 SWAP1 PUSH2 0x113E JUMP JUMPDEST PUSH1 0x40 MLOAD DUP1 SWAP2 SUB SWAP1 REVERT JUMPDEST DUP2 DUP2 SUB PUSH0 PUSH0 DUP7 PUSH20 0xFFFFFFFFFFFFFFFFFFFFFFFFFFFFFFFFFFFFFFFF AND PUSH20 0xFFFFFFFFFFFFFFFFFFFFFFFFFFFFFFFFFFFFFFFF AND DUP2 MSTORE PUSH1 0x20 ADD SWAP1 DUP2 MSTORE PUSH1 0x20 ADD PUSH0 KECCAK256 DUP2 SWAP1 SSTORE POP POP JUMPDEST PUSH0 PUSH20 0xFFFFFFFFFFFFFFFFFFFFFFFFFFFFFFFFFFFFFFFF AND DUP3 PUSH20 0xFFFFFFFFFFFFFFFFFFFFFFFFFFFFFFFFFFFFFFFF AND SUB PUSH2 0xD33 JUMPI DUP1 PUSH1 0x2 PUSH0 DUP3 DUP3 SLOAD SUB SWAP3 POP POP DUP2 SWAP1 SSTORE POP PUSH2 0xD7D JUMP JUMPDEST DUP1 PUSH0 PUSH0 DUP5 PUSH20 0xFFFFFFFFFFFFFFFFFFFFFFFFFFFFFFFFFFFFFFFF AND PUSH20 0xFFFFFFFFFFFFFFFFFFFFFFFFFFFFFFFFFFFFFFFF AND DUP2 MSTORE PUSH1 0x20 ADD SWAP1 DUP2 MSTORE PUSH1 0x20 ADD PUSH0 KECCAK256 PUSH0 DUP3 DUP3 SLOAD ADD SWAP3 POP POP DUP2 SWAP1 SSTORE POP JUMPDEST DUP2 PUSH20 0xFFFFFFFFFFFFFFFFFFFFFFFFFFFFFFFFFFFFFFFF AND DUP4 PUSH20 0xFFFFFFFFFFFFFFFFFFFFFFFFFFFFFFFFFFFFFFFF AND PUSH32 0xDDF252AD1BE2C89B69C2B068FC378DAA952BA7F163C4A11628F55A4DF523B3EF DUP4 PUSH1 0x40 MLOAD PUSH2 0xDDA SWAP2 SWAP1 PUSH2 0xF88 JUMP JUMPDEST PUSH1 0x40 MLOAD DUP1 SWAP2 SUB SWAP1 LOG3 POP POP POP JUMP JUMPDEST PUSH0 DUP2 MLOAD SWAP1 POP SWAP2 SWAP1 POP JUMP JUMPDEST PUSH0 DUP3 DUP3 MSTORE PUSH1 0x20 DUP3 ADD SWAP1 POP SWAP3 SWAP2 POP POP JUMP JUMPDEST DUP3 DUP2 DUP4 MCOPY PUSH0 DUP4 DUP4 ADD MSTORE POP POP POP JUMP JUMPDEST PUSH0 PUSH1 0x1F NOT PUSH1 0x1F DUP4 ADD AND SWAP1 POP SWAP2 SWAP1 POP JUMP JUMPDEST PUSH0 PUSH2 0xE29 DUP3 PUSH2 0xDE7 JUMP JUMPDEST PUSH2 0xE33 DUP2 DUP6 PUSH2 0xDF1 JUMP JUMPDEST SWAP4 POP PUSH2 0xE43 DUP2 DUP6 PUSH1 0x20 DUP7 ADD PUSH2 0xE01 JUMP JUMPDEST PUSH2 0xE4C DUP2 PUSH2 0xE0F JUMP JUMPDEST DUP5 ADD SWAP2 POP POP SWAP3 SWAP2 POP POP JUMP JUMPDEST PUSH0 PUSH1 0x20 DUP3 ADD SWAP1 POP DUP2 DUP2 SUB PUSH0 DUP4 ADD MSTORE PUSH2 0xE6F DUP2 DUP5 PUSH2 0xE1F JUMP JUMPDEST SWAP1 POP SWAP3 SWAP2 POP POP JUMP JUMPDEST PUSH0 PUSH0 REVERT JUMPDEST PUSH0 PUSH20 0xFFFFFFFFFFFFFFFFFFFFFFFFFFFFFFFFFFFFFFFF DUP3 AND SWAP1 POP SWAP2 SWAP1 POP JUMP JUMPDEST PUSH0 PUSH2 0xEA4 DUP3 PUSH2 0xE7B JUMP JUMPDEST SWAP1 POP SWAP2 SWAP1 POP JUMP JUMPDEST PUSH2 0xEB4 DUP2 PUSH2 0xE9A JUMP JUMPDEST DUP2 EQ PUSH2 0xEBE JUMPI PUSH0 PUSH0 REVERT JUMPDEST POP JUMP JUMPDEST PUSH0 DUP2 CALLDATALOAD SWAP1 POP PUSH2 0xECF DUP2 PUSH2 0xEAB JUMP JUMPDEST SWAP3 SWAP2 POP POP JUMP JUMPDEST PUSH0 DUP2 SWAP1 POP SWAP2 SWAP1 POP JUMP JUMPDEST PUSH2 0xEE7 DUP2 PUSH2 0xED5 JUMP JUMPDEST DUP2 EQ PUSH2 0xEF1 JUMPI PUSH0 PUSH0 REVERT JUMPDEST POP JUMP JUMPDEST PUSH0 DUP2 CALLDATALOAD SWAP1 POP PUSH2 0xF02 DUP2 PUSH2 0xEDE JUMP JUMPDEST SWAP3 SWAP2 POP POP JUMP JUMPDEST PUSH0 PUSH0 PUSH1 0x40 DUP4 DUP6 SUB SLT ISZERO PUSH2 0xF1E JUMPI PUSH2 0xF1D PUSH2 0xE77 JUMP JUMPDEST JUMPDEST PUSH0 PUSH2 0xF2B DUP6 DUP3 DUP7 ADD PUSH2 0xEC1 JUMP JUMPDEST SWAP3 POP POP PUSH1 0x20 PUSH2 0xF3C DUP6 DUP3 DUP7 ADD PUSH2 0xEF4 JUMP JUMPDEST SWAP2 POP POP SWAP3 POP SWAP3 SWAP1 POP JUMP JUMPDEST PUSH0 DUP2 ISZERO ISZERO SWAP1 POP SWAP2 SWAP1 POP JUMP JUMPDEST PUSH2 0xF5A DUP2 PUSH2 0xF46 JUMP JUMPDEST DUP3 MSTORE POP POP JUMP JUMPDEST PUSH0 PUSH1 0x20 DUP3 ADD SWAP1 POP PUSH2 0xF73 PUSH0 DUP4 ADD DUP5 PUSH2 0xF51 JUMP JUMPDEST SWAP3 SWAP2 POP POP JUMP JUMPDEST PUSH2 0xF82 DUP2 PUSH2 0xED5 JUMP JUMPDEST DUP3 MSTORE POP POP JUMP JUMPDEST PUSH0 PUSH1 0x20 DUP3 ADD SWAP1 POP PUSH2 0xF9B PUSH0 DUP4 ADD DUP5 PUSH2 0xF79 JUMP JUMPDEST SWAP3 SWAP2 POP POP JUMP JUMPDEST PUSH0 PUSH0 PUSH0 PUSH1 0x60 DUP5 DUP7 SUB SLT ISZERO PUSH2 0xFB8 JUMPI PUSH2 0xFB7 PUSH2 0xE77 JUMP JUMPDEST JUMPDEST PUSH0 PUSH2 0xFC5 DUP7 DUP3 DUP8 ADD PUSH2 0xEC1 JUMP JUMPDEST SWAP4 POP POP PUSH1 0x20 PUSH2 0xFD6 DUP7 DUP3 DUP8 ADD PUSH2 0xEC1 JUMP JUMPDEST SWAP3 POP POP PUSH1 0x40 PUSH2 0xFE7 DUP7 DUP3 DUP8 ADD PUSH2 0xEF4 JUMP JUMPDEST SWAP2 POP POP SWAP3 POP SWAP3 POP SWAP3 JUMP JUMPDEST PUSH0 PUSH1 0xFF DUP3 AND SWAP1 POP SWAP2 SWAP1 POP JUMP JUMPDEST PUSH2 0x1006 DUP2 PUSH2 0xFF1 JUMP JUMPDEST DUP3 MSTORE POP POP JUMP JUMPDEST PUSH0 PUSH1 0x20 DUP3 ADD SWAP1 POP PUSH2 0x101F PUSH0 DUP4 ADD DUP5 PUSH2 0xFFD JUMP JUMPDEST SWAP3 SWAP2 POP POP JUMP JUMPDEST PUSH0 PUSH1 0x20 DUP3 DUP5 SUB SLT ISZERO PUSH2 0x103A JUMPI PUSH2 0x1039 PUSH2 0xE77 JUMP JUMPDEST JUMPDEST PUSH0 PUSH2 0x1047 DUP5 DUP3 DUP6 ADD PUSH2 0xEF4 JUMP JUMPDEST SWAP2 POP POP SWAP3 SWAP2 POP POP JUMP JUMPDEST PUSH0 PUSH1 0x20 DUP3 DUP5 SUB SLT ISZERO PUSH2 0x1065 JUMPI PUSH2 0x1064 PUSH2 0xE77 JUMP JUMPDEST JUMPDEST PUSH0 PUSH2 0x1072 DUP5 DUP3 DUP6 ADD PUSH2 0xEC1 JUMP JUMPDEST SWAP2 POP POP SWAP3 SWAP2 POP POP JUMP JUMPDEST PUSH2 0x1084 DUP2 PUSH2 0xE9A JUMP JUMPDEST DUP3 MSTORE POP POP JUMP JUMPDEST PUSH0 PUSH1 0x20 DUP3 ADD SWAP1 POP PUSH2 0x109D PUSH0 DUP4 ADD DUP5 PUSH2 0x107B JUMP JUMPDEST SWAP3 SWAP2 POP POP JUMP JUMPDEST PUSH0 PUSH0 PUSH1 0x40 DUP4 DUP6 SUB SLT ISZERO PUSH2 0x10B9 JUMPI PUSH2 0x10B8 PUSH2 0xE77 JUMP JUMPDEST JUMPDEST PUSH0 PUSH2 0x10C6 DUP6 DUP3 DUP7 ADD PUSH2 0xEC1 JUMP JUMPDEST SWAP3 POP POP PUSH1 0x20 PUSH2 0x10D7 DUP6 DUP3 DUP7 ADD PUSH2 0xEC1 JUMP JUMPDEST SWAP2 POP POP SWAP3 POP SWAP3 SWAP1 POP JUMP JUMPDEST PUSH32 0x4E487B7100000000000000000000000000000000000000000000000000000000 PUSH0 MSTORE PUSH1 0x22 PUSH1 0x4 MSTORE PUSH1 0x24 PUSH0 REVERT JUMPDEST PUSH0 PUSH1 0x2 DUP3 DIV SWAP1 POP PUSH1 0x1 DUP3 AND DUP1 PUSH2 0x1125 JUMPI PUSH1 0x7F DUP3 AND SWAP2 POP JUMPDEST PUSH1 0x20 DUP3 LT DUP2 SUB PUSH2 0x1138 JUMPI PUSH2 0x1137 PUSH2 0x10E1 JUMP JUMPDEST JUMPDEST POP SWAP2 SWAP1 POP JUMP JUMPDEST PUSH0 PUSH1 0x60 DUP3 ADD SWAP1 POP PUSH2 0x1151 PUSH0 DUP4 ADD DUP7 PUSH2 0x107B JUMP JUMPDEST PUSH2 0x115E PUSH1 0x20 DUP4 ADD DUP6 PUSH2 0xF79 JUMP JUMPDEST PUSH2 0x116B PUSH1 0x40 DUP4 ADD DUP5 PUSH2 0xF79 JUMP JUMPDEST SWAP5 SWAP4 POP POP POP POP JUMP JUMPDEST PUSH32 0x4E487B7100000000000000000000000000000000000000000000000000000000 PUSH0 MSTORE PUSH1 0x11 PUSH1 0x4 MSTORE PUSH1 0x24 PUSH0 REVERT JUMPDEST PUSH0 PUSH2 0x11AA DUP3 PUSH2 0xED5 JUMP JUMPDEST SWAP2 POP PUSH2 0x11B5 DUP4 PUSH2 0xED5 JUMP JUMPDEST SWAP3 POP DUP3 DUP3 ADD SWAP1 POP DUP1 DUP3 GT ISZERO PUSH2 0x11CD JUMPI PUSH2 0x11CC PUSH2 0x1173 JUMP JUMPDEST JUMPDEST SWAP3 SWAP2 POP POP JUMP INVALID LOG2 PUSH5 0x6970667358 0x22 SLT KECCAK256 0xCC 0xAC 0x1F 0xB1 0xEB SLOAD RETURNDATACOPY 0xAC SWAP8 0xCB 0xFC PUSH23 0x8773AEC1376864D99F3AAB0FA64A6436E7A523D764736F PUSH13 0x634300081B0033000000000000 ",
            "sourceMap": "167:360:6:-:0;;;209:132;;;;;;;;;;;;;;;;;;;;;;;;;;;;;;;:::i;:::-;280:10;1896:113:2;;;;;;;;;;;;;;;;;;;;;;;;;;;;;;;;;;1970:5;1962;:13;;;;;;:::i;:::-;;1995:7;1985;:17;;;;;;:::i;:::-;;1896:113;;1297:1:0;1273:26;;:12;:26;;;1269:95;;1350:1;1322:31;;;;;;;;;;;:::i;:::-;;;;;;;;1269:95;1373:32;1392:12;1373:18;;;:32;;:::i;:::-;1225:187;302:32:6::2;308:10;320:13;302:5;;;:32;;:::i;:::-;209:132:::0;167:360;;2912:187:0;2985:16;3004:6;;;;;;;;;;;2985:25;;3029:8;3020:6;;:17;;;;;;;;;;;;;;;;;;3083:8;3052:40;;3073:8;3052:40;;;;;;;;;;;;2975:124;2912:187;:::o;7721:208:2:-;7810:1;7791:21;;:7;:21;;;7787:91;;7864:1;7835:32;;;;;;;;;;;:::i;:::-;;;;;;;;7787:91;7887:35;7903:1;7907:7;7916:5;7887:7;;;:35;;:::i;:::-;7721:208;;:::o;6271:1107::-;6376:1;6360:18;;:4;:18;;;6356:540;;6512:5;6496:12;;:21;;;;;;;:::i;:::-;;;;;;;;6356:540;;;6548:19;6570:9;:15;6580:4;6570:15;;;;;;;;;;;;;;;;6548:37;;6617:5;6603:11;:19;6599:115;;;6674:4;6680:11;6693:5;6649:50;;;;;;;;;;;;;:::i;:::-;;;;;;;;6599:115;6866:5;6852:11;:19;6834:9;:15;6844:4;6834:15;;;;;;;;;;;;;;;:37;;;;6534:362;6356:540;6924:1;6910:16;;:2;:16;;;6906:425;;7089:5;7073:12;;:21;;;;;;;;;;;6906:425;;;7301:5;7284:9;:13;7294:2;7284:13;;;;;;;;;;;;;;;;:22;;;;;;;;;;;6906:425;7361:2;7346:25;;7355:4;7346:25;;;7365:5;7346:25;;;;;;:::i;:::-;;;;;;;;6271:1107;;;:::o;88:117:7:-;197:1;194;187:12;334:77;371:7;400:5;389:16;;334:77;;;:::o;417:122::-;490:24;508:5;490:24;:::i;:::-;483:5;480:35;470:63;;529:1;526;519:12;470:63;417:122;:::o;545:143::-;602:5;633:6;627:13;618:22;;649:33;676:5;649:33;:::i;:::-;545:143;;;;:::o;694:351::-;764:6;813:2;801:9;792:7;788:23;784:32;781:119;;;819:79;;:::i;:::-;781:119;939:1;964:64;1020:7;1011:6;1000:9;996:22;964:64;:::i;:::-;954:74;;910:128;694:351;;;;:::o;1051:99::-;1103:6;1137:5;1131:12;1121:22;;1051:99;;;:::o;1156:180::-;1204:77;1201:1;1194:88;1301:4;1298:1;1291:15;1325:4;1322:1;1315:15;1342:180;1390:77;1387:1;1380:88;1487:4;1484:1;1477:15;1511:4;1508:1;1501:15;1528:320;1572:6;1609:1;1603:4;1599:12;1589:22;;1656:1;1650:4;1646:12;1677:18;1667:81;;1733:4;1725:6;1721:17;1711:27;;1667:81;1795:2;1787:6;1784:14;1764:18;1761:38;1758:84;;1814:18;;:::i;:::-;1758:84;1579:269;1528:320;;;:::o;1854:141::-;1903:4;1926:3;1918:11;;1949:3;1946:1;1939:14;1983:4;1980:1;1970:18;1962:26;;1854:141;;;:::o;2001:93::-;2038:6;2085:2;2080;2073:5;2069:14;2065:23;2055:33;;2001:93;;;:::o;2100:107::-;2144:8;2194:5;2188:4;2184:16;2163:37;;2100:107;;;;:::o;2213:393::-;2282:6;2332:1;2320:10;2316:18;2355:97;2385:66;2374:9;2355:97;:::i;:::-;2473:39;2503:8;2492:9;2473:39;:::i;:::-;2461:51;;2545:4;2541:9;2534:5;2530:21;2521:30;;2594:4;2584:8;2580:19;2573:5;2570:30;2560:40;;2289:317;;2213:393;;;;;:::o;2612:60::-;2640:3;2661:5;2654:12;;2612:60;;;:::o;2678:142::-;2728:9;2761:53;2779:34;2788:24;2806:5;2788:24;:::i;:::-;2779:34;:::i;:::-;2761:53;:::i;:::-;2748:66;;2678:142;;;:::o;2826:75::-;2869:3;2890:5;2883:12;;2826:75;;;:::o;2907:269::-;3017:39;3048:7;3017:39;:::i;:::-;3078:91;3127:41;3151:16;3127:41;:::i;:::-;3119:6;3112:4;3106:11;3078:91;:::i;:::-;3072:4;3065:105;2983:193;2907:269;;;:::o;3182:73::-;3227:3;3248:1;3241:8;;3182:73;:::o;3261:189::-;3338:32;;:::i;:::-;3379:65;3437:6;3429;3423:4;3379:65;:::i;:::-;3314:136;3261:189;;:::o;3456:186::-;3516:120;3533:3;3526:5;3523:14;3516:120;;;3587:39;3624:1;3617:5;3587:39;:::i;:::-;3560:1;3553:5;3549:13;3540:22;;3516:120;;;3456:186;;:::o;3648:543::-;3749:2;3744:3;3741:11;3738:446;;;3783:38;3815:5;3783:38;:::i;:::-;3867:29;3885:10;3867:29;:::i;:::-;3857:8;3853:44;4050:2;4038:10;4035:18;4032:49;;;4071:8;4056:23;;4032:49;4094:80;4150:22;4168:3;4150:22;:::i;:::-;4140:8;4136:37;4123:11;4094:80;:::i;:::-;3753:431;;3738:446;3648:543;;;:::o;4197:117::-;4251:8;4301:5;4295:4;4291:16;4270:37;;4197:117;;;;:::o;4320:169::-;4364:6;4397:51;4445:1;4441:6;4433:5;4430:1;4426:13;4397:51;:::i;:::-;4393:56;4478:4;4472;4468:15;4458:25;;4371:118;4320:169;;;;:::o;4494:295::-;4570:4;4716:29;4741:3;4735:4;4716:29;:::i;:::-;4708:37;;4778:3;4775:1;4771:11;4765:4;4762:21;4754:29;;4494:295;;;;:::o;4794:1395::-;4911:37;4944:3;4911:37;:::i;:::-;5013:18;5005:6;5002:30;4999:56;;;5035:18;;:::i;:::-;4999:56;5079:38;5111:4;5105:11;5079:38;:::i;:::-;5164:67;5224:6;5216;5210:4;5164:67;:::i;:::-;5258:1;5282:4;5269:17;;5314:2;5306:6;5303:14;5331:1;5326:618;;;;5988:1;6005:6;6002:77;;;6054:9;6049:3;6045:19;6039:26;6030:35;;6002:77;6105:67;6165:6;6158:5;6105:67;:::i;:::-;6099:4;6092:81;5961:222;5296:887;;5326:618;5378:4;5374:9;5366:6;5362:22;5412:37;5444:4;5412:37;:::i;:::-;5471:1;5485:208;5499:7;5496:1;5493:14;5485:208;;;5578:9;5573:3;5569:19;5563:26;5555:6;5548:42;5629:1;5621:6;5617:14;5607:24;;5676:2;5665:9;5661:18;5648:31;;5522:4;5519:1;5515:12;5510:17;;5485:208;;;5721:6;5712:7;5709:19;5706:179;;;5779:9;5774:3;5770:19;5764:26;5822:48;5864:4;5856:6;5852:17;5841:9;5822:48;:::i;:::-;5814:6;5807:64;5729:156;5706:179;5931:1;5927;5919:6;5915:14;5911:22;5905:4;5898:36;5333:611;;;5296:887;;4886:1303;;;4794:1395;;:::o;6195:126::-;6232:7;6272:42;6265:5;6261:54;6250:65;;6195:126;;;:::o;6327:96::-;6364:7;6393:24;6411:5;6393:24;:::i;:::-;6382:35;;6327:96;;;:::o;6429:118::-;6516:24;6534:5;6516:24;:::i;:::-;6511:3;6504:37;6429:118;;:::o;6553:222::-;6646:4;6684:2;6673:9;6669:18;6661:26;;6697:71;6765:1;6754:9;6750:17;6741:6;6697:71;:::i;:::-;6553:222;;;;:::o;6781:180::-;6829:77;6826:1;6819:88;6926:4;6923:1;6916:15;6950:4;6947:1;6940:15;6967:191;7007:3;7026:20;7044:1;7026:20;:::i;:::-;7021:25;;7060:20;7078:1;7060:20;:::i;:::-;7055:25;;7103:1;7100;7096:9;7089:16;;7124:3;7121:1;7118:10;7115:36;;;7131:18;;:::i;:::-;7115:36;6967:191;;;;:::o;7164:118::-;7251:24;7269:5;7251:24;:::i;:::-;7246:3;7239:37;7164:118;;:::o;7288:442::-;7437:4;7475:2;7464:9;7460:18;7452:26;;7488:71;7556:1;7545:9;7541:17;7532:6;7488:71;:::i;:::-;7569:72;7637:2;7626:9;7622:18;7613:6;7569:72;:::i;:::-;7651;7719:2;7708:9;7704:18;7695:6;7651:72;:::i;:::-;7288:442;;;;;;:::o;7736:222::-;7829:4;7867:2;7856:9;7852:18;7844:26;;7880:71;7948:1;7937:9;7933:17;7924:6;7880:71;:::i;:::-;7736:222;;;;:::o;167:360:6:-;;;;;;;"
          },
          "deployedBytecode": {
            "functionDebugData": {
              "@_approve_609": {
                "entryPoint": 1571,
                "id": 609,
                "parameterSlots": 3,
                "returnSlots": 0
              },
              "@_approve_669": {
                "entryPoint": 2559,
                "id": 669,
                "parameterSlots": 4,
                "returnSlots": 0
              },
              "@_burn_591": {
                "entryPoint": 2237,
                "id": 591,
                "parameterSlots": 2,
                "returnSlots": 0
              },
              "@_checkOwner_140": {
                "entryPoint": 1975,
                "id": 140,
                "parameterSlots": 0,
                "returnSlots": 0
              },
              "@_mint_558": {
                "entryPoint": 2110,
                "id": 558,
                "parameterSlots": 2,
                "returnSlots": 0
              },
              "@_msgSender_730": {
                "entryPoint": 1564,
                "id": 730,
                "parameterSlots": 0,
                "returnSlots": 1
              },
              "@_spendAllowance_717": {
                "entryPoint": 1589,
                "id": 717,
                "parameterSlots": 3,
                "returnSlots": 0
              },
              "@_transferOwnership_202": {
                "entryPoint": 2364,
                "id": 202,
                "parameterSlots": 1,
                "returnSlots": 0
              },
              "@_transfer_448": {
                "entryPoint": 1735,
                "id": 448,
                "parameterSlots": 3,
                "returnSlots": 0
              },
              "@_update_525": {
                "entryPoint": 3022,
                "id": 525,
                "parameterSlots": 3,
                "returnSlots": 0
              },
              "@allowance_345": {
                "entryPoint": 1302,
                "id": 345,
                "parameterSlots": 2,
                "returnSlots": 1
              },
              "@approve_369": {
                "entryPoint": 864,
                "id": 369,
                "parameterSlots": 2,
                "returnSlots": 1
              },
              "@balanceOf_304": {
                "entryPoint": 996,
                "id": 304,
                "parameterSlots": 1,
                "returnSlots": 1
              },
              "@burn_54": {
                "entryPoint": 983,
                "id": 54,
                "parameterSlots": 1,
                "returnSlots": 0
              },
              "@decimals_282": {
                "entryPoint": 953,
                "id": 282,
                "parameterSlots": 0,
                "returnSlots": 1
              },
              "@mint_42": {
                "entryPoint": 961,
                "id": 42,
                "parameterSlots": 2,
                "returnSlots": 0
              },
              "@name_264": {
                "entryPoint": 720,
                "id": 264,
                "parameterSlots": 0,
                "returnSlots": 1
              },
              "@owner_123": {
                "entryPoint": 1084,
                "id": 123,
                "parameterSlots": 0,
                "returnSlots": 1
              },
              "@renounceOwnership_154": {
                "entryPoint": 1065,
                "id": 154,
                "parameterSlots": 0,
                "returnSlots": 0
              },
              "@symbol_273": {
                "entryPoint": 1124,
                "id": 273,
                "parameterSlots": 0,
                "returnSlots": 1
              },
              "@totalSupply_291": {
                "entryPoint": 898,
                "id": 291,
                "parameterSlots": 0,
                "returnSlots": 1
              },
              "@transferFrom_401": {
                "entryPoint": 907,
                "id": 401,
                "parameterSlots": 3,
                "returnSlots": 1
              },
              "@transferOwnership_182": {
                "entryPoint": 1432,
                "id": 182,
                "parameterSlots": 1,
                "returnSlots": 0
              },
              "@transfer_328": {
                "entryPoint": 1268,
                "id": 328,
                "parameterSlots": 2,
                "returnSlots": 1
              },
              "abi_decode_t_address": {
                "entryPoint": 3777,
                "id": null,
                "parameterSlots": 2,
                "returnSlots": 1
              },
              "abi_decode_t_uint256": {
                "entryPoint": 3828,
                "id": null,
                "parameterSlots": 2,
                "returnSlots": 1
              },
              "abi_decode_tuple_t_address": {
                "entryPoint": 4176,
                "id": null,
                "parameterSlots": 2,
                "returnSlots": 1
              },
              "abi_decode_tuple_t_addresst_address": {
                "entryPoint": 4259,
                "id": null,
                "parameterSlots": 2,
                "returnSlots": 2
              },
              "abi_decode_tuple_t_addresst_addresst_uint256": {
                "entryPoint": 4001,
                "id": null,
                "parameterSlots": 2,
                "returnSlots": 3
              },
              "abi_decode_tuple_t_addresst_uint256": {
                "entryPoint": 3848,
                "id": null,
                "parameterSlots": 2,
                "returnSlots": 2
              },
              "abi_decode_tuple_t_uint256": {
                "entryPoint": 4133,
                "id": null,
                "parameterSlots": 2,
                "returnSlots": 1
              },
              "abi_encode_t_address_to_t_address_fromStack": {
                "entryPoint": 4219,
                "id": null,
                "parameterSlots": 2,
                "returnSlots": 0
              },
              "abi_encode_t_bool_to_t_bool_fromStack": {
                "entryPoint": 3921,
                "id": null,
                "parameterSlots": 2,
                "returnSlots": 0
              },
              "abi_encode_t_string_memory_ptr_to_t_string_memory_ptr_fromStack": {
                "entryPoint": 3615,
                "id": null,
                "parameterSlots": 2,
                "returnSlots": 1
              },
              "abi_encode_t_uint256_to_t_uint256_fromStack": {
                "entryPoint": 3961,
                "id": null,
                "parameterSlots": 2,
                "returnSlots": 0
              },
              "abi_encode_t_uint8_to_t_uint8_fromStack": {
                "entryPoint": 4093,
                "id": null,
                "parameterSlots": 2,
                "returnSlots": 0
              },
              "abi_encode_tuple_t_address__to_t_address__fromStack_reversed": {
                "entryPoint": 4234,
                "id": null,
                "parameterSlots": 2,
                "returnSlots": 1
              },
              "abi_encode_tuple_t_address_t_uint256_t_uint256__to_t_address_t_uint256_t_uint256__fromStack_reversed": {
                "entryPoint": 4414,
                "id": null,
                "parameterSlots": 4,
                "returnSlots": 1
              },
              "abi_encode_tuple_t_bool__to_t_bool__fromStack_reversed": {
                "entryPoint": 3936,
                "id": null,
                "parameterSlots": 2,
                "returnSlots": 1
              },
              "abi_encode_tuple_t_string_memory_ptr__to_t_string_memory_ptr__fromStack_reversed": {
                "entryPoint": 3671,
                "id": null,
                "parameterSlots": 2,
                "returnSlots": 1
              },
              "abi_encode_tuple_t_uint256__to_t_uint256__fromStack_reversed": {
                "entryPoint": 3976,
                "id": null,
                "parameterSlots": 2,
                "returnSlots": 1
              },
              "abi_encode_tuple_t_uint8__to_t_uint8__fromStack_reversed": {
                "entryPoint": 4108,
                "id": null,
                "parameterSlots": 2,
                "returnSlots": 1
              },
              "allocate_unbounded": {
                "entryPoint": null,
                "id": null,
                "parameterSlots": 0,
                "returnSlots": 1
              },
              "array_length_t_string_memory_ptr": {
                "entryPoint": 3559,
                "id": null,
                "parameterSlots": 1,
                "returnSlots": 1
              },
              "array_storeLengthForEncoding_t_string_memory_ptr_fromStack": {
                "entryPoint": 3569,
                "id": null,
                "parameterSlots": 2,
                "returnSlots": 1
              },
              "checked_add_t_uint256": {
                "entryPoint": 4512,
                "id": null,
                "parameterSlots": 2,
                "returnSlots": 1
              },
              "cleanup_t_address": {
                "entryPoint": 3738,
                "id": null,
                "parameterSlots": 1,
                "returnSlots": 1
              },
              "cleanup_t_bool": {
                "entryPoint": 3910,
                "id": null,
                "parameterSlots": 1,
                "returnSlots": 1
              },
              "cleanup_t_uint160": {
                "entryPoint": 3707,
                "id": null,
                "parameterSlots": 1,
                "returnSlots": 1
              },
              "cleanup_t_uint256": {
                "entryPoint": 3797,
                "id": null,
                "parameterSlots": 1,
                "returnSlots": 1
              },
              "cleanup_t_uint8": {
                "entryPoint": 4081,
                "id": null,
                "parameterSlots": 1,
                "returnSlots": 1
              },
              "copy_memory_to_memory_with_cleanup": {
                "entryPoint": 3585,
                "id": null,
                "parameterSlots": 3,
                "returnSlots": 0
              },
              "extract_byte_array_length": {
                "entryPoint": 4366,
                "id": null,
                "parameterSlots": 1,
                "returnSlots": 1
              },
              "panic_error_0x11": {
                "entryPoint": 4467,
                "id": null,
                "parameterSlots": 0,
                "returnSlots": 0
              },
              "panic_error_0x22": {
                "entryPoint": 4321,
                "id": null,
                "parameterSlots": 0,
                "returnSlots": 0
              },
              "revert_error_c1322bf8034eace5e0b5c7295db60986aa89aae5e0ea0873e4689e076861a5db": {
                "entryPoint": null,
                "id": null,
                "parameterSlots": 0,
                "returnSlots": 0
              },
              "revert_error_dbdddcbe895c83990c08b3492a0e83918d802a52331272ac6fdb6a7c4aea3b1b": {
                "entryPoint": 3703,
                "id": null,
                "parameterSlots": 0,
                "returnSlots": 0
              },
              "round_up_to_mul_of_32": {
                "entryPoint": 3599,
                "id": null,
                "parameterSlots": 1,
                "returnSlots": 1
              },
              "validator_revert_t_address": {
                "entryPoint": 3755,
                "id": null,
                "parameterSlots": 1,
                "returnSlots": 0
              },
              "validator_revert_t_uint256": {
                "entryPoint": 3806,
                "id": null,
                "parameterSlots": 1,
                "returnSlots": 0
              }
            },
            "generatedSources": [
              {
                "ast": {
                  "nativeSrc": "0:7588:7",
                  "nodeType": "YulBlock",
                  "src": "0:7588:7",
                  "statements": [
                    {
                      "body": {
                        "nativeSrc": "66:40:7",
                        "nodeType": "YulBlock",
                        "src": "66:40:7",
                        "statements": [
                          {
                            "nativeSrc": "77:22:7",
                            "nodeType": "YulAssignment",
                            "src": "77:22:7",
                            "value": {
                              "arguments": [
                                {
                                  "name": "value",
                                  "nativeSrc": "93:5:7",
                                  "nodeType": "YulIdentifier",
                                  "src": "93:5:7"
                                }
                              ],
                              "functionName": {
                                "name": "mload",
                                "nativeSrc": "87:5:7",
                                "nodeType": "YulIdentifier",
                                "src": "87:5:7"
                              },
                              "nativeSrc": "87:12:7",
                              "nodeType": "YulFunctionCall",
                              "src": "87:12:7"
                            },
                            "variableNames": [
                              {
                                "name": "length",
                                "nativeSrc": "77:6:7",
                                "nodeType": "YulIdentifier",
                                "src": "77:6:7"
                              }
                            ]
                          }
                        ]
                      },
                      "name": "array_length_t_string_memory_ptr",
                      "nativeSrc": "7:99:7",
                      "nodeType": "YulFunctionDefinition",
                      "parameters": [
                        {
                          "name": "value",
                          "nativeSrc": "49:5:7",
                          "nodeType": "YulTypedName",
                          "src": "49:5:7",
                          "type": ""
                        }
                      ],
                      "returnVariables": [
                        {
                          "name": "length",
                          "nativeSrc": "59:6:7",
                          "nodeType": "YulTypedName",
                          "src": "59:6:7",
                          "type": ""
                        }
                      ],
                      "src": "7:99:7"
                    },
                    {
                      "body": {
                        "nativeSrc": "208:73:7",
                        "nodeType": "YulBlock",
                        "src": "208:73:7",
                        "statements": [
                          {
                            "expression": {
                              "arguments": [
                                {
                                  "name": "pos",
                                  "nativeSrc": "225:3:7",
                                  "nodeType": "YulIdentifier",
                                  "src": "225:3:7"
                                },
                                {
                                  "name": "length",
                                  "nativeSrc": "230:6:7",
                                  "nodeType": "YulIdentifier",
                                  "src": "230:6:7"
                                }
                              ],
                              "functionName": {
                                "name": "mstore",
                                "nativeSrc": "218:6:7",
                                "nodeType": "YulIdentifier",
                                "src": "218:6:7"
                              },
                              "nativeSrc": "218:19:7",
                              "nodeType": "YulFunctionCall",
                              "src": "218:19:7"
                            },
                            "nativeSrc": "218:19:7",
                            "nodeType": "YulExpressionStatement",
                            "src": "218:19:7"
                          },
                          {
                            "nativeSrc": "246:29:7",
                            "nodeType": "YulAssignment",
                            "src": "246:29:7",
                            "value": {
                              "arguments": [
                                {
                                  "name": "pos",
                                  "nativeSrc": "265:3:7",
                                  "nodeType": "YulIdentifier",
                                  "src": "265:3:7"
                                },
                                {
                                  "kind": "number",
                                  "nativeSrc": "270:4:7",
                                  "nodeType": "YulLiteral",
                                  "src": "270:4:7",
                                  "type": "",
                                  "value": "0x20"
                                }
                              ],
                              "functionName": {
                                "name": "add",
                                "nativeSrc": "261:3:7",
                                "nodeType": "YulIdentifier",
                                "src": "261:3:7"
                              },
                              "nativeSrc": "261:14:7",
                              "nodeType": "YulFunctionCall",
                              "src": "261:14:7"
                            },
                            "variableNames": [
                              {
                                "name": "updated_pos",
                                "nativeSrc": "246:11:7",
                                "nodeType": "YulIdentifier",
                                "src": "246:11:7"
                              }
                            ]
                          }
                        ]
                      },
                      "name": "array_storeLengthForEncoding_t_string_memory_ptr_fromStack",
                      "nativeSrc": "112:169:7",
                      "nodeType": "YulFunctionDefinition",
                      "parameters": [
                        {
                          "name": "pos",
                          "nativeSrc": "180:3:7",
                          "nodeType": "YulTypedName",
                          "src": "180:3:7",
                          "type": ""
                        },
                        {
                          "name": "length",
                          "nativeSrc": "185:6:7",
                          "nodeType": "YulTypedName",
                          "src": "185:6:7",
                          "type": ""
                        }
                      ],
                      "returnVariables": [
                        {
                          "name": "updated_pos",
                          "nativeSrc": "196:11:7",
                          "nodeType": "YulTypedName",
                          "src": "196:11:7",
                          "type": ""
                        }
                      ],
                      "src": "112:169:7"
                    },
                    {
                      "body": {
                        "nativeSrc": "349:77:7",
                        "nodeType": "YulBlock",
                        "src": "349:77:7",
                        "statements": [
                          {
                            "expression": {
                              "arguments": [
                                {
                                  "name": "dst",
                                  "nativeSrc": "366:3:7",
                                  "nodeType": "YulIdentifier",
                                  "src": "366:3:7"
                                },
                                {
                                  "name": "src",
                                  "nativeSrc": "371:3:7",
                                  "nodeType": "YulIdentifier",
                                  "src": "371:3:7"
                                },
                                {
                                  "name": "length",
                                  "nativeSrc": "376:6:7",
                                  "nodeType": "YulIdentifier",
                                  "src": "376:6:7"
                                }
                              ],
                              "functionName": {
                                "name": "mcopy",
                                "nativeSrc": "360:5:7",
                                "nodeType": "YulIdentifier",
                                "src": "360:5:7"
                              },
                              "nativeSrc": "360:23:7",
                              "nodeType": "YulFunctionCall",
                              "src": "360:23:7"
                            },
                            "nativeSrc": "360:23:7",
                            "nodeType": "YulExpressionStatement",
                            "src": "360:23:7"
                          },
                          {
                            "expression": {
                              "arguments": [
                                {
                                  "arguments": [
                                    {
                                      "name": "dst",
                                      "nativeSrc": "403:3:7",
                                      "nodeType": "YulIdentifier",
                                      "src": "403:3:7"
                                    },
                                    {
                                      "name": "length",
                                      "nativeSrc": "408:6:7",
                                      "nodeType": "YulIdentifier",
                                      "src": "408:6:7"
                                    }
                                  ],
                                  "functionName": {
                                    "name": "add",
                                    "nativeSrc": "399:3:7",
                                    "nodeType": "YulIdentifier",
                                    "src": "399:3:7"
                                  },
                                  "nativeSrc": "399:16:7",
                                  "nodeType": "YulFunctionCall",
                                  "src": "399:16:7"
                                },
                                {
                                  "kind": "number",
                                  "nativeSrc": "417:1:7",
                                  "nodeType": "YulLiteral",
                                  "src": "417:1:7",
                                  "type": "",
                                  "value": "0"
                                }
                              ],
                              "functionName": {
                                "name": "mstore",
                                "nativeSrc": "392:6:7",
                                "nodeType": "YulIdentifier",
                                "src": "392:6:7"
                              },
                              "nativeSrc": "392:27:7",
                              "nodeType": "YulFunctionCall",
                              "src": "392:27:7"
                            },
                            "nativeSrc": "392:27:7",
                            "nodeType": "YulExpressionStatement",
                            "src": "392:27:7"
                          }
                        ]
                      },
                      "name": "copy_memory_to_memory_with_cleanup",
                      "nativeSrc": "287:139:7",
                      "nodeType": "YulFunctionDefinition",
                      "parameters": [
                        {
                          "name": "src",
                          "nativeSrc": "331:3:7",
                          "nodeType": "YulTypedName",
                          "src": "331:3:7",
                          "type": ""
                        },
                        {
                          "name": "dst",
                          "nativeSrc": "336:3:7",
                          "nodeType": "YulTypedName",
                          "src": "336:3:7",
                          "type": ""
                        },
                        {
                          "name": "length",
                          "nativeSrc": "341:6:7",
                          "nodeType": "YulTypedName",
                          "src": "341:6:7",
                          "type": ""
                        }
                      ],
                      "src": "287:139:7"
                    },
                    {
                      "body": {
                        "nativeSrc": "480:54:7",
                        "nodeType": "YulBlock",
                        "src": "480:54:7",
                        "statements": [
                          {
                            "nativeSrc": "490:38:7",
                            "nodeType": "YulAssignment",
                            "src": "490:38:7",
                            "value": {
                              "arguments": [
                                {
                                  "arguments": [
                                    {
                                      "name": "value",
                                      "nativeSrc": "508:5:7",
                                      "nodeType": "YulIdentifier",
                                      "src": "508:5:7"
                                    },
                                    {
                                      "kind": "number",
                                      "nativeSrc": "515:2:7",
                                      "nodeType": "YulLiteral",
                                      "src": "515:2:7",
                                      "type": "",
                                      "value": "31"
                                    }
                                  ],
                                  "functionName": {
                                    "name": "add",
                                    "nativeSrc": "504:3:7",
                                    "nodeType": "YulIdentifier",
                                    "src": "504:3:7"
                                  },
                                  "nativeSrc": "504:14:7",
                                  "nodeType": "YulFunctionCall",
                                  "src": "504:14:7"
                                },
                                {
                                  "arguments": [
                                    {
                                      "kind": "number",
                                      "nativeSrc": "524:2:7",
                                      "nodeType": "YulLiteral",
                                      "src": "524:2:7",
                                      "type": "",
                                      "value": "31"
                                    }
                                  ],
                                  "functionName": {
                                    "name": "not",
                                    "nativeSrc": "520:3:7",
                                    "nodeType": "YulIdentifier",
                                    "src": "520:3:7"
                                  },
                                  "nativeSrc": "520:7:7",
                                  "nodeType": "YulFunctionCall",
                                  "src": "520:7:7"
                                }
                              ],
                              "functionName": {
                                "name": "and",
                                "nativeSrc": "500:3:7",
                                "nodeType": "YulIdentifier",
                                "src": "500:3:7"
                              },
                              "nativeSrc": "500:28:7",
                              "nodeType": "YulFunctionCall",
                              "src": "500:28:7"
                            },
                            "variableNames": [
                              {
                                "name": "result",
                                "nativeSrc": "490:6:7",
                                "nodeType": "YulIdentifier",
                                "src": "490:6:7"
                              }
                            ]
                          }
                        ]
                      },
                      "name": "round_up_to_mul_of_32",
                      "nativeSrc": "432:102:7",
                      "nodeType": "YulFunctionDefinition",
                      "parameters": [
                        {
                          "name": "value",
                          "nativeSrc": "463:5:7",
                          "nodeType": "YulTypedName",
                          "src": "463:5:7",
                          "type": ""
                        }
                      ],
                      "returnVariables": [
                        {
                          "name": "result",
                          "nativeSrc": "473:6:7",
                          "nodeType": "YulTypedName",
                          "src": "473:6:7",
                          "type": ""
                        }
                      ],
                      "src": "432:102:7"
                    },
                    {
                      "body": {
                        "nativeSrc": "632:285:7",
                        "nodeType": "YulBlock",
                        "src": "632:285:7",
                        "statements": [
                          {
                            "nativeSrc": "642:53:7",
                            "nodeType": "YulVariableDeclaration",
                            "src": "642:53:7",
                            "value": {
                              "arguments": [
                                {
                                  "name": "value",
                                  "nativeSrc": "689:5:7",
                                  "nodeType": "YulIdentifier",
                                  "src": "689:5:7"
                                }
                              ],
                              "functionName": {
                                "name": "array_length_t_string_memory_ptr",
                                "nativeSrc": "656:32:7",
                                "nodeType": "YulIdentifier",
                                "src": "656:32:7"
                              },
                              "nativeSrc": "656:39:7",
                              "nodeType": "YulFunctionCall",
                              "src": "656:39:7"
                            },
                            "variables": [
                              {
                                "name": "length",
                                "nativeSrc": "646:6:7",
                                "nodeType": "YulTypedName",
                                "src": "646:6:7",
                                "type": ""
                              }
                            ]
                          },
                          {
                            "nativeSrc": "704:78:7",
                            "nodeType": "YulAssignment",
                            "src": "704:78:7",
                            "value": {
                              "arguments": [
                                {
                                  "name": "pos",
                                  "nativeSrc": "770:3:7",
                                  "nodeType": "YulIdentifier",
                                  "src": "770:3:7"
                                },
                                {
                                  "name": "length",
                                  "nativeSrc": "775:6:7",
                                  "nodeType": "YulIdentifier",
                                  "src": "775:6:7"
                                }
                              ],
                              "functionName": {
                                "name": "array_storeLengthForEncoding_t_string_memory_ptr_fromStack",
                                "nativeSrc": "711:58:7",
                                "nodeType": "YulIdentifier",
                                "src": "711:58:7"
                              },
                              "nativeSrc": "711:71:7",
                              "nodeType": "YulFunctionCall",
                              "src": "711:71:7"
                            },
                            "variableNames": [
                              {
                                "name": "pos",
                                "nativeSrc": "704:3:7",
                                "nodeType": "YulIdentifier",
                                "src": "704:3:7"
                              }
                            ]
                          },
                          {
                            "expression": {
                              "arguments": [
                                {
                                  "arguments": [
                                    {
                                      "name": "value",
                                      "nativeSrc": "830:5:7",
                                      "nodeType": "YulIdentifier",
                                      "src": "830:5:7"
                                    },
                                    {
                                      "kind": "number",
                                      "nativeSrc": "837:4:7",
                                      "nodeType": "YulLiteral",
                                      "src": "837:4:7",
                                      "type": "",
                                      "value": "0x20"
                                    }
                                  ],
                                  "functionName": {
                                    "name": "add",
                                    "nativeSrc": "826:3:7",
                                    "nodeType": "YulIdentifier",
                                    "src": "826:3:7"
                                  },
                                  "nativeSrc": "826:16:7",
                                  "nodeType": "YulFunctionCall",
                                  "src": "826:16:7"
                                },
                                {
                                  "name": "pos",
                                  "nativeSrc": "844:3:7",
                                  "nodeType": "YulIdentifier",
                                  "src": "844:3:7"
                                },
                                {
                                  "name": "length",
                                  "nativeSrc": "849:6:7",
                                  "nodeType": "YulIdentifier",
                                  "src": "849:6:7"
                                }
                              ],
                              "functionName": {
                                "name": "copy_memory_to_memory_with_cleanup",
                                "nativeSrc": "791:34:7",
                                "nodeType": "YulIdentifier",
                                "src": "791:34:7"
                              },
                              "nativeSrc": "791:65:7",
                              "nodeType": "YulFunctionCall",
                              "src": "791:65:7"
                            },
                            "nativeSrc": "791:65:7",
                            "nodeType": "YulExpressionStatement",
                            "src": "791:65:7"
                          },
                          {
                            "nativeSrc": "865:46:7",
                            "nodeType": "YulAssignment",
                            "src": "865:46:7",
                            "value": {
                              "arguments": [
                                {
                                  "name": "pos",
                                  "nativeSrc": "876:3:7",
                                  "nodeType": "YulIdentifier",
                                  "src": "876:3:7"
                                },
                                {
                                  "arguments": [
                                    {
                                      "name": "length",
                                      "nativeSrc": "903:6:7",
                                      "nodeType": "YulIdentifier",
                                      "src": "903:6:7"
                                    }
                                  ],
                                  "functionName": {
                                    "name": "round_up_to_mul_of_32",
                                    "nativeSrc": "881:21:7",
                                    "nodeType": "YulIdentifier",
                                    "src": "881:21:7"
                                  },
                                  "nativeSrc": "881:29:7",
                                  "nodeType": "YulFunctionCall",
                                  "src": "881:29:7"
                                }
                              ],
                              "functionName": {
                                "name": "add",
                                "nativeSrc": "872:3:7",
                                "nodeType": "YulIdentifier",
                                "src": "872:3:7"
                              },
                              "nativeSrc": "872:39:7",
                              "nodeType": "YulFunctionCall",
                              "src": "872:39:7"
                            },
                            "variableNames": [
                              {
                                "name": "end",
                                "nativeSrc": "865:3:7",
                                "nodeType": "YulIdentifier",
                                "src": "865:3:7"
                              }
                            ]
                          }
                        ]
                      },
                      "name": "abi_encode_t_string_memory_ptr_to_t_string_memory_ptr_fromStack",
                      "nativeSrc": "540:377:7",
                      "nodeType": "YulFunctionDefinition",
                      "parameters": [
                        {
                          "name": "value",
                          "nativeSrc": "613:5:7",
                          "nodeType": "YulTypedName",
                          "src": "613:5:7",
                          "type": ""
                        },
                        {
                          "name": "pos",
                          "nativeSrc": "620:3:7",
                          "nodeType": "YulTypedName",
                          "src": "620:3:7",
                          "type": ""
                        }
                      ],
                      "returnVariables": [
                        {
                          "name": "end",
                          "nativeSrc": "628:3:7",
                          "nodeType": "YulTypedName",
                          "src": "628:3:7",
                          "type": ""
                        }
                      ],
                      "src": "540:377:7"
                    },
                    {
                      "body": {
                        "nativeSrc": "1041:195:7",
                        "nodeType": "YulBlock",
                        "src": "1041:195:7",
                        "statements": [
                          {
                            "nativeSrc": "1051:26:7",
                            "nodeType": "YulAssignment",
                            "src": "1051:26:7",
                            "value": {
                              "arguments": [
                                {
                                  "name": "headStart",
                                  "nativeSrc": "1063:9:7",
                                  "nodeType": "YulIdentifier",
                                  "src": "1063:9:7"
                                },
                                {
                                  "kind": "number",
                                  "nativeSrc": "1074:2:7",
                                  "nodeType": "YulLiteral",
                                  "src": "1074:2:7",
                                  "type": "",
                                  "value": "32"
                                }
                              ],
                              "functionName": {
                                "name": "add",
                                "nativeSrc": "1059:3:7",
                                "nodeType": "YulIdentifier",
                                "src": "1059:3:7"
                              },
                              "nativeSrc": "1059:18:7",
                              "nodeType": "YulFunctionCall",
                              "src": "1059:18:7"
                            },
                            "variableNames": [
                              {
                                "name": "tail",
                                "nativeSrc": "1051:4:7",
                                "nodeType": "YulIdentifier",
                                "src": "1051:4:7"
                              }
                            ]
                          },
                          {
                            "expression": {
                              "arguments": [
                                {
                                  "arguments": [
                                    {
                                      "name": "headStart",
                                      "nativeSrc": "1098:9:7",
                                      "nodeType": "YulIdentifier",
                                      "src": "1098:9:7"
                                    },
                                    {
                                      "kind": "number",
                                      "nativeSrc": "1109:1:7",
                                      "nodeType": "YulLiteral",
                                      "src": "1109:1:7",
                                      "type": "",
                                      "value": "0"
                                    }
                                  ],
                                  "functionName": {
                                    "name": "add",
                                    "nativeSrc": "1094:3:7",
                                    "nodeType": "YulIdentifier",
                                    "src": "1094:3:7"
                                  },
                                  "nativeSrc": "1094:17:7",
                                  "nodeType": "YulFunctionCall",
                                  "src": "1094:17:7"
                                },
                                {
                                  "arguments": [
                                    {
                                      "name": "tail",
                                      "nativeSrc": "1117:4:7",
                                      "nodeType": "YulIdentifier",
                                      "src": "1117:4:7"
                                    },
                                    {
                                      "name": "headStart",
                                      "nativeSrc": "1123:9:7",
                                      "nodeType": "YulIdentifier",
                                      "src": "1123:9:7"
                                    }
                                  ],
                                  "functionName": {
                                    "name": "sub",
                                    "nativeSrc": "1113:3:7",
                                    "nodeType": "YulIdentifier",
                                    "src": "1113:3:7"
                                  },
                                  "nativeSrc": "1113:20:7",
                                  "nodeType": "YulFunctionCall",
                                  "src": "1113:20:7"
                                }
                              ],
                              "functionName": {
                                "name": "mstore",
                                "nativeSrc": "1087:6:7",
                                "nodeType": "YulIdentifier",
                                "src": "1087:6:7"
                              },
                              "nativeSrc": "1087:47:7",
                              "nodeType": "YulFunctionCall",
                              "src": "1087:47:7"
                            },
                            "nativeSrc": "1087:47:7",
                            "nodeType": "YulExpressionStatement",
                            "src": "1087:47:7"
                          },
                          {
                            "nativeSrc": "1143:86:7",
                            "nodeType": "YulAssignment",
                            "src": "1143:86:7",
                            "value": {
                              "arguments": [
                                {
                                  "name": "value0",
                                  "nativeSrc": "1215:6:7",
                                  "nodeType": "YulIdentifier",
                                  "src": "1215:6:7"
                                },
                                {
                                  "name": "tail",
                                  "nativeSrc": "1224:4:7",
                                  "nodeType": "YulIdentifier",
                                  "src": "1224:4:7"
                                }
                              ],
                              "functionName": {
                                "name": "abi_encode_t_string_memory_ptr_to_t_string_memory_ptr_fromStack",
                                "nativeSrc": "1151:63:7",
                                "nodeType": "YulIdentifier",
                                "src": "1151:63:7"
                              },
                              "nativeSrc": "1151:78:7",
                              "nodeType": "YulFunctionCall",
                              "src": "1151:78:7"
                            },
                            "variableNames": [
                              {
                                "name": "tail",
                                "nativeSrc": "1143:4:7",
                                "nodeType": "YulIdentifier",
                                "src": "1143:4:7"
                              }
                            ]
                          }
                        ]
                      },
                      "name": "abi_encode_tuple_t_string_memory_ptr__to_t_string_memory_ptr__fromStack_reversed",
                      "nativeSrc": "923:313:7",
                      "nodeType": "YulFunctionDefinition",
                      "parameters": [
                        {
                          "name": "headStart",
                          "nativeSrc": "1013:9:7",
                          "nodeType": "YulTypedName",
                          "src": "1013:9:7",
                          "type": ""
                        },
                        {
                          "name": "value0",
                          "nativeSrc": "1025:6:7",
                          "nodeType": "YulTypedName",
                          "src": "1025:6:7",
                          "type": ""
                        }
                      ],
                      "returnVariables": [
                        {
                          "name": "tail",
                          "nativeSrc": "1036:4:7",
                          "nodeType": "YulTypedName",
                          "src": "1036:4:7",
                          "type": ""
                        }
                      ],
                      "src": "923:313:7"
                    },
                    {
                      "body": {
                        "nativeSrc": "1282:35:7",
                        "nodeType": "YulBlock",
                        "src": "1282:35:7",
                        "statements": [
                          {
                            "nativeSrc": "1292:19:7",
                            "nodeType": "YulAssignment",
                            "src": "1292:19:7",
                            "value": {
                              "arguments": [
                                {
                                  "kind": "number",
                                  "nativeSrc": "1308:2:7",
                                  "nodeType": "YulLiteral",
                                  "src": "1308:2:7",
                                  "type": "",
                                  "value": "64"
                                }
                              ],
                              "functionName": {
                                "name": "mload",
                                "nativeSrc": "1302:5:7",
                                "nodeType": "YulIdentifier",
                                "src": "1302:5:7"
                              },
                              "nativeSrc": "1302:9:7",
                              "nodeType": "YulFunctionCall",
                              "src": "1302:9:7"
                            },
                            "variableNames": [
                              {
                                "name": "memPtr",
                                "nativeSrc": "1292:6:7",
                                "nodeType": "YulIdentifier",
                                "src": "1292:6:7"
                              }
                            ]
                          }
                        ]
                      },
                      "name": "allocate_unbounded",
                      "nativeSrc": "1242:75:7",
                      "nodeType": "YulFunctionDefinition",
                      "returnVariables": [
                        {
                          "name": "memPtr",
                          "nativeSrc": "1275:6:7",
                          "nodeType": "YulTypedName",
                          "src": "1275:6:7",
                          "type": ""
                        }
                      ],
                      "src": "1242:75:7"
                    },
                    {
                      "body": {
                        "nativeSrc": "1412:28:7",
                        "nodeType": "YulBlock",
                        "src": "1412:28:7",
                        "statements": [
                          {
                            "expression": {
                              "arguments": [
                                {
                                  "kind": "number",
                                  "nativeSrc": "1429:1:7",
                                  "nodeType": "YulLiteral",
                                  "src": "1429:1:7",
                                  "type": "",
                                  "value": "0"
                                },
                                {
                                  "kind": "number",
                                  "nativeSrc": "1432:1:7",
                                  "nodeType": "YulLiteral",
                                  "src": "1432:1:7",
                                  "type": "",
                                  "value": "0"
                                }
                              ],
                              "functionName": {
                                "name": "revert",
                                "nativeSrc": "1422:6:7",
                                "nodeType": "YulIdentifier",
                                "src": "1422:6:7"
                              },
                              "nativeSrc": "1422:12:7",
                              "nodeType": "YulFunctionCall",
                              "src": "1422:12:7"
                            },
                            "nativeSrc": "1422:12:7",
                            "nodeType": "YulExpressionStatement",
                            "src": "1422:12:7"
                          }
                        ]
                      },
                      "name": "revert_error_dbdddcbe895c83990c08b3492a0e83918d802a52331272ac6fdb6a7c4aea3b1b",
                      "nativeSrc": "1323:117:7",
                      "nodeType": "YulFunctionDefinition",
                      "src": "1323:117:7"
                    },
                    {
                      "body": {
                        "nativeSrc": "1535:28:7",
                        "nodeType": "YulBlock",
                        "src": "1535:28:7",
                        "statements": [
                          {
                            "expression": {
                              "arguments": [
                                {
                                  "kind": "number",
                                  "nativeSrc": "1552:1:7",
                                  "nodeType": "YulLiteral",
                                  "src": "1552:1:7",
                                  "type": "",
                                  "value": "0"
                                },
                                {
                                  "kind": "number",
                                  "nativeSrc": "1555:1:7",
                                  "nodeType": "YulLiteral",
                                  "src": "1555:1:7",
                                  "type": "",
                                  "value": "0"
                                }
                              ],
                              "functionName": {
                                "name": "revert",
                                "nativeSrc": "1545:6:7",
                                "nodeType": "YulIdentifier",
                                "src": "1545:6:7"
                              },
                              "nativeSrc": "1545:12:7",
                              "nodeType": "YulFunctionCall",
                              "src": "1545:12:7"
                            },
                            "nativeSrc": "1545:12:7",
                            "nodeType": "YulExpressionStatement",
                            "src": "1545:12:7"
                          }
                        ]
                      },
                      "name": "revert_error_c1322bf8034eace5e0b5c7295db60986aa89aae5e0ea0873e4689e076861a5db",
                      "nativeSrc": "1446:117:7",
                      "nodeType": "YulFunctionDefinition",
                      "src": "1446:117:7"
                    },
                    {
                      "body": {
                        "nativeSrc": "1614:81:7",
                        "nodeType": "YulBlock",
                        "src": "1614:81:7",
                        "statements": [
                          {
                            "nativeSrc": "1624:65:7",
                            "nodeType": "YulAssignment",
                            "src": "1624:65:7",
                            "value": {
                              "arguments": [
                                {
                                  "name": "value",
                                  "nativeSrc": "1639:5:7",
                                  "nodeType": "YulIdentifier",
                                  "src": "1639:5:7"
                                },
                                {
                                  "kind": "number",
                                  "nativeSrc": "1646:42:7",
                                  "nodeType": "YulLiteral",
                                  "src": "1646:42:7",
                                  "type": "",
                                  "value": "0xffffffffffffffffffffffffffffffffffffffff"
                                }
                              ],
                              "functionName": {
                                "name": "and",
                                "nativeSrc": "1635:3:7",
                                "nodeType": "YulIdentifier",
                                "src": "1635:3:7"
                              },
                              "nativeSrc": "1635:54:7",
                              "nodeType": "YulFunctionCall",
                              "src": "1635:54:7"
                            },
                            "variableNames": [
                              {
                                "name": "cleaned",
                                "nativeSrc": "1624:7:7",
                                "nodeType": "YulIdentifier",
                                "src": "1624:7:7"
                              }
                            ]
                          }
                        ]
                      },
                      "name": "cleanup_t_uint160",
                      "nativeSrc": "1569:126:7",
                      "nodeType": "YulFunctionDefinition",
                      "parameters": [
                        {
                          "name": "value",
                          "nativeSrc": "1596:5:7",
                          "nodeType": "YulTypedName",
                          "src": "1596:5:7",
                          "type": ""
                        }
                      ],
                      "returnVariables": [
                        {
                          "name": "cleaned",
                          "nativeSrc": "1606:7:7",
                          "nodeType": "YulTypedName",
                          "src": "1606:7:7",
                          "type": ""
                        }
                      ],
                      "src": "1569:126:7"
                    },
                    {
                      "body": {
                        "nativeSrc": "1746:51:7",
                        "nodeType": "YulBlock",
                        "src": "1746:51:7",
                        "statements": [
                          {
                            "nativeSrc": "1756:35:7",
                            "nodeType": "YulAssignment",
                            "src": "1756:35:7",
                            "value": {
                              "arguments": [
                                {
                                  "name": "value",
                                  "nativeSrc": "1785:5:7",
                                  "nodeType": "YulIdentifier",
                                  "src": "1785:5:7"
                                }
                              ],
                              "functionName": {
                                "name": "cleanup_t_uint160",
                                "nativeSrc": "1767:17:7",
                                "nodeType": "YulIdentifier",
                                "src": "1767:17:7"
                              },
                              "nativeSrc": "1767:24:7",
                              "nodeType": "YulFunctionCall",
                              "src": "1767:24:7"
                            },
                            "variableNames": [
                              {
                                "name": "cleaned",
                                "nativeSrc": "1756:7:7",
                                "nodeType": "YulIdentifier",
                                "src": "1756:7:7"
                              }
                            ]
                          }
                        ]
                      },
                      "name": "cleanup_t_address",
                      "nativeSrc": "1701:96:7",
                      "nodeType": "YulFunctionDefinition",
                      "parameters": [
                        {
                          "name": "value",
                          "nativeSrc": "1728:5:7",
                          "nodeType": "YulTypedName",
                          "src": "1728:5:7",
                          "type": ""
                        }
                      ],
                      "returnVariables": [
                        {
                          "name": "cleaned",
                          "nativeSrc": "1738:7:7",
                          "nodeType": "YulTypedName",
                          "src": "1738:7:7",
                          "type": ""
                        }
                      ],
                      "src": "1701:96:7"
                    },
                    {
                      "body": {
                        "nativeSrc": "1846:79:7",
                        "nodeType": "YulBlock",
                        "src": "1846:79:7",
                        "statements": [
                          {
                            "body": {
                              "nativeSrc": "1903:16:7",
                              "nodeType": "YulBlock",
                              "src": "1903:16:7",
                              "statements": [
                                {
                                  "expression": {
                                    "arguments": [
                                      {
                                        "kind": "number",
                                        "nativeSrc": "1912:1:7",
                                        "nodeType": "YulLiteral",
                                        "src": "1912:1:7",
                                        "type": "",
                                        "value": "0"
                                      },
                                      {
                                        "kind": "number",
                                        "nativeSrc": "1915:1:7",
                                        "nodeType": "YulLiteral",
                                        "src": "1915:1:7",
                                        "type": "",
                                        "value": "0"
                                      }
                                    ],
                                    "functionName": {
                                      "name": "revert",
                                      "nativeSrc": "1905:6:7",
                                      "nodeType": "YulIdentifier",
                                      "src": "1905:6:7"
                                    },
                                    "nativeSrc": "1905:12:7",
                                    "nodeType": "YulFunctionCall",
                                    "src": "1905:12:7"
                                  },
                                  "nativeSrc": "1905:12:7",
                                  "nodeType": "YulExpressionStatement",
                                  "src": "1905:12:7"
                                }
                              ]
                            },
                            "condition": {
                              "arguments": [
                                {
                                  "arguments": [
                                    {
                                      "name": "value",
                                      "nativeSrc": "1869:5:7",
                                      "nodeType": "YulIdentifier",
                                      "src": "1869:5:7"
                                    },
                                    {
                                      "arguments": [
                                        {
                                          "name": "value",
                                          "nativeSrc": "1894:5:7",
                                          "nodeType": "YulIdentifier",
                                          "src": "1894:5:7"
                                        }
                                      ],
                                      "functionName": {
                                        "name": "cleanup_t_address",
                                        "nativeSrc": "1876:17:7",
                                        "nodeType": "YulIdentifier",
                                        "src": "1876:17:7"
                                      },
                                      "nativeSrc": "1876:24:7",
                                      "nodeType": "YulFunctionCall",
                                      "src": "1876:24:7"
                                    }
                                  ],
                                  "functionName": {
                                    "name": "eq",
                                    "nativeSrc": "1866:2:7",
                                    "nodeType": "YulIdentifier",
                                    "src": "1866:2:7"
                                  },
                                  "nativeSrc": "1866:35:7",
                                  "nodeType": "YulFunctionCall",
                                  "src": "1866:35:7"
                                }
                              ],
                              "functionName": {
                                "name": "iszero",
                                "nativeSrc": "1859:6:7",
                                "nodeType": "YulIdentifier",
                                "src": "1859:6:7"
                              },
                              "nativeSrc": "1859:43:7",
                              "nodeType": "YulFunctionCall",
                              "src": "1859:43:7"
                            },
                            "nativeSrc": "1856:63:7",
                            "nodeType": "YulIf",
                            "src": "1856:63:7"
                          }
                        ]
                      },
                      "name": "validator_revert_t_address",
                      "nativeSrc": "1803:122:7",
                      "nodeType": "YulFunctionDefinition",
                      "parameters": [
                        {
                          "name": "value",
                          "nativeSrc": "1839:5:7",
                          "nodeType": "YulTypedName",
                          "src": "1839:5:7",
                          "type": ""
                        }
                      ],
                      "src": "1803:122:7"
                    },
                    {
                      "body": {
                        "nativeSrc": "1983:87:7",
                        "nodeType": "YulBlock",
                        "src": "1983:87:7",
                        "statements": [
                          {
                            "nativeSrc": "1993:29:7",
                            "nodeType": "YulAssignment",
                            "src": "1993:29:7",
                            "value": {
                              "arguments": [
                                {
                                  "name": "offset",
                                  "nativeSrc": "2015:6:7",
                                  "nodeType": "YulIdentifier",
                                  "src": "2015:6:7"
                                }
                              ],
                              "functionName": {
                                "name": "calldataload",
                                "nativeSrc": "2002:12:7",
                                "nodeType": "YulIdentifier",
                                "src": "2002:12:7"
                              },
                              "nativeSrc": "2002:20:7",
                              "nodeType": "YulFunctionCall",
                              "src": "2002:20:7"
                            },
                            "variableNames": [
                              {
                                "name": "value",
                                "nativeSrc": "1993:5:7",
                                "nodeType": "YulIdentifier",
                                "src": "1993:5:7"
                              }
                            ]
                          },
                          {
                            "expression": {
                              "arguments": [
                                {
                                  "name": "value",
                                  "nativeSrc": "2058:5:7",
                                  "nodeType": "YulIdentifier",
                                  "src": "2058:5:7"
                                }
                              ],
                              "functionName": {
                                "name": "validator_revert_t_address",
                                "nativeSrc": "2031:26:7",
                                "nodeType": "YulIdentifier",
                                "src": "2031:26:7"
                              },
                              "nativeSrc": "2031:33:7",
                              "nodeType": "YulFunctionCall",
                              "src": "2031:33:7"
                            },
                            "nativeSrc": "2031:33:7",
                            "nodeType": "YulExpressionStatement",
                            "src": "2031:33:7"
                          }
                        ]
                      },
                      "name": "abi_decode_t_address",
                      "nativeSrc": "1931:139:7",
                      "nodeType": "YulFunctionDefinition",
                      "parameters": [
                        {
                          "name": "offset",
                          "nativeSrc": "1961:6:7",
                          "nodeType": "YulTypedName",
                          "src": "1961:6:7",
                          "type": ""
                        },
                        {
                          "name": "end",
                          "nativeSrc": "1969:3:7",
                          "nodeType": "YulTypedName",
                          "src": "1969:3:7",
                          "type": ""
                        }
                      ],
                      "returnVariables": [
                        {
                          "name": "value",
                          "nativeSrc": "1977:5:7",
                          "nodeType": "YulTypedName",
                          "src": "1977:5:7",
                          "type": ""
                        }
                      ],
                      "src": "1931:139:7"
                    },
                    {
                      "body": {
                        "nativeSrc": "2121:32:7",
                        "nodeType": "YulBlock",
                        "src": "2121:32:7",
                        "statements": [
                          {
                            "nativeSrc": "2131:16:7",
                            "nodeType": "YulAssignment",
                            "src": "2131:16:7",
                            "value": {
                              "name": "value",
                              "nativeSrc": "2142:5:7",
                              "nodeType": "YulIdentifier",
                              "src": "2142:5:7"
                            },
                            "variableNames": [
                              {
                                "name": "cleaned",
                                "nativeSrc": "2131:7:7",
                                "nodeType": "YulIdentifier",
                                "src": "2131:7:7"
                              }
                            ]
                          }
                        ]
                      },
                      "name": "cleanup_t_uint256",
                      "nativeSrc": "2076:77:7",
                      "nodeType": "YulFunctionDefinition",
                      "parameters": [
                        {
                          "name": "value",
                          "nativeSrc": "2103:5:7",
                          "nodeType": "YulTypedName",
                          "src": "2103:5:7",
                          "type": ""
                        }
                      ],
                      "returnVariables": [
                        {
                          "name": "cleaned",
                          "nativeSrc": "2113:7:7",
                          "nodeType": "YulTypedName",
                          "src": "2113:7:7",
                          "type": ""
                        }
                      ],
                      "src": "2076:77:7"
                    },
                    {
                      "body": {
                        "nativeSrc": "2202:79:7",
                        "nodeType": "YulBlock",
                        "src": "2202:79:7",
                        "statements": [
                          {
                            "body": {
                              "nativeSrc": "2259:16:7",
                              "nodeType": "YulBlock",
                              "src": "2259:16:7",
                              "statements": [
                                {
                                  "expression": {
                                    "arguments": [
                                      {
                                        "kind": "number",
                                        "nativeSrc": "2268:1:7",
                                        "nodeType": "YulLiteral",
                                        "src": "2268:1:7",
                                        "type": "",
                                        "value": "0"
                                      },
                                      {
                                        "kind": "number",
                                        "nativeSrc": "2271:1:7",
                                        "nodeType": "YulLiteral",
                                        "src": "2271:1:7",
                                        "type": "",
                                        "value": "0"
                                      }
                                    ],
                                    "functionName": {
                                      "name": "revert",
                                      "nativeSrc": "2261:6:7",
                                      "nodeType": "YulIdentifier",
                                      "src": "2261:6:7"
                                    },
                                    "nativeSrc": "2261:12:7",
                                    "nodeType": "YulFunctionCall",
                                    "src": "2261:12:7"
                                  },
                                  "nativeSrc": "2261:12:7",
                                  "nodeType": "YulExpressionStatement",
                                  "src": "2261:12:7"
                                }
                              ]
                            },
                            "condition": {
                              "arguments": [
                                {
                                  "arguments": [
                                    {
                                      "name": "value",
                                      "nativeSrc": "2225:5:7",
                                      "nodeType": "YulIdentifier",
                                      "src": "2225:5:7"
                                    },
                                    {
                                      "arguments": [
                                        {
                                          "name": "value",
                                          "nativeSrc": "2250:5:7",
                                          "nodeType": "YulIdentifier",
                                          "src": "2250:5:7"
                                        }
                                      ],
                                      "functionName": {
                                        "name": "cleanup_t_uint256",
                                        "nativeSrc": "2232:17:7",
                                        "nodeType": "YulIdentifier",
                                        "src": "2232:17:7"
                                      },
                                      "nativeSrc": "2232:24:7",
                                      "nodeType": "YulFunctionCall",
                                      "src": "2232:24:7"
                                    }
                                  ],
                                  "functionName": {
                                    "name": "eq",
                                    "nativeSrc": "2222:2:7",
                                    "nodeType": "YulIdentifier",
                                    "src": "2222:2:7"
                                  },
                                  "nativeSrc": "2222:35:7",
                                  "nodeType": "YulFunctionCall",
                                  "src": "2222:35:7"
                                }
                              ],
                              "functionName": {
                                "name": "iszero",
                                "nativeSrc": "2215:6:7",
                                "nodeType": "YulIdentifier",
                                "src": "2215:6:7"
                              },
                              "nativeSrc": "2215:43:7",
                              "nodeType": "YulFunctionCall",
                              "src": "2215:43:7"
                            },
                            "nativeSrc": "2212:63:7",
                            "nodeType": "YulIf",
                            "src": "2212:63:7"
                          }
                        ]
                      },
                      "name": "validator_revert_t_uint256",
                      "nativeSrc": "2159:122:7",
                      "nodeType": "YulFunctionDefinition",
                      "parameters": [
                        {
                          "name": "value",
                          "nativeSrc": "2195:5:7",
                          "nodeType": "YulTypedName",
                          "src": "2195:5:7",
                          "type": ""
                        }
                      ],
                      "src": "2159:122:7"
                    },
                    {
                      "body": {
                        "nativeSrc": "2339:87:7",
                        "nodeType": "YulBlock",
                        "src": "2339:87:7",
                        "statements": [
                          {
                            "nativeSrc": "2349:29:7",
                            "nodeType": "YulAssignment",
                            "src": "2349:29:7",
                            "value": {
                              "arguments": [
                                {
                                  "name": "offset",
                                  "nativeSrc": "2371:6:7",
                                  "nodeType": "YulIdentifier",
                                  "src": "2371:6:7"
                                }
                              ],
                              "functionName": {
                                "name": "calldataload",
                                "nativeSrc": "2358:12:7",
                                "nodeType": "YulIdentifier",
                                "src": "2358:12:7"
                              },
                              "nativeSrc": "2358:20:7",
                              "nodeType": "YulFunctionCall",
                              "src": "2358:20:7"
                            },
                            "variableNames": [
                              {
                                "name": "value",
                                "nativeSrc": "2349:5:7",
                                "nodeType": "YulIdentifier",
                                "src": "2349:5:7"
                              }
                            ]
                          },
                          {
                            "expression": {
                              "arguments": [
                                {
                                  "name": "value",
                                  "nativeSrc": "2414:5:7",
                                  "nodeType": "YulIdentifier",
                                  "src": "2414:5:7"
                                }
                              ],
                              "functionName": {
                                "name": "validator_revert_t_uint256",
                                "nativeSrc": "2387:26:7",
                                "nodeType": "YulIdentifier",
                                "src": "2387:26:7"
                              },
                              "nativeSrc": "2387:33:7",
                              "nodeType": "YulFunctionCall",
                              "src": "2387:33:7"
                            },
                            "nativeSrc": "2387:33:7",
                            "nodeType": "YulExpressionStatement",
                            "src": "2387:33:7"
                          }
                        ]
                      },
                      "name": "abi_decode_t_uint256",
                      "nativeSrc": "2287:139:7",
                      "nodeType": "YulFunctionDefinition",
                      "parameters": [
                        {
                          "name": "offset",
                          "nativeSrc": "2317:6:7",
                          "nodeType": "YulTypedName",
                          "src": "2317:6:7",
                          "type": ""
                        },
                        {
                          "name": "end",
                          "nativeSrc": "2325:3:7",
                          "nodeType": "YulTypedName",
                          "src": "2325:3:7",
                          "type": ""
                        }
                      ],
                      "returnVariables": [
                        {
                          "name": "value",
                          "nativeSrc": "2333:5:7",
                          "nodeType": "YulTypedName",
                          "src": "2333:5:7",
                          "type": ""
                        }
                      ],
                      "src": "2287:139:7"
                    },
                    {
                      "body": {
                        "nativeSrc": "2515:391:7",
                        "nodeType": "YulBlock",
                        "src": "2515:391:7",
                        "statements": [
                          {
                            "body": {
                              "nativeSrc": "2561:83:7",
                              "nodeType": "YulBlock",
                              "src": "2561:83:7",
                              "statements": [
                                {
                                  "expression": {
                                    "arguments": [],
                                    "functionName": {
                                      "name": "revert_error_dbdddcbe895c83990c08b3492a0e83918d802a52331272ac6fdb6a7c4aea3b1b",
                                      "nativeSrc": "2563:77:7",
                                      "nodeType": "YulIdentifier",
                                      "src": "2563:77:7"
                                    },
                                    "nativeSrc": "2563:79:7",
                                    "nodeType": "YulFunctionCall",
                                    "src": "2563:79:7"
                                  },
                                  "nativeSrc": "2563:79:7",
                                  "nodeType": "YulExpressionStatement",
                                  "src": "2563:79:7"
                                }
                              ]
                            },
                            "condition": {
                              "arguments": [
                                {
                                  "arguments": [
                                    {
                                      "name": "dataEnd",
                                      "nativeSrc": "2536:7:7",
                                      "nodeType": "YulIdentifier",
                                      "src": "2536:7:7"
                                    },
                                    {
                                      "name": "headStart",
                                      "nativeSrc": "2545:9:7",
                                      "nodeType": "YulIdentifier",
                                      "src": "2545:9:7"
                                    }
                                  ],
                                  "functionName": {
                                    "name": "sub",
                                    "nativeSrc": "2532:3:7",
                                    "nodeType": "YulIdentifier",
                                    "src": "2532:3:7"
                                  },
                                  "nativeSrc": "2532:23:7",
                                  "nodeType": "YulFunctionCall",
                                  "src": "2532:23:7"
                                },
                                {
                                  "kind": "number",
                                  "nativeSrc": "2557:2:7",
                                  "nodeType": "YulLiteral",
                                  "src": "2557:2:7",
                                  "type": "",
                                  "value": "64"
                                }
                              ],
                              "functionName": {
                                "name": "slt",
                                "nativeSrc": "2528:3:7",
                                "nodeType": "YulIdentifier",
                                "src": "2528:3:7"
                              },
                              "nativeSrc": "2528:32:7",
                              "nodeType": "YulFunctionCall",
                              "src": "2528:32:7"
                            },
                            "nativeSrc": "2525:119:7",
                            "nodeType": "YulIf",
                            "src": "2525:119:7"
                          },
                          {
                            "nativeSrc": "2654:117:7",
                            "nodeType": "YulBlock",
                            "src": "2654:117:7",
                            "statements": [
                              {
                                "nativeSrc": "2669:15:7",
                                "nodeType": "YulVariableDeclaration",
                                "src": "2669:15:7",
                                "value": {
                                  "kind": "number",
                                  "nativeSrc": "2683:1:7",
                                  "nodeType": "YulLiteral",
                                  "src": "2683:1:7",
                                  "type": "",
                                  "value": "0"
                                },
                                "variables": [
                                  {
                                    "name": "offset",
                                    "nativeSrc": "2673:6:7",
                                    "nodeType": "YulTypedName",
                                    "src": "2673:6:7",
                                    "type": ""
                                  }
                                ]
                              },
                              {
                                "nativeSrc": "2698:63:7",
                                "nodeType": "YulAssignment",
                                "src": "2698:63:7",
                                "value": {
                                  "arguments": [
                                    {
                                      "arguments": [
                                        {
                                          "name": "headStart",
                                          "nativeSrc": "2733:9:7",
                                          "nodeType": "YulIdentifier",
                                          "src": "2733:9:7"
                                        },
                                        {
                                          "name": "offset",
                                          "nativeSrc": "2744:6:7",
                                          "nodeType": "YulIdentifier",
                                          "src": "2744:6:7"
                                        }
                                      ],
                                      "functionName": {
                                        "name": "add",
                                        "nativeSrc": "2729:3:7",
                                        "nodeType": "YulIdentifier",
                                        "src": "2729:3:7"
                                      },
                                      "nativeSrc": "2729:22:7",
                                      "nodeType": "YulFunctionCall",
                                      "src": "2729:22:7"
                                    },
                                    {
                                      "name": "dataEnd",
                                      "nativeSrc": "2753:7:7",
                                      "nodeType": "YulIdentifier",
                                      "src": "2753:7:7"
                                    }
                                  ],
                                  "functionName": {
                                    "name": "abi_decode_t_address",
                                    "nativeSrc": "2708:20:7",
                                    "nodeType": "YulIdentifier",
                                    "src": "2708:20:7"
                                  },
                                  "nativeSrc": "2708:53:7",
                                  "nodeType": "YulFunctionCall",
                                  "src": "2708:53:7"
                                },
                                "variableNames": [
                                  {
                                    "name": "value0",
                                    "nativeSrc": "2698:6:7",
                                    "nodeType": "YulIdentifier",
                                    "src": "2698:6:7"
                                  }
                                ]
                              }
                            ]
                          },
                          {
                            "nativeSrc": "2781:118:7",
                            "nodeType": "YulBlock",
                            "src": "2781:118:7",
                            "statements": [
                              {
                                "nativeSrc": "2796:16:7",
                                "nodeType": "YulVariableDeclaration",
                                "src": "2796:16:7",
                                "value": {
                                  "kind": "number",
                                  "nativeSrc": "2810:2:7",
                                  "nodeType": "YulLiteral",
                                  "src": "2810:2:7",
                                  "type": "",
                                  "value": "32"
                                },
                                "variables": [
                                  {
                                    "name": "offset",
                                    "nativeSrc": "2800:6:7",
                                    "nodeType": "YulTypedName",
                                    "src": "2800:6:7",
                                    "type": ""
                                  }
                                ]
                              },
                              {
                                "nativeSrc": "2826:63:7",
                                "nodeType": "YulAssignment",
                                "src": "2826:63:7",
                                "value": {
                                  "arguments": [
                                    {
                                      "arguments": [
                                        {
                                          "name": "headStart",
                                          "nativeSrc": "2861:9:7",
                                          "nodeType": "YulIdentifier",
                                          "src": "2861:9:7"
                                        },
                                        {
                                          "name": "offset",
                                          "nativeSrc": "2872:6:7",
                                          "nodeType": "YulIdentifier",
                                          "src": "2872:6:7"
                                        }
                                      ],
                                      "functionName": {
                                        "name": "add",
                                        "nativeSrc": "2857:3:7",
                                        "nodeType": "YulIdentifier",
                                        "src": "2857:3:7"
                                      },
                                      "nativeSrc": "2857:22:7",
                                      "nodeType": "YulFunctionCall",
                                      "src": "2857:22:7"
                                    },
                                    {
                                      "name": "dataEnd",
                                      "nativeSrc": "2881:7:7",
                                      "nodeType": "YulIdentifier",
                                      "src": "2881:7:7"
                                    }
                                  ],
                                  "functionName": {
                                    "name": "abi_decode_t_uint256",
                                    "nativeSrc": "2836:20:7",
                                    "nodeType": "YulIdentifier",
                                    "src": "2836:20:7"
                                  },
                                  "nativeSrc": "2836:53:7",
                                  "nodeType": "YulFunctionCall",
                                  "src": "2836:53:7"
                                },
                                "variableNames": [
                                  {
                                    "name": "value1",
                                    "nativeSrc": "2826:6:7",
                                    "nodeType": "YulIdentifier",
                                    "src": "2826:6:7"
                                  }
                                ]
                              }
                            ]
                          }
                        ]
                      },
                      "name": "abi_decode_tuple_t_addresst_uint256",
                      "nativeSrc": "2432:474:7",
                      "nodeType": "YulFunctionDefinition",
                      "parameters": [
                        {
                          "name": "headStart",
                          "nativeSrc": "2477:9:7",
                          "nodeType": "YulTypedName",
                          "src": "2477:9:7",
                          "type": ""
                        },
                        {
                          "name": "dataEnd",
                          "nativeSrc": "2488:7:7",
                          "nodeType": "YulTypedName",
                          "src": "2488:7:7",
                          "type": ""
                        }
                      ],
                      "returnVariables": [
                        {
                          "name": "value0",
                          "nativeSrc": "2500:6:7",
                          "nodeType": "YulTypedName",
                          "src": "2500:6:7",
                          "type": ""
                        },
                        {
                          "name": "value1",
                          "nativeSrc": "2508:6:7",
                          "nodeType": "YulTypedName",
                          "src": "2508:6:7",
                          "type": ""
                        }
                      ],
                      "src": "2432:474:7"
                    },
                    {
                      "body": {
                        "nativeSrc": "2954:48:7",
                        "nodeType": "YulBlock",
                        "src": "2954:48:7",
                        "statements": [
                          {
                            "nativeSrc": "2964:32:7",
                            "nodeType": "YulAssignment",
                            "src": "2964:32:7",
                            "value": {
                              "arguments": [
                                {
                                  "arguments": [
                                    {
                                      "name": "value",
                                      "nativeSrc": "2989:5:7",
                                      "nodeType": "YulIdentifier",
                                      "src": "2989:5:7"
                                    }
                                  ],
                                  "functionName": {
                                    "name": "iszero",
                                    "nativeSrc": "2982:6:7",
                                    "nodeType": "YulIdentifier",
                                    "src": "2982:6:7"
                                  },
                                  "nativeSrc": "2982:13:7",
                                  "nodeType": "YulFunctionCall",
                                  "src": "2982:13:7"
                                }
                              ],
                              "functionName": {
                                "name": "iszero",
                                "nativeSrc": "2975:6:7",
                                "nodeType": "YulIdentifier",
                                "src": "2975:6:7"
                              },
                              "nativeSrc": "2975:21:7",
                              "nodeType": "YulFunctionCall",
                              "src": "2975:21:7"
                            },
                            "variableNames": [
                              {
                                "name": "cleaned",
                                "nativeSrc": "2964:7:7",
                                "nodeType": "YulIdentifier",
                                "src": "2964:7:7"
                              }
                            ]
                          }
                        ]
                      },
                      "name": "cleanup_t_bool",
                      "nativeSrc": "2912:90:7",
                      "nodeType": "YulFunctionDefinition",
                      "parameters": [
                        {
                          "name": "value",
                          "nativeSrc": "2936:5:7",
                          "nodeType": "YulTypedName",
                          "src": "2936:5:7",
                          "type": ""
                        }
                      ],
                      "returnVariables": [
                        {
                          "name": "cleaned",
                          "nativeSrc": "2946:7:7",
                          "nodeType": "YulTypedName",
                          "src": "2946:7:7",
                          "type": ""
                        }
                      ],
                      "src": "2912:90:7"
                    },
                    {
                      "body": {
                        "nativeSrc": "3067:50:7",
                        "nodeType": "YulBlock",
                        "src": "3067:50:7",
                        "statements": [
                          {
                            "expression": {
                              "arguments": [
                                {
                                  "name": "pos",
                                  "nativeSrc": "3084:3:7",
                                  "nodeType": "YulIdentifier",
                                  "src": "3084:3:7"
                                },
                                {
                                  "arguments": [
                                    {
                                      "name": "value",
                                      "nativeSrc": "3104:5:7",
                                      "nodeType": "YulIdentifier",
                                      "src": "3104:5:7"
                                    }
                                  ],
                                  "functionName": {
                                    "name": "cleanup_t_bool",
                                    "nativeSrc": "3089:14:7",
                                    "nodeType": "YulIdentifier",
                                    "src": "3089:14:7"
                                  },
                                  "nativeSrc": "3089:21:7",
                                  "nodeType": "YulFunctionCall",
                                  "src": "3089:21:7"
                                }
                              ],
                              "functionName": {
                                "name": "mstore",
                                "nativeSrc": "3077:6:7",
                                "nodeType": "YulIdentifier",
                                "src": "3077:6:7"
                              },
                              "nativeSrc": "3077:34:7",
                              "nodeType": "YulFunctionCall",
                              "src": "3077:34:7"
                            },
                            "nativeSrc": "3077:34:7",
                            "nodeType": "YulExpressionStatement",
                            "src": "3077:34:7"
                          }
                        ]
                      },
                      "name": "abi_encode_t_bool_to_t_bool_fromStack",
                      "nativeSrc": "3008:109:7",
                      "nodeType": "YulFunctionDefinition",
                      "parameters": [
                        {
                          "name": "value",
                          "nativeSrc": "3055:5:7",
                          "nodeType": "YulTypedName",
                          "src": "3055:5:7",
                          "type": ""
                        },
                        {
                          "name": "pos",
                          "nativeSrc": "3062:3:7",
                          "nodeType": "YulTypedName",
                          "src": "3062:3:7",
                          "type": ""
                        }
                      ],
                      "src": "3008:109:7"
                    },
                    {
                      "body": {
                        "nativeSrc": "3215:118:7",
                        "nodeType": "YulBlock",
                        "src": "3215:118:7",
                        "statements": [
                          {
                            "nativeSrc": "3225:26:7",
                            "nodeType": "YulAssignment",
                            "src": "3225:26:7",
                            "value": {
                              "arguments": [
                                {
                                  "name": "headStart",
                                  "nativeSrc": "3237:9:7",
                                  "nodeType": "YulIdentifier",
                                  "src": "3237:9:7"
                                },
                                {
                                  "kind": "number",
                                  "nativeSrc": "3248:2:7",
                                  "nodeType": "YulLiteral",
                                  "src": "3248:2:7",
                                  "type": "",
                                  "value": "32"
                                }
                              ],
                              "functionName": {
                                "name": "add",
                                "nativeSrc": "3233:3:7",
                                "nodeType": "YulIdentifier",
                                "src": "3233:3:7"
                              },
                              "nativeSrc": "3233:18:7",
                              "nodeType": "YulFunctionCall",
                              "src": "3233:18:7"
                            },
                            "variableNames": [
                              {
                                "name": "tail",
                                "nativeSrc": "3225:4:7",
                                "nodeType": "YulIdentifier",
                                "src": "3225:4:7"
                              }
                            ]
                          },
                          {
                            "expression": {
                              "arguments": [
                                {
                                  "name": "value0",
                                  "nativeSrc": "3299:6:7",
                                  "nodeType": "YulIdentifier",
                                  "src": "3299:6:7"
                                },
                                {
                                  "arguments": [
                                    {
                                      "name": "headStart",
                                      "nativeSrc": "3312:9:7",
                                      "nodeType": "YulIdentifier",
                                      "src": "3312:9:7"
                                    },
                                    {
                                      "kind": "number",
                                      "nativeSrc": "3323:1:7",
                                      "nodeType": "YulLiteral",
                                      "src": "3323:1:7",
                                      "type": "",
                                      "value": "0"
                                    }
                                  ],
                                  "functionName": {
                                    "name": "add",
                                    "nativeSrc": "3308:3:7",
                                    "nodeType": "YulIdentifier",
                                    "src": "3308:3:7"
                                  },
                                  "nativeSrc": "3308:17:7",
                                  "nodeType": "YulFunctionCall",
                                  "src": "3308:17:7"
                                }
                              ],
                              "functionName": {
                                "name": "abi_encode_t_bool_to_t_bool_fromStack",
                                "nativeSrc": "3261:37:7",
                                "nodeType": "YulIdentifier",
                                "src": "3261:37:7"
                              },
                              "nativeSrc": "3261:65:7",
                              "nodeType": "YulFunctionCall",
                              "src": "3261:65:7"
                            },
                            "nativeSrc": "3261:65:7",
                            "nodeType": "YulExpressionStatement",
                            "src": "3261:65:7"
                          }
                        ]
                      },
                      "name": "abi_encode_tuple_t_bool__to_t_bool__fromStack_reversed",
                      "nativeSrc": "3123:210:7",
                      "nodeType": "YulFunctionDefinition",
                      "parameters": [
                        {
                          "name": "headStart",
                          "nativeSrc": "3187:9:7",
                          "nodeType": "YulTypedName",
                          "src": "3187:9:7",
                          "type": ""
                        },
                        {
                          "name": "value0",
                          "nativeSrc": "3199:6:7",
                          "nodeType": "YulTypedName",
                          "src": "3199:6:7",
                          "type": ""
                        }
                      ],
                      "returnVariables": [
                        {
                          "name": "tail",
                          "nativeSrc": "3210:4:7",
                          "nodeType": "YulTypedName",
                          "src": "3210:4:7",
                          "type": ""
                        }
                      ],
                      "src": "3123:210:7"
                    },
                    {
                      "body": {
                        "nativeSrc": "3404:53:7",
                        "nodeType": "YulBlock",
                        "src": "3404:53:7",
                        "statements": [
                          {
                            "expression": {
                              "arguments": [
                                {
                                  "name": "pos",
                                  "nativeSrc": "3421:3:7",
                                  "nodeType": "YulIdentifier",
                                  "src": "3421:3:7"
                                },
                                {
                                  "arguments": [
                                    {
                                      "name": "value",
                                      "nativeSrc": "3444:5:7",
                                      "nodeType": "YulIdentifier",
                                      "src": "3444:5:7"
                                    }
                                  ],
                                  "functionName": {
                                    "name": "cleanup_t_uint256",
                                    "nativeSrc": "3426:17:7",
                                    "nodeType": "YulIdentifier",
                                    "src": "3426:17:7"
                                  },
                                  "nativeSrc": "3426:24:7",
                                  "nodeType": "YulFunctionCall",
                                  "src": "3426:24:7"
                                }
                              ],
                              "functionName": {
                                "name": "mstore",
                                "nativeSrc": "3414:6:7",
                                "nodeType": "YulIdentifier",
                                "src": "3414:6:7"
                              },
                              "nativeSrc": "3414:37:7",
                              "nodeType": "YulFunctionCall",
                              "src": "3414:37:7"
                            },
                            "nativeSrc": "3414:37:7",
                            "nodeType": "YulExpressionStatement",
                            "src": "3414:37:7"
                          }
                        ]
                      },
                      "name": "abi_encode_t_uint256_to_t_uint256_fromStack",
                      "nativeSrc": "3339:118:7",
                      "nodeType": "YulFunctionDefinition",
                      "parameters": [
                        {
                          "name": "value",
                          "nativeSrc": "3392:5:7",
                          "nodeType": "YulTypedName",
                          "src": "3392:5:7",
                          "type": ""
                        },
                        {
                          "name": "pos",
                          "nativeSrc": "3399:3:7",
                          "nodeType": "YulTypedName",
                          "src": "3399:3:7",
                          "type": ""
                        }
                      ],
                      "src": "3339:118:7"
                    },
                    {
                      "body": {
                        "nativeSrc": "3561:124:7",
                        "nodeType": "YulBlock",
                        "src": "3561:124:7",
                        "statements": [
                          {
                            "nativeSrc": "3571:26:7",
                            "nodeType": "YulAssignment",
                            "src": "3571:26:7",
                            "value": {
                              "arguments": [
                                {
                                  "name": "headStart",
                                  "nativeSrc": "3583:9:7",
                                  "nodeType": "YulIdentifier",
                                  "src": "3583:9:7"
                                },
                                {
                                  "kind": "number",
                                  "nativeSrc": "3594:2:7",
                                  "nodeType": "YulLiteral",
                                  "src": "3594:2:7",
                                  "type": "",
                                  "value": "32"
                                }
                              ],
                              "functionName": {
                                "name": "add",
                                "nativeSrc": "3579:3:7",
                                "nodeType": "YulIdentifier",
                                "src": "3579:3:7"
                              },
                              "nativeSrc": "3579:18:7",
                              "nodeType": "YulFunctionCall",
                              "src": "3579:18:7"
                            },
                            "variableNames": [
                              {
                                "name": "tail",
                                "nativeSrc": "3571:4:7",
                                "nodeType": "YulIdentifier",
                                "src": "3571:4:7"
                              }
                            ]
                          },
                          {
                            "expression": {
                              "arguments": [
                                {
                                  "name": "value0",
                                  "nativeSrc": "3651:6:7",
                                  "nodeType": "YulIdentifier",
                                  "src": "3651:6:7"
                                },
                                {
                                  "arguments": [
                                    {
                                      "name": "headStart",
                                      "nativeSrc": "3664:9:7",
                                      "nodeType": "YulIdentifier",
                                      "src": "3664:9:7"
                                    },
                                    {
                                      "kind": "number",
                                      "nativeSrc": "3675:1:7",
                                      "nodeType": "YulLiteral",
                                      "src": "3675:1:7",
                                      "type": "",
                                      "value": "0"
                                    }
                                  ],
                                  "functionName": {
                                    "name": "add",
                                    "nativeSrc": "3660:3:7",
                                    "nodeType": "YulIdentifier",
                                    "src": "3660:3:7"
                                  },
                                  "nativeSrc": "3660:17:7",
                                  "nodeType": "YulFunctionCall",
                                  "src": "3660:17:7"
                                }
                              ],
                              "functionName": {
                                "name": "abi_encode_t_uint256_to_t_uint256_fromStack",
                                "nativeSrc": "3607:43:7",
                                "nodeType": "YulIdentifier",
                                "src": "3607:43:7"
                              },
                              "nativeSrc": "3607:71:7",
                              "nodeType": "YulFunctionCall",
                              "src": "3607:71:7"
                            },
                            "nativeSrc": "3607:71:7",
                            "nodeType": "YulExpressionStatement",
                            "src": "3607:71:7"
                          }
                        ]
                      },
                      "name": "abi_encode_tuple_t_uint256__to_t_uint256__fromStack_reversed",
                      "nativeSrc": "3463:222:7",
                      "nodeType": "YulFunctionDefinition",
                      "parameters": [
                        {
                          "name": "headStart",
                          "nativeSrc": "3533:9:7",
                          "nodeType": "YulTypedName",
                          "src": "3533:9:7",
                          "type": ""
                        },
                        {
                          "name": "value0",
                          "nativeSrc": "3545:6:7",
                          "nodeType": "YulTypedName",
                          "src": "3545:6:7",
                          "type": ""
                        }
                      ],
                      "returnVariables": [
                        {
                          "name": "tail",
                          "nativeSrc": "3556:4:7",
                          "nodeType": "YulTypedName",
                          "src": "3556:4:7",
                          "type": ""
                        }
                      ],
                      "src": "3463:222:7"
                    },
                    {
                      "body": {
                        "nativeSrc": "3791:519:7",
                        "nodeType": "YulBlock",
                        "src": "3791:519:7",
                        "statements": [
                          {
                            "body": {
                              "nativeSrc": "3837:83:7",
                              "nodeType": "YulBlock",
                              "src": "3837:83:7",
                              "statements": [
                                {
                                  "expression": {
                                    "arguments": [],
                                    "functionName": {
                                      "name": "revert_error_dbdddcbe895c83990c08b3492a0e83918d802a52331272ac6fdb6a7c4aea3b1b",
                                      "nativeSrc": "3839:77:7",
                                      "nodeType": "YulIdentifier",
                                      "src": "3839:77:7"
                                    },
                                    "nativeSrc": "3839:79:7",
                                    "nodeType": "YulFunctionCall",
                                    "src": "3839:79:7"
                                  },
                                  "nativeSrc": "3839:79:7",
                                  "nodeType": "YulExpressionStatement",
                                  "src": "3839:79:7"
                                }
                              ]
                            },
                            "condition": {
                              "arguments": [
                                {
                                  "arguments": [
                                    {
                                      "name": "dataEnd",
                                      "nativeSrc": "3812:7:7",
                                      "nodeType": "YulIdentifier",
                                      "src": "3812:7:7"
                                    },
                                    {
                                      "name": "headStart",
                                      "nativeSrc": "3821:9:7",
                                      "nodeType": "YulIdentifier",
                                      "src": "3821:9:7"
                                    }
                                  ],
                                  "functionName": {
                                    "name": "sub",
                                    "nativeSrc": "3808:3:7",
                                    "nodeType": "YulIdentifier",
                                    "src": "3808:3:7"
                                  },
                                  "nativeSrc": "3808:23:7",
                                  "nodeType": "YulFunctionCall",
                                  "src": "3808:23:7"
                                },
                                {
                                  "kind": "number",
                                  "nativeSrc": "3833:2:7",
                                  "nodeType": "YulLiteral",
                                  "src": "3833:2:7",
                                  "type": "",
                                  "value": "96"
                                }
                              ],
                              "functionName": {
                                "name": "slt",
                                "nativeSrc": "3804:3:7",
                                "nodeType": "YulIdentifier",
                                "src": "3804:3:7"
                              },
                              "nativeSrc": "3804:32:7",
                              "nodeType": "YulFunctionCall",
                              "src": "3804:32:7"
                            },
                            "nativeSrc": "3801:119:7",
                            "nodeType": "YulIf",
                            "src": "3801:119:7"
                          },
                          {
                            "nativeSrc": "3930:117:7",
                            "nodeType": "YulBlock",
                            "src": "3930:117:7",
                            "statements": [
                              {
                                "nativeSrc": "3945:15:7",
                                "nodeType": "YulVariableDeclaration",
                                "src": "3945:15:7",
                                "value": {
                                  "kind": "number",
                                  "nativeSrc": "3959:1:7",
                                  "nodeType": "YulLiteral",
                                  "src": "3959:1:7",
                                  "type": "",
                                  "value": "0"
                                },
                                "variables": [
                                  {
                                    "name": "offset",
                                    "nativeSrc": "3949:6:7",
                                    "nodeType": "YulTypedName",
                                    "src": "3949:6:7",
                                    "type": ""
                                  }
                                ]
                              },
                              {
                                "nativeSrc": "3974:63:7",
                                "nodeType": "YulAssignment",
                                "src": "3974:63:7",
                                "value": {
                                  "arguments": [
                                    {
                                      "arguments": [
                                        {
                                          "name": "headStart",
                                          "nativeSrc": "4009:9:7",
                                          "nodeType": "YulIdentifier",
                                          "src": "4009:9:7"
                                        },
                                        {
                                          "name": "offset",
                                          "nativeSrc": "4020:6:7",
                                          "nodeType": "YulIdentifier",
                                          "src": "4020:6:7"
                                        }
                                      ],
                                      "functionName": {
                                        "name": "add",
                                        "nativeSrc": "4005:3:7",
                                        "nodeType": "YulIdentifier",
                                        "src": "4005:3:7"
                                      },
                                      "nativeSrc": "4005:22:7",
                                      "nodeType": "YulFunctionCall",
                                      "src": "4005:22:7"
                                    },
                                    {
                                      "name": "dataEnd",
                                      "nativeSrc": "4029:7:7",
                                      "nodeType": "YulIdentifier",
                                      "src": "4029:7:7"
                                    }
                                  ],
                                  "functionName": {
                                    "name": "abi_decode_t_address",
                                    "nativeSrc": "3984:20:7",
                                    "nodeType": "YulIdentifier",
                                    "src": "3984:20:7"
                                  },
                                  "nativeSrc": "3984:53:7",
                                  "nodeType": "YulFunctionCall",
                                  "src": "3984:53:7"
                                },
                                "variableNames": [
                                  {
                                    "name": "value0",
                                    "nativeSrc": "3974:6:7",
                                    "nodeType": "YulIdentifier",
                                    "src": "3974:6:7"
                                  }
                                ]
                              }
                            ]
                          },
                          {
                            "nativeSrc": "4057:118:7",
                            "nodeType": "YulBlock",
                            "src": "4057:118:7",
                            "statements": [
                              {
                                "nativeSrc": "4072:16:7",
                                "nodeType": "YulVariableDeclaration",
                                "src": "4072:16:7",
                                "value": {
                                  "kind": "number",
                                  "nativeSrc": "4086:2:7",
                                  "nodeType": "YulLiteral",
                                  "src": "4086:2:7",
                                  "type": "",
                                  "value": "32"
                                },
                                "variables": [
                                  {
                                    "name": "offset",
                                    "nativeSrc": "4076:6:7",
                                    "nodeType": "YulTypedName",
                                    "src": "4076:6:7",
                                    "type": ""
                                  }
                                ]
                              },
                              {
                                "nativeSrc": "4102:63:7",
                                "nodeType": "YulAssignment",
                                "src": "4102:63:7",
                                "value": {
                                  "arguments": [
                                    {
                                      "arguments": [
                                        {
                                          "name": "headStart",
                                          "nativeSrc": "4137:9:7",
                                          "nodeType": "YulIdentifier",
                                          "src": "4137:9:7"
                                        },
                                        {
                                          "name": "offset",
                                          "nativeSrc": "4148:6:7",
                                          "nodeType": "YulIdentifier",
                                          "src": "4148:6:7"
                                        }
                                      ],
                                      "functionName": {
                                        "name": "add",
                                        "nativeSrc": "4133:3:7",
                                        "nodeType": "YulIdentifier",
                                        "src": "4133:3:7"
                                      },
                                      "nativeSrc": "4133:22:7",
                                      "nodeType": "YulFunctionCall",
                                      "src": "4133:22:7"
                                    },
                                    {
                                      "name": "dataEnd",
                                      "nativeSrc": "4157:7:7",
                                      "nodeType": "YulIdentifier",
                                      "src": "4157:7:7"
                                    }
                                  ],
                                  "functionName": {
                                    "name": "abi_decode_t_address",
                                    "nativeSrc": "4112:20:7",
                                    "nodeType": "YulIdentifier",
                                    "src": "4112:20:7"
                                  },
                                  "nativeSrc": "4112:53:7",
                                  "nodeType": "YulFunctionCall",
                                  "src": "4112:53:7"
                                },
                                "variableNames": [
                                  {
                                    "name": "value1",
                                    "nativeSrc": "4102:6:7",
                                    "nodeType": "YulIdentifier",
                                    "src": "4102:6:7"
                                  }
                                ]
                              }
                            ]
                          },
                          {
                            "nativeSrc": "4185:118:7",
                            "nodeType": "YulBlock",
                            "src": "4185:118:7",
                            "statements": [
                              {
                                "nativeSrc": "4200:16:7",
                                "nodeType": "YulVariableDeclaration",
                                "src": "4200:16:7",
                                "value": {
                                  "kind": "number",
                                  "nativeSrc": "4214:2:7",
                                  "nodeType": "YulLiteral",
                                  "src": "4214:2:7",
                                  "type": "",
                                  "value": "64"
                                },
                                "variables": [
                                  {
                                    "name": "offset",
                                    "nativeSrc": "4204:6:7",
                                    "nodeType": "YulTypedName",
                                    "src": "4204:6:7",
                                    "type": ""
                                  }
                                ]
                              },
                              {
                                "nativeSrc": "4230:63:7",
                                "nodeType": "YulAssignment",
                                "src": "4230:63:7",
                                "value": {
                                  "arguments": [
                                    {
                                      "arguments": [
                                        {
                                          "name": "headStart",
                                          "nativeSrc": "4265:9:7",
                                          "nodeType": "YulIdentifier",
                                          "src": "4265:9:7"
                                        },
                                        {
                                          "name": "offset",
                                          "nativeSrc": "4276:6:7",
                                          "nodeType": "YulIdentifier",
                                          "src": "4276:6:7"
                                        }
                                      ],
                                      "functionName": {
                                        "name": "add",
                                        "nativeSrc": "4261:3:7",
                                        "nodeType": "YulIdentifier",
                                        "src": "4261:3:7"
                                      },
                                      "nativeSrc": "4261:22:7",
                                      "nodeType": "YulFunctionCall",
                                      "src": "4261:22:7"
                                    },
                                    {
                                      "name": "dataEnd",
                                      "nativeSrc": "4285:7:7",
                                      "nodeType": "YulIdentifier",
                                      "src": "4285:7:7"
                                    }
                                  ],
                                  "functionName": {
                                    "name": "abi_decode_t_uint256",
                                    "nativeSrc": "4240:20:7",
                                    "nodeType": "YulIdentifier",
                                    "src": "4240:20:7"
                                  },
                                  "nativeSrc": "4240:53:7",
                                  "nodeType": "YulFunctionCall",
                                  "src": "4240:53:7"
                                },
                                "variableNames": [
                                  {
                                    "name": "value2",
                                    "nativeSrc": "4230:6:7",
                                    "nodeType": "YulIdentifier",
                                    "src": "4230:6:7"
                                  }
                                ]
                              }
                            ]
                          }
                        ]
                      },
                      "name": "abi_decode_tuple_t_addresst_addresst_uint256",
                      "nativeSrc": "3691:619:7",
                      "nodeType": "YulFunctionDefinition",
                      "parameters": [
                        {
                          "name": "headStart",
                          "nativeSrc": "3745:9:7",
                          "nodeType": "YulTypedName",
                          "src": "3745:9:7",
                          "type": ""
                        },
                        {
                          "name": "dataEnd",
                          "nativeSrc": "3756:7:7",
                          "nodeType": "YulTypedName",
                          "src": "3756:7:7",
                          "type": ""
                        }
                      ],
                      "returnVariables": [
                        {
                          "name": "value0",
                          "nativeSrc": "3768:6:7",
                          "nodeType": "YulTypedName",
                          "src": "3768:6:7",
                          "type": ""
                        },
                        {
                          "name": "value1",
                          "nativeSrc": "3776:6:7",
                          "nodeType": "YulTypedName",
                          "src": "3776:6:7",
                          "type": ""
                        },
                        {
                          "name": "value2",
                          "nativeSrc": "3784:6:7",
                          "nodeType": "YulTypedName",
                          "src": "3784:6:7",
                          "type": ""
                        }
                      ],
                      "src": "3691:619:7"
                    },
                    {
                      "body": {
                        "nativeSrc": "4359:43:7",
                        "nodeType": "YulBlock",
                        "src": "4359:43:7",
                        "statements": [
                          {
                            "nativeSrc": "4369:27:7",
                            "nodeType": "YulAssignment",
                            "src": "4369:27:7",
                            "value": {
                              "arguments": [
                                {
                                  "name": "value",
                                  "nativeSrc": "4384:5:7",
                                  "nodeType": "YulIdentifier",
                                  "src": "4384:5:7"
                                },
                                {
                                  "kind": "number",
                                  "nativeSrc": "4391:4:7",
                                  "nodeType": "YulLiteral",
                                  "src": "4391:4:7",
                                  "type": "",
                                  "value": "0xff"
                                }
                              ],
                              "functionName": {
                                "name": "and",
                                "nativeSrc": "4380:3:7",
                                "nodeType": "YulIdentifier",
                                "src": "4380:3:7"
                              },
                              "nativeSrc": "4380:16:7",
                              "nodeType": "YulFunctionCall",
                              "src": "4380:16:7"
                            },
                            "variableNames": [
                              {
                                "name": "cleaned",
                                "nativeSrc": "4369:7:7",
                                "nodeType": "YulIdentifier",
                                "src": "4369:7:7"
                              }
                            ]
                          }
                        ]
                      },
                      "name": "cleanup_t_uint8",
                      "nativeSrc": "4316:86:7",
                      "nodeType": "YulFunctionDefinition",
                      "parameters": [
                        {
                          "name": "value",
                          "nativeSrc": "4341:5:7",
                          "nodeType": "YulTypedName",
                          "src": "4341:5:7",
                          "type": ""
                        }
                      ],
                      "returnVariables": [
                        {
                          "name": "cleaned",
                          "nativeSrc": "4351:7:7",
                          "nodeType": "YulTypedName",
                          "src": "4351:7:7",
                          "type": ""
                        }
                      ],
                      "src": "4316:86:7"
                    },
                    {
                      "body": {
                        "nativeSrc": "4469:51:7",
                        "nodeType": "YulBlock",
                        "src": "4469:51:7",
                        "statements": [
                          {
                            "expression": {
                              "arguments": [
                                {
                                  "name": "pos",
                                  "nativeSrc": "4486:3:7",
                                  "nodeType": "YulIdentifier",
                                  "src": "4486:3:7"
                                },
                                {
                                  "arguments": [
                                    {
                                      "name": "value",
                                      "nativeSrc": "4507:5:7",
                                      "nodeType": "YulIdentifier",
                                      "src": "4507:5:7"
                                    }
                                  ],
                                  "functionName": {
                                    "name": "cleanup_t_uint8",
                                    "nativeSrc": "4491:15:7",
                                    "nodeType": "YulIdentifier",
                                    "src": "4491:15:7"
                                  },
                                  "nativeSrc": "4491:22:7",
                                  "nodeType": "YulFunctionCall",
                                  "src": "4491:22:7"
                                }
                              ],
                              "functionName": {
                                "name": "mstore",
                                "nativeSrc": "4479:6:7",
                                "nodeType": "YulIdentifier",
                                "src": "4479:6:7"
                              },
                              "nativeSrc": "4479:35:7",
                              "nodeType": "YulFunctionCall",
                              "src": "4479:35:7"
                            },
                            "nativeSrc": "4479:35:7",
                            "nodeType": "YulExpressionStatement",
                            "src": "4479:35:7"
                          }
                        ]
                      },
                      "name": "abi_encode_t_uint8_to_t_uint8_fromStack",
                      "nativeSrc": "4408:112:7",
                      "nodeType": "YulFunctionDefinition",
                      "parameters": [
                        {
                          "name": "value",
                          "nativeSrc": "4457:5:7",
                          "nodeType": "YulTypedName",
                          "src": "4457:5:7",
                          "type": ""
                        },
                        {
                          "name": "pos",
                          "nativeSrc": "4464:3:7",
                          "nodeType": "YulTypedName",
                          "src": "4464:3:7",
                          "type": ""
                        }
                      ],
                      "src": "4408:112:7"
                    },
                    {
                      "body": {
                        "nativeSrc": "4620:120:7",
                        "nodeType": "YulBlock",
                        "src": "4620:120:7",
                        "statements": [
                          {
                            "nativeSrc": "4630:26:7",
                            "nodeType": "YulAssignment",
                            "src": "4630:26:7",
                            "value": {
                              "arguments": [
                                {
                                  "name": "headStart",
                                  "nativeSrc": "4642:9:7",
                                  "nodeType": "YulIdentifier",
                                  "src": "4642:9:7"
                                },
                                {
                                  "kind": "number",
                                  "nativeSrc": "4653:2:7",
                                  "nodeType": "YulLiteral",
                                  "src": "4653:2:7",
                                  "type": "",
                                  "value": "32"
                                }
                              ],
                              "functionName": {
                                "name": "add",
                                "nativeSrc": "4638:3:7",
                                "nodeType": "YulIdentifier",
                                "src": "4638:3:7"
                              },
                              "nativeSrc": "4638:18:7",
                              "nodeType": "YulFunctionCall",
                              "src": "4638:18:7"
                            },
                            "variableNames": [
                              {
                                "name": "tail",
                                "nativeSrc": "4630:4:7",
                                "nodeType": "YulIdentifier",
                                "src": "4630:4:7"
                              }
                            ]
                          },
                          {
                            "expression": {
                              "arguments": [
                                {
                                  "name": "value0",
                                  "nativeSrc": "4706:6:7",
                                  "nodeType": "YulIdentifier",
                                  "src": "4706:6:7"
                                },
                                {
                                  "arguments": [
                                    {
                                      "name": "headStart",
                                      "nativeSrc": "4719:9:7",
                                      "nodeType": "YulIdentifier",
                                      "src": "4719:9:7"
                                    },
                                    {
                                      "kind": "number",
                                      "nativeSrc": "4730:1:7",
                                      "nodeType": "YulLiteral",
                                      "src": "4730:1:7",
                                      "type": "",
                                      "value": "0"
                                    }
                                  ],
                                  "functionName": {
                                    "name": "add",
                                    "nativeSrc": "4715:3:7",
                                    "nodeType": "YulIdentifier",
                                    "src": "4715:3:7"
                                  },
                                  "nativeSrc": "4715:17:7",
                                  "nodeType": "YulFunctionCall",
                                  "src": "4715:17:7"
                                }
                              ],
                              "functionName": {
                                "name": "abi_encode_t_uint8_to_t_uint8_fromStack",
                                "nativeSrc": "4666:39:7",
                                "nodeType": "YulIdentifier",
                                "src": "4666:39:7"
                              },
                              "nativeSrc": "4666:67:7",
                              "nodeType": "YulFunctionCall",
                              "src": "4666:67:7"
                            },
                            "nativeSrc": "4666:67:7",
                            "nodeType": "YulExpressionStatement",
                            "src": "4666:67:7"
                          }
                        ]
                      },
                      "name": "abi_encode_tuple_t_uint8__to_t_uint8__fromStack_reversed",
                      "nativeSrc": "4526:214:7",
                      "nodeType": "YulFunctionDefinition",
                      "parameters": [
                        {
                          "name": "headStart",
                          "nativeSrc": "4592:9:7",
                          "nodeType": "YulTypedName",
                          "src": "4592:9:7",
                          "type": ""
                        },
                        {
                          "name": "value0",
                          "nativeSrc": "4604:6:7",
                          "nodeType": "YulTypedName",
                          "src": "4604:6:7",
                          "type": ""
                        }
                      ],
                      "returnVariables": [
                        {
                          "name": "tail",
                          "nativeSrc": "4615:4:7",
                          "nodeType": "YulTypedName",
                          "src": "4615:4:7",
                          "type": ""
                        }
                      ],
                      "src": "4526:214:7"
                    },
                    {
                      "body": {
                        "nativeSrc": "4812:263:7",
                        "nodeType": "YulBlock",
                        "src": "4812:263:7",
                        "statements": [
                          {
                            "body": {
                              "nativeSrc": "4858:83:7",
                              "nodeType": "YulBlock",
                              "src": "4858:83:7",
                              "statements": [
                                {
                                  "expression": {
                                    "arguments": [],
                                    "functionName": {
                                      "name": "revert_error_dbdddcbe895c83990c08b3492a0e83918d802a52331272ac6fdb6a7c4aea3b1b",
                                      "nativeSrc": "4860:77:7",
                                      "nodeType": "YulIdentifier",
                                      "src": "4860:77:7"
                                    },
                                    "nativeSrc": "4860:79:7",
                                    "nodeType": "YulFunctionCall",
                                    "src": "4860:79:7"
                                  },
                                  "nativeSrc": "4860:79:7",
                                  "nodeType": "YulExpressionStatement",
                                  "src": "4860:79:7"
                                }
                              ]
                            },
                            "condition": {
                              "arguments": [
                                {
                                  "arguments": [
                                    {
                                      "name": "dataEnd",
                                      "nativeSrc": "4833:7:7",
                                      "nodeType": "YulIdentifier",
                                      "src": "4833:7:7"
                                    },
                                    {
                                      "name": "headStart",
                                      "nativeSrc": "4842:9:7",
                                      "nodeType": "YulIdentifier",
                                      "src": "4842:9:7"
                                    }
                                  ],
                                  "functionName": {
                                    "name": "sub",
                                    "nativeSrc": "4829:3:7",
                                    "nodeType": "YulIdentifier",
                                    "src": "4829:3:7"
                                  },
                                  "nativeSrc": "4829:23:7",
                                  "nodeType": "YulFunctionCall",
                                  "src": "4829:23:7"
                                },
                                {
                                  "kind": "number",
                                  "nativeSrc": "4854:2:7",
                                  "nodeType": "YulLiteral",
                                  "src": "4854:2:7",
                                  "type": "",
                                  "value": "32"
                                }
                              ],
                              "functionName": {
                                "name": "slt",
                                "nativeSrc": "4825:3:7",
                                "nodeType": "YulIdentifier",
                                "src": "4825:3:7"
                              },
                              "nativeSrc": "4825:32:7",
                              "nodeType": "YulFunctionCall",
                              "src": "4825:32:7"
                            },
                            "nativeSrc": "4822:119:7",
                            "nodeType": "YulIf",
                            "src": "4822:119:7"
                          },
                          {
                            "nativeSrc": "4951:117:7",
                            "nodeType": "YulBlock",
                            "src": "4951:117:7",
                            "statements": [
                              {
                                "nativeSrc": "4966:15:7",
                                "nodeType": "YulVariableDeclaration",
                                "src": "4966:15:7",
                                "value": {
                                  "kind": "number",
                                  "nativeSrc": "4980:1:7",
                                  "nodeType": "YulLiteral",
                                  "src": "4980:1:7",
                                  "type": "",
                                  "value": "0"
                                },
                                "variables": [
                                  {
                                    "name": "offset",
                                    "nativeSrc": "4970:6:7",
                                    "nodeType": "YulTypedName",
                                    "src": "4970:6:7",
                                    "type": ""
                                  }
                                ]
                              },
                              {
                                "nativeSrc": "4995:63:7",
                                "nodeType": "YulAssignment",
                                "src": "4995:63:7",
                                "value": {
                                  "arguments": [
                                    {
                                      "arguments": [
                                        {
                                          "name": "headStart",
                                          "nativeSrc": "5030:9:7",
                                          "nodeType": "YulIdentifier",
                                          "src": "5030:9:7"
                                        },
                                        {
                                          "name": "offset",
                                          "nativeSrc": "5041:6:7",
                                          "nodeType": "YulIdentifier",
                                          "src": "5041:6:7"
                                        }
                                      ],
                                      "functionName": {
                                        "name": "add",
                                        "nativeSrc": "5026:3:7",
                                        "nodeType": "YulIdentifier",
                                        "src": "5026:3:7"
                                      },
                                      "nativeSrc": "5026:22:7",
                                      "nodeType": "YulFunctionCall",
                                      "src": "5026:22:7"
                                    },
                                    {
                                      "name": "dataEnd",
                                      "nativeSrc": "5050:7:7",
                                      "nodeType": "YulIdentifier",
                                      "src": "5050:7:7"
                                    }
                                  ],
                                  "functionName": {
                                    "name": "abi_decode_t_uint256",
                                    "nativeSrc": "5005:20:7",
                                    "nodeType": "YulIdentifier",
                                    "src": "5005:20:7"
                                  },
                                  "nativeSrc": "5005:53:7",
                                  "nodeType": "YulFunctionCall",
                                  "src": "5005:53:7"
                                },
                                "variableNames": [
                                  {
                                    "name": "value0",
                                    "nativeSrc": "4995:6:7",
                                    "nodeType": "YulIdentifier",
                                    "src": "4995:6:7"
                                  }
                                ]
                              }
                            ]
                          }
                        ]
                      },
                      "name": "abi_decode_tuple_t_uint256",
                      "nativeSrc": "4746:329:7",
                      "nodeType": "YulFunctionDefinition",
                      "parameters": [
                        {
                          "name": "headStart",
                          "nativeSrc": "4782:9:7",
                          "nodeType": "YulTypedName",
                          "src": "4782:9:7",
                          "type": ""
                        },
                        {
                          "name": "dataEnd",
                          "nativeSrc": "4793:7:7",
                          "nodeType": "YulTypedName",
                          "src": "4793:7:7",
                          "type": ""
                        }
                      ],
                      "returnVariables": [
                        {
                          "name": "value0",
                          "nativeSrc": "4805:6:7",
                          "nodeType": "YulTypedName",
                          "src": "4805:6:7",
                          "type": ""
                        }
                      ],
                      "src": "4746:329:7"
                    },
                    {
                      "body": {
                        "nativeSrc": "5147:263:7",
                        "nodeType": "YulBlock",
                        "src": "5147:263:7",
                        "statements": [
                          {
                            "body": {
                              "nativeSrc": "5193:83:7",
                              "nodeType": "YulBlock",
                              "src": "5193:83:7",
                              "statements": [
                                {
                                  "expression": {
                                    "arguments": [],
                                    "functionName": {
                                      "name": "revert_error_dbdddcbe895c83990c08b3492a0e83918d802a52331272ac6fdb6a7c4aea3b1b",
                                      "nativeSrc": "5195:77:7",
                                      "nodeType": "YulIdentifier",
                                      "src": "5195:77:7"
                                    },
                                    "nativeSrc": "5195:79:7",
                                    "nodeType": "YulFunctionCall",
                                    "src": "5195:79:7"
                                  },
                                  "nativeSrc": "5195:79:7",
                                  "nodeType": "YulExpressionStatement",
                                  "src": "5195:79:7"
                                }
                              ]
                            },
                            "condition": {
                              "arguments": [
                                {
                                  "arguments": [
                                    {
                                      "name": "dataEnd",
                                      "nativeSrc": "5168:7:7",
                                      "nodeType": "YulIdentifier",
                                      "src": "5168:7:7"
                                    },
                                    {
                                      "name": "headStart",
                                      "nativeSrc": "5177:9:7",
                                      "nodeType": "YulIdentifier",
                                      "src": "5177:9:7"
                                    }
                                  ],
                                  "functionName": {
                                    "name": "sub",
                                    "nativeSrc": "5164:3:7",
                                    "nodeType": "YulIdentifier",
                                    "src": "5164:3:7"
                                  },
                                  "nativeSrc": "5164:23:7",
                                  "nodeType": "YulFunctionCall",
                                  "src": "5164:23:7"
                                },
                                {
                                  "kind": "number",
                                  "nativeSrc": "5189:2:7",
                                  "nodeType": "YulLiteral",
                                  "src": "5189:2:7",
                                  "type": "",
                                  "value": "32"
                                }
                              ],
                              "functionName": {
                                "name": "slt",
                                "nativeSrc": "5160:3:7",
                                "nodeType": "YulIdentifier",
                                "src": "5160:3:7"
                              },
                              "nativeSrc": "5160:32:7",
                              "nodeType": "YulFunctionCall",
                              "src": "5160:32:7"
                            },
                            "nativeSrc": "5157:119:7",
                            "nodeType": "YulIf",
                            "src": "5157:119:7"
                          },
                          {
                            "nativeSrc": "5286:117:7",
                            "nodeType": "YulBlock",
                            "src": "5286:117:7",
                            "statements": [
                              {
                                "nativeSrc": "5301:15:7",
                                "nodeType": "YulVariableDeclaration",
                                "src": "5301:15:7",
                                "value": {
                                  "kind": "number",
                                  "nativeSrc": "5315:1:7",
                                  "nodeType": "YulLiteral",
                                  "src": "5315:1:7",
                                  "type": "",
                                  "value": "0"
                                },
                                "variables": [
                                  {
                                    "name": "offset",
                                    "nativeSrc": "5305:6:7",
                                    "nodeType": "YulTypedName",
                                    "src": "5305:6:7",
                                    "type": ""
                                  }
                                ]
                              },
                              {
                                "nativeSrc": "5330:63:7",
                                "nodeType": "YulAssignment",
                                "src": "5330:63:7",
                                "value": {
                                  "arguments": [
                                    {
                                      "arguments": [
                                        {
                                          "name": "headStart",
                                          "nativeSrc": "5365:9:7",
                                          "nodeType": "YulIdentifier",
                                          "src": "5365:9:7"
                                        },
                                        {
                                          "name": "offset",
                                          "nativeSrc": "5376:6:7",
                                          "nodeType": "YulIdentifier",
                                          "src": "5376:6:7"
                                        }
                                      ],
                                      "functionName": {
                                        "name": "add",
                                        "nativeSrc": "5361:3:7",
                                        "nodeType": "YulIdentifier",
                                        "src": "5361:3:7"
                                      },
                                      "nativeSrc": "5361:22:7",
                                      "nodeType": "YulFunctionCall",
                                      "src": "5361:22:7"
                                    },
                                    {
                                      "name": "dataEnd",
                                      "nativeSrc": "5385:7:7",
                                      "nodeType": "YulIdentifier",
                                      "src": "5385:7:7"
                                    }
                                  ],
                                  "functionName": {
                                    "name": "abi_decode_t_address",
                                    "nativeSrc": "5340:20:7",
                                    "nodeType": "YulIdentifier",
                                    "src": "5340:20:7"
                                  },
                                  "nativeSrc": "5340:53:7",
                                  "nodeType": "YulFunctionCall",
                                  "src": "5340:53:7"
                                },
                                "variableNames": [
                                  {
                                    "name": "value0",
                                    "nativeSrc": "5330:6:7",
                                    "nodeType": "YulIdentifier",
                                    "src": "5330:6:7"
                                  }
                                ]
                              }
                            ]
                          }
                        ]
                      },
                      "name": "abi_decode_tuple_t_address",
                      "nativeSrc": "5081:329:7",
                      "nodeType": "YulFunctionDefinition",
                      "parameters": [
                        {
                          "name": "headStart",
                          "nativeSrc": "5117:9:7",
                          "nodeType": "YulTypedName",
                          "src": "5117:9:7",
                          "type": ""
                        },
                        {
                          "name": "dataEnd",
                          "nativeSrc": "5128:7:7",
                          "nodeType": "YulTypedName",
                          "src": "5128:7:7",
                          "type": ""
                        }
                      ],
                      "returnVariables": [
                        {
                          "name": "value0",
                          "nativeSrc": "5140:6:7",
                          "nodeType": "YulTypedName",
                          "src": "5140:6:7",
                          "type": ""
                        }
                      ],
                      "src": "5081:329:7"
                    },
                    {
                      "body": {
                        "nativeSrc": "5481:53:7",
                        "nodeType": "YulBlock",
                        "src": "5481:53:7",
                        "statements": [
                          {
                            "expression": {
                              "arguments": [
                                {
                                  "name": "pos",
                                  "nativeSrc": "5498:3:7",
                                  "nodeType": "YulIdentifier",
                                  "src": "5498:3:7"
                                },
                                {
                                  "arguments": [
                                    {
                                      "name": "value",
                                      "nativeSrc": "5521:5:7",
                                      "nodeType": "YulIdentifier",
                                      "src": "5521:5:7"
                                    }
                                  ],
                                  "functionName": {
                                    "name": "cleanup_t_address",
                                    "nativeSrc": "5503:17:7",
                                    "nodeType": "YulIdentifier",
                                    "src": "5503:17:7"
                                  },
                                  "nativeSrc": "5503:24:7",
                                  "nodeType": "YulFunctionCall",
                                  "src": "5503:24:7"
                                }
                              ],
                              "functionName": {
                                "name": "mstore",
                                "nativeSrc": "5491:6:7",
                                "nodeType": "YulIdentifier",
                                "src": "5491:6:7"
                              },
                              "nativeSrc": "5491:37:7",
                              "nodeType": "YulFunctionCall",
                              "src": "5491:37:7"
                            },
                            "nativeSrc": "5491:37:7",
                            "nodeType": "YulExpressionStatement",
                            "src": "5491:37:7"
                          }
                        ]
                      },
                      "name": "abi_encode_t_address_to_t_address_fromStack",
                      "nativeSrc": "5416:118:7",
                      "nodeType": "YulFunctionDefinition",
                      "parameters": [
                        {
                          "name": "value",
                          "nativeSrc": "5469:5:7",
                          "nodeType": "YulTypedName",
                          "src": "5469:5:7",
                          "type": ""
                        },
                        {
                          "name": "pos",
                          "nativeSrc": "5476:3:7",
                          "nodeType": "YulTypedName",
                          "src": "5476:3:7",
                          "type": ""
                        }
                      ],
                      "src": "5416:118:7"
                    },
                    {
                      "body": {
                        "nativeSrc": "5638:124:7",
                        "nodeType": "YulBlock",
                        "src": "5638:124:7",
                        "statements": [
                          {
                            "nativeSrc": "5648:26:7",
                            "nodeType": "YulAssignment",
                            "src": "5648:26:7",
                            "value": {
                              "arguments": [
                                {
                                  "name": "headStart",
                                  "nativeSrc": "5660:9:7",
                                  "nodeType": "YulIdentifier",
                                  "src": "5660:9:7"
                                },
                                {
                                  "kind": "number",
                                  "nativeSrc": "5671:2:7",
                                  "nodeType": "YulLiteral",
                                  "src": "5671:2:7",
                                  "type": "",
                                  "value": "32"
                                }
                              ],
                              "functionName": {
                                "name": "add",
                                "nativeSrc": "5656:3:7",
                                "nodeType": "YulIdentifier",
                                "src": "5656:3:7"
                              },
                              "nativeSrc": "5656:18:7",
                              "nodeType": "YulFunctionCall",
                              "src": "5656:18:7"
                            },
                            "variableNames": [
                              {
                                "name": "tail",
                                "nativeSrc": "5648:4:7",
                                "nodeType": "YulIdentifier",
                                "src": "5648:4:7"
                              }
                            ]
                          },
                          {
                            "expression": {
                              "arguments": [
                                {
                                  "name": "value0",
                                  "nativeSrc": "5728:6:7",
                                  "nodeType": "YulIdentifier",
                                  "src": "5728:6:7"
                                },
                                {
                                  "arguments": [
                                    {
                                      "name": "headStart",
                                      "nativeSrc": "5741:9:7",
                                      "nodeType": "YulIdentifier",
                                      "src": "5741:9:7"
                                    },
                                    {
                                      "kind": "number",
                                      "nativeSrc": "5752:1:7",
                                      "nodeType": "YulLiteral",
                                      "src": "5752:1:7",
                                      "type": "",
                                      "value": "0"
                                    }
                                  ],
                                  "functionName": {
                                    "name": "add",
                                    "nativeSrc": "5737:3:7",
                                    "nodeType": "YulIdentifier",
                                    "src": "5737:3:7"
                                  },
                                  "nativeSrc": "5737:17:7",
                                  "nodeType": "YulFunctionCall",
                                  "src": "5737:17:7"
                                }
                              ],
                              "functionName": {
                                "name": "abi_encode_t_address_to_t_address_fromStack",
                                "nativeSrc": "5684:43:7",
                                "nodeType": "YulIdentifier",
                                "src": "5684:43:7"
                              },
                              "nativeSrc": "5684:71:7",
                              "nodeType": "YulFunctionCall",
                              "src": "5684:71:7"
                            },
                            "nativeSrc": "5684:71:7",
                            "nodeType": "YulExpressionStatement",
                            "src": "5684:71:7"
                          }
                        ]
                      },
                      "name": "abi_encode_tuple_t_address__to_t_address__fromStack_reversed",
                      "nativeSrc": "5540:222:7",
                      "nodeType": "YulFunctionDefinition",
                      "parameters": [
                        {
                          "name": "headStart",
                          "nativeSrc": "5610:9:7",
                          "nodeType": "YulTypedName",
                          "src": "5610:9:7",
                          "type": ""
                        },
                        {
                          "name": "value0",
                          "nativeSrc": "5622:6:7",
                          "nodeType": "YulTypedName",
                          "src": "5622:6:7",
                          "type": ""
                        }
                      ],
                      "returnVariables": [
                        {
                          "name": "tail",
                          "nativeSrc": "5633:4:7",
                          "nodeType": "YulTypedName",
                          "src": "5633:4:7",
                          "type": ""
                        }
                      ],
                      "src": "5540:222:7"
                    },
                    {
                      "body": {
                        "nativeSrc": "5851:391:7",
                        "nodeType": "YulBlock",
                        "src": "5851:391:7",
                        "statements": [
                          {
                            "body": {
                              "nativeSrc": "5897:83:7",
                              "nodeType": "YulBlock",
                              "src": "5897:83:7",
                              "statements": [
                                {
                                  "expression": {
                                    "arguments": [],
                                    "functionName": {
                                      "name": "revert_error_dbdddcbe895c83990c08b3492a0e83918d802a52331272ac6fdb6a7c4aea3b1b",
                                      "nativeSrc": "5899:77:7",
                                      "nodeType": "YulIdentifier",
                                      "src": "5899:77:7"
                                    },
                                    "nativeSrc": "5899:79:7",
                                    "nodeType": "YulFunctionCall",
                                    "src": "5899:79:7"
                                  },
                                  "nativeSrc": "5899:79:7",
                                  "nodeType": "YulExpressionStatement",
                                  "src": "5899:79:7"
                                }
                              ]
                            },
                            "condition": {
                              "arguments": [
                                {
                                  "arguments": [
                                    {
                                      "name": "dataEnd",
                                      "nativeSrc": "5872:7:7",
                                      "nodeType": "YulIdentifier",
                                      "src": "5872:7:7"
                                    },
                                    {
                                      "name": "headStart",
                                      "nativeSrc": "5881:9:7",
                                      "nodeType": "YulIdentifier",
                                      "src": "5881:9:7"
                                    }
                                  ],
                                  "functionName": {
                                    "name": "sub",
                                    "nativeSrc": "5868:3:7",
                                    "nodeType": "YulIdentifier",
                                    "src": "5868:3:7"
                                  },
                                  "nativeSrc": "5868:23:7",
                                  "nodeType": "YulFunctionCall",
                                  "src": "5868:23:7"
                                },
                                {
                                  "kind": "number",
                                  "nativeSrc": "5893:2:7",
                                  "nodeType": "YulLiteral",
                                  "src": "5893:2:7",
                                  "type": "",
                                  "value": "64"
                                }
                              ],
                              "functionName": {
                                "name": "slt",
                                "nativeSrc": "5864:3:7",
                                "nodeType": "YulIdentifier",
                                "src": "5864:3:7"
                              },
                              "nativeSrc": "5864:32:7",
                              "nodeType": "YulFunctionCall",
                              "src": "5864:32:7"
                            },
                            "nativeSrc": "5861:119:7",
                            "nodeType": "YulIf",
                            "src": "5861:119:7"
                          },
                          {
                            "nativeSrc": "5990:117:7",
                            "nodeType": "YulBlock",
                            "src": "5990:117:7",
                            "statements": [
                              {
                                "nativeSrc": "6005:15:7",
                                "nodeType": "YulVariableDeclaration",
                                "src": "6005:15:7",
                                "value": {
                                  "kind": "number",
                                  "nativeSrc": "6019:1:7",
                                  "nodeType": "YulLiteral",
                                  "src": "6019:1:7",
                                  "type": "",
                                  "value": "0"
                                },
                                "variables": [
                                  {
                                    "name": "offset",
                                    "nativeSrc": "6009:6:7",
                                    "nodeType": "YulTypedName",
                                    "src": "6009:6:7",
                                    "type": ""
                                  }
                                ]
                              },
                              {
                                "nativeSrc": "6034:63:7",
                                "nodeType": "YulAssignment",
                                "src": "6034:63:7",
                                "value": {
                                  "arguments": [
                                    {
                                      "arguments": [
                                        {
                                          "name": "headStart",
                                          "nativeSrc": "6069:9:7",
                                          "nodeType": "YulIdentifier",
                                          "src": "6069:9:7"
                                        },
                                        {
                                          "name": "offset",
                                          "nativeSrc": "6080:6:7",
                                          "nodeType": "YulIdentifier",
                                          "src": "6080:6:7"
                                        }
                                      ],
                                      "functionName": {
                                        "name": "add",
                                        "nativeSrc": "6065:3:7",
                                        "nodeType": "YulIdentifier",
                                        "src": "6065:3:7"
                                      },
                                      "nativeSrc": "6065:22:7",
                                      "nodeType": "YulFunctionCall",
                                      "src": "6065:22:7"
                                    },
                                    {
                                      "name": "dataEnd",
                                      "nativeSrc": "6089:7:7",
                                      "nodeType": "YulIdentifier",
                                      "src": "6089:7:7"
                                    }
                                  ],
                                  "functionName": {
                                    "name": "abi_decode_t_address",
                                    "nativeSrc": "6044:20:7",
                                    "nodeType": "YulIdentifier",
                                    "src": "6044:20:7"
                                  },
                                  "nativeSrc": "6044:53:7",
                                  "nodeType": "YulFunctionCall",
                                  "src": "6044:53:7"
                                },
                                "variableNames": [
                                  {
                                    "name": "value0",
                                    "nativeSrc": "6034:6:7",
                                    "nodeType": "YulIdentifier",
                                    "src": "6034:6:7"
                                  }
                                ]
                              }
                            ]
                          },
                          {
                            "nativeSrc": "6117:118:7",
                            "nodeType": "YulBlock",
                            "src": "6117:118:7",
                            "statements": [
                              {
                                "nativeSrc": "6132:16:7",
                                "nodeType": "YulVariableDeclaration",
                                "src": "6132:16:7",
                                "value": {
                                  "kind": "number",
                                  "nativeSrc": "6146:2:7",
                                  "nodeType": "YulLiteral",
                                  "src": "6146:2:7",
                                  "type": "",
                                  "value": "32"
                                },
                                "variables": [
                                  {
                                    "name": "offset",
                                    "nativeSrc": "6136:6:7",
                                    "nodeType": "YulTypedName",
                                    "src": "6136:6:7",
                                    "type": ""
                                  }
                                ]
                              },
                              {
                                "nativeSrc": "6162:63:7",
                                "nodeType": "YulAssignment",
                                "src": "6162:63:7",
                                "value": {
                                  "arguments": [
                                    {
                                      "arguments": [
                                        {
                                          "name": "headStart",
                                          "nativeSrc": "6197:9:7",
                                          "nodeType": "YulIdentifier",
                                          "src": "6197:9:7"
                                        },
                                        {
                                          "name": "offset",
                                          "nativeSrc": "6208:6:7",
                                          "nodeType": "YulIdentifier",
                                          "src": "6208:6:7"
                                        }
                                      ],
                                      "functionName": {
                                        "name": "add",
                                        "nativeSrc": "6193:3:7",
                                        "nodeType": "YulIdentifier",
                                        "src": "6193:3:7"
                                      },
                                      "nativeSrc": "6193:22:7",
                                      "nodeType": "YulFunctionCall",
                                      "src": "6193:22:7"
                                    },
                                    {
                                      "name": "dataEnd",
                                      "nativeSrc": "6217:7:7",
                                      "nodeType": "YulIdentifier",
                                      "src": "6217:7:7"
                                    }
                                  ],
                                  "functionName": {
                                    "name": "abi_decode_t_address",
                                    "nativeSrc": "6172:20:7",
                                    "nodeType": "YulIdentifier",
                                    "src": "6172:20:7"
                                  },
                                  "nativeSrc": "6172:53:7",
                                  "nodeType": "YulFunctionCall",
                                  "src": "6172:53:7"
                                },
                                "variableNames": [
                                  {
                                    "name": "value1",
                                    "nativeSrc": "6162:6:7",
                                    "nodeType": "YulIdentifier",
                                    "src": "6162:6:7"
                                  }
                                ]
                              }
                            ]
                          }
                        ]
                      },
                      "name": "abi_decode_tuple_t_addresst_address",
                      "nativeSrc": "5768:474:7",
                      "nodeType": "YulFunctionDefinition",
                      "parameters": [
                        {
                          "name": "headStart",
                          "nativeSrc": "5813:9:7",
                          "nodeType": "YulTypedName",
                          "src": "5813:9:7",
                          "type": ""
                        },
                        {
                          "name": "dataEnd",
                          "nativeSrc": "5824:7:7",
                          "nodeType": "YulTypedName",
                          "src": "5824:7:7",
                          "type": ""
                        }
                      ],
                      "returnVariables": [
                        {
                          "name": "value0",
                          "nativeSrc": "5836:6:7",
                          "nodeType": "YulTypedName",
                          "src": "5836:6:7",
                          "type": ""
                        },
                        {
                          "name": "value1",
                          "nativeSrc": "5844:6:7",
                          "nodeType": "YulTypedName",
                          "src": "5844:6:7",
                          "type": ""
                        }
                      ],
                      "src": "5768:474:7"
                    },
                    {
                      "body": {
                        "nativeSrc": "6276:152:7",
                        "nodeType": "YulBlock",
                        "src": "6276:152:7",
                        "statements": [
                          {
                            "expression": {
                              "arguments": [
                                {
                                  "kind": "number",
                                  "nativeSrc": "6293:1:7",
                                  "nodeType": "YulLiteral",
                                  "src": "6293:1:7",
                                  "type": "",
                                  "value": "0"
                                },
                                {
                                  "kind": "number",
                                  "nativeSrc": "6296:77:7",
                                  "nodeType": "YulLiteral",
                                  "src": "6296:77:7",
                                  "type": "",
                                  "value": "35408467139433450592217433187231851964531694900788300625387963629091585785856"
                                }
                              ],
                              "functionName": {
                                "name": "mstore",
                                "nativeSrc": "6286:6:7",
                                "nodeType": "YulIdentifier",
                                "src": "6286:6:7"
                              },
                              "nativeSrc": "6286:88:7",
                              "nodeType": "YulFunctionCall",
                              "src": "6286:88:7"
                            },
                            "nativeSrc": "6286:88:7",
                            "nodeType": "YulExpressionStatement",
                            "src": "6286:88:7"
                          },
                          {
                            "expression": {
                              "arguments": [
                                {
                                  "kind": "number",
                                  "nativeSrc": "6390:1:7",
                                  "nodeType": "YulLiteral",
                                  "src": "6390:1:7",
                                  "type": "",
                                  "value": "4"
                                },
                                {
                                  "kind": "number",
                                  "nativeSrc": "6393:4:7",
                                  "nodeType": "YulLiteral",
                                  "src": "6393:4:7",
                                  "type": "",
                                  "value": "0x22"
                                }
                              ],
                              "functionName": {
                                "name": "mstore",
                                "nativeSrc": "6383:6:7",
                                "nodeType": "YulIdentifier",
                                "src": "6383:6:7"
                              },
                              "nativeSrc": "6383:15:7",
                              "nodeType": "YulFunctionCall",
                              "src": "6383:15:7"
                            },
                            "nativeSrc": "6383:15:7",
                            "nodeType": "YulExpressionStatement",
                            "src": "6383:15:7"
                          },
                          {
                            "expression": {
                              "arguments": [
                                {
                                  "kind": "number",
                                  "nativeSrc": "6414:1:7",
                                  "nodeType": "YulLiteral",
                                  "src": "6414:1:7",
                                  "type": "",
                                  "value": "0"
                                },
                                {
                                  "kind": "number",
                                  "nativeSrc": "6417:4:7",
                                  "nodeType": "YulLiteral",
                                  "src": "6417:4:7",
                                  "type": "",
                                  "value": "0x24"
                                }
                              ],
                              "functionName": {
                                "name": "revert",
                                "nativeSrc": "6407:6:7",
                                "nodeType": "YulIdentifier",
                                "src": "6407:6:7"
                              },
                              "nativeSrc": "6407:15:7",
                              "nodeType": "YulFunctionCall",
                              "src": "6407:15:7"
                            },
                            "nativeSrc": "6407:15:7",
                            "nodeType": "YulExpressionStatement",
                            "src": "6407:15:7"
                          }
                        ]
                      },
                      "name": "panic_error_0x22",
                      "nativeSrc": "6248:180:7",
                      "nodeType": "YulFunctionDefinition",
                      "src": "6248:180:7"
                    },
                    {
                      "body": {
                        "nativeSrc": "6485:269:7",
                        "nodeType": "YulBlock",
                        "src": "6485:269:7",
                        "statements": [
                          {
                            "nativeSrc": "6495:22:7",
                            "nodeType": "YulAssignment",
                            "src": "6495:22:7",
                            "value": {
                              "arguments": [
                                {
                                  "name": "data",
                                  "nativeSrc": "6509:4:7",
                                  "nodeType": "YulIdentifier",
                                  "src": "6509:4:7"
                                },
                                {
                                  "kind": "number",
                                  "nativeSrc": "6515:1:7",
                                  "nodeType": "YulLiteral",
                                  "src": "6515:1:7",
                                  "type": "",
                                  "value": "2"
                                }
                              ],
                              "functionName": {
                                "name": "div",
                                "nativeSrc": "6505:3:7",
                                "nodeType": "YulIdentifier",
                                "src": "6505:3:7"
                              },
                              "nativeSrc": "6505:12:7",
                              "nodeType": "YulFunctionCall",
                              "src": "6505:12:7"
                            },
                            "variableNames": [
                              {
                                "name": "length",
                                "nativeSrc": "6495:6:7",
                                "nodeType": "YulIdentifier",
                                "src": "6495:6:7"
                              }
                            ]
                          },
                          {
                            "nativeSrc": "6526:38:7",
                            "nodeType": "YulVariableDeclaration",
                            "src": "6526:38:7",
                            "value": {
                              "arguments": [
                                {
                                  "name": "data",
                                  "nativeSrc": "6556:4:7",
                                  "nodeType": "YulIdentifier",
                                  "src": "6556:4:7"
                                },
                                {
                                  "kind": "number",
                                  "nativeSrc": "6562:1:7",
                                  "nodeType": "YulLiteral",
                                  "src": "6562:1:7",
                                  "type": "",
                                  "value": "1"
                                }
                              ],
                              "functionName": {
                                "name": "and",
                                "nativeSrc": "6552:3:7",
                                "nodeType": "YulIdentifier",
                                "src": "6552:3:7"
                              },
                              "nativeSrc": "6552:12:7",
                              "nodeType": "YulFunctionCall",
                              "src": "6552:12:7"
                            },
                            "variables": [
                              {
                                "name": "outOfPlaceEncoding",
                                "nativeSrc": "6530:18:7",
                                "nodeType": "YulTypedName",
                                "src": "6530:18:7",
                                "type": ""
                              }
                            ]
                          },
                          {
                            "body": {
                              "nativeSrc": "6603:51:7",
                              "nodeType": "YulBlock",
                              "src": "6603:51:7",
                              "statements": [
                                {
                                  "nativeSrc": "6617:27:7",
                                  "nodeType": "YulAssignment",
                                  "src": "6617:27:7",
                                  "value": {
                                    "arguments": [
                                      {
                                        "name": "length",
                                        "nativeSrc": "6631:6:7",
                                        "nodeType": "YulIdentifier",
                                        "src": "6631:6:7"
                                      },
                                      {
                                        "kind": "number",
                                        "nativeSrc": "6639:4:7",
                                        "nodeType": "YulLiteral",
                                        "src": "6639:4:7",
                                        "type": "",
                                        "value": "0x7f"
                                      }
                                    ],
                                    "functionName": {
                                      "name": "and",
                                      "nativeSrc": "6627:3:7",
                                      "nodeType": "YulIdentifier",
                                      "src": "6627:3:7"
                                    },
                                    "nativeSrc": "6627:17:7",
                                    "nodeType": "YulFunctionCall",
                                    "src": "6627:17:7"
                                  },
                                  "variableNames": [
                                    {
                                      "name": "length",
                                      "nativeSrc": "6617:6:7",
                                      "nodeType": "YulIdentifier",
                                      "src": "6617:6:7"
                                    }
                                  ]
                                }
                              ]
                            },
                            "condition": {
                              "arguments": [
                                {
                                  "name": "outOfPlaceEncoding",
                                  "nativeSrc": "6583:18:7",
                                  "nodeType": "YulIdentifier",
                                  "src": "6583:18:7"
                                }
                              ],
                              "functionName": {
                                "name": "iszero",
                                "nativeSrc": "6576:6:7",
                                "nodeType": "YulIdentifier",
                                "src": "6576:6:7"
                              },
                              "nativeSrc": "6576:26:7",
                              "nodeType": "YulFunctionCall",
                              "src": "6576:26:7"
                            },
                            "nativeSrc": "6573:81:7",
                            "nodeType": "YulIf",
                            "src": "6573:81:7"
                          },
                          {
                            "body": {
                              "nativeSrc": "6706:42:7",
                              "nodeType": "YulBlock",
                              "src": "6706:42:7",
                              "statements": [
                                {
                                  "expression": {
                                    "arguments": [],
                                    "functionName": {
                                      "name": "panic_error_0x22",
                                      "nativeSrc": "6720:16:7",
                                      "nodeType": "YulIdentifier",
                                      "src": "6720:16:7"
                                    },
                                    "nativeSrc": "6720:18:7",
                                    "nodeType": "YulFunctionCall",
                                    "src": "6720:18:7"
                                  },
                                  "nativeSrc": "6720:18:7",
                                  "nodeType": "YulExpressionStatement",
                                  "src": "6720:18:7"
                                }
                              ]
                            },
                            "condition": {
                              "arguments": [
                                {
                                  "name": "outOfPlaceEncoding",
                                  "nativeSrc": "6670:18:7",
                                  "nodeType": "YulIdentifier",
                                  "src": "6670:18:7"
                                },
                                {
                                  "arguments": [
                                    {
                                      "name": "length",
                                      "nativeSrc": "6693:6:7",
                                      "nodeType": "YulIdentifier",
                                      "src": "6693:6:7"
                                    },
                                    {
                                      "kind": "number",
                                      "nativeSrc": "6701:2:7",
                                      "nodeType": "YulLiteral",
                                      "src": "6701:2:7",
                                      "type": "",
                                      "value": "32"
                                    }
                                  ],
                                  "functionName": {
                                    "name": "lt",
                                    "nativeSrc": "6690:2:7",
                                    "nodeType": "YulIdentifier",
                                    "src": "6690:2:7"
                                  },
                                  "nativeSrc": "6690:14:7",
                                  "nodeType": "YulFunctionCall",
                                  "src": "6690:14:7"
                                }
                              ],
                              "functionName": {
                                "name": "eq",
                                "nativeSrc": "6667:2:7",
                                "nodeType": "YulIdentifier",
                                "src": "6667:2:7"
                              },
                              "nativeSrc": "6667:38:7",
                              "nodeType": "YulFunctionCall",
                              "src": "6667:38:7"
                            },
                            "nativeSrc": "6664:84:7",
                            "nodeType": "YulIf",
                            "src": "6664:84:7"
                          }
                        ]
                      },
                      "name": "extract_byte_array_length",
                      "nativeSrc": "6434:320:7",
                      "nodeType": "YulFunctionDefinition",
                      "parameters": [
                        {
                          "name": "data",
                          "nativeSrc": "6469:4:7",
                          "nodeType": "YulTypedName",
                          "src": "6469:4:7",
                          "type": ""
                        }
                      ],
                      "returnVariables": [
                        {
                          "name": "length",
                          "nativeSrc": "6478:6:7",
                          "nodeType": "YulTypedName",
                          "src": "6478:6:7",
                          "type": ""
                        }
                      ],
                      "src": "6434:320:7"
                    },
                    {
                      "body": {
                        "nativeSrc": "6914:288:7",
                        "nodeType": "YulBlock",
                        "src": "6914:288:7",
                        "statements": [
                          {
                            "nativeSrc": "6924:26:7",
                            "nodeType": "YulAssignment",
                            "src": "6924:26:7",
                            "value": {
                              "arguments": [
                                {
                                  "name": "headStart",
                                  "nativeSrc": "6936:9:7",
                                  "nodeType": "YulIdentifier",
                                  "src": "6936:9:7"
                                },
                                {
                                  "kind": "number",
                                  "nativeSrc": "6947:2:7",
                                  "nodeType": "YulLiteral",
                                  "src": "6947:2:7",
                                  "type": "",
                                  "value": "96"
                                }
                              ],
                              "functionName": {
                                "name": "add",
                                "nativeSrc": "6932:3:7",
                                "nodeType": "YulIdentifier",
                                "src": "6932:3:7"
                              },
                              "nativeSrc": "6932:18:7",
                              "nodeType": "YulFunctionCall",
                              "src": "6932:18:7"
                            },
                            "variableNames": [
                              {
                                "name": "tail",
                                "nativeSrc": "6924:4:7",
                                "nodeType": "YulIdentifier",
                                "src": "6924:4:7"
                              }
                            ]
                          },
                          {
                            "expression": {
                              "arguments": [
                                {
                                  "name": "value0",
                                  "nativeSrc": "7004:6:7",
                                  "nodeType": "YulIdentifier",
                                  "src": "7004:6:7"
                                },
                                {
                                  "arguments": [
                                    {
                                      "name": "headStart",
                                      "nativeSrc": "7017:9:7",
                                      "nodeType": "YulIdentifier",
                                      "src": "7017:9:7"
                                    },
                                    {
                                      "kind": "number",
                                      "nativeSrc": "7028:1:7",
                                      "nodeType": "YulLiteral",
                                      "src": "7028:1:7",
                                      "type": "",
                                      "value": "0"
                                    }
                                  ],
                                  "functionName": {
                                    "name": "add",
                                    "nativeSrc": "7013:3:7",
                                    "nodeType": "YulIdentifier",
                                    "src": "7013:3:7"
                                  },
                                  "nativeSrc": "7013:17:7",
                                  "nodeType": "YulFunctionCall",
                                  "src": "7013:17:7"
                                }
                              ],
                              "functionName": {
                                "name": "abi_encode_t_address_to_t_address_fromStack",
                                "nativeSrc": "6960:43:7",
                                "nodeType": "YulIdentifier",
                                "src": "6960:43:7"
                              },
                              "nativeSrc": "6960:71:7",
                              "nodeType": "YulFunctionCall",
                              "src": "6960:71:7"
                            },
                            "nativeSrc": "6960:71:7",
                            "nodeType": "YulExpressionStatement",
                            "src": "6960:71:7"
                          },
                          {
                            "expression": {
                              "arguments": [
                                {
                                  "name": "value1",
                                  "nativeSrc": "7085:6:7",
                                  "nodeType": "YulIdentifier",
                                  "src": "7085:6:7"
                                },
                                {
                                  "arguments": [
                                    {
                                      "name": "headStart",
                                      "nativeSrc": "7098:9:7",
                                      "nodeType": "YulIdentifier",
                                      "src": "7098:9:7"
                                    },
                                    {
                                      "kind": "number",
                                      "nativeSrc": "7109:2:7",
                                      "nodeType": "YulLiteral",
                                      "src": "7109:2:7",
                                      "type": "",
                                      "value": "32"
                                    }
                                  ],
                                  "functionName": {
                                    "name": "add",
                                    "nativeSrc": "7094:3:7",
                                    "nodeType": "YulIdentifier",
                                    "src": "7094:3:7"
                                  },
                                  "nativeSrc": "7094:18:7",
                                  "nodeType": "YulFunctionCall",
                                  "src": "7094:18:7"
                                }
                              ],
                              "functionName": {
                                "name": "abi_encode_t_uint256_to_t_uint256_fromStack",
                                "nativeSrc": "7041:43:7",
                                "nodeType": "YulIdentifier",
                                "src": "7041:43:7"
                              },
                              "nativeSrc": "7041:72:7",
                              "nodeType": "YulFunctionCall",
                              "src": "7041:72:7"
                            },
                            "nativeSrc": "7041:72:7",
                            "nodeType": "YulExpressionStatement",
                            "src": "7041:72:7"
                          },
                          {
                            "expression": {
                              "arguments": [
                                {
                                  "name": "value2",
                                  "nativeSrc": "7167:6:7",
                                  "nodeType": "YulIdentifier",
                                  "src": "7167:6:7"
                                },
                                {
                                  "arguments": [
                                    {
                                      "name": "headStart",
                                      "nativeSrc": "7180:9:7",
                                      "nodeType": "YulIdentifier",
                                      "src": "7180:9:7"
                                    },
                                    {
                                      "kind": "number",
                                      "nativeSrc": "7191:2:7",
                                      "nodeType": "YulLiteral",
                                      "src": "7191:2:7",
                                      "type": "",
                                      "value": "64"
                                    }
                                  ],
                                  "functionName": {
                                    "name": "add",
                                    "nativeSrc": "7176:3:7",
                                    "nodeType": "YulIdentifier",
                                    "src": "7176:3:7"
                                  },
                                  "nativeSrc": "7176:18:7",
                                  "nodeType": "YulFunctionCall",
                                  "src": "7176:18:7"
                                }
                              ],
                              "functionName": {
                                "name": "abi_encode_t_uint256_to_t_uint256_fromStack",
                                "nativeSrc": "7123:43:7",
                                "nodeType": "YulIdentifier",
                                "src": "7123:43:7"
                              },
                              "nativeSrc": "7123:72:7",
                              "nodeType": "YulFunctionCall",
                              "src": "7123:72:7"
                            },
                            "nativeSrc": "7123:72:7",
                            "nodeType": "YulExpressionStatement",
                            "src": "7123:72:7"
                          }
                        ]
                      },
                      "name": "abi_encode_tuple_t_address_t_uint256_t_uint256__to_t_address_t_uint256_t_uint256__fromStack_reversed",
                      "nativeSrc": "6760:442:7",
                      "nodeType": "YulFunctionDefinition",
                      "parameters": [
                        {
                          "name": "headStart",
                          "nativeSrc": "6870:9:7",
                          "nodeType": "YulTypedName",
                          "src": "6870:9:7",
                          "type": ""
                        },
                        {
                          "name": "value2",
                          "nativeSrc": "6882:6:7",
                          "nodeType": "YulTypedName",
                          "src": "6882:6:7",
                          "type": ""
                        },
                        {
                          "name": "value1",
                          "nativeSrc": "6890:6:7",
                          "nodeType": "YulTypedName",
                          "src": "6890:6:7",
                          "type": ""
                        },
                        {
                          "name": "value0",
                          "nativeSrc": "6898:6:7",
                          "nodeType": "YulTypedName",
                          "src": "6898:6:7",
                          "type": ""
                        }
                      ],
                      "returnVariables": [
                        {
                          "name": "tail",
                          "nativeSrc": "6909:4:7",
                          "nodeType": "YulTypedName",
                          "src": "6909:4:7",
                          "type": ""
                        }
                      ],
                      "src": "6760:442:7"
                    },
                    {
                      "body": {
                        "nativeSrc": "7236:152:7",
                        "nodeType": "YulBlock",
                        "src": "7236:152:7",
                        "statements": [
                          {
                            "expression": {
                              "arguments": [
                                {
                                  "kind": "number",
                                  "nativeSrc": "7253:1:7",
                                  "nodeType": "YulLiteral",
                                  "src": "7253:1:7",
                                  "type": "",
                                  "value": "0"
                                },
                                {
                                  "kind": "number",
                                  "nativeSrc": "7256:77:7",
                                  "nodeType": "YulLiteral",
                                  "src": "7256:77:7",
                                  "type": "",
                                  "value": "35408467139433450592217433187231851964531694900788300625387963629091585785856"
                                }
                              ],
                              "functionName": {
                                "name": "mstore",
                                "nativeSrc": "7246:6:7",
                                "nodeType": "YulIdentifier",
                                "src": "7246:6:7"
                              },
                              "nativeSrc": "7246:88:7",
                              "nodeType": "YulFunctionCall",
                              "src": "7246:88:7"
                            },
                            "nativeSrc": "7246:88:7",
                            "nodeType": "YulExpressionStatement",
                            "src": "7246:88:7"
                          },
                          {
                            "expression": {
                              "arguments": [
                                {
                                  "kind": "number",
                                  "nativeSrc": "7350:1:7",
                                  "nodeType": "YulLiteral",
                                  "src": "7350:1:7",
                                  "type": "",
                                  "value": "4"
                                },
                                {
                                  "kind": "number",
                                  "nativeSrc": "7353:4:7",
                                  "nodeType": "YulLiteral",
                                  "src": "7353:4:7",
                                  "type": "",
                                  "value": "0x11"
                                }
                              ],
                              "functionName": {
                                "name": "mstore",
                                "nativeSrc": "7343:6:7",
                                "nodeType": "YulIdentifier",
                                "src": "7343:6:7"
                              },
                              "nativeSrc": "7343:15:7",
                              "nodeType": "YulFunctionCall",
                              "src": "7343:15:7"
                            },
                            "nativeSrc": "7343:15:7",
                            "nodeType": "YulExpressionStatement",
                            "src": "7343:15:7"
                          },
                          {
                            "expression": {
                              "arguments": [
                                {
                                  "kind": "number",
                                  "nativeSrc": "7374:1:7",
                                  "nodeType": "YulLiteral",
                                  "src": "7374:1:7",
                                  "type": "",
                                  "value": "0"
                                },
                                {
                                  "kind": "number",
                                  "nativeSrc": "7377:4:7",
                                  "nodeType": "YulLiteral",
                                  "src": "7377:4:7",
                                  "type": "",
                                  "value": "0x24"
                                }
                              ],
                              "functionName": {
                                "name": "revert",
                                "nativeSrc": "7367:6:7",
                                "nodeType": "YulIdentifier",
                                "src": "7367:6:7"
                              },
                              "nativeSrc": "7367:15:7",
                              "nodeType": "YulFunctionCall",
                              "src": "7367:15:7"
                            },
                            "nativeSrc": "7367:15:7",
                            "nodeType": "YulExpressionStatement",
                            "src": "7367:15:7"
                          }
                        ]
                      },
                      "name": "panic_error_0x11",
                      "nativeSrc": "7208:180:7",
                      "nodeType": "YulFunctionDefinition",
                      "src": "7208:180:7"
                    },
                    {
                      "body": {
                        "nativeSrc": "7438:147:7",
                        "nodeType": "YulBlock",
                        "src": "7438:147:7",
                        "statements": [
                          {
                            "nativeSrc": "7448:25:7",
                            "nodeType": "YulAssignment",
                            "src": "7448:25:7",
                            "value": {
                              "arguments": [
                                {
                                  "name": "x",
                                  "nativeSrc": "7471:1:7",
                                  "nodeType": "YulIdentifier",
                                  "src": "7471:1:7"
                                }
                              ],
                              "functionName": {
                                "name": "cleanup_t_uint256",
                                "nativeSrc": "7453:17:7",
                                "nodeType": "YulIdentifier",
                                "src": "7453:17:7"
                              },
                              "nativeSrc": "7453:20:7",
                              "nodeType": "YulFunctionCall",
                              "src": "7453:20:7"
                            },
                            "variableNames": [
                              {
                                "name": "x",
                                "nativeSrc": "7448:1:7",
                                "nodeType": "YulIdentifier",
                                "src": "7448:1:7"
                              }
                            ]
                          },
                          {
                            "nativeSrc": "7482:25:7",
                            "nodeType": "YulAssignment",
                            "src": "7482:25:7",
                            "value": {
                              "arguments": [
                                {
                                  "name": "y",
                                  "nativeSrc": "7505:1:7",
                                  "nodeType": "YulIdentifier",
                                  "src": "7505:1:7"
                                }
                              ],
                              "functionName": {
                                "name": "cleanup_t_uint256",
                                "nativeSrc": "7487:17:7",
                                "nodeType": "YulIdentifier",
                                "src": "7487:17:7"
                              },
                              "nativeSrc": "7487:20:7",
                              "nodeType": "YulFunctionCall",
                              "src": "7487:20:7"
                            },
                            "variableNames": [
                              {
                                "name": "y",
                                "nativeSrc": "7482:1:7",
                                "nodeType": "YulIdentifier",
                                "src": "7482:1:7"
                              }
                            ]
                          },
                          {
                            "nativeSrc": "7516:16:7",
                            "nodeType": "YulAssignment",
                            "src": "7516:16:7",
                            "value": {
                              "arguments": [
                                {
                                  "name": "x",
                                  "nativeSrc": "7527:1:7",
                                  "nodeType": "YulIdentifier",
                                  "src": "7527:1:7"
                                },
                                {
                                  "name": "y",
                                  "nativeSrc": "7530:1:7",
                                  "nodeType": "YulIdentifier",
                                  "src": "7530:1:7"
                                }
                              ],
                              "functionName": {
                                "name": "add",
                                "nativeSrc": "7523:3:7",
                                "nodeType": "YulIdentifier",
                                "src": "7523:3:7"
                              },
                              "nativeSrc": "7523:9:7",
                              "nodeType": "YulFunctionCall",
                              "src": "7523:9:7"
                            },
                            "variableNames": [
                              {
                                "name": "sum",
                                "nativeSrc": "7516:3:7",
                                "nodeType": "YulIdentifier",
                                "src": "7516:3:7"
                              }
                            ]
                          },
                          {
                            "body": {
                              "nativeSrc": "7556:22:7",
                              "nodeType": "YulBlock",
                              "src": "7556:22:7",
                              "statements": [
                                {
                                  "expression": {
                                    "arguments": [],
                                    "functionName": {
                                      "name": "panic_error_0x11",
                                      "nativeSrc": "7558:16:7",
                                      "nodeType": "YulIdentifier",
                                      "src": "7558:16:7"
                                    },
                                    "nativeSrc": "7558:18:7",
                                    "nodeType": "YulFunctionCall",
                                    "src": "7558:18:7"
                                  },
                                  "nativeSrc": "7558:18:7",
                                  "nodeType": "YulExpressionStatement",
                                  "src": "7558:18:7"
                                }
                              ]
                            },
                            "condition": {
                              "arguments": [
                                {
                                  "name": "x",
                                  "nativeSrc": "7548:1:7",
                                  "nodeType": "YulIdentifier",
                                  "src": "7548:1:7"
                                },
                                {
                                  "name": "sum",
                                  "nativeSrc": "7551:3:7",
                                  "nodeType": "YulIdentifier",
                                  "src": "7551:3:7"
                                }
                              ],
                              "functionName": {
                                "name": "gt",
                                "nativeSrc": "7545:2:7",
                                "nodeType": "YulIdentifier",
                                "src": "7545:2:7"
                              },
                              "nativeSrc": "7545:10:7",
                              "nodeType": "YulFunctionCall",
                              "src": "7545:10:7"
                            },
                            "nativeSrc": "7542:36:7",
                            "nodeType": "YulIf",
                            "src": "7542:36:7"
                          }
                        ]
                      },
                      "name": "checked_add_t_uint256",
                      "nativeSrc": "7394:191:7",
                      "nodeType": "YulFunctionDefinition",
                      "parameters": [
                        {
                          "name": "x",
                          "nativeSrc": "7425:1:7",
                          "nodeType": "YulTypedName",
                          "src": "7425:1:7",
                          "type": ""
                        },
                        {
                          "name": "y",
                          "nativeSrc": "7428:1:7",
                          "nodeType": "YulTypedName",
                          "src": "7428:1:7",
                          "type": ""
                        }
                      ],
                      "returnVariables": [
                        {
                          "name": "sum",
                          "nativeSrc": "7434:3:7",
                          "nodeType": "YulTypedName",
                          "src": "7434:3:7",
                          "type": ""
                        }
                      ],
                      "src": "7394:191:7"
                    }
                  ]
                },
                "contents": "{\n\n    function array_length_t_string_memory_ptr(value) -> length {\n\n        length := mload(value)\n\n    }\n\n    function array_storeLengthForEncoding_t_string_memory_ptr_fromStack(pos, length) -> updated_pos {\n        mstore(pos, length)\n        updated_pos := add(pos, 0x20)\n    }\n\n    function copy_memory_to_memory_with_cleanup(src, dst, length) {\n\n        mcopy(dst, src, length)\n        mstore(add(dst, length), 0)\n\n    }\n\n    function round_up_to_mul_of_32(value) -> result {\n        result := and(add(value, 31), not(31))\n    }\n\n    function abi_encode_t_string_memory_ptr_to_t_string_memory_ptr_fromStack(value, pos) -> end {\n        let length := array_length_t_string_memory_ptr(value)\n        pos := array_storeLengthForEncoding_t_string_memory_ptr_fromStack(pos, length)\n        copy_memory_to_memory_with_cleanup(add(value, 0x20), pos, length)\n        end := add(pos, round_up_to_mul_of_32(length))\n    }\n\n    function abi_encode_tuple_t_string_memory_ptr__to_t_string_memory_ptr__fromStack_reversed(headStart , value0) -> tail {\n        tail := add(headStart, 32)\n\n        mstore(add(headStart, 0), sub(tail, headStart))\n        tail := abi_encode_t_string_memory_ptr_to_t_string_memory_ptr_fromStack(value0,  tail)\n\n    }\n\n    function allocate_unbounded() -> memPtr {\n        memPtr := mload(64)\n    }\n\n    function revert_error_dbdddcbe895c83990c08b3492a0e83918d802a52331272ac6fdb6a7c4aea3b1b() {\n        revert(0, 0)\n    }\n\n    function revert_error_c1322bf8034eace5e0b5c7295db60986aa89aae5e0ea0873e4689e076861a5db() {\n        revert(0, 0)\n    }\n\n    function cleanup_t_uint160(value) -> cleaned {\n        cleaned := and(value, 0xffffffffffffffffffffffffffffffffffffffff)\n    }\n\n    function cleanup_t_address(value) -> cleaned {\n        cleaned := cleanup_t_uint160(value)\n    }\n\n    function validator_revert_t_address(value) {\n        if iszero(eq(value, cleanup_t_address(value))) { revert(0, 0) }\n    }\n\n    function abi_decode_t_address(offset, end) -> value {\n        value := calldataload(offset)\n        validator_revert_t_address(value)\n    }\n\n    function cleanup_t_uint256(value) -> cleaned {\n        cleaned := value\n    }\n\n    function validator_revert_t_uint256(value) {\n        if iszero(eq(value, cleanup_t_uint256(value))) { revert(0, 0) }\n    }\n\n    function abi_decode_t_uint256(offset, end) -> value {\n        value := calldataload(offset)\n        validator_revert_t_uint256(value)\n    }\n\n    function abi_decode_tuple_t_addresst_uint256(headStart, dataEnd) -> value0, value1 {\n        if slt(sub(dataEnd, headStart), 64) { revert_error_dbdddcbe895c83990c08b3492a0e83918d802a52331272ac6fdb6a7c4aea3b1b() }\n\n        {\n\n            let offset := 0\n\n            value0 := abi_decode_t_address(add(headStart, offset), dataEnd)\n        }\n\n        {\n\n            let offset := 32\n\n            value1 := abi_decode_t_uint256(add(headStart, offset), dataEnd)\n        }\n\n    }\n\n    function cleanup_t_bool(value) -> cleaned {\n        cleaned := iszero(iszero(value))\n    }\n\n    function abi_encode_t_bool_to_t_bool_fromStack(value, pos) {\n        mstore(pos, cleanup_t_bool(value))\n    }\n\n    function abi_encode_tuple_t_bool__to_t_bool__fromStack_reversed(headStart , value0) -> tail {\n        tail := add(headStart, 32)\n\n        abi_encode_t_bool_to_t_bool_fromStack(value0,  add(headStart, 0))\n\n    }\n\n    function abi_encode_t_uint256_to_t_uint256_fromStack(value, pos) {\n        mstore(pos, cleanup_t_uint256(value))\n    }\n\n    function abi_encode_tuple_t_uint256__to_t_uint256__fromStack_reversed(headStart , value0) -> tail {\n        tail := add(headStart, 32)\n\n        abi_encode_t_uint256_to_t_uint256_fromStack(value0,  add(headStart, 0))\n\n    }\n\n    function abi_decode_tuple_t_addresst_addresst_uint256(headStart, dataEnd) -> value0, value1, value2 {\n        if slt(sub(dataEnd, headStart), 96) { revert_error_dbdddcbe895c83990c08b3492a0e83918d802a52331272ac6fdb6a7c4aea3b1b() }\n\n        {\n\n            let offset := 0\n\n            value0 := abi_decode_t_address(add(headStart, offset), dataEnd)\n        }\n\n        {\n\n            let offset := 32\n\n            value1 := abi_decode_t_address(add(headStart, offset), dataEnd)\n        }\n\n        {\n\n            let offset := 64\n\n            value2 := abi_decode_t_uint256(add(headStart, offset), dataEnd)\n        }\n\n    }\n\n    function cleanup_t_uint8(value) -> cleaned {\n        cleaned := and(value, 0xff)\n    }\n\n    function abi_encode_t_uint8_to_t_uint8_fromStack(value, pos) {\n        mstore(pos, cleanup_t_uint8(value))\n    }\n\n    function abi_encode_tuple_t_uint8__to_t_uint8__fromStack_reversed(headStart , value0) -> tail {\n        tail := add(headStart, 32)\n\n        abi_encode_t_uint8_to_t_uint8_fromStack(value0,  add(headStart, 0))\n\n    }\n\n    function abi_decode_tuple_t_uint256(headStart, dataEnd) -> value0 {\n        if slt(sub(dataEnd, headStart), 32) { revert_error_dbdddcbe895c83990c08b3492a0e83918d802a52331272ac6fdb6a7c4aea3b1b() }\n\n        {\n\n            let offset := 0\n\n            value0 := abi_decode_t_uint256(add(headStart, offset), dataEnd)\n        }\n\n    }\n\n    function abi_decode_tuple_t_address(headStart, dataEnd) -> value0 {\n        if slt(sub(dataEnd, headStart), 32) { revert_error_dbdddcbe895c83990c08b3492a0e83918d802a52331272ac6fdb6a7c4aea3b1b() }\n\n        {\n\n            let offset := 0\n\n            value0 := abi_decode_t_address(add(headStart, offset), dataEnd)\n        }\n\n    }\n\n    function abi_encode_t_address_to_t_address_fromStack(value, pos) {\n        mstore(pos, cleanup_t_address(value))\n    }\n\n    function abi_encode_tuple_t_address__to_t_address__fromStack_reversed(headStart , value0) -> tail {\n        tail := add(headStart, 32)\n\n        abi_encode_t_address_to_t_address_fromStack(value0,  add(headStart, 0))\n\n    }\n\n    function abi_decode_tuple_t_addresst_address(headStart, dataEnd) -> value0, value1 {\n        if slt(sub(dataEnd, headStart), 64) { revert_error_dbdddcbe895c83990c08b3492a0e83918d802a52331272ac6fdb6a7c4aea3b1b() }\n\n        {\n\n            let offset := 0\n\n            value0 := abi_decode_t_address(add(headStart, offset), dataEnd)\n        }\n\n        {\n\n            let offset := 32\n\n            value1 := abi_decode_t_address(add(headStart, offset), dataEnd)\n        }\n\n    }\n\n    function panic_error_0x22() {\n        mstore(0, 35408467139433450592217433187231851964531694900788300625387963629091585785856)\n        mstore(4, 0x22)\n        revert(0, 0x24)\n    }\n\n    function extract_byte_array_length(data) -> length {\n        length := div(data, 2)\n        let outOfPlaceEncoding := and(data, 1)\n        if iszero(outOfPlaceEncoding) {\n            length := and(length, 0x7f)\n        }\n\n        if eq(outOfPlaceEncoding, lt(length, 32)) {\n            panic_error_0x22()\n        }\n    }\n\n    function abi_encode_tuple_t_address_t_uint256_t_uint256__to_t_address_t_uint256_t_uint256__fromStack_reversed(headStart , value2, value1, value0) -> tail {\n        tail := add(headStart, 96)\n\n        abi_encode_t_address_to_t_address_fromStack(value0,  add(headStart, 0))\n\n        abi_encode_t_uint256_to_t_uint256_fromStack(value1,  add(headStart, 32))\n\n        abi_encode_t_uint256_to_t_uint256_fromStack(value2,  add(headStart, 64))\n\n    }\n\n    function panic_error_0x11() {\n        mstore(0, 35408467139433450592217433187231851964531694900788300625387963629091585785856)\n        mstore(4, 0x11)\n        revert(0, 0x24)\n    }\n\n    function checked_add_t_uint256(x, y) -> sum {\n        x := cleanup_t_uint256(x)\n        y := cleanup_t_uint256(y)\n        sum := add(x, y)\n\n        if gt(x, sum) { panic_error_0x11() }\n\n    }\n\n}\n",
                "id": 7,
                "language": "Yul",
                "name": "#utility.yul"
              }
            ],
            "immutableReferences": {},
            "linkReferences": {},
            "object": "608060405234801561000f575f5ffd5b50600436106100e8575f3560e01c806370a082311161008a57806395d89b411161006457806395d89b4114610236578063a9059cbb14610254578063dd62ed3e14610284578063f2fde38b146102b4576100e8565b806370a08231146101de578063715018a61461020e5780638da5cb5b14610218576100e8565b806323b872dd116100c657806323b872dd14610158578063313ce5671461018857806340c10f19146101a657806342966c68146101c2576100e8565b806306fdde03146100ec578063095ea7b31461010a57806318160ddd1461013a575b5f5ffd5b6100f46102d0565b6040516101019190610e57565b60405180910390f35b610124600480360381019061011f9190610f08565b610360565b6040516101319190610f60565b60405180910390f35b610142610382565b60405161014f9190610f88565b60405180910390f35b610172600480360381019061016d9190610fa1565b61038b565b60405161017f9190610f60565b60405180910390f35b6101906103b9565b60405161019d919061100c565b60405180910390f35b6101c060048036038101906101bb9190610f08565b6103c1565b005b6101dc60048036038101906101d79190611025565b6103d7565b005b6101f860048036038101906101f39190611050565b6103e4565b6040516102059190610f88565b60405180910390f35b610216610429565b005b61022061043c565b60405161022d919061108a565b60405180910390f35b61023e610464565b60405161024b9190610e57565b60405180910390f35b61026e60048036038101906102699190610f08565b6104f4565b60405161027b9190610f60565b60405180910390f35b61029e600480360381019061029991906110a3565b610516565b6040516102ab9190610f88565b60405180910390f35b6102ce60048036038101906102c99190611050565b610598565b005b6060600380546102df9061110e565b80601f016020809104026020016040519081016040528092919081815260200182805461030b9061110e565b80156103565780601f1061032d57610100808354040283529160200191610356565b820191905f5260205f20905b81548152906001019060200180831161033957829003601f168201915b5050505050905090565b5f5f61036a61061c565b9050610377818585610623565b600191505092915050565b5f600254905090565b5f5f61039561061c565b90506103a2858285610635565b6103ad8585856106c7565b60019150509392505050565b5f6012905090565b6103c96107b7565b6103d3828261083e565b5050565b6103e133826108bd565b50565b5f5f5f8373ffffffffffffffffffffffffffffffffffffffff1673ffffffffffffffffffffffffffffffffffffffff1681526020019081526020015f20549050919050565b6104316107b7565b61043a5f61093c565b565b5f60055f9054906101000a900473ffffffffffffffffffffffffffffffffffffffff16905090565b6060600480546104739061110e565b80601f016020809104026020016040519081016040528092919081815260200182805461049f9061110e565b80156104ea5780601f106104c1576101008083540402835291602001916104ea565b820191905f5260205f20905b8154815290600101906020018083116104cd57829003601f168201915b5050505050905090565b5f5f6104fe61061c565b905061050b8185856106c7565b600191505092915050565b5f60015f8473ffffffffffffffffffffffffffffffffffffffff1673ffffffffffffffffffffffffffffffffffffffff1681526020019081526020015f205f8373ffffffffffffffffffffffffffffffffffffffff1673ffffffffffffffffffffffffffffffffffffffff1681526020019081526020015f2054905092915050565b6105a06107b7565b5f73ffffffffffffffffffffffffffffffffffffffff168173ffffffffffffffffffffffffffffffffffffffff1603610610575f6040517f1e4fbdf7000000000000000000000000000000000000000000000000000000008152600401610607919061108a565b60405180910390fd5b6106198161093c565b50565b5f33905090565b61063083838360016109ff565b505050565b5f6106408484610516565b90507fffffffffffffffffffffffffffffffffffffffffffffffffffffffffffffffff81146106c157818110156106b2578281836040517ffb8f41b20000000000000000000000000000000000000000000000000000000081526004016106a99392919061113e565b60405180910390fd5b6106c084848484035f6109ff565b5b50505050565b5f73ffffffffffffffffffffffffffffffffffffffff168373ffffffffffffffffffffffffffffffffffffffff1603610737575f6040517f96c6fd1e00000000000000000000000000000000000000000000000000000000815260040161072e919061108a565b60405180910390fd5b5f73ffffffffffffffffffffffffffffffffffffffff168273ffffffffffffffffffffffffffffffffffffffff16036107a7575f6040517fec442f0500000000000000000000000000000000000000000000000000000000815260040161079e919061108a565b60405180910390fd5b6107b2838383610bce565b505050565b6107bf61061c565b73ffffffffffffffffffffffffffffffffffffffff166107dd61043c565b73ffffffffffffffffffffffffffffffffffffffff161461083c5761080061061c565b6040517f118cdaa7000000000000000000000000000000000000000000000000000000008152600401610833919061108a565b60405180910390fd5b565b5f73ffffffffffffffffffffffffffffffffffffffff168273ffffffffffffffffffffffffffffffffffffffff16036108ae575f6040517fec442f050000000000000000000000000000000000000000000000000000000081526004016108a5919061108a565b60405180910390fd5b6108b95f8383610bce565b5050565b5f73ffffffffffffffffffffffffffffffffffffffff168273ffffffffffffffffffffffffffffffffffffffff160361092d575f6040517f96c6fd1e000000000000000000000000000000000000000000000000000000008152600401610924919061108a565b60405180910390fd5b610938825f83610bce565b5050565b5f60055f9054906101000a900473ffffffffffffffffffffffffffffffffffffffff1690508160055f6101000a81548173ffffffffffffffffffffffffffffffffffffffff021916908373ffffffffffffffffffffffffffffffffffffffff1602179055508173ffffffffffffffffffffffffffffffffffffffff168173ffffffffffffffffffffffffffffffffffffffff167f8be0079c531659141344cd1fd0a4f28419497f9722a3daafe3b4186f6b6457e060405160405180910390a35050565b5f73ffffffffffffffffffffffffffffffffffffffff168473ffffffffffffffffffffffffffffffffffffffff1603610a6f575f6040517fe602df05000000000000000000000000000000000000000000000000000000008152600401610a66919061108a565b60405180910390fd5b5f73ffffffffffffffffffffffffffffffffffffffff168373ffffffffffffffffffffffffffffffffffffffff1603610adf575f6040517f94280d62000000000000000000000000000000000000000000000000000000008152600401610ad6919061108a565b60405180910390fd5b8160015f8673ffffffffffffffffffffffffffffffffffffffff1673ffffffffffffffffffffffffffffffffffffffff1681526020019081526020015f205f8573ffffffffffffffffffffffffffffffffffffffff1673ffffffffffffffffffffffffffffffffffffffff1681526020019081526020015f20819055508015610bc8578273ffffffffffffffffffffffffffffffffffffffff168473ffffffffffffffffffffffffffffffffffffffff167f8c5be1e5ebec7d5bd14f71427d1e84f3dd0314c0f7b2291e5b200ac8c7c3b92584604051610bbf9190610f88565b60405180910390a35b50505050565b5f73ffffffffffffffffffffffffffffffffffffffff168373ffffffffffffffffffffffffffffffffffffffff1603610c1e578060025f828254610c1291906111a0565b92505081905550610cec565b5f5f5f8573ffffffffffffffffffffffffffffffffffffffff1673ffffffffffffffffffffffffffffffffffffffff1681526020019081526020015f2054905081811015610ca7578381836040517fe450d38c000000000000000000000000000000000000000000000000000000008152600401610c9e9392919061113e565b60405180910390fd5b8181035f5f8673ffffffffffffffffffffffffffffffffffffffff1673ffffffffffffffffffffffffffffffffffffffff1681526020019081526020015f2081905550505b5f73ffffffffffffffffffffffffffffffffffffffff168273ffffffffffffffffffffffffffffffffffffffff1603610d33578060025f8282540392505081905550610d7d565b805f5f8473ffffffffffffffffffffffffffffffffffffffff1673ffffffffffffffffffffffffffffffffffffffff1681526020019081526020015f205f82825401925050819055505b8173ffffffffffffffffffffffffffffffffffffffff168373ffffffffffffffffffffffffffffffffffffffff167fddf252ad1be2c89b69c2b068fc378daa952ba7f163c4a11628f55a4df523b3ef83604051610dda9190610f88565b60405180910390a3505050565b5f81519050919050565b5f82825260208201905092915050565b8281835e5f83830152505050565b5f601f19601f8301169050919050565b5f610e2982610de7565b610e338185610df1565b9350610e43818560208601610e01565b610e4c81610e0f565b840191505092915050565b5f6020820190508181035f830152610e6f8184610e1f565b905092915050565b5f5ffd5b5f73ffffffffffffffffffffffffffffffffffffffff82169050919050565b5f610ea482610e7b565b9050919050565b610eb481610e9a565b8114610ebe575f5ffd5b50565b5f81359050610ecf81610eab565b92915050565b5f819050919050565b610ee781610ed5565b8114610ef1575f5ffd5b50565b5f81359050610f0281610ede565b92915050565b5f5f60408385031215610f1e57610f1d610e77565b5b5f610f2b85828601610ec1565b9250506020610f3c85828601610ef4565b9150509250929050565b5f8115159050919050565b610f5a81610f46565b82525050565b5f602082019050610f735f830184610f51565b92915050565b610f8281610ed5565b82525050565b5f602082019050610f9b5f830184610f79565b92915050565b5f5f5f60608486031215610fb857610fb7610e77565b5b5f610fc586828701610ec1565b9350506020610fd686828701610ec1565b9250506040610fe786828701610ef4565b9150509250925092565b5f60ff82169050919050565b61100681610ff1565b82525050565b5f60208201905061101f5f830184610ffd565b92915050565b5f6020828403121561103a57611039610e77565b5b5f61104784828501610ef4565b91505092915050565b5f6020828403121561106557611064610e77565b5b5f61107284828501610ec1565b91505092915050565b61108481610e9a565b82525050565b5f60208201905061109d5f83018461107b565b92915050565b5f5f604083850312156110b9576110b8610e77565b5b5f6110c685828601610ec1565b92505060206110d785828601610ec1565b9150509250929050565b7f4e487b71000000000000000000000000000000000000000000000000000000005f52602260045260245ffd5b5f600282049050600182168061112557607f821691505b602082108103611138576111376110e1565b5b50919050565b5f6060820190506111515f83018661107b565b61115e6020830185610f79565b61116b6040830184610f79565b949350505050565b7f4e487b71000000000000000000000000000000000000000000000000000000005f52601160045260245ffd5b5f6111aa82610ed5565b91506111b583610ed5565b92508282019050808211156111cd576111cc611173565b5b9291505056fea2646970667358221220ccac1fb1eb543eac97cbfc768773aec1376864d99f3aab0fa64a6436e7a523d764736f6c634300081b0033",
            "opcodes": "PUSH1 0x80 PUSH1 0x40 MSTORE CALLVALUE DUP1 ISZERO PUSH2 0xF JUMPI PUSH0 PUSH0 REVERT JUMPDEST POP PUSH1 0x4 CALLDATASIZE LT PUSH2 0xE8 JUMPI PUSH0 CALLDATALOAD PUSH1 0xE0 SHR DUP1 PUSH4 0x70A08231 GT PUSH2 0x8A JUMPI DUP1 PUSH4 0x95D89B41 GT PUSH2 0x64 JUMPI DUP1 PUSH4 0x95D89B41 EQ PUSH2 0x236 JUMPI DUP1 PUSH4 0xA9059CBB EQ PUSH2 0x254 JUMPI DUP1 PUSH4 0xDD62ED3E EQ PUSH2 0x284 JUMPI DUP1 PUSH4 0xF2FDE38B EQ PUSH2 0x2B4 JUMPI PUSH2 0xE8 JUMP JUMPDEST DUP1 PUSH4 0x70A08231 EQ PUSH2 0x1DE JUMPI DUP1 PUSH4 0x715018A6 EQ PUSH2 0x20E JUMPI DUP1 PUSH4 0x8DA5CB5B EQ PUSH2 0x218 JUMPI PUSH2 0xE8 JUMP JUMPDEST DUP1 PUSH4 0x23B872DD GT PUSH2 0xC6 JUMPI DUP1 PUSH4 0x23B872DD EQ PUSH2 0x158 JUMPI DUP1 PUSH4 0x313CE567 EQ PUSH2 0x188 JUMPI DUP1 PUSH4 0x40C10F19 EQ PUSH2 0x1A6 JUMPI DUP1 PUSH4 0x42966C68 EQ PUSH2 0x1C2 JUMPI PUSH2 0xE8 JUMP JUMPDEST DUP1 PUSH4 0x6FDDE03 EQ PUSH2 0xEC JUMPI DUP1 PUSH4 0x95EA7B3 EQ PUSH2 0x10A JUMPI DUP1 PUSH4 0x18160DDD EQ PUSH2 0x13A JUMPI JUMPDEST PUSH0 PUSH0 REVERT JUMPDEST PUSH2 0xF4 PUSH2 0x2D0 JUMP JUMPDEST PUSH1 0x40 MLOAD PUSH2 0x101 SWAP2 SWAP1 PUSH2 0xE57 JUMP JUMPDEST PUSH1 0x40 MLOAD DUP1 SWAP2 SUB SWAP1 RETURN JUMPDEST PUSH2 0x124 PUSH1 0x4 DUP1 CALLDATASIZE SUB DUP2 ADD SWAP1 PUSH2 0x11F SWAP2 SWAP1 PUSH2 0xF08 JUMP JUMPDEST PUSH2 0x360 JUMP JUMPDEST PUSH1 0x40 MLOAD PUSH2 0x131 SWAP2 SWAP1 PUSH2 0xF60 JUMP JUMPDEST PUSH1 0x40 MLOAD DUP1 SWAP2 SUB SWAP1 RETURN JUMPDEST PUSH2 0x142 PUSH2 0x382 JUMP JUMPDEST PUSH1 0x40 MLOAD PUSH2 0x14F SWAP2 SWAP1 PUSH2 0xF88 JUMP JUMPDEST PUSH1 0x40 MLOAD DUP1 SWAP2 SUB SWAP1 RETURN JUMPDEST PUSH2 0x172 PUSH1 0x4 DUP1 CALLDATASIZE SUB DUP2 ADD SWAP1 PUSH2 0x16D SWAP2 SWAP1 PUSH2 0xFA1 JUMP JUMPDEST PUSH2 0x38B JUMP JUMPDEST PUSH1 0x40 MLOAD PUSH2 0x17F SWAP2 SWAP1 PUSH2 0xF60 JUMP JUMPDEST PUSH1 0x40 MLOAD DUP1 SWAP2 SUB SWAP1 RETURN JUMPDEST PUSH2 0x190 PUSH2 0x3B9 JUMP JUMPDEST PUSH1 0x40 MLOAD PUSH2 0x19D SWAP2 SWAP1 PUSH2 0x100C JUMP JUMPDEST PUSH1 0x40 MLOAD DUP1 SWAP2 SUB SWAP1 RETURN JUMPDEST PUSH2 0x1C0 PUSH1 0x4 DUP1 CALLDATASIZE SUB DUP2 ADD SWAP1 PUSH2 0x1BB SWAP2 SWAP1 PUSH2 0xF08 JUMP JUMPDEST PUSH2 0x3C1 JUMP JUMPDEST STOP JUMPDEST PUSH2 0x1DC PUSH1 0x4 DUP1 CALLDATASIZE SUB DUP2 ADD SWAP1 PUSH2 0x1D7 SWAP2 SWAP1 PUSH2 0x1025 JUMP JUMPDEST PUSH2 0x3D7 JUMP JUMPDEST STOP JUMPDEST PUSH2 0x1F8 PUSH1 0x4 DUP1 CALLDATASIZE SUB DUP2 ADD SWAP1 PUSH2 0x1F3 SWAP2 SWAP1 PUSH2 0x1050 JUMP JUMPDEST PUSH2 0x3E4 JUMP JUMPDEST PUSH1 0x40 MLOAD PUSH2 0x205 SWAP2 SWAP1 PUSH2 0xF88 JUMP JUMPDEST PUSH1 0x40 MLOAD DUP1 SWAP2 SUB SWAP1 RETURN JUMPDEST PUSH2 0x216 PUSH2 0x429 JUMP JUMPDEST STOP JUMPDEST PUSH2 0x220 PUSH2 0x43C JUMP JUMPDEST PUSH1 0x40 MLOAD PUSH2 0x22D SWAP2 SWAP1 PUSH2 0x108A JUMP JUMPDEST PUSH1 0x40 MLOAD DUP1 SWAP2 SUB SWAP1 RETURN JUMPDEST PUSH2 0x23E PUSH2 0x464 JUMP JUMPDEST PUSH1 0x40 MLOAD PUSH2 0x24B SWAP2 SWAP1 PUSH2 0xE57 JUMP JUMPDEST PUSH1 0x40 MLOAD DUP1 SWAP2 SUB SWAP1 RETURN JUMPDEST PUSH2 0x26E PUSH1 0x4 DUP1 CALLDATASIZE SUB DUP2 ADD SWAP1 PUSH2 0x269 SWAP2 SWAP1 PUSH2 0xF08 JUMP JUMPDEST PUSH2 0x4F4 JUMP JUMPDEST PUSH1 0x40 MLOAD PUSH2 0x27B SWAP2 SWAP1 PUSH2 0xF60 JUMP JUMPDEST PUSH1 0x40 MLOAD DUP1 SWAP2 SUB SWAP1 RETURN JUMPDEST PUSH2 0x29E PUSH1 0x4 DUP1 CALLDATASIZE SUB DUP2 ADD SWAP1 PUSH2 0x299 SWAP2 SWAP1 PUSH2 0x10A3 JUMP JUMPDEST PUSH2 0x516 JUMP JUMPDEST PUSH1 0x40 MLOAD PUSH2 0x2AB SWAP2 SWAP1 PUSH2 0xF88 JUMP JUMPDEST PUSH1 0x40 MLOAD DUP1 SWAP2 SUB SWAP1 RETURN JUMPDEST PUSH2 0x2CE PUSH1 0x4 DUP1 CALLDATASIZE SUB DUP2 ADD SWAP1 PUSH2 0x2C9 SWAP2 SWAP1 PUSH2 0x1050 JUMP JUMPDEST PUSH2 0x598 JUMP JUMPDEST STOP JUMPDEST PUSH1 0x60 PUSH1 0x3 DUP1 SLOAD PUSH2 0x2DF SWAP1 PUSH2 0x110E JUMP JUMPDEST DUP1 PUSH1 0x1F ADD PUSH1 0x20 DUP1 SWAP2 DIV MUL PUSH1 0x20 ADD PUSH1 0x40 MLOAD SWAP1 DUP2 ADD PUSH1 0x40 MSTORE DUP1 SWAP3 SWAP2 SWAP1 DUP2 DUP2 MSTORE PUSH1 0x20 ADD DUP3 DUP1 SLOAD PUSH2 0x30B SWAP1 PUSH2 0x110E JUMP JUMPDEST DUP1 ISZERO PUSH2 0x356 JUMPI DUP1 PUSH1 0x1F LT PUSH2 0x32D JUMPI PUSH2 0x100 DUP1 DUP4 SLOAD DIV MUL DUP4 MSTORE SWAP2 PUSH1 0x20 ADD SWAP2 PUSH2 0x356 JUMP JUMPDEST DUP3 ADD SWAP2 SWAP1 PUSH0 MSTORE PUSH1 0x20 PUSH0 KECCAK256 SWAP1 JUMPDEST DUP2 SLOAD DUP2 MSTORE SWAP1 PUSH1 0x1 ADD SWAP1 PUSH1 0x20 ADD DUP1 DUP4 GT PUSH2 0x339 JUMPI DUP3 SWAP1 SUB PUSH1 0x1F AND DUP3 ADD SWAP2 JUMPDEST POP POP POP POP POP SWAP1 POP SWAP1 JUMP JUMPDEST PUSH0 PUSH0 PUSH2 0x36A PUSH2 0x61C JUMP JUMPDEST SWAP1 POP PUSH2 0x377 DUP2 DUP6 DUP6 PUSH2 0x623 JUMP JUMPDEST PUSH1 0x1 SWAP2 POP POP SWAP3 SWAP2 POP POP JUMP JUMPDEST PUSH0 PUSH1 0x2 SLOAD SWAP1 POP SWAP1 JUMP JUMPDEST PUSH0 PUSH0 PUSH2 0x395 PUSH2 0x61C JUMP JUMPDEST SWAP1 POP PUSH2 0x3A2 DUP6 DUP3 DUP6 PUSH2 0x635 JUMP JUMPDEST PUSH2 0x3AD DUP6 DUP6 DUP6 PUSH2 0x6C7 JUMP JUMPDEST PUSH1 0x1 SWAP2 POP POP SWAP4 SWAP3 POP POP POP JUMP JUMPDEST PUSH0 PUSH1 0x12 SWAP1 POP SWAP1 JUMP JUMPDEST PUSH2 0x3C9 PUSH2 0x7B7 JUMP JUMPDEST PUSH2 0x3D3 DUP3 DUP3 PUSH2 0x83E JUMP JUMPDEST POP POP JUMP JUMPDEST PUSH2 0x3E1 CALLER DUP3 PUSH2 0x8BD JUMP JUMPDEST POP JUMP JUMPDEST PUSH0 PUSH0 PUSH0 DUP4 PUSH20 0xFFFFFFFFFFFFFFFFFFFFFFFFFFFFFFFFFFFFFFFF AND PUSH20 0xFFFFFFFFFFFFFFFFFFFFFFFFFFFFFFFFFFFFFFFF AND DUP2 MSTORE PUSH1 0x20 ADD SWAP1 DUP2 MSTORE PUSH1 0x20 ADD PUSH0 KECCAK256 SLOAD SWAP1 POP SWAP2 SWAP1 POP JUMP JUMPDEST PUSH2 0x431 PUSH2 0x7B7 JUMP JUMPDEST PUSH2 0x43A PUSH0 PUSH2 0x93C JUMP JUMPDEST JUMP JUMPDEST PUSH0 PUSH1 0x5 PUSH0 SWAP1 SLOAD SWAP1 PUSH2 0x100 EXP SWAP1 DIV PUSH20 0xFFFFFFFFFFFFFFFFFFFFFFFFFFFFFFFFFFFFFFFF AND SWAP1 POP SWAP1 JUMP JUMPDEST PUSH1 0x60 PUSH1 0x4 DUP1 SLOAD PUSH2 0x473 SWAP1 PUSH2 0x110E JUMP JUMPDEST DUP1 PUSH1 0x1F ADD PUSH1 0x20 DUP1 SWAP2 DIV MUL PUSH1 0x20 ADD PUSH1 0x40 MLOAD SWAP1 DUP2 ADD PUSH1 0x40 MSTORE DUP1 SWAP3 SWAP2 SWAP1 DUP2 DUP2 MSTORE PUSH1 0x20 ADD DUP3 DUP1 SLOAD PUSH2 0x49F SWAP1 PUSH2 0x110E JUMP JUMPDEST DUP1 ISZERO PUSH2 0x4EA JUMPI DUP1 PUSH1 0x1F LT PUSH2 0x4C1 JUMPI PUSH2 0x100 DUP1 DUP4 SLOAD DIV MUL DUP4 MSTORE SWAP2 PUSH1 0x20 ADD SWAP2 PUSH2 0x4EA JUMP JUMPDEST DUP3 ADD SWAP2 SWAP1 PUSH0 MSTORE PUSH1 0x20 PUSH0 KECCAK256 SWAP1 JUMPDEST DUP2 SLOAD DUP2 MSTORE SWAP1 PUSH1 0x1 ADD SWAP1 PUSH1 0x20 ADD DUP1 DUP4 GT PUSH2 0x4CD JUMPI DUP3 SWAP1 SUB PUSH1 0x1F AND DUP3 ADD SWAP2 JUMPDEST POP POP POP POP POP SWAP1 POP SWAP1 JUMP JUMPDEST PUSH0 PUSH0 PUSH2 0x4FE PUSH2 0x61C JUMP JUMPDEST SWAP1 POP PUSH2 0x50B DUP2 DUP6 DUP6 PUSH2 0x6C7 JUMP JUMPDEST PUSH1 0x1 SWAP2 POP POP SWAP3 SWAP2 POP POP JUMP JUMPDEST PUSH0 PUSH1 0x1 PUSH0 DUP5 PUSH20 0xFFFFFFFFFFFFFFFFFFFFFFFFFFFFFFFFFFFFFFFF AND PUSH20 0xFFFFFFFFFFFFFFFFFFFFFFFFFFFFFFFFFFFFFFFF AND DUP2 MSTORE PUSH1 0x20 ADD SWAP1 DUP2 MSTORE PUSH1 0x20 ADD PUSH0 KECCAK256 PUSH0 DUP4 PUSH20 0xFFFFFFFFFFFFFFFFFFFFFFFFFFFFFFFFFFFFFFFF AND PUSH20 0xFFFFFFFFFFFFFFFFFFFFFFFFFFFFFFFFFFFFFFFF AND DUP2 MSTORE PUSH1 0x20 ADD SWAP1 DUP2 MSTORE PUSH1 0x20 ADD PUSH0 KECCAK256 SLOAD SWAP1 POP SWAP3 SWAP2 POP POP JUMP JUMPDEST PUSH2 0x5A0 PUSH2 0x7B7 JUMP JUMPDEST PUSH0 PUSH20 0xFFFFFFFFFFFFFFFFFFFFFFFFFFFFFFFFFFFFFFFF AND DUP2 PUSH20 0xFFFFFFFFFFFFFFFFFFFFFFFFFFFFFFFFFFFFFFFF AND SUB PUSH2 0x610 JUMPI PUSH0 PUSH1 0x40 MLOAD PUSH32 0x1E4FBDF700000000000000000000000000000000000000000000000000000000 DUP2 MSTORE PUSH1 0x4 ADD PUSH2 0x607 SWAP2 SWAP1 PUSH2 0x108A JUMP JUMPDEST PUSH1 0x40 MLOAD DUP1 SWAP2 SUB SWAP1 REVERT JUMPDEST PUSH2 0x619 DUP2 PUSH2 0x93C JUMP JUMPDEST POP JUMP JUMPDEST PUSH0 CALLER SWAP1 POP SWAP1 JUMP JUMPDEST PUSH2 0x630 DUP4 DUP4 DUP4 PUSH1 0x1 PUSH2 0x9FF JUMP JUMPDEST POP POP POP JUMP JUMPDEST PUSH0 PUSH2 0x640 DUP5 DUP5 PUSH2 0x516 JUMP JUMPDEST SWAP1 POP PUSH32 0xFFFFFFFFFFFFFFFFFFFFFFFFFFFFFFFFFFFFFFFFFFFFFFFFFFFFFFFFFFFFFFFF DUP2 EQ PUSH2 0x6C1 JUMPI DUP2 DUP2 LT ISZERO PUSH2 0x6B2 JUMPI DUP3 DUP2 DUP4 PUSH1 0x40 MLOAD PUSH32 0xFB8F41B200000000000000000000000000000000000000000000000000000000 DUP2 MSTORE PUSH1 0x4 ADD PUSH2 0x6A9 SWAP4 SWAP3 SWAP2 SWAP1 PUSH2 0x113E JUMP JUMPDEST PUSH1 0x40 MLOAD DUP1 SWAP2 SUB SWAP1 REVERT JUMPDEST PUSH2 0x6C0 DUP5 DUP5 DUP5 DUP5 SUB PUSH0 PUSH2 0x9FF JUMP JUMPDEST JUMPDEST POP POP POP POP JUMP JUMPDEST PUSH0 PUSH20 0xFFFFFFFFFFFFFFFFFFFFFFFFFFFFFFFFFFFFFFFF AND DUP4 PUSH20 0xFFFFFFFFFFFFFFFFFFFFFFFFFFFFFFFFFFFFFFFF AND SUB PUSH2 0x737 JUMPI PUSH0 PUSH1 0x40 MLOAD PUSH32 0x96C6FD1E00000000000000000000000000000000000000000000000000000000 DUP2 MSTORE PUSH1 0x4 ADD PUSH2 0x72E SWAP2 SWAP1 PUSH2 0x108A JUMP JUMPDEST PUSH1 0x40 MLOAD DUP1 SWAP2 SUB SWAP1 REVERT JUMPDEST PUSH0 PUSH20 0xFFFFFFFFFFFFFFFFFFFFFFFFFFFFFFFFFFFFFFFF AND DUP3 PUSH20 0xFFFFFFFFFFFFFFFFFFFFFFFFFFFFFFFFFFFFFFFF AND SUB PUSH2 0x7A7 JUMPI PUSH0 PUSH1 0x40 MLOAD PUSH32 0xEC442F0500000000000000000000000000000000000000000000000000000000 DUP2 MSTORE PUSH1 0x4 ADD PUSH2 0x79E SWAP2 SWAP1 PUSH2 0x108A JUMP JUMPDEST PUSH1 0x40 MLOAD DUP1 SWAP2 SUB SWAP1 REVERT JUMPDEST PUSH2 0x7B2 DUP4 DUP4 DUP4 PUSH2 0xBCE JUMP JUMPDEST POP POP POP JUMP JUMPDEST PUSH2 0x7BF PUSH2 0x61C JUMP JUMPDEST PUSH20 0xFFFFFFFFFFFFFFFFFFFFFFFFFFFFFFFFFFFFFFFF AND PUSH2 0x7DD PUSH2 0x43C JUMP JUMPDEST PUSH20 0xFFFFFFFFFFFFFFFFFFFFFFFFFFFFFFFFFFFFFFFF AND EQ PUSH2 0x83C JUMPI PUSH2 0x800 PUSH2 0x61C JUMP JUMPDEST PUSH1 0x40 MLOAD PUSH32 0x118CDAA700000000000000000000000000000000000000000000000000000000 DUP2 MSTORE PUSH1 0x4 ADD PUSH2 0x833 SWAP2 SWAP1 PUSH2 0x108A JUMP JUMPDEST PUSH1 0x40 MLOAD DUP1 SWAP2 SUB SWAP1 REVERT JUMPDEST JUMP JUMPDEST PUSH0 PUSH20 0xFFFFFFFFFFFFFFFFFFFFFFFFFFFFFFFFFFFFFFFF AND DUP3 PUSH20 0xFFFFFFFFFFFFFFFFFFFFFFFFFFFFFFFFFFFFFFFF AND SUB PUSH2 0x8AE JUMPI PUSH0 PUSH1 0x40 MLOAD PUSH32 0xEC442F0500000000000000000000000000000000000000000000000000000000 DUP2 MSTORE PUSH1 0x4 ADD PUSH2 0x8A5 SWAP2 SWAP1 PUSH2 0x108A JUMP JUMPDEST PUSH1 0x40 MLOAD DUP1 SWAP2 SUB SWAP1 REVERT JUMPDEST PUSH2 0x8B9 PUSH0 DUP4 DUP4 PUSH2 0xBCE JUMP JUMPDEST POP POP JUMP JUMPDEST PUSH0 PUSH20 0xFFFFFFFFFFFFFFFFFFFFFFFFFFFFFFFFFFFFFFFF AND DUP3 PUSH20 0xFFFFFFFFFFFFFFFFFFFFFFFFFFFFFFFFFFFFFFFF AND SUB PUSH2 0x92D JUMPI PUSH0 PUSH1 0x40 MLOAD PUSH32 0x96C6FD1E00000000000000000000000000000000000000000000000000000000 DUP2 MSTORE PUSH1 0x4 ADD PUSH2 0x924 SWAP2 SWAP1 PUSH2 0x108A JUMP JUMPDEST PUSH1 0x40 MLOAD DUP1 SWAP2 SUB SWAP1 REVERT JUMPDEST PUSH2 0x938 DUP3 PUSH0 DUP4 PUSH2 0xBCE JUMP JUMPDEST POP POP JUMP JUMPDEST PUSH0 PUSH1 0x5 PUSH0 SWAP1 SLOAD SWAP1 PUSH2 0x100 EXP SWAP1 DIV PUSH20 0xFFFFFFFFFFFFFFFFFFFFFFFFFFFFFFFFFFFFFFFF AND SWAP1 POP DUP2 PUSH1 0x5 PUSH0 PUSH2 0x100 EXP DUP2 SLOAD DUP2 PUSH20 0xFFFFFFFFFFFFFFFFFFFFFFFFFFFFFFFFFFFFFFFF MUL NOT AND SWAP1 DUP4 PUSH20 0xFFFFFFFFFFFFFFFFFFFFFFFFFFFFFFFFFFFFFFFF AND MUL OR SWAP1 SSTORE POP DUP2 PUSH20 0xFFFFFFFFFFFFFFFFFFFFFFFFFFFFFFFFFFFFFFFF AND DUP2 PUSH20 0xFFFFFFFFFFFFFFFFFFFFFFFFFFFFFFFFFFFFFFFF AND PUSH32 0x8BE0079C531659141344CD1FD0A4F28419497F9722A3DAAFE3B4186F6B6457E0 PUSH1 0x40 MLOAD PUSH1 0x40 MLOAD DUP1 SWAP2 SUB SWAP1 LOG3 POP POP JUMP JUMPDEST PUSH0 PUSH20 0xFFFFFFFFFFFFFFFFFFFFFFFFFFFFFFFFFFFFFFFF AND DUP5 PUSH20 0xFFFFFFFFFFFFFFFFFFFFFFFFFFFFFFFFFFFFFFFF AND SUB PUSH2 0xA6F JUMPI PUSH0 PUSH1 0x40 MLOAD PUSH32 0xE602DF0500000000000000000000000000000000000000000000000000000000 DUP2 MSTORE PUSH1 0x4 ADD PUSH2 0xA66 SWAP2 SWAP1 PUSH2 0x108A JUMP JUMPDEST PUSH1 0x40 MLOAD DUP1 SWAP2 SUB SWAP1 REVERT JUMPDEST PUSH0 PUSH20 0xFFFFFFFFFFFFFFFFFFFFFFFFFFFFFFFFFFFFFFFF AND DUP4 PUSH20 0xFFFFFFFFFFFFFFFFFFFFFFFFFFFFFFFFFFFFFFFF AND SUB PUSH2 0xADF JUMPI PUSH0 PUSH1 0x40 MLOAD PUSH32 0x94280D6200000000000000000000000000000000000000000000000000000000 DUP2 MSTORE PUSH1 0x4 ADD PUSH2 0xAD6 SWAP2 SWAP1 PUSH2 0x108A JUMP JUMPDEST PUSH1 0x40 MLOAD DUP1 SWAP2 SUB SWAP1 REVERT JUMPDEST DUP2 PUSH1 0x1 PUSH0 DUP7 PUSH20 0xFFFFFFFFFFFFFFFFFFFFFFFFFFFFFFFFFFFFFFFF AND PUSH20 0xFFFFFFFFFFFFFFFFFFFFFFFFFFFFFFFFFFFFFFFF AND DUP2 MSTORE PUSH1 0x20 ADD SWAP1 DUP2 MSTORE PUSH1 0x20 ADD PUSH0 KECCAK256 PUSH0 DUP6 PUSH20 0xFFFFFFFFFFFFFFFFFFFFFFFFFFFFFFFFFFFFFFFF AND PUSH20 0xFFFFFFFFFFFFFFFFFFFFFFFFFFFFFFFFFFFFFFFF AND DUP2 MSTORE PUSH1 0x20 ADD SWAP1 DUP2 MSTORE PUSH1 0x20 ADD PUSH0 KECCAK256 DUP2 SWAP1 SSTORE POP DUP1 ISZERO PUSH2 0xBC8 JUMPI DUP3 PUSH20 0xFFFFFFFFFFFFFFFFFFFFFFFFFFFFFFFFFFFFFFFF AND DUP5 PUSH20 0xFFFFFFFFFFFFFFFFFFFFFFFFFFFFFFFFFFFFFFFF AND PUSH32 0x8C5BE1E5EBEC7D5BD14F71427D1E84F3DD0314C0F7B2291E5B200AC8C7C3B925 DUP5 PUSH1 0x40 MLOAD PUSH2 0xBBF SWAP2 SWAP1 PUSH2 0xF88 JUMP JUMPDEST PUSH1 0x40 MLOAD DUP1 SWAP2 SUB SWAP1 LOG3 JUMPDEST POP POP POP POP JUMP JUMPDEST PUSH0 PUSH20 0xFFFFFFFFFFFFFFFFFFFFFFFFFFFFFFFFFFFFFFFF AND DUP4 PUSH20 0xFFFFFFFFFFFFFFFFFFFFFFFFFFFFFFFFFFFFFFFF AND SUB PUSH2 0xC1E JUMPI DUP1 PUSH1 0x2 PUSH0 DUP3 DUP3 SLOAD PUSH2 0xC12 SWAP2 SWAP1 PUSH2 0x11A0 JUMP JUMPDEST SWAP3 POP POP DUP2 SWAP1 SSTORE POP PUSH2 0xCEC JUMP JUMPDEST PUSH0 PUSH0 PUSH0 DUP6 PUSH20 0xFFFFFFFFFFFFFFFFFFFFFFFFFFFFFFFFFFFFFFFF AND PUSH20 0xFFFFFFFFFFFFFFFFFFFFFFFFFFFFFFFFFFFFFFFF AND DUP2 MSTORE PUSH1 0x20 ADD SWAP1 DUP2 MSTORE PUSH1 0x20 ADD PUSH0 KECCAK256 SLOAD SWAP1 POP DUP2 DUP2 LT ISZERO PUSH2 0xCA7 JUMPI DUP4 DUP2 DUP4 PUSH1 0x40 MLOAD PUSH32 0xE450D38C00000000000000000000000000000000000000000000000000000000 DUP2 MSTORE PUSH1 0x4 ADD PUSH2 0xC9E SWAP4 SWAP3 SWAP2 SWAP1 PUSH2 0x113E JUMP JUMPDEST PUSH1 0x40 MLOAD DUP1 SWAP2 SUB SWAP1 REVERT JUMPDEST DUP2 DUP2 SUB PUSH0 PUSH0 DUP7 PUSH20 0xFFFFFFFFFFFFFFFFFFFFFFFFFFFFFFFFFFFFFFFF AND PUSH20 0xFFFFFFFFFFFFFFFFFFFFFFFFFFFFFFFFFFFFFFFF AND DUP2 MSTORE PUSH1 0x20 ADD SWAP1 DUP2 MSTORE PUSH1 0x20 ADD PUSH0 KECCAK256 DUP2 SWAP1 SSTORE POP POP JUMPDEST PUSH0 PUSH20 0xFFFFFFFFFFFFFFFFFFFFFFFFFFFFFFFFFFFFFFFF AND DUP3 PUSH20 0xFFFFFFFFFFFFFFFFFFFFFFFFFFFFFFFFFFFFFFFF AND SUB PUSH2 0xD33 JUMPI DUP1 PUSH1 0x2 PUSH0 DUP3 DUP3 SLOAD SUB SWAP3 POP POP DUP2 SWAP1 SSTORE POP PUSH2 0xD7D JUMP JUMPDEST DUP1 PUSH0 PUSH0 DUP5 PUSH20 0xFFFFFFFFFFFFFFFFFFFFFFFFFFFFFFFFFFFFFFFF AND PUSH20 0xFFFFFFFFFFFFFFFFFFFFFFFFFFFFFFFFFFFFFFFF AND DUP2 MSTORE PUSH1 0x20 ADD SWAP1 DUP2 MSTORE PUSH1 0x20 ADD PUSH0 KECCAK256 PUSH0 DUP3 DUP3 SLOAD ADD SWAP3 POP POP DUP2 SWAP1 SSTORE POP JUMPDEST DUP2 PUSH20 0xFFFFFFFFFFFFFFFFFFFFFFFFFFFFFFFFFFFFFFFF AND DUP4 PUSH20 0xFFFFFFFFFFFFFFFFFFFFFFFFFFFFFFFFFFFFFFFF AND PUSH32 0xDDF252AD1BE2C89B69C2B068FC378DAA952BA7F163C4A11628F55A4DF523B3EF DUP4 PUSH1 0x40 MLOAD PUSH2 0xDDA SWAP2 SWAP1 PUSH2 0xF88 JUMP JUMPDEST PUSH1 0x40 MLOAD DUP1 SWAP2 SUB SWAP1 LOG3 POP POP POP JUMP JUMPDEST PUSH0 DUP2 MLOAD SWAP1 POP SWAP2 SWAP1 POP JUMP JUMPDEST PUSH0 DUP3 DUP3 MSTORE PUSH1 0x20 DUP3 ADD SWAP1 POP SWAP3 SWAP2 POP POP JUMP JUMPDEST DUP3 DUP2 DUP4 MCOPY PUSH0 DUP4 DUP4 ADD MSTORE POP POP POP JUMP JUMPDEST PUSH0 PUSH1 0x1F NOT PUSH1 0x1F DUP4 ADD AND SWAP1 POP SWAP2 SWAP1 POP JUMP JUMPDEST PUSH0 PUSH2 0xE29 DUP3 PUSH2 0xDE7 JUMP JUMPDEST PUSH2 0xE33 DUP2 DUP6 PUSH2 0xDF1 JUMP JUMPDEST SWAP4 POP PUSH2 0xE43 DUP2 DUP6 PUSH1 0x20 DUP7 ADD PUSH2 0xE01 JUMP JUMPDEST PUSH2 0xE4C DUP2 PUSH2 0xE0F JUMP JUMPDEST DUP5 ADD SWAP2 POP POP SWAP3 SWAP2 POP POP JUMP JUMPDEST PUSH0 PUSH1 0x20 DUP3 ADD SWAP1 POP DUP2 DUP2 SUB PUSH0 DUP4 ADD MSTORE PUSH2 0xE6F DUP2 DUP5 PUSH2 0xE1F JUMP JUMPDEST SWAP1 POP SWAP3 SWAP2 POP POP JUMP JUMPDEST PUSH0 PUSH0 REVERT JUMPDEST PUSH0 PUSH20 0xFFFFFFFFFFFFFFFFFFFFFFFFFFFFFFFFFFFFFFFF DUP3 AND SWAP1 POP SWAP2 SWAP1 POP JUMP JUMPDEST PUSH0 PUSH2 0xEA4 DUP3 PUSH2 0xE7B JUMP JUMPDEST SWAP1 POP SWAP2 SWAP1 POP JUMP JUMPDEST PUSH2 0xEB4 DUP2 PUSH2 0xE9A JUMP JUMPDEST DUP2 EQ PUSH2 0xEBE JUMPI PUSH0 PUSH0 REVERT JUMPDEST POP JUMP JUMPDEST PUSH0 DUP2 CALLDATALOAD SWAP1 POP PUSH2 0xECF DUP2 PUSH2 0xEAB JUMP JUMPDEST SWAP3 SWAP2 POP POP JUMP JUMPDEST PUSH0 DUP2 SWAP1 POP SWAP2 SWAP1 POP JUMP JUMPDEST PUSH2 0xEE7 DUP2 PUSH2 0xED5 JUMP JUMPDEST DUP2 EQ PUSH2 0xEF1 JUMPI PUSH0 PUSH0 REVERT JUMPDEST POP JUMP JUMPDEST PUSH0 DUP2 CALLDATALOAD SWAP1 POP PUSH2 0xF02 DUP2 PUSH2 0xEDE JUMP JUMPDEST SWAP3 SWAP2 POP POP JUMP JUMPDEST PUSH0 PUSH0 PUSH1 0x40 DUP4 DUP6 SUB SLT ISZERO PUSH2 0xF1E JUMPI PUSH2 0xF1D PUSH2 0xE77 JUMP JUMPDEST JUMPDEST PUSH0 PUSH2 0xF2B DUP6 DUP3 DUP7 ADD PUSH2 0xEC1 JUMP JUMPDEST SWAP3 POP POP PUSH1 0x20 PUSH2 0xF3C DUP6 DUP3 DUP7 ADD PUSH2 0xEF4 JUMP JUMPDEST SWAP2 POP POP SWAP3 POP SWAP3 SWAP1 POP JUMP JUMPDEST PUSH0 DUP2 ISZERO ISZERO SWAP1 POP SWAP2 SWAP1 POP JUMP JUMPDEST PUSH2 0xF5A DUP2 PUSH2 0xF46 JUMP JUMPDEST DUP3 MSTORE POP POP JUMP JUMPDEST PUSH0 PUSH1 0x20 DUP3 ADD SWAP1 POP PUSH2 0xF73 PUSH0 DUP4 ADD DUP5 PUSH2 0xF51 JUMP JUMPDEST SWAP3 SWAP2 POP POP JUMP JUMPDEST PUSH2 0xF82 DUP2 PUSH2 0xED5 JUMP JUMPDEST DUP3 MSTORE POP POP JUMP JUMPDEST PUSH0 PUSH1 0x20 DUP3 ADD SWAP1 POP PUSH2 0xF9B PUSH0 DUP4 ADD DUP5 PUSH2 0xF79 JUMP JUMPDEST SWAP3 SWAP2 POP POP JUMP JUMPDEST PUSH0 PUSH0 PUSH0 PUSH1 0x60 DUP5 DUP7 SUB SLT ISZERO PUSH2 0xFB8 JUMPI PUSH2 0xFB7 PUSH2 0xE77 JUMP JUMPDEST JUMPDEST PUSH0 PUSH2 0xFC5 DUP7 DUP3 DUP8 ADD PUSH2 0xEC1 JUMP JUMPDEST SWAP4 POP POP PUSH1 0x20 PUSH2 0xFD6 DUP7 DUP3 DUP8 ADD PUSH2 0xEC1 JUMP JUMPDEST SWAP3 POP POP PUSH1 0x40 PUSH2 0xFE7 DUP7 DUP3 DUP8 ADD PUSH2 0xEF4 JUMP JUMPDEST SWAP2 POP POP SWAP3 POP SWAP3 POP SWAP3 JUMP JUMPDEST PUSH0 PUSH1 0xFF DUP3 AND SWAP1 POP SWAP2 SWAP1 POP JUMP JUMPDEST PUSH2 0x1006 DUP2 PUSH2 0xFF1 JUMP JUMPDEST DUP3 MSTORE POP POP JUMP JUMPDEST PUSH0 PUSH1 0x20 DUP3 ADD SWAP1 POP PUSH2 0x101F PUSH0 DUP4 ADD DUP5 PUSH2 0xFFD JUMP JUMPDEST SWAP3 SWAP2 POP POP JUMP JUMPDEST PUSH0 PUSH1 0x20 DUP3 DUP5 SUB SLT ISZERO PUSH2 0x103A JUMPI PUSH2 0x1039 PUSH2 0xE77 JUMP JUMPDEST JUMPDEST PUSH0 PUSH2 0x1047 DUP5 DUP3 DUP6 ADD PUSH2 0xEF4 JUMP JUMPDEST SWAP2 POP POP SWAP3 SWAP2 POP POP JUMP JUMPDEST PUSH0 PUSH1 0x20 DUP3 DUP5 SUB SLT ISZERO PUSH2 0x1065 JUMPI PUSH2 0x1064 PUSH2 0xE77 JUMP JUMPDEST JUMPDEST PUSH0 PUSH2 0x1072 DUP5 DUP3 DUP6 ADD PUSH2 0xEC1 JUMP JUMPDEST SWAP2 POP POP SWAP3 SWAP2 POP POP JUMP JUMPDEST PUSH2 0x1084 DUP2 PUSH2 0xE9A JUMP JUMPDEST DUP3 MSTORE POP POP JUMP JUMPDEST PUSH0 PUSH1 0x20 DUP3 ADD SWAP1 POP PUSH2 0x109D PUSH0 DUP4 ADD DUP5 PUSH2 0x107B JUMP JUMPDEST SWAP3 SWAP2 POP POP JUMP JUMPDEST PUSH0 PUSH0 PUSH1 0x40 DUP4 DUP6 SUB SLT ISZERO PUSH2 0x10B9 JUMPI PUSH2 0x10B8 PUSH2 0xE77 JUMP JUMPDEST JUMPDEST PUSH0 PUSH2 0x10C6 DUP6 DUP3 DUP7 ADD PUSH2 0xEC1 JUMP JUMPDEST SWAP3 POP POP PUSH1 0x20 PUSH2 0x10D7 DUP6 DUP3 DUP7 ADD PUSH2 0xEC1 JUMP JUMPDEST SWAP2 POP POP SWAP3 POP SWAP3 SWAP1 POP JUMP JUMPDEST PUSH32 0x4E487B7100000000000000000000000000000000000000000000000000000000 PUSH0 MSTORE PUSH1 0x22 PUSH1 0x4 MSTORE PUSH1 0x24 PUSH0 REVERT JUMPDEST PUSH0 PUSH1 0x2 DUP3 DIV SWAP1 POP PUSH1 0x1 DUP3 AND DUP1 PUSH2 0x1125 JUMPI PUSH1 0x7F DUP3 AND SWAP2 POP JUMPDEST PUSH1 0x20 DUP3 LT DUP2 SUB PUSH2 0x1138 JUMPI PUSH2 0x1137 PUSH2 0x10E1 JUMP JUMPDEST JUMPDEST POP SWAP2 SWAP1 POP JUMP JUMPDEST PUSH0 PUSH1 0x60 DUP3 ADD SWAP1 POP PUSH2 0x1151 PUSH0 DUP4 ADD DUP7 PUSH2 0x107B JUMP JUMPDEST PUSH2 0x115E PUSH1 0x20 DUP4 ADD DUP6 PUSH2 0xF79 JUMP JUMPDEST PUSH2 0x116B PUSH1 0x40 DUP4 ADD DUP5 PUSH2 0xF79 JUMP JUMPDEST SWAP5 SWAP4 POP POP POP POP JUMP JUMPDEST PUSH32 0x4E487B7100000000000000000000000000000000000000000000000000000000 PUSH0 MSTORE PUSH1 0x11 PUSH1 0x4 MSTORE PUSH1 0x24 PUSH0 REVERT JUMPDEST PUSH0 PUSH2 0x11AA DUP3 PUSH2 0xED5 JUMP JUMPDEST SWAP2 POP PUSH2 0x11B5 DUP4 PUSH2 0xED5 JUMP JUMPDEST SWAP3 POP DUP3 DUP3 ADD SWAP1 POP DUP1 DUP3 GT ISZERO PUSH2 0x11CD JUMPI PUSH2 0x11CC PUSH2 0x1173 JUMP JUMPDEST JUMPDEST SWAP3 SWAP2 POP POP JUMP INVALID LOG2 PUSH5 0x6970667358 0x22 SLT KECCAK256 0xCC 0xAC 0x1F 0xB1 0xEB SLOAD RETURNDATACOPY 0xAC SWAP8 0xCB 0xFC PUSH23 0x8773AEC1376864D99F3AAB0FA64A6436E7A523D764736F PUSH13 0x634300081B0033000000000000 ",
            "sourceMap": "167:360:6:-:0;;;;;;;;;;;;;;;;;;;;;;;;;;;;;;;;;;;;;;;;;;;;;;;;;;;;;;;;;;;;;;;;;;;;;;;;;;;;;;;;;;;;;;;;;;;;;;;;;;;;;;;;;;;;;;;;;;;;;;;;2074:89:2;;;:::i;:::-;;;;;;;:::i;:::-;;;;;;;;4293:186;;;;;;;;;;;;;:::i;:::-;;:::i;:::-;;;;;;;:::i;:::-;;;;;;;;3144:97;;;:::i;:::-;;;;;;;:::i;:::-;;;;;;;;5039:244;;;;;;;;;;;;;:::i;:::-;;:::i;:::-;;;;;;;:::i;:::-;;;;;;;;3002:82;;;:::i;:::-;;;;;;;:::i;:::-;;;;;;;;347:93:6;;;;;;;;;;;;;:::i;:::-;;:::i;:::-;;446:79;;;;;;;;;;;;;:::i;:::-;;:::i;:::-;;3299:116:2;;;;;;;;;;;;;:::i;:::-;;:::i;:::-;;;;;;;:::i;:::-;;;;;;;;2293:101:0;;;:::i;:::-;;1638:85;;;:::i;:::-;;;;;;;:::i;:::-;;;;;;;;2276:93:2;;;:::i;:::-;;;;;;;:::i;:::-;;;;;;;;3610:178;;;;;;;;;;;;;:::i;:::-;;:::i;:::-;;;;;;;:::i;:::-;;;;;;;;3846:140;;;;;;;;;;;;;:::i;:::-;;:::i;:::-;;;;;;;:::i;:::-;;;;;;;;2543:215:0;;;;;;;;;;;;;:::i;:::-;;:::i;:::-;;2074:89:2;2119:13;2151:5;2144:12;;;;;:::i;:::-;;;;;;;;;;;;;;;;;;;;;;;;;;;;;;;;;:::i;:::-;;;;;;;;;;;;;;;;;;;;;;;;;;;;;;;;;;;;;;;;;;;;;;;;;;;;;;;;;;;;;;;;;;;2074:89;:::o;4293:186::-;4366:4;4382:13;4398:12;:10;:12::i;:::-;4382:28;;4420:31;4429:5;4436:7;4445:5;4420:8;:31::i;:::-;4468:4;4461:11;;;4293:186;;;;:::o;3144:97::-;3196:7;3222:12;;3215:19;;3144:97;:::o;5039:244::-;5126:4;5142:15;5160:12;:10;:12::i;:::-;5142:30;;5182:37;5198:4;5204:7;5213:5;5182:15;:37::i;:::-;5229:26;5239:4;5245:2;5249:5;5229:9;:26::i;:::-;5272:4;5265:11;;;5039:244;;;;;:::o;3002:82::-;3051:5;3075:2;3068:9;;3002:82;:::o;347:93:6:-;1531:13:0;:11;:13::i;:::-;416:17:6::1;422:2;426:6;416:5;:17::i;:::-;347:93:::0;;:::o;446:79::-;493:25;499:10;511:6;493:5;:25::i;:::-;446:79;:::o;3299:116:2:-;3364:7;3390:9;:18;3400:7;3390:18;;;;;;;;;;;;;;;;3383:25;;3299:116;;;:::o;2293:101:0:-;1531:13;:11;:13::i;:::-;2357:30:::1;2384:1;2357:18;:30::i;:::-;2293:101::o:0;1638:85::-;1684:7;1710:6;;;;;;;;;;;1703:13;;1638:85;:::o;2276:93:2:-;2323:13;2355:7;2348:14;;;;;:::i;:::-;;;;;;;;;;;;;;;;;;;;;;;;;;;;;;;;;:::i;:::-;;;;;;;;;;;;;;;;;;;;;;;;;;;;;;;;;;;;;;;;;;;;;;;;;;;;;;;;;;;;;;;;;;;2276:93;:::o;3610:178::-;3679:4;3695:13;3711:12;:10;:12::i;:::-;3695:28;;3733:27;3743:5;3750:2;3754:5;3733:9;:27::i;:::-;3777:4;3770:11;;;3610:178;;;;:::o;3846:140::-;3926:7;3952:11;:18;3964:5;3952:18;;;;;;;;;;;;;;;:27;3971:7;3952:27;;;;;;;;;;;;;;;;3945:34;;3846:140;;;;:::o;2543:215:0:-;1531:13;:11;:13::i;:::-;2647:1:::1;2627:22;;:8;:22;;::::0;2623:91:::1;;2700:1;2672:31;;;;;;;;;;;:::i;:::-;;;;;;;;2623:91;2723:28;2742:8;2723:18;:28::i;:::-;2543:215:::0;:::o;656:96:5:-;709:7;735:10;728:17;;656:96;:::o;8989:128:2:-;9073:37;9082:5;9089:7;9098:5;9105:4;9073:8;:37::i;:::-;8989:128;;;:::o;10663:477::-;10762:24;10789:25;10799:5;10806:7;10789:9;:25::i;:::-;10762:52;;10848:17;10828:16;:37;10824:310;;10904:5;10885:16;:24;10881:130;;;10963:7;10972:16;10990:5;10936:60;;;;;;;;;;;;;:::i;:::-;;;;;;;;10881:130;11052:57;11061:5;11068:7;11096:5;11077:16;:24;11103:5;11052:8;:57::i;:::-;10824:310;10752:388;10663:477;;;:::o;5656:300::-;5755:1;5739:18;;:4;:18;;;5735:86;;5807:1;5780:30;;;;;;;;;;;:::i;:::-;;;;;;;;5735:86;5848:1;5834:16;;:2;:16;;;5830:86;;5902:1;5873:32;;;;;;;;;;;:::i;:::-;;;;;;;;5830:86;5925:24;5933:4;5939:2;5943:5;5925:7;:24::i;:::-;5656:300;;;:::o;1796:162:0:-;1866:12;:10;:12::i;:::-;1855:23;;:7;:5;:7::i;:::-;:23;;;1851:101;;1928:12;:10;:12::i;:::-;1901:40;;;;;;;;;;;:::i;:::-;;;;;;;;1851:101;1796:162::o;7721:208:2:-;7810:1;7791:21;;:7;:21;;;7787:91;;7864:1;7835:32;;;;;;;;;;;:::i;:::-;;;;;;;;7787:91;7887:35;7903:1;7907:7;7916:5;7887:7;:35::i;:::-;7721:208;;:::o;8247:206::-;8336:1;8317:21;;:7;:21;;;8313:89;;8388:1;8361:30;;;;;;;;;;;:::i;:::-;;;;;;;;8313:89;8411:35;8419:7;8436:1;8440:5;8411:7;:35::i;:::-;8247:206;;:::o;2912:187:0:-;2985:16;3004:6;;;;;;;;;;;2985:25;;3029:8;3020:6;;:17;;;;;;;;;;;;;;;;;;3083:8;3052:40;;3073:8;3052:40;;;;;;;;;;;;2975:124;2912:187;:::o;9949:432:2:-;10078:1;10061:19;;:5;:19;;;10057:89;;10132:1;10103:32;;;;;;;;;;;:::i;:::-;;;;;;;;10057:89;10178:1;10159:21;;:7;:21;;;10155:90;;10231:1;10203:31;;;;;;;;;;;:::i;:::-;;;;;;;;10155:90;10284:5;10254:11;:18;10266:5;10254:18;;;;;;;;;;;;;;;:27;10273:7;10254:27;;;;;;;;;;;;;;;:35;;;;10303:9;10299:76;;;10349:7;10333:31;;10342:5;10333:31;;;10358:5;10333:31;;;;;;:::i;:::-;;;;;;;;10299:76;9949:432;;;;:::o;6271:1107::-;6376:1;6360:18;;:4;:18;;;6356:540;;6512:5;6496:12;;:21;;;;;;;:::i;:::-;;;;;;;;6356:540;;;6548:19;6570:9;:15;6580:4;6570:15;;;;;;;;;;;;;;;;6548:37;;6617:5;6603:11;:19;6599:115;;;6674:4;6680:11;6693:5;6649:50;;;;;;;;;;;;;:::i;:::-;;;;;;;;6599:115;6866:5;6852:11;:19;6834:9;:15;6844:4;6834:15;;;;;;;;;;;;;;;:37;;;;6534:362;6356:540;6924:1;6910:16;;:2;:16;;;6906:425;;7089:5;7073:12;;:21;;;;;;;;;;;6906:425;;;7301:5;7284:9;:13;7294:2;7284:13;;;;;;;;;;;;;;;;:22;;;;;;;;;;;6906:425;7361:2;7346:25;;7355:4;7346:25;;;7365:5;7346:25;;;;;;:::i;:::-;;;;;;;;6271:1107;;;:::o;7:99:7:-;59:6;93:5;87:12;77:22;;7:99;;;:::o;112:169::-;196:11;230:6;225:3;218:19;270:4;265:3;261:14;246:29;;112:169;;;;:::o;287:139::-;376:6;371:3;366;360:23;417:1;408:6;403:3;399:16;392:27;287:139;;;:::o;432:102::-;473:6;524:2;520:7;515:2;508:5;504:14;500:28;490:38;;432:102;;;:::o;540:377::-;628:3;656:39;689:5;656:39;:::i;:::-;711:71;775:6;770:3;711:71;:::i;:::-;704:78;;791:65;849:6;844:3;837:4;830:5;826:16;791:65;:::i;:::-;881:29;903:6;881:29;:::i;:::-;876:3;872:39;865:46;;632:285;540:377;;;;:::o;923:313::-;1036:4;1074:2;1063:9;1059:18;1051:26;;1123:9;1117:4;1113:20;1109:1;1098:9;1094:17;1087:47;1151:78;1224:4;1215:6;1151:78;:::i;:::-;1143:86;;923:313;;;;:::o;1323:117::-;1432:1;1429;1422:12;1569:126;1606:7;1646:42;1639:5;1635:54;1624:65;;1569:126;;;:::o;1701:96::-;1738:7;1767:24;1785:5;1767:24;:::i;:::-;1756:35;;1701:96;;;:::o;1803:122::-;1876:24;1894:5;1876:24;:::i;:::-;1869:5;1866:35;1856:63;;1915:1;1912;1905:12;1856:63;1803:122;:::o;1931:139::-;1977:5;2015:6;2002:20;1993:29;;2031:33;2058:5;2031:33;:::i;:::-;1931:139;;;;:::o;2076:77::-;2113:7;2142:5;2131:16;;2076:77;;;:::o;2159:122::-;2232:24;2250:5;2232:24;:::i;:::-;2225:5;2222:35;2212:63;;2271:1;2268;2261:12;2212:63;2159:122;:::o;2287:139::-;2333:5;2371:6;2358:20;2349:29;;2387:33;2414:5;2387:33;:::i;:::-;2287:139;;;;:::o;2432:474::-;2500:6;2508;2557:2;2545:9;2536:7;2532:23;2528:32;2525:119;;;2563:79;;:::i;:::-;2525:119;2683:1;2708:53;2753:7;2744:6;2733:9;2729:22;2708:53;:::i;:::-;2698:63;;2654:117;2810:2;2836:53;2881:7;2872:6;2861:9;2857:22;2836:53;:::i;:::-;2826:63;;2781:118;2432:474;;;;;:::o;2912:90::-;2946:7;2989:5;2982:13;2975:21;2964:32;;2912:90;;;:::o;3008:109::-;3089:21;3104:5;3089:21;:::i;:::-;3084:3;3077:34;3008:109;;:::o;3123:210::-;3210:4;3248:2;3237:9;3233:18;3225:26;;3261:65;3323:1;3312:9;3308:17;3299:6;3261:65;:::i;:::-;3123:210;;;;:::o;3339:118::-;3426:24;3444:5;3426:24;:::i;:::-;3421:3;3414:37;3339:118;;:::o;3463:222::-;3556:4;3594:2;3583:9;3579:18;3571:26;;3607:71;3675:1;3664:9;3660:17;3651:6;3607:71;:::i;:::-;3463:222;;;;:::o;3691:619::-;3768:6;3776;3784;3833:2;3821:9;3812:7;3808:23;3804:32;3801:119;;;3839:79;;:::i;:::-;3801:119;3959:1;3984:53;4029:7;4020:6;4009:9;4005:22;3984:53;:::i;:::-;3974:63;;3930:117;4086:2;4112:53;4157:7;4148:6;4137:9;4133:22;4112:53;:::i;:::-;4102:63;;4057:118;4214:2;4240:53;4285:7;4276:6;4265:9;4261:22;4240:53;:::i;:::-;4230:63;;4185:118;3691:619;;;;;:::o;4316:86::-;4351:7;4391:4;4384:5;4380:16;4369:27;;4316:86;;;:::o;4408:112::-;4491:22;4507:5;4491:22;:::i;:::-;4486:3;4479:35;4408:112;;:::o;4526:214::-;4615:4;4653:2;4642:9;4638:18;4630:26;;4666:67;4730:1;4719:9;4715:17;4706:6;4666:67;:::i;:::-;4526:214;;;;:::o;4746:329::-;4805:6;4854:2;4842:9;4833:7;4829:23;4825:32;4822:119;;;4860:79;;:::i;:::-;4822:119;4980:1;5005:53;5050:7;5041:6;5030:9;5026:22;5005:53;:::i;:::-;4995:63;;4951:117;4746:329;;;;:::o;5081:::-;5140:6;5189:2;5177:9;5168:7;5164:23;5160:32;5157:119;;;5195:79;;:::i;:::-;5157:119;5315:1;5340:53;5385:7;5376:6;5365:9;5361:22;5340:53;:::i;:::-;5330:63;;5286:117;5081:329;;;;:::o;5416:118::-;5503:24;5521:5;5503:24;:::i;:::-;5498:3;5491:37;5416:118;;:::o;5540:222::-;5633:4;5671:2;5660:9;5656:18;5648:26;;5684:71;5752:1;5741:9;5737:17;5728:6;5684:71;:::i;:::-;5540:222;;;;:::o;5768:474::-;5836:6;5844;5893:2;5881:9;5872:7;5868:23;5864:32;5861:119;;;5899:79;;:::i;:::-;5861:119;6019:1;6044:53;6089:7;6080:6;6069:9;6065:22;6044:53;:::i;:::-;6034:63;;5990:117;6146:2;6172:53;6217:7;6208:6;6197:9;6193:22;6172:53;:::i;:::-;6162:63;;6117:118;5768:474;;;;;:::o;6248:180::-;6296:77;6293:1;6286:88;6393:4;6390:1;6383:15;6417:4;6414:1;6407:15;6434:320;6478:6;6515:1;6509:4;6505:12;6495:22;;6562:1;6556:4;6552:12;6583:18;6573:81;;6639:4;6631:6;6627:17;6617:27;;6573:81;6701:2;6693:6;6690:14;6670:18;6667:38;6664:84;;6720:18;;:::i;:::-;6664:84;6485:269;6434:320;;;:::o;6760:442::-;6909:4;6947:2;6936:9;6932:18;6924:26;;6960:71;7028:1;7017:9;7013:17;7004:6;6960:71;:::i;:::-;7041:72;7109:2;7098:9;7094:18;7085:6;7041:72;:::i;:::-;7123;7191:2;7180:9;7176:18;7167:6;7123:72;:::i;:::-;6760:442;;;;;;:::o;7208:180::-;7256:77;7253:1;7246:88;7353:4;7350:1;7343:15;7377:4;7374:1;7367:15;7394:191;7434:3;7453:20;7471:1;7453:20;:::i;:::-;7448:25;;7487:20;7505:1;7487:20;:::i;:::-;7482:25;;7530:1;7527;7523:9;7516:16;;7551:3;7548:1;7545:10;7542:36;;;7558:18;;:::i;:::-;7542:36;7394:191;;;;:::o"
          },
          "gasEstimates": {
            "creation": {
              "codeDepositCost": "923400",
              "executionCost": "infinite",
              "totalCost": "infinite"
            },
            "external": {
              "allowance(address,address)": "infinite",
              "approve(address,uint256)": "infinite",
              "balanceOf(address)": "2851",
              "burn(uint256)": "infinite",
              "decimals()": "383",
              "mint(address,uint256)": "infinite",
              "name()": "infinite",
              "owner()": "2582",
              "renounceOwnership()": "infinite",
              "symbol()": "infinite",
              "totalSupply()": "2500",
              "transfer(address,uint256)": "infinite",
              "transferFrom(address,address,uint256)": "infinite",
              "transferOwnership(address)": "infinite"
            }
          },
          "legacyAssembly": {
            ".code": [
              {
                "begin": 167,
                "end": 527,
                "name": "PUSH",
                "source": 6,
                "value": "80"
              },
              {
                "begin": 167,
                "end": 527,
                "name": "PUSH",
                "source": 6,
                "value": "40"
              },
              {
                "begin": 167,
                "end": 527,
                "name": "MSTORE",
                "source": 6
              },
              {
                "begin": 209,
                "end": 341,
                "name": "CALLVALUE",
                "source": 6
              },
              {
                "begin": 209,
                "end": 341,
                "name": "DUP1",
                "source": 6
              },
              {
                "begin": 209,
                "end": 341,
                "name": "ISZERO",
                "source": 6
              },
              {
                "begin": 209,
                "end": 341,
                "name": "PUSH [tag]",
                "source": 6,
                "value": "1"
              },
              {
                "begin": 209,
                "end": 341,
                "name": "JUMPI",
                "source": 6
              },
              {
                "begin": 209,
                "end": 341,
                "name": "PUSH",
                "source": 6,
                "value": "0"
              },
              {
                "begin": 209,
                "end": 341,
                "name": "PUSH",
                "source": 6,
                "value": "0"
              },
              {
                "begin": 209,
                "end": 341,
                "name": "REVERT",
                "source": 6
              },
              {
                "begin": 209,
                "end": 341,
                "name": "tag",
                "source": 6,
                "value": "1"
              },
              {
                "begin": 209,
                "end": 341,
                "name": "JUMPDEST",
                "source": 6
              },
              {
                "begin": 209,
                "end": 341,
                "name": "POP",
                "source": 6
              },
              {
                "begin": 209,
                "end": 341,
                "name": "PUSH",
                "source": 6,
                "value": "40"
              },
              {
                "begin": 209,
                "end": 341,
                "name": "MLOAD",
                "source": 6
              },
              {
                "begin": 209,
                "end": 341,
                "name": "PUSHSIZE",
                "source": 6
              },
              {
                "begin": 209,
                "end": 341,
                "name": "CODESIZE",
                "source": 6
              },
              {
                "begin": 209,
                "end": 341,
                "name": "SUB",
                "source": 6
              },
              {
                "begin": 209,
                "end": 341,
                "name": "DUP1",
                "source": 6
              },
              {
                "begin": 209,
                "end": 341,
                "name": "PUSHSIZE",
                "source": 6
              },
              {
                "begin": 209,
                "end": 341,
                "name": "DUP4",
                "source": 6
              },
              {
                "begin": 209,
                "end": 341,
                "name": "CODECOPY",
                "source": 6
              },
              {
                "begin": 209,
                "end": 341,
                "name": "DUP2",
                "source": 6
              },
              {
                "begin": 209,
                "end": 341,
                "name": "DUP2",
                "source": 6
              },
              {
                "begin": 209,
                "end": 341,
                "name": "ADD",
                "source": 6
              },
              {
                "begin": 209,
                "end": 341,
                "name": "PUSH",
                "source": 6,
                "value": "40"
              },
              {
                "begin": 209,
                "end": 341,
                "name": "MSTORE",
                "source": 6
              },
              {
                "begin": 209,
                "end": 341,
                "name": "DUP2",
                "source": 6
              },
              {
                "begin": 209,
                "end": 341,
                "name": "ADD",
                "source": 6
              },
              {
                "begin": 209,
                "end": 341,
                "name": "SWAP1",
                "source": 6
              },
              {
                "begin": 209,
                "end": 341,
                "name": "PUSH [tag]",
                "source": 6,
                "value": "2"
              },
              {
                "begin": 209,
                "end": 341,
                "name": "SWAP2",
                "source": 6
              },
              {
                "begin": 209,
                "end": 341,
                "name": "SWAP1",
                "source": 6
              },
              {
                "begin": 209,
                "end": 341,
                "name": "PUSH [tag]",
                "source": 6,
                "value": "3"
              },
              {
                "begin": 209,
                "end": 341,
                "jumpType": "[in]",
                "name": "JUMP",
                "source": 6
              },
              {
                "begin": 209,
                "end": 341,
                "name": "tag",
                "source": 6,
                "value": "2"
              },
              {
                "begin": 209,
                "end": 341,
                "name": "JUMPDEST",
                "source": 6
              },
              {
                "begin": 280,
                "end": 290,
                "name": "CALLER",
                "source": 6
              },
              {
                "begin": 1896,
                "end": 2009,
                "name": "PUSH",
                "source": 2,
                "value": "40"
              },
              {
                "begin": 1896,
                "end": 2009,
                "name": "MLOAD",
                "source": 2
              },
              {
                "begin": 1896,
                "end": 2009,
                "name": "DUP1",
                "source": 2
              },
              {
                "begin": 1896,
                "end": 2009,
                "name": "PUSH",
                "source": 2,
                "value": "40"
              },
              {
                "begin": 1896,
                "end": 2009,
                "name": "ADD",
                "source": 2
              },
              {
                "begin": 1896,
                "end": 2009,
                "name": "PUSH",
                "source": 2,
                "value": "40"
              },
              {
                "begin": 1896,
                "end": 2009,
                "name": "MSTORE",
                "source": 2
              },
              {
                "begin": 1896,
                "end": 2009,
                "name": "DUP1",
                "source": 2
              },
              {
                "begin": 1896,
                "end": 2009,
                "name": "PUSH",
                "source": 2,
                "value": "9"
              },
              {
                "begin": 1896,
                "end": 2009,
                "name": "DUP2",
                "source": 2
              },
              {
                "begin": 1896,
                "end": 2009,
                "name": "MSTORE",
                "source": 2
              },
              {
                "begin": 1896,
                "end": 2009,
                "name": "PUSH",
                "source": 2,
                "value": "20"
              },
              {
                "begin": 1896,
                "end": 2009,
                "name": "ADD",
                "source": 2
              },
              {
                "begin": 1896,
                "end": 2009,
                "name": "PUSH",
                "source": 2,
                "value": "4D6F636B20555344540000000000000000000000000000000000000000000000"
              },
              {
                "begin": 1896,
                "end": 2009,
                "name": "DUP2",
                "source": 2
              },
              {
                "begin": 1896,
                "end": 2009,
                "name": "MSTORE",
                "source": 2
              },
              {
                "begin": 1896,
                "end": 2009,
                "name": "POP",
                "source": 2
              },
              {
                "begin": 1896,
                "end": 2009,
                "name": "PUSH",
                "source": 2,
                "value": "40"
              },
              {
                "begin": 1896,
                "end": 2009,
                "name": "MLOAD",
                "source": 2
              },
              {
                "begin": 1896,
                "end": 2009,
                "name": "DUP1",
                "source": 2
              },
              {
                "begin": 1896,
                "end": 2009,
                "name": "PUSH",
                "source": 2,
                "value": "40"
              },
              {
                "begin": 1896,
                "end": 2009,
                "name": "ADD",
                "source": 2
              },
              {
                "begin": 1896,
                "end": 2009,
                "name": "PUSH",
                "source": 2,
                "value": "40"
              },
              {
                "begin": 1896,
                "end": 2009,
                "name": "MSTORE",
                "source": 2
              },
              {
                "begin": 1896,
                "end": 2009,
                "name": "DUP1",
                "source": 2
              },
              {
                "begin": 1896,
                "end": 2009,
                "name": "PUSH",
                "source": 2,
                "value": "5"
              },
              {
                "begin": 1896,
                "end": 2009,
                "name": "DUP2",
                "source": 2
              },
              {
                "begin": 1896,
                "end": 2009,
                "name": "MSTORE",
                "source": 2
              },
              {
                "begin": 1896,
                "end": 2009,
                "name": "PUSH",
                "source": 2,
                "value": "20"
              },
              {
                "begin": 1896,
                "end": 2009,
                "name": "ADD",
                "source": 2
              },
              {
                "begin": 1896,
                "end": 2009,
                "name": "PUSH",
                "source": 2,
                "value": "6D55534454000000000000000000000000000000000000000000000000000000"
              },
              {
                "begin": 1896,
                "end": 2009,
                "name": "DUP2",
                "source": 2
              },
              {
                "begin": 1896,
                "end": 2009,
                "name": "MSTORE",
                "source": 2
              },
              {
                "begin": 1896,
                "end": 2009,
                "name": "POP",
                "source": 2
              },
              {
                "begin": 1970,
                "end": 1975,
                "name": "DUP2",
                "source": 2
              },
              {
                "begin": 1962,
                "end": 1967,
                "name": "PUSH",
                "source": 2,
                "value": "3"
              },
              {
                "begin": 1962,
                "end": 1975,
                "name": "SWAP1",
                "source": 2
              },
              {
                "begin": 1962,
                "end": 1975,
                "name": "DUP2",
                "source": 2
              },
              {
                "begin": 1962,
                "end": 1975,
                "name": "PUSH [tag]",
                "source": 2,
                "value": "8"
              },
              {
                "begin": 1962,
                "end": 1975,
                "name": "SWAP2",
                "source": 2
              },
              {
                "begin": 1962,
                "end": 1975,
                "name": "SWAP1",
                "source": 2
              },
              {
                "begin": 1962,
                "end": 1975,
                "name": "PUSH [tag]",
                "source": 2,
                "value": "9"
              },
              {
                "begin": 1962,
                "end": 1975,
                "jumpType": "[in]",
                "name": "JUMP",
                "source": 2
              },
              {
                "begin": 1962,
                "end": 1975,
                "name": "tag",
                "source": 2,
                "value": "8"
              },
              {
                "begin": 1962,
                "end": 1975,
                "name": "JUMPDEST",
                "source": 2
              },
              {
                "begin": 1962,
                "end": 1975,
                "name": "POP",
                "source": 2
              },
              {
                "begin": 1995,
                "end": 2002,
                "name": "DUP1",
                "source": 2
              },
              {
                "begin": 1985,
                "end": 1992,
                "name": "PUSH",
                "source": 2,
                "value": "4"
              },
              {
                "begin": 1985,
                "end": 2002,
                "name": "SWAP1",
                "source": 2
              },
              {
                "begin": 1985,
                "end": 2002,
                "name": "DUP2",
                "source": 2
              },
              {
                "begin": 1985,
                "end": 2002,
                "name": "PUSH [tag]",
                "source": 2,
                "value": "10"
              },
              {
                "begin": 1985,
                "end": 2002,
                "name": "SWAP2",
                "source": 2
              },
              {
                "begin": 1985,
                "end": 2002,
                "name": "SWAP1",
                "source": 2
              },
              {
                "begin": 1985,
                "end": 2002,
                "name": "PUSH [tag]",
                "source": 2,
                "value": "9"
              },
              {
                "begin": 1985,
                "end": 2002,
                "jumpType": "[in]",
                "name": "JUMP",
                "source": 2
              },
              {
                "begin": 1985,
                "end": 2002,
                "name": "tag",
                "source": 2,
                "value": "10"
              },
              {
                "begin": 1985,
                "end": 2002,
                "name": "JUMPDEST",
                "source": 2
              },
              {
                "begin": 1985,
                "end": 2002,
                "name": "POP",
                "source": 2
              },
              {
                "begin": 1896,
                "end": 2009,
                "name": "POP",
                "source": 2
              },
              {
                "begin": 1896,
                "end": 2009,
                "name": "POP",
                "source": 2
              },
              {
                "begin": 1297,
                "end": 1298,
                "name": "PUSH",
                "source": 0,
                "value": "0"
              },
              {
                "begin": 1273,
                "end": 1299,
                "name": "PUSH",
                "source": 0,
                "value": "FFFFFFFFFFFFFFFFFFFFFFFFFFFFFFFFFFFFFFFF"
              },
              {
                "begin": 1273,
                "end": 1299,
                "name": "AND",
                "source": 0
              },
              {
                "begin": 1273,
                "end": 1285,
                "name": "DUP2",
                "source": 0
              },
              {
                "begin": 1273,
                "end": 1299,
                "name": "PUSH",
                "source": 0,
                "value": "FFFFFFFFFFFFFFFFFFFFFFFFFFFFFFFFFFFFFFFF"
              },
              {
                "begin": 1273,
                "end": 1299,
                "name": "AND",
                "source": 0
              },
              {
                "begin": 1273,
                "end": 1299,
                "name": "SUB",
                "source": 0
              },
              {
                "begin": 1269,
                "end": 1364,
                "name": "PUSH [tag]",
                "source": 0,
                "value": "12"
              },
              {
                "begin": 1269,
                "end": 1364,
                "name": "JUMPI",
                "source": 0
              },
              {
                "begin": 1350,
                "end": 1351,
                "name": "PUSH",
                "source": 0,
                "value": "0"
              },
              {
                "begin": 1322,
                "end": 1353,
                "name": "PUSH",
                "source": 0,
                "value": "40"
              },
              {
                "begin": 1322,
                "end": 1353,
                "name": "MLOAD",
                "source": 0
              },
              {
                "begin": 1322,
                "end": 1353,
                "name": "PUSH",
                "source": 0,
                "value": "1E4FBDF700000000000000000000000000000000000000000000000000000000"
              },
              {
                "begin": 1322,
                "end": 1353,
                "name": "DUP2",
                "source": 0
              },
              {
                "begin": 1322,
                "end": 1353,
                "name": "MSTORE",
                "source": 0
              },
              {
                "begin": 1322,
                "end": 1353,
                "name": "PUSH",
                "source": 0,
                "value": "4"
              },
              {
                "begin": 1322,
                "end": 1353,
                "name": "ADD",
                "source": 0
              },
              {
                "begin": 1322,
                "end": 1353,
                "name": "PUSH [tag]",
                "source": 0,
                "value": "13"
              },
              {
                "begin": 1322,
                "end": 1353,
                "name": "SWAP2",
                "source": 0
              },
              {
                "begin": 1322,
                "end": 1353,
                "name": "SWAP1",
                "source": 0
              },
              {
                "begin": 1322,
                "end": 1353,
                "name": "PUSH [tag]",
                "source": 0,
                "value": "14"
              },
              {
                "begin": 1322,
                "end": 1353,
                "jumpType": "[in]",
                "name": "JUMP",
                "source": 0
              },
              {
                "begin": 1322,
                "end": 1353,
                "name": "tag",
                "source": 0,
                "value": "13"
              },
              {
                "begin": 1322,
                "end": 1353,
                "name": "JUMPDEST",
                "source": 0
              },
              {
                "begin": 1322,
                "end": 1353,
                "name": "PUSH",
                "source": 0,
                "value": "40"
              },
              {
                "begin": 1322,
                "end": 1353,
                "name": "MLOAD",
                "source": 0
              },
              {
                "begin": 1322,
                "end": 1353,
                "name": "DUP1",
                "source": 0
              },
              {
                "begin": 1322,
                "end": 1353,
                "name": "SWAP2",
                "source": 0
              },
              {
                "begin": 1322,
                "end": 1353,
                "name": "SUB",
                "source": 0
              },
              {
                "begin": 1322,
                "end": 1353,
                "name": "SWAP1",
                "source": 0
              },
              {
                "begin": 1322,
                "end": 1353,
                "name": "REVERT",
                "source": 0
              },
              {
                "begin": 1269,
                "end": 1364,
                "name": "tag",
                "source": 0,
                "value": "12"
              },
              {
                "begin": 1269,
                "end": 1364,
                "name": "JUMPDEST",
                "source": 0
              },
              {
                "begin": 1373,
                "end": 1405,
                "name": "PUSH [tag]",
                "source": 0,
                "value": "15"
              },
              {
                "begin": 1392,
                "end": 1404,
                "name": "DUP2",
                "source": 0
              },
              {
                "begin": 1373,
                "end": 1391,
                "name": "PUSH [tag]",
                "source": 0,
                "value": "16"
              },
              {
                "begin": 1373,
                "end": 1391,
                "name": "PUSH",
                "source": 0,
                "value": "20"
              },
              {
                "begin": 1373,
                "end": 1391,
                "name": "SHL",
                "source": 0
              },
              {
                "begin": 1373,
                "end": 1405,
                "name": "PUSH",
                "source": 0,
                "value": "20"
              },
              {
                "begin": 1373,
                "end": 1405,
                "name": "SHR",
                "source": 0
              },
              {
                "begin": 1373,
                "end": 1405,
                "jumpType": "[in]",
                "name": "JUMP",
                "source": 0
              },
              {
                "begin": 1373,
                "end": 1405,
                "name": "tag",
                "source": 0,
                "value": "15"
              },
              {
                "begin": 1373,
                "end": 1405,
                "name": "JUMPDEST",
                "source": 0
              },
              {
                "begin": 1225,
                "end": 1412,
                "name": "POP",
                "source": 0
              },
              {
                "begin": 302,
                "end": 334,
                "modifierDepth": 2,
                "name": "PUSH [tag]",
                "source": 6,
                "value": "18"
              },
              {
                "begin": 308,
                "end": 318,
                "modifierDepth": 2,
                "name": "CALLER",
                "source": 6
              },
              {
                "begin": 320,
                "end": 333,
                "modifierDepth": 2,
                "name": "DUP3",
                "source": 6
              },
              {
                "begin": 302,
                "end": 307,
                "modifierDepth": 2,
                "name": "PUSH [tag]",
                "source": 6,
                "value": "19"
              },
              {
                "begin": 302,
                "end": 307,
                "modifierDepth": 2,
                "name": "PUSH",
                "source": 6,
                "value": "20"
              },
              {
                "begin": 302,
                "end": 307,
                "modifierDepth": 2,
                "name": "SHL",
                "source": 6
              },
              {
                "begin": 302,
                "end": 334,
                "modifierDepth": 2,
                "name": "PUSH",
                "source": 6,
                "value": "20"
              },
              {
                "begin": 302,
                "end": 334,
                "modifierDepth": 2,
                "name": "SHR",
                "source": 6
              },
              {
                "begin": 302,
                "end": 334,
                "jumpType": "[in]",
                "modifierDepth": 2,
                "name": "JUMP",
                "source": 6
              },
              {
                "begin": 302,
                "end": 334,
                "modifierDepth": 2,
                "name": "tag",
                "source": 6,
                "value": "18"
              },
              {
                "begin": 302,
                "end": 334,
                "modifierDepth": 2,
                "name": "JUMPDEST",
                "source": 6
              },
              {
                "begin": 209,
                "end": 341,
                "name": "POP",
                "source": 6
              },
              {
                "begin": 167,
                "end": 527,
                "name": "PUSH [tag]",
                "source": 6,
                "value": "20"
              },
              {
                "begin": 167,
                "end": 527,
                "name": "JUMP",
                "source": 6
              },
              {
                "begin": 2912,
                "end": 3099,
                "name": "tag",
                "source": 0,
                "value": "16"
              },
              {
                "begin": 2912,
                "end": 3099,
                "name": "JUMPDEST",
                "source": 0
              },
              {
                "begin": 2985,
                "end": 3001,
                "name": "PUSH",
                "source": 0,
                "value": "0"
              },
              {
                "begin": 3004,
                "end": 3010,
                "name": "PUSH",
                "source": 0,
                "value": "5"
              },
              {
                "begin": 3004,
                "end": 3010,
                "name": "PUSH",
                "source": 0,
                "value": "0"
              },
              {
                "begin": 3004,
                "end": 3010,
                "name": "SWAP1",
                "source": 0
              },
              {
                "begin": 3004,
                "end": 3010,
                "name": "SLOAD",
                "source": 0
              },
              {
                "begin": 3004,
                "end": 3010,
                "name": "SWAP1",
                "source": 0
              },
              {
                "begin": 3004,
                "end": 3010,
                "name": "PUSH",
                "source": 0,
                "value": "100"
              },
              {
                "begin": 3004,
                "end": 3010,
                "name": "EXP",
                "source": 0
              },
              {
                "begin": 3004,
                "end": 3010,
                "name": "SWAP1",
                "source": 0
              },
              {
                "begin": 3004,
                "end": 3010,
                "name": "DIV",
                "source": 0
              },
              {
                "begin": 3004,
                "end": 3010,
                "name": "PUSH",
                "source": 0,
                "value": "FFFFFFFFFFFFFFFFFFFFFFFFFFFFFFFFFFFFFFFF"
              },
              {
                "begin": 3004,
                "end": 3010,
                "name": "AND",
                "source": 0
              },
              {
                "begin": 2985,
                "end": 3010,
                "name": "SWAP1",
                "source": 0
              },
              {
                "begin": 2985,
                "end": 3010,
                "name": "POP",
                "source": 0
              },
              {
                "begin": 3029,
                "end": 3037,
                "name": "DUP2",
                "source": 0
              },
              {
                "begin": 3020,
                "end": 3026,
                "name": "PUSH",
                "source": 0,
                "value": "5"
              },
              {
                "begin": 3020,
                "end": 3026,
                "name": "PUSH",
                "source": 0,
                "value": "0"
              },
              {
                "begin": 3020,
                "end": 3037,
                "name": "PUSH",
                "source": 0,
                "value": "100"
              },
              {
                "begin": 3020,
                "end": 3037,
                "name": "EXP",
                "source": 0
              },
              {
                "begin": 3020,
                "end": 3037,
                "name": "DUP2",
                "source": 0
              },
              {
                "begin": 3020,
                "end": 3037,
                "name": "SLOAD",
                "source": 0
              },
              {
                "begin": 3020,
                "end": 3037,
                "name": "DUP2",
                "source": 0
              },
              {
                "begin": 3020,
                "end": 3037,
                "name": "PUSH",
                "source": 0,
                "value": "FFFFFFFFFFFFFFFFFFFFFFFFFFFFFFFFFFFFFFFF"
              },
              {
                "begin": 3020,
                "end": 3037,
                "name": "MUL",
                "source": 0
              },
              {
                "begin": 3020,
                "end": 3037,
                "name": "NOT",
                "source": 0
              },
              {
                "begin": 3020,
                "end": 3037,
                "name": "AND",
                "source": 0
              },
              {
                "begin": 3020,
                "end": 3037,
                "name": "SWAP1",
                "source": 0
              },
              {
                "begin": 3020,
                "end": 3037,
                "name": "DUP4",
                "source": 0
              },
              {
                "begin": 3020,
                "end": 3037,
                "name": "PUSH",
                "source": 0,
                "value": "FFFFFFFFFFFFFFFFFFFFFFFFFFFFFFFFFFFFFFFF"
              },
              {
                "begin": 3020,
                "end": 3037,
                "name": "AND",
                "source": 0
              },
              {
                "begin": 3020,
                "end": 3037,
                "name": "MUL",
                "source": 0
              },
              {
                "begin": 3020,
                "end": 3037,
                "name": "OR",
                "source": 0
              },
              {
                "begin": 3020,
                "end": 3037,
                "name": "SWAP1",
                "source": 0
              },
              {
                "begin": 3020,
                "end": 3037,
                "name": "SSTORE",
                "source": 0
              },
              {
                "begin": 3020,
                "end": 3037,
                "name": "POP",
                "source": 0
              },
              {
                "begin": 3083,
                "end": 3091,
                "name": "DUP2",
                "source": 0
              },
              {
                "begin": 3052,
                "end": 3092,
                "name": "PUSH",
                "source": 0,
                "value": "FFFFFFFFFFFFFFFFFFFFFFFFFFFFFFFFFFFFFFFF"
              },
              {
                "begin": 3052,
                "end": 3092,
                "name": "AND",
                "source": 0
              },
              {
                "begin": 3073,
                "end": 3081,
                "name": "DUP2",
                "source": 0
              },
              {
                "begin": 3052,
                "end": 3092,
                "name": "PUSH",
                "source": 0,
                "value": "FFFFFFFFFFFFFFFFFFFFFFFFFFFFFFFFFFFFFFFF"
              },
              {
                "begin": 3052,
                "end": 3092,
                "name": "AND",
                "source": 0
              },
              {
                "begin": 3052,
                "end": 3092,
                "name": "PUSH",
                "source": 0,
                "value": "8BE0079C531659141344CD1FD0A4F28419497F9722A3DAAFE3B4186F6B6457E0"
              },
              {
                "begin": 3052,
                "end": 3092,
                "name": "PUSH",
                "source": 0,
                "value": "40"
              },
              {
                "begin": 3052,
                "end": 3092,
                "name": "MLOAD",
                "source": 0
              },
              {
                "begin": 3052,
                "end": 3092,
                "name": "PUSH",
                "source": 0,
                "value": "40"
              },
              {
                "begin": 3052,
                "end": 3092,
                "name": "MLOAD",
                "source": 0
              },
              {
                "begin": 3052,
                "end": 3092,
                "name": "DUP1",
                "source": 0
              },
              {
                "begin": 3052,
                "end": 3092,
                "name": "SWAP2",
                "source": 0
              },
              {
                "begin": 3052,
                "end": 3092,
                "name": "SUB",
                "source": 0
              },
              {
                "begin": 3052,
                "end": 3092,
                "name": "SWAP1",
                "source": 0
              },
              {
                "begin": 3052,
                "end": 3092,
                "name": "LOG3",
                "source": 0
              },
              {
                "begin": 2975,
                "end": 3099,
                "name": "POP",
                "source": 0
              },
              {
                "begin": 2912,
                "end": 3099,
                "name": "POP",
                "source": 0
              },
              {
                "begin": 2912,
                "end": 3099,
                "jumpType": "[out]",
                "name": "JUMP",
                "source": 0
              },
              {
                "begin": 7721,
                "end": 7929,
                "name": "tag",
                "source": 2,
                "value": "19"
              },
              {
                "begin": 7721,
                "end": 7929,
                "name": "JUMPDEST",
                "source": 2
              },
              {
                "begin": 7810,
                "end": 7811,
                "name": "PUSH",
                "source": 2,
                "value": "0"
              },
              {
                "begin": 7791,
                "end": 7812,
                "name": "PUSH",
                "source": 2,
                "value": "FFFFFFFFFFFFFFFFFFFFFFFFFFFFFFFFFFFFFFFF"
              },
              {
                "begin": 7791,
                "end": 7812,
                "name": "AND",
                "source": 2
              },
              {
                "begin": 7791,
                "end": 7798,
                "name": "DUP3",
                "source": 2
              },
              {
                "begin": 7791,
                "end": 7812,
                "name": "PUSH",
                "source": 2,
                "value": "FFFFFFFFFFFFFFFFFFFFFFFFFFFFFFFFFFFFFFFF"
              },
              {
                "begin": 7791,
                "end": 7812,
                "name": "AND",
                "source": 2
              },
              {
                "begin": 7791,
                "end": 7812,
                "name": "SUB",
                "source": 2
              },
              {
                "begin": 7787,
                "end": 7878,
                "name": "PUSH [tag]",
                "source": 2,
                "value": "23"
              },
              {
                "begin": 7787,
                "end": 7878,
                "name": "JUMPI",
                "source": 2
              },
              {
                "begin": 7864,
                "end": 7865,
                "name": "PUSH",
                "source": 2,
                "value": "0"
              },
              {
                "begin": 7835,
                "end": 7867,
                "name": "PUSH",
                "source": 2,
                "value": "40"
              },
              {
                "begin": 7835,
                "end": 7867,
                "name": "MLOAD",
                "source": 2
              },
              {
                "begin": 7835,
                "end": 7867,
                "name": "PUSH",
                "source": 2,
                "value": "EC442F0500000000000000000000000000000000000000000000000000000000"
              },
              {
                "begin": 7835,
                "end": 7867,
                "name": "DUP2",
                "source": 2
              },
              {
                "begin": 7835,
                "end": 7867,
                "name": "MSTORE",
                "source": 2
              },
              {
                "begin": 7835,
                "end": 7867,
                "name": "PUSH",
                "source": 2,
                "value": "4"
              },
              {
                "begin": 7835,
                "end": 7867,
                "name": "ADD",
                "source": 2
              },
              {
                "begin": 7835,
                "end": 7867,
                "name": "PUSH [tag]",
                "source": 2,
                "value": "24"
              },
              {
                "begin": 7835,
                "end": 7867,
                "name": "SWAP2",
                "source": 2
              },
              {
                "begin": 7835,
                "end": 7867,
                "name": "SWAP1",
                "source": 2
              },
              {
                "begin": 7835,
                "end": 7867,
                "name": "PUSH [tag]",
                "source": 2,
                "value": "14"
              },
              {
                "begin": 7835,
                "end": 7867,
                "jumpType": "[in]",
                "name": "JUMP",
                "source": 2
              },
              {
                "begin": 7835,
                "end": 7867,
                "name": "tag",
                "source": 2,
                "value": "24"
              },
              {
                "begin": 7835,
                "end": 7867,
                "name": "JUMPDEST",
                "source": 2
              },
              {
                "begin": 7835,
                "end": 7867,
                "name": "PUSH",
                "source": 2,
                "value": "40"
              },
              {
                "begin": 7835,
                "end": 7867,
                "name": "MLOAD",
                "source": 2
              },
              {
                "begin": 7835,
                "end": 7867,
                "name": "DUP1",
                "source": 2
              },
              {
                "begin": 7835,
                "end": 7867,
                "name": "SWAP2",
                "source": 2
              },
              {
                "begin": 7835,
                "end": 7867,
                "name": "SUB",
                "source": 2
              },
              {
                "begin": 7835,
                "end": 7867,
                "name": "SWAP1",
                "source": 2
              },
              {
                "begin": 7835,
                "end": 7867,
                "name": "REVERT",
                "source": 2
              },
              {
                "begin": 7787,
                "end": 7878,
                "name": "tag",
                "source": 2,
                "value": "23"
              },
              {
                "begin": 7787,
                "end": 7878,
                "name": "JUMPDEST",
                "source": 2
              },
              {
                "begin": 7887,
                "end": 7922,
                "name": "PUSH [tag]",
                "source": 2,
                "value": "25"
              },
              {
                "begin": 7903,
                "end": 7904,
                "name": "PUSH",
                "source": 2,
                "value": "0"
              },
              {
                "begin": 7907,
                "end": 7914,
                "name": "DUP4",
                "source": 2
              },
              {
                "begin": 7916,
                "end": 7921,
                "name": "DUP4",
                "source": 2
              },
              {
                "begin": 7887,
                "end": 7894,
                "name": "PUSH [tag]",
                "source": 2,
                "value": "26"
              },
              {
                "begin": 7887,
                "end": 7894,
                "name": "PUSH",
                "source": 2,
                "value": "20"
              },
              {
                "begin": 7887,
                "end": 7894,
                "name": "SHL",
                "source": 2
              },
              {
                "begin": 7887,
                "end": 7922,
                "name": "PUSH",
                "source": 2,
                "value": "20"
              },
              {
                "begin": 7887,
                "end": 7922,
                "name": "SHR",
                "source": 2
              },
              {
                "begin": 7887,
                "end": 7922,
                "jumpType": "[in]",
                "name": "JUMP",
                "source": 2
              },
              {
                "begin": 7887,
                "end": 7922,
                "name": "tag",
                "source": 2,
                "value": "25"
              },
              {
                "begin": 7887,
                "end": 7922,
                "name": "JUMPDEST",
                "source": 2
              },
              {
                "begin": 7721,
                "end": 7929,
                "name": "POP",
                "source": 2
              },
              {
                "begin": 7721,
                "end": 7929,
                "name": "POP",
                "source": 2
              },
              {
                "begin": 7721,
                "end": 7929,
                "jumpType": "[out]",
                "name": "JUMP",
                "source": 2
              },
              {
                "begin": 6271,
                "end": 7378,
                "name": "tag",
                "source": 2,
                "value": "26"
              },
              {
                "begin": 6271,
                "end": 7378,
                "name": "JUMPDEST",
                "source": 2
              },
              {
                "begin": 6376,
                "end": 6377,
                "name": "PUSH",
                "source": 2,
                "value": "0"
              },
              {
                "begin": 6360,
                "end": 6378,
                "name": "PUSH",
                "source": 2,
                "value": "FFFFFFFFFFFFFFFFFFFFFFFFFFFFFFFFFFFFFFFF"
              },
              {
                "begin": 6360,
                "end": 6378,
                "name": "AND",
                "source": 2
              },
              {
                "begin": 6360,
                "end": 6364,
                "name": "DUP4",
                "source": 2
              },
              {
                "begin": 6360,
                "end": 6378,
                "name": "PUSH",
                "source": 2,
                "value": "FFFFFFFFFFFFFFFFFFFFFFFFFFFFFFFFFFFFFFFF"
              },
              {
                "begin": 6360,
                "end": 6378,
                "name": "AND",
                "source": 2
              },
              {
                "begin": 6360,
                "end": 6378,
                "name": "SUB",
                "source": 2
              },
              {
                "begin": 6356,
                "end": 6896,
                "name": "PUSH [tag]",
                "source": 2,
                "value": "28"
              },
              {
                "begin": 6356,
                "end": 6896,
                "name": "JUMPI",
                "source": 2
              },
              {
                "begin": 6512,
                "end": 6517,
                "name": "DUP1",
                "source": 2
              },
              {
                "begin": 6496,
                "end": 6508,
                "name": "PUSH",
                "source": 2,
                "value": "2"
              },
              {
                "begin": 6496,
                "end": 6508,
                "name": "PUSH",
                "source": 2,
                "value": "0"
              },
              {
                "begin": 6496,
                "end": 6517,
                "name": "DUP3",
                "source": 2
              },
              {
                "begin": 6496,
                "end": 6517,
                "name": "DUP3",
                "source": 2
              },
              {
                "begin": 6496,
                "end": 6517,
                "name": "SLOAD",
                "source": 2
              },
              {
                "begin": 6496,
                "end": 6517,
                "name": "PUSH [tag]",
                "source": 2,
                "value": "29"
              },
              {
                "begin": 6496,
                "end": 6517,
                "name": "SWAP2",
                "source": 2
              },
              {
                "begin": 6496,
                "end": 6517,
                "name": "SWAP1",
                "source": 2
              },
              {
                "begin": 6496,
                "end": 6517,
                "name": "PUSH [tag]",
                "source": 2,
                "value": "30"
              },
              {
                "begin": 6496,
                "end": 6517,
                "jumpType": "[in]",
                "name": "JUMP",
                "source": 2
              },
              {
                "begin": 6496,
                "end": 6517,
                "name": "tag",
                "source": 2,
                "value": "29"
              },
              {
                "begin": 6496,
                "end": 6517,
                "name": "JUMPDEST",
                "source": 2
              },
              {
                "begin": 6496,
                "end": 6517,
                "name": "SWAP3",
                "source": 2
              },
              {
                "begin": 6496,
                "end": 6517,
                "name": "POP",
                "source": 2
              },
              {
                "begin": 6496,
                "end": 6517,
                "name": "POP",
                "source": 2
              },
              {
                "begin": 6496,
                "end": 6517,
                "name": "DUP2",
                "source": 2
              },
              {
                "begin": 6496,
                "end": 6517,
                "name": "SWAP1",
                "source": 2
              },
              {
                "begin": 6496,
                "end": 6517,
                "name": "SSTORE",
                "source": 2
              },
              {
                "begin": 6496,
                "end": 6517,
                "name": "POP",
                "source": 2
              },
              {
                "begin": 6356,
                "end": 6896,
                "name": "PUSH [tag]",
                "source": 2,
                "value": "31"
              },
              {
                "begin": 6356,
                "end": 6896,
                "name": "JUMP",
                "source": 2
              },
              {
                "begin": 6356,
                "end": 6896,
                "name": "tag",
                "source": 2,
                "value": "28"
              },
              {
                "begin": 6356,
                "end": 6896,
                "name": "JUMPDEST",
                "source": 2
              },
              {
                "begin": 6548,
                "end": 6567,
                "name": "PUSH",
                "source": 2,
                "value": "0"
              },
              {
                "begin": 6570,
                "end": 6579,
                "name": "PUSH",
                "source": 2,
                "value": "0"
              },
              {
                "begin": 6570,
                "end": 6585,
                "name": "PUSH",
                "source": 2,
                "value": "0"
              },
              {
                "begin": 6580,
                "end": 6584,
                "name": "DUP6",
                "source": 2
              },
              {
                "begin": 6570,
                "end": 6585,
                "name": "PUSH",
                "source": 2,
                "value": "FFFFFFFFFFFFFFFFFFFFFFFFFFFFFFFFFFFFFFFF"
              },
              {
                "begin": 6570,
                "end": 6585,
                "name": "AND",
                "source": 2
              },
              {
                "begin": 6570,
                "end": 6585,
                "name": "PUSH",
                "source": 2,
                "value": "FFFFFFFFFFFFFFFFFFFFFFFFFFFFFFFFFFFFFFFF"
              },
              {
                "begin": 6570,
                "end": 6585,
                "name": "AND",
                "source": 2
              },
              {
                "begin": 6570,
                "end": 6585,
                "name": "DUP2",
                "source": 2
              },
              {
                "begin": 6570,
                "end": 6585,
                "name": "MSTORE",
                "source": 2
              },
              {
                "begin": 6570,
                "end": 6585,
                "name": "PUSH",
                "source": 2,
                "value": "20"
              },
              {
                "begin": 6570,
                "end": 6585,
                "name": "ADD",
                "source": 2
              },
              {
                "begin": 6570,
                "end": 6585,
                "name": "SWAP1",
                "source": 2
              },
              {
                "begin": 6570,
                "end": 6585,
                "name": "DUP2",
                "source": 2
              },
              {
                "begin": 6570,
                "end": 6585,
                "name": "MSTORE",
                "source": 2
              },
              {
                "begin": 6570,
                "end": 6585,
                "name": "PUSH",
                "source": 2,
                "value": "20"
              },
              {
                "begin": 6570,
                "end": 6585,
                "name": "ADD",
                "source": 2
              },
              {
                "begin": 6570,
                "end": 6585,
                "name": "PUSH",
                "source": 2,
                "value": "0"
              },
              {
                "begin": 6570,
                "end": 6585,
                "name": "KECCAK256",
                "source": 2
              },
              {
                "begin": 6570,
                "end": 6585,
                "name": "SLOAD",
                "source": 2
              },
              {
                "begin": 6548,
                "end": 6585,
                "name": "SWAP1",
                "source": 2
              },
              {
                "begin": 6548,
                "end": 6585,
                "name": "POP",
                "source": 2
              },
              {
                "begin": 6617,
                "end": 6622,
                "name": "DUP2",
                "source": 2
              },
              {
                "begin": 6603,
                "end": 6614,
                "name": "DUP2",
                "source": 2
              },
              {
                "begin": 6603,
                "end": 6622,
                "name": "LT",
                "source": 2
              },
              {
                "begin": 6599,
                "end": 6714,
                "name": "ISZERO",
                "source": 2
              },
              {
                "begin": 6599,
                "end": 6714,
                "name": "PUSH [tag]",
                "source": 2,
                "value": "32"
              },
              {
                "begin": 6599,
                "end": 6714,
                "name": "JUMPI",
                "source": 2
              },
              {
                "begin": 6674,
                "end": 6678,
                "name": "DUP4",
                "source": 2
              },
              {
                "begin": 6680,
                "end": 6691,
                "name": "DUP2",
                "source": 2
              },
              {
                "begin": 6693,
                "end": 6698,
                "name": "DUP4",
                "source": 2
              },
              {
                "begin": 6649,
                "end": 6699,
                "name": "PUSH",
                "source": 2,
                "value": "40"
              },
              {
                "begin": 6649,
                "end": 6699,
                "name": "MLOAD",
                "source": 2
              },
              {
                "begin": 6649,
                "end": 6699,
                "name": "PUSH",
                "source": 2,
                "value": "E450D38C00000000000000000000000000000000000000000000000000000000"
              },
              {
                "begin": 6649,
                "end": 6699,
                "name": "DUP2",
                "source": 2
              },
              {
                "begin": 6649,
                "end": 6699,
                "name": "MSTORE",
                "source": 2
              },
              {
                "begin": 6649,
                "end": 6699,
                "name": "PUSH",
                "source": 2,
                "value": "4"
              },
              {
                "begin": 6649,
                "end": 6699,
                "name": "ADD",
                "source": 2
              },
              {
                "begin": 6649,
                "end": 6699,
                "name": "PUSH [tag]",
                "source": 2,
                "value": "33"
              },
              {
                "begin": 6649,
                "end": 6699,
                "name": "SWAP4",
                "source": 2
              },
              {
                "begin": 6649,
                "end": 6699,
                "name": "SWAP3",
                "source": 2
              },
              {
                "begin": 6649,
                "end": 6699,
                "name": "SWAP2",
                "source": 2
              },
              {
                "begin": 6649,
                "end": 6699,
                "name": "SWAP1",
                "source": 2
              },
              {
                "begin": 6649,
                "end": 6699,
                "name": "PUSH [tag]",
                "source": 2,
                "value": "34"
              },
              {
                "begin": 6649,
                "end": 6699,
                "jumpType": "[in]",
                "name": "JUMP",
                "source": 2
              },
              {
                "begin": 6649,
                "end": 6699,
                "name": "tag",
                "source": 2,
                "value": "33"
              },
              {
                "begin": 6649,
                "end": 6699,
                "name": "JUMPDEST",
                "source": 2
              },
              {
                "begin": 6649,
                "end": 6699,
                "name": "PUSH",
                "source": 2,
                "value": "40"
              },
              {
                "begin": 6649,
                "end": 6699,
                "name": "MLOAD",
                "source": 2
              },
              {
                "begin": 6649,
                "end": 6699,
                "name": "DUP1",
                "source": 2
              },
              {
                "begin": 6649,
                "end": 6699,
                "name": "SWAP2",
                "source": 2
              },
              {
                "begin": 6649,
                "end": 6699,
                "name": "SUB",
                "source": 2
              },
              {
                "begin": 6649,
                "end": 6699,
                "name": "SWAP1",
                "source": 2
              },
              {
                "begin": 6649,
                "end": 6699,
                "name": "REVERT",
                "source": 2
              },
              {
                "begin": 6599,
                "end": 6714,
                "name": "tag",
                "source": 2,
                "value": "32"
              },
              {
                "begin": 6599,
                "end": 6714,
                "name": "JUMPDEST",
                "source": 2
              },
              {
                "begin": 6866,
                "end": 6871,
                "name": "DUP2",
                "source": 2
              },
              {
                "begin": 6852,
                "end": 6863,
                "name": "DUP2",
                "source": 2
              },
              {
                "begin": 6852,
                "end": 6871,
                "name": "SUB",
                "source": 2
              },
              {
                "begin": 6834,
                "end": 6843,
                "name": "PUSH",
                "source": 2,
                "value": "0"
              },
              {
                "begin": 6834,
                "end": 6849,
                "name": "PUSH",
                "source": 2,
                "value": "0"
              },
              {
                "begin": 6844,
                "end": 6848,
                "name": "DUP7",
                "source": 2
              },
              {
                "begin": 6834,
                "end": 6849,
                "name": "PUSH",
                "source": 2,
                "value": "FFFFFFFFFFFFFFFFFFFFFFFFFFFFFFFFFFFFFFFF"
              },
              {
                "begin": 6834,
                "end": 6849,
                "name": "AND",
                "source": 2
              },
              {
                "begin": 6834,
                "end": 6849,
                "name": "PUSH",
                "source": 2,
                "value": "FFFFFFFFFFFFFFFFFFFFFFFFFFFFFFFFFFFFFFFF"
              },
              {
                "begin": 6834,
                "end": 6849,
                "name": "AND",
                "source": 2
              },
              {
                "begin": 6834,
                "end": 6849,
                "name": "DUP2",
                "source": 2
              },
              {
                "begin": 6834,
                "end": 6849,
                "name": "MSTORE",
                "source": 2
              },
              {
                "begin": 6834,
                "end": 6849,
                "name": "PUSH",
                "source": 2,
                "value": "20"
              },
              {
                "begin": 6834,
                "end": 6849,
                "name": "ADD",
                "source": 2
              },
              {
                "begin": 6834,
                "end": 6849,
                "name": "SWAP1",
                "source": 2
              },
              {
                "begin": 6834,
                "end": 6849,
                "name": "DUP2",
                "source": 2
              },
              {
                "begin": 6834,
                "end": 6849,
                "name": "MSTORE",
                "source": 2
              },
              {
                "begin": 6834,
                "end": 6849,
                "name": "PUSH",
                "source": 2,
                "value": "20"
              },
              {
                "begin": 6834,
                "end": 6849,
                "name": "ADD",
                "source": 2
              },
              {
                "begin": 6834,
                "end": 6849,
                "name": "PUSH",
                "source": 2,
                "value": "0"
              },
              {
                "begin": 6834,
                "end": 6849,
                "name": "KECCAK256",
                "source": 2
              },
              {
                "begin": 6834,
                "end": 6871,
                "name": "DUP2",
                "source": 2
              },
              {
                "begin": 6834,
                "end": 6871,
                "name": "SWAP1",
                "source": 2
              },
              {
                "begin": 6834,
                "end": 6871,
                "name": "SSTORE",
                "source": 2
              },
              {
                "begin": 6834,
                "end": 6871,
                "name": "POP",
                "source": 2
              },
              {
                "begin": 6534,
                "end": 6896,
                "name": "POP",
                "source": 2
              },
              {
                "begin": 6356,
                "end": 6896,
                "name": "tag",
                "source": 2,
                "value": "31"
              },
              {
                "begin": 6356,
                "end": 6896,
                "name": "JUMPDEST",
                "source": 2
              },
              {
                "begin": 6924,
                "end": 6925,
                "name": "PUSH",
                "source": 2,
                "value": "0"
              },
              {
                "begin": 6910,
                "end": 6926,
                "name": "PUSH",
                "source": 2,
                "value": "FFFFFFFFFFFFFFFFFFFFFFFFFFFFFFFFFFFFFFFF"
              },
              {
                "begin": 6910,
                "end": 6926,
                "name": "AND",
                "source": 2
              },
              {
                "begin": 6910,
                "end": 6912,
                "name": "DUP3",
                "source": 2
              },
              {
                "begin": 6910,
                "end": 6926,
                "name": "PUSH",
                "source": 2,
                "value": "FFFFFFFFFFFFFFFFFFFFFFFFFFFFFFFFFFFFFFFF"
              },
              {
                "begin": 6910,
                "end": 6926,
                "name": "AND",
                "source": 2
              },
              {
                "begin": 6910,
                "end": 6926,
                "name": "SUB",
                "source": 2
              },
              {
                "begin": 6906,
                "end": 7331,
                "name": "PUSH [tag]",
                "source": 2,
                "value": "35"
              },
              {
                "begin": 6906,
                "end": 7331,
                "name": "JUMPI",
                "source": 2
              },
              {
                "begin": 7089,
                "end": 7094,
                "name": "DUP1",
                "source": 2
              },
              {
                "begin": 7073,
                "end": 7085,
                "name": "PUSH",
                "source": 2,
                "value": "2"
              },
              {
                "begin": 7073,
                "end": 7085,
                "name": "PUSH",
                "source": 2,
                "value": "0"
              },
              {
                "begin": 7073,
                "end": 7094,
                "name": "DUP3",
                "source": 2
              },
              {
                "begin": 7073,
                "end": 7094,
                "name": "DUP3",
                "source": 2
              },
              {
                "begin": 7073,
                "end": 7094,
                "name": "SLOAD",
                "source": 2
              },
              {
                "begin": 7073,
                "end": 7094,
                "name": "SUB",
                "source": 2
              },
              {
                "begin": 7073,
                "end": 7094,
                "name": "SWAP3",
                "source": 2
              },
              {
                "begin": 7073,
                "end": 7094,
                "name": "POP",
                "source": 2
              },
              {
                "begin": 7073,
                "end": 7094,
                "name": "POP",
                "source": 2
              },
              {
                "begin": 7073,
                "end": 7094,
                "name": "DUP2",
                "source": 2
              },
              {
                "begin": 7073,
                "end": 7094,
                "name": "SWAP1",
                "source": 2
              },
              {
                "begin": 7073,
                "end": 7094,
                "name": "SSTORE",
                "source": 2
              },
              {
                "begin": 7073,
                "end": 7094,
                "name": "POP",
                "source": 2
              },
              {
                "begin": 6906,
                "end": 7331,
                "name": "PUSH [tag]",
                "source": 2,
                "value": "36"
              },
              {
                "begin": 6906,
                "end": 7331,
                "name": "JUMP",
                "source": 2
              },
              {
                "begin": 6906,
                "end": 7331,
                "name": "tag",
                "source": 2,
                "value": "35"
              },
              {
                "begin": 6906,
                "end": 7331,
                "name": "JUMPDEST",
                "source": 2
              },
              {
                "begin": 7301,
                "end": 7306,
                "name": "DUP1",
                "source": 2
              },
              {
                "begin": 7284,
                "end": 7293,
                "name": "PUSH",
                "source": 2,
                "value": "0"
              },
              {
                "begin": 7284,
                "end": 7297,
                "name": "PUSH",
                "source": 2,
                "value": "0"
              },
              {
                "begin": 7294,
                "end": 7296,
                "name": "DUP5",
                "source": 2
              },
              {
                "begin": 7284,
                "end": 7297,
                "name": "PUSH",
                "source": 2,
                "value": "FFFFFFFFFFFFFFFFFFFFFFFFFFFFFFFFFFFFFFFF"
              },
              {
                "begin": 7284,
                "end": 7297,
                "name": "AND",
                "source": 2
              },
              {
                "begin": 7284,
                "end": 7297,
                "name": "PUSH",
                "source": 2,
                "value": "FFFFFFFFFFFFFFFFFFFFFFFFFFFFFFFFFFFFFFFF"
              },
              {
                "begin": 7284,
                "end": 7297,
                "name": "AND",
                "source": 2
              },
              {
                "begin": 7284,
                "end": 7297,
                "name": "DUP2",
                "source": 2
              },
              {
                "begin": 7284,
                "end": 7297,
                "name": "MSTORE",
                "source": 2
              },
              {
                "begin": 7284,
                "end": 7297,
                "name": "PUSH",
                "source": 2,
                "value": "20"
              },
              {
                "begin": 7284,
                "end": 7297,
                "name": "ADD",
                "source": 2
              },
              {
                "begin": 7284,
                "end": 7297,
                "name": "SWAP1",
                "source": 2
              },
              {
                "begin": 7284,
                "end": 7297,
                "name": "DUP2",
                "source": 2
              },
              {
                "begin": 7284,
                "end": 7297,
                "name": "MSTORE",
                "source": 2
              },
              {
                "begin": 7284,
                "end": 7297,
                "name": "PUSH",
                "source": 2,
                "value": "20"
              },
              {
                "begin": 7284,
                "end": 7297,
                "name": "ADD",
                "source": 2
              },
              {
                "begin": 7284,
                "end": 7297,
                "name": "PUSH",
                "source": 2,
                "value": "0"
              },
              {
                "begin": 7284,
                "end": 7297,
                "name": "KECCAK256",
                "source": 2
              },
              {
                "begin": 7284,
                "end": 7297,
                "name": "PUSH",
                "source": 2,
                "value": "0"
              },
              {
                "begin": 7284,
                "end": 7306,
                "name": "DUP3",
                "source": 2
              },
              {
                "begin": 7284,
                "end": 7306,
                "name": "DUP3",
                "source": 2
              },
              {
                "begin": 7284,
                "end": 7306,
                "name": "SLOAD",
                "source": 2
              },
              {
                "begin": 7284,
                "end": 7306,
                "name": "ADD",
                "source": 2
              },
              {
                "begin": 7284,
                "end": 7306,
                "name": "SWAP3",
                "source": 2
              },
              {
                "begin": 7284,
                "end": 7306,
                "name": "POP",
                "source": 2
              },
              {
                "begin": 7284,
                "end": 7306,
                "name": "POP",
                "source": 2
              },
              {
                "begin": 7284,
                "end": 7306,
                "name": "DUP2",
                "source": 2
              },
              {
                "begin": 7284,
                "end": 7306,
                "name": "SWAP1",
                "source": 2
              },
              {
                "begin": 7284,
                "end": 7306,
                "name": "SSTORE",
                "source": 2
              },
              {
                "begin": 7284,
                "end": 7306,
                "name": "POP",
                "source": 2
              },
              {
                "begin": 6906,
                "end": 7331,
                "name": "tag",
                "source": 2,
                "value": "36"
              },
              {
                "begin": 6906,
                "end": 7331,
                "name": "JUMPDEST",
                "source": 2
              },
              {
                "begin": 7361,
                "end": 7363,
                "name": "DUP2",
                "source": 2
              },
              {
                "begin": 7346,
                "end": 7371,
                "name": "PUSH",
                "source": 2,
                "value": "FFFFFFFFFFFFFFFFFFFFFFFFFFFFFFFFFFFFFFFF"
              },
              {
                "begin": 7346,
                "end": 7371,
                "name": "AND",
                "source": 2
              },
              {
                "begin": 7355,
                "end": 7359,
                "name": "DUP4",
                "source": 2
              },
              {
                "begin": 7346,
                "end": 7371,
                "name": "PUSH",
                "source": 2,
                "value": "FFFFFFFFFFFFFFFFFFFFFFFFFFFFFFFFFFFFFFFF"
              },
              {
                "begin": 7346,
                "end": 7371,
                "name": "AND",
                "source": 2
              },
              {
                "begin": 7346,
                "end": 7371,
                "name": "PUSH",
                "source": 2,
                "value": "DDF252AD1BE2C89B69C2B068FC378DAA952BA7F163C4A11628F55A4DF523B3EF"
              },
              {
                "begin": 7365,
                "end": 7370,
                "name": "DUP4",
                "source": 2
              },
              {
                "begin": 7346,
                "end": 7371,
                "name": "PUSH",
                "source": 2,
                "value": "40"
              },
              {
                "begin": 7346,
                "end": 7371,
                "name": "MLOAD",
                "source": 2
              },
              {
                "begin": 7346,
                "end": 7371,
                "name": "PUSH [tag]",
                "source": 2,
                "value": "37"
              },
              {
                "begin": 7346,
                "end": 7371,
                "name": "SWAP2",
                "source": 2
              },
              {
                "begin": 7346,
                "end": 7371,
                "name": "SWAP1",
                "source": 2
              },
              {
                "begin": 7346,
                "end": 7371,
                "name": "PUSH [tag]",
                "source": 2,
                "value": "38"
              },
              {
                "begin": 7346,
                "end": 7371,
                "jumpType": "[in]",
                "name": "JUMP",
                "source": 2
              },
              {
                "begin": 7346,
                "end": 7371,
                "name": "tag",
                "source": 2,
                "value": "37"
              },
              {
                "begin": 7346,
                "end": 7371,
                "name": "JUMPDEST",
                "source": 2
              },
              {
                "begin": 7346,
                "end": 7371,
                "name": "PUSH",
                "source": 2,
                "value": "40"
              },
              {
                "begin": 7346,
                "end": 7371,
                "name": "MLOAD",
                "source": 2
              },
              {
                "begin": 7346,
                "end": 7371,
                "name": "DUP1",
                "source": 2
              },
              {
                "begin": 7346,
                "end": 7371,
                "name": "SWAP2",
                "source": 2
              },
              {
                "begin": 7346,
                "end": 7371,
                "name": "SUB",
                "source": 2
              },
              {
                "begin": 7346,
                "end": 7371,
                "name": "SWAP1",
                "source": 2
              },
              {
                "begin": 7346,
                "end": 7371,
                "name": "LOG3",
                "source": 2
              },
              {
                "begin": 6271,
                "end": 7378,
                "name": "POP",
                "source": 2
              },
              {
                "begin": 6271,
                "end": 7378,
                "name": "POP",
                "source": 2
              },
              {
                "begin": 6271,
                "end": 7378,
                "name": "POP",
                "source": 2
              },
              {
                "begin": 6271,
                "end": 7378,
                "jumpType": "[out]",
                "name": "JUMP",
                "source": 2
              },
              {
                "begin": 88,
                "end": 205,
                "name": "tag",
                "source": 7,
                "value": "40"
              },
              {
                "begin": 88,
                "end": 205,
                "name": "JUMPDEST",
                "source": 7
              },
              {
                "begin": 197,
                "end": 198,
                "name": "PUSH",
                "source": 7,
                "value": "0"
              },
              {
                "begin": 194,
                "end": 195,
                "name": "PUSH",
                "source": 7,
                "value": "0"
              },
              {
                "begin": 187,
                "end": 199,
                "name": "REVERT",
                "source": 7
              },
              {
                "begin": 334,
                "end": 411,
                "name": "tag",
                "source": 7,
                "value": "42"
              },
              {
                "begin": 334,
                "end": 411,
                "name": "JUMPDEST",
                "source": 7
              },
              {
                "begin": 371,
                "end": 378,
                "name": "PUSH",
                "source": 7,
                "value": "0"
              },
              {
                "begin": 400,
                "end": 405,
                "name": "DUP2",
                "source": 7
              },
              {
                "begin": 389,
                "end": 405,
                "name": "SWAP1",
                "source": 7
              },
              {
                "begin": 389,
                "end": 405,
                "name": "POP",
                "source": 7
              },
              {
                "begin": 334,
                "end": 411,
                "name": "SWAP2",
                "source": 7
              },
              {
                "begin": 334,
                "end": 411,
                "name": "SWAP1",
                "source": 7
              },
              {
                "begin": 334,
                "end": 411,
                "name": "POP",
                "source": 7
              },
              {
                "begin": 334,
                "end": 411,
                "jumpType": "[out]",
                "name": "JUMP",
                "source": 7
              },
              {
                "begin": 417,
                "end": 539,
                "name": "tag",
                "source": 7,
                "value": "43"
              },
              {
                "begin": 417,
                "end": 539,
                "name": "JUMPDEST",
                "source": 7
              },
              {
                "begin": 490,
                "end": 514,
                "name": "PUSH [tag]",
                "source": 7,
                "value": "75"
              },
              {
                "begin": 508,
                "end": 513,
                "name": "DUP2",
                "source": 7
              },
              {
                "begin": 490,
                "end": 514,
                "name": "PUSH [tag]",
                "source": 7,
                "value": "42"
              },
              {
                "begin": 490,
                "end": 514,
                "jumpType": "[in]",
                "name": "JUMP",
                "source": 7
              },
              {
                "begin": 490,
                "end": 514,
                "name": "tag",
                "source": 7,
                "value": "75"
              },
              {
                "begin": 490,
                "end": 514,
                "name": "JUMPDEST",
                "source": 7
              },
              {
                "begin": 483,
                "end": 488,
                "name": "DUP2",
                "source": 7
              },
              {
                "begin": 480,
                "end": 515,
                "name": "EQ",
                "source": 7
              },
              {
                "begin": 470,
                "end": 533,
                "name": "PUSH [tag]",
                "source": 7,
                "value": "76"
              },
              {
                "begin": 470,
                "end": 533,
                "name": "JUMPI",
                "source": 7
              },
              {
                "begin": 529,
                "end": 530,
                "name": "PUSH",
                "source": 7,
                "value": "0"
              },
              {
                "begin": 526,
                "end": 527,
                "name": "PUSH",
                "source": 7,
                "value": "0"
              },
              {
                "begin": 519,
                "end": 531,
                "name": "REVERT",
                "source": 7
              },
              {
                "begin": 470,
                "end": 533,
                "name": "tag",
                "source": 7,
                "value": "76"
              },
              {
                "begin": 470,
                "end": 533,
                "name": "JUMPDEST",
                "source": 7
              },
              {
                "begin": 417,
                "end": 539,
                "name": "POP",
                "source": 7
              },
              {
                "begin": 417,
                "end": 539,
                "jumpType": "[out]",
                "name": "JUMP",
                "source": 7
              },
              {
                "begin": 545,
                "end": 688,
                "name": "tag",
                "source": 7,
                "value": "44"
              },
              {
                "begin": 545,
                "end": 688,
                "name": "JUMPDEST",
                "source": 7
              },
              {
                "begin": 602,
                "end": 607,
                "name": "PUSH",
                "source": 7,
                "value": "0"
              },
              {
                "begin": 633,
                "end": 639,
                "name": "DUP2",
                "source": 7
              },
              {
                "begin": 627,
                "end": 640,
                "name": "MLOAD",
                "source": 7
              },
              {
                "begin": 618,
                "end": 640,
                "name": "SWAP1",
                "source": 7
              },
              {
                "begin": 618,
                "end": 640,
                "name": "POP",
                "source": 7
              },
              {
                "begin": 649,
                "end": 682,
                "name": "PUSH [tag]",
                "source": 7,
                "value": "78"
              },
              {
                "begin": 676,
                "end": 681,
                "name": "DUP2",
                "source": 7
              },
              {
                "begin": 649,
                "end": 682,
                "name": "PUSH [tag]",
                "source": 7,
                "value": "43"
              },
              {
                "begin": 649,
                "end": 682,
                "jumpType": "[in]",
                "name": "JUMP",
                "source": 7
              },
              {
                "begin": 649,
                "end": 682,
                "name": "tag",
                "source": 7,
                "value": "78"
              },
              {
                "begin": 649,
                "end": 682,
                "name": "JUMPDEST",
                "source": 7
              },
              {
                "begin": 545,
                "end": 688,
                "name": "SWAP3",
                "source": 7
              },
              {
                "begin": 545,
                "end": 688,
                "name": "SWAP2",
                "source": 7
              },
              {
                "begin": 545,
                "end": 688,
                "name": "POP",
                "source": 7
              },
              {
                "begin": 545,
                "end": 688,
                "name": "POP",
                "source": 7
              },
              {
                "begin": 545,
                "end": 688,
                "jumpType": "[out]",
                "name": "JUMP",
                "source": 7
              },
              {
                "begin": 694,
                "end": 1045,
                "name": "tag",
                "source": 7,
                "value": "3"
              },
              {
                "begin": 694,
                "end": 1045,
                "name": "JUMPDEST",
                "source": 7
              },
              {
                "begin": 764,
                "end": 770,
                "name": "PUSH",
                "source": 7,
                "value": "0"
              },
              {
                "begin": 813,
                "end": 815,
                "name": "PUSH",
                "source": 7,
                "value": "20"
              },
              {
                "begin": 801,
                "end": 810,
                "name": "DUP3",
                "source": 7
              },
              {
                "begin": 792,
                "end": 799,
                "name": "DUP5",
                "source": 7
              },
              {
                "begin": 788,
                "end": 811,
                "name": "SUB",
                "source": 7
              },
              {
                "begin": 784,
                "end": 816,
                "name": "SLT",
                "source": 7
              },
              {
                "begin": 781,
                "end": 900,
                "name": "ISZERO",
                "source": 7
              },
              {
                "begin": 781,
                "end": 900,
                "name": "PUSH [tag]",
                "source": 7,
                "value": "80"
              },
              {
                "begin": 781,
                "end": 900,
                "name": "JUMPI",
                "source": 7
              },
              {
                "begin": 819,
                "end": 898,
                "name": "PUSH [tag]",
                "source": 7,
                "value": "81"
              },
              {
                "begin": 819,
                "end": 898,
                "name": "PUSH [tag]",
                "source": 7,
                "value": "40"
              },
              {
                "begin": 819,
                "end": 898,
                "jumpType": "[in]",
                "name": "JUMP",
                "source": 7
              },
              {
                "begin": 819,
                "end": 898,
                "name": "tag",
                "source": 7,
                "value": "81"
              },
              {
                "begin": 819,
                "end": 898,
                "name": "JUMPDEST",
                "source": 7
              },
              {
                "begin": 781,
                "end": 900,
                "name": "tag",
                "source": 7,
                "value": "80"
              },
              {
                "begin": 781,
                "end": 900,
                "name": "JUMPDEST",
                "source": 7
              },
              {
                "begin": 939,
                "end": 940,
                "name": "PUSH",
                "source": 7,
                "value": "0"
              },
              {
                "begin": 964,
                "end": 1028,
                "name": "PUSH [tag]",
                "source": 7,
                "value": "82"
              },
              {
                "begin": 1020,
                "end": 1027,
                "name": "DUP5",
                "source": 7
              },
              {
                "begin": 1011,
                "end": 1017,
                "name": "DUP3",
                "source": 7
              },
              {
                "begin": 1000,
                "end": 1009,
                "name": "DUP6",
                "source": 7
              },
              {
                "begin": 996,
                "end": 1018,
                "name": "ADD",
                "source": 7
              },
              {
                "begin": 964,
                "end": 1028,
                "name": "PUSH [tag]",
                "source": 7,
                "value": "44"
              },
              {
                "begin": 964,
                "end": 1028,
                "jumpType": "[in]",
                "name": "JUMP",
                "source": 7
              },
              {
                "begin": 964,
                "end": 1028,
                "name": "tag",
                "source": 7,
                "value": "82"
              },
              {
                "begin": 964,
                "end": 1028,
                "name": "JUMPDEST",
                "source": 7
              },
              {
                "begin": 954,
                "end": 1028,
                "name": "SWAP2",
                "source": 7
              },
              {
                "begin": 954,
                "end": 1028,
                "name": "POP",
                "source": 7
              },
              {
                "begin": 910,
                "end": 1038,
                "name": "POP",
                "source": 7
              },
              {
                "begin": 694,
                "end": 1045,
                "name": "SWAP3",
                "source": 7
              },
              {
                "begin": 694,
                "end": 1045,
                "name": "SWAP2",
                "source": 7
              },
              {
                "begin": 694,
                "end": 1045,
                "name": "POP",
                "source": 7
              },
              {
                "begin": 694,
                "end": 1045,
                "name": "POP",
                "source": 7
              },
              {
                "begin": 694,
                "end": 1045,
                "jumpType": "[out]",
                "name": "JUMP",
                "source": 7
              },
              {
                "begin": 1051,
                "end": 1150,
                "name": "tag",
                "source": 7,
                "value": "45"
              },
              {
                "begin": 1051,
                "end": 1150,
                "name": "JUMPDEST",
                "source": 7
              },
              {
                "begin": 1103,
                "end": 1109,
                "name": "PUSH",
                "source": 7,
                "value": "0"
              },
              {
                "begin": 1137,
                "end": 1142,
                "name": "DUP2",
                "source": 7
              },
              {
                "begin": 1131,
                "end": 1143,
                "name": "MLOAD",
                "source": 7
              },
              {
                "begin": 1121,
                "end": 1143,
                "name": "SWAP1",
                "source": 7
              },
              {
                "begin": 1121,
                "end": 1143,
                "name": "POP",
                "source": 7
              },
              {
                "begin": 1051,
                "end": 1150,
                "name": "SWAP2",
                "source": 7
              },
              {
                "begin": 1051,
                "end": 1150,
                "name": "SWAP1",
                "source": 7
              },
              {
                "begin": 1051,
                "end": 1150,
                "name": "POP",
                "source": 7
              },
              {
                "begin": 1051,
                "end": 1150,
                "jumpType": "[out]",
                "name": "JUMP",
                "source": 7
              },
              {
                "begin": 1156,
                "end": 1336,
                "name": "tag",
                "source": 7,
                "value": "46"
              },
              {
                "begin": 1156,
                "end": 1336,
                "name": "JUMPDEST",
                "source": 7
              },
              {
                "begin": 1204,
                "end": 1281,
                "name": "PUSH",
                "source": 7,
                "value": "4E487B7100000000000000000000000000000000000000000000000000000000"
              },
              {
                "begin": 1201,
                "end": 1202,
                "name": "PUSH",
                "source": 7,
                "value": "0"
              },
              {
                "begin": 1194,
                "end": 1282,
                "name": "MSTORE",
                "source": 7
              },
              {
                "begin": 1301,
                "end": 1305,
                "name": "PUSH",
                "source": 7,
                "value": "41"
              },
              {
                "begin": 1298,
                "end": 1299,
                "name": "PUSH",
                "source": 7,
                "value": "4"
              },
              {
                "begin": 1291,
                "end": 1306,
                "name": "MSTORE",
                "source": 7
              },
              {
                "begin": 1325,
                "end": 1329,
                "name": "PUSH",
                "source": 7,
                "value": "24"
              },
              {
                "begin": 1322,
                "end": 1323,
                "name": "PUSH",
                "source": 7,
                "value": "0"
              },
              {
                "begin": 1315,
                "end": 1330,
                "name": "REVERT",
                "source": 7
              },
              {
                "begin": 1342,
                "end": 1522,
                "name": "tag",
                "source": 7,
                "value": "47"
              },
              {
                "begin": 1342,
                "end": 1522,
                "name": "JUMPDEST",
                "source": 7
              },
              {
                "begin": 1390,
                "end": 1467,
                "name": "PUSH",
                "source": 7,
                "value": "4E487B7100000000000000000000000000000000000000000000000000000000"
              },
              {
                "begin": 1387,
                "end": 1388,
                "name": "PUSH",
                "source": 7,
                "value": "0"
              },
              {
                "begin": 1380,
                "end": 1468,
                "name": "MSTORE",
                "source": 7
              },
              {
                "begin": 1487,
                "end": 1491,
                "name": "PUSH",
                "source": 7,
                "value": "22"
              },
              {
                "begin": 1484,
                "end": 1485,
                "name": "PUSH",
                "source": 7,
                "value": "4"
              },
              {
                "begin": 1477,
                "end": 1492,
                "name": "MSTORE",
                "source": 7
              },
              {
                "begin": 1511,
                "end": 1515,
                "name": "PUSH",
                "source": 7,
                "value": "24"
              },
              {
                "begin": 1508,
                "end": 1509,
                "name": "PUSH",
                "source": 7,
                "value": "0"
              },
              {
                "begin": 1501,
                "end": 1516,
                "name": "REVERT",
                "source": 7
              },
              {
                "begin": 1528,
                "end": 1848,
                "name": "tag",
                "source": 7,
                "value": "48"
              },
              {
                "begin": 1528,
                "end": 1848,
                "name": "JUMPDEST",
                "source": 7
              },
              {
                "begin": 1572,
                "end": 1578,
                "name": "PUSH",
                "source": 7,
                "value": "0"
              },
              {
                "begin": 1609,
                "end": 1610,
                "name": "PUSH",
                "source": 7,
                "value": "2"
              },
              {
                "begin": 1603,
                "end": 1607,
                "name": "DUP3",
                "source": 7
              },
              {
                "begin": 1599,
                "end": 1611,
                "name": "DIV",
                "source": 7
              },
              {
                "begin": 1589,
                "end": 1611,
                "name": "SWAP1",
                "source": 7
              },
              {
                "begin": 1589,
                "end": 1611,
                "name": "POP",
                "source": 7
              },
              {
                "begin": 1656,
                "end": 1657,
                "name": "PUSH",
                "source": 7,
                "value": "1"
              },
              {
                "begin": 1650,
                "end": 1654,
                "name": "DUP3",
                "source": 7
              },
              {
                "begin": 1646,
                "end": 1658,
                "name": "AND",
                "source": 7
              },
              {
                "begin": 1677,
                "end": 1695,
                "name": "DUP1",
                "source": 7
              },
              {
                "begin": 1667,
                "end": 1748,
                "name": "PUSH [tag]",
                "source": 7,
                "value": "87"
              },
              {
                "begin": 1667,
                "end": 1748,
                "name": "JUMPI",
                "source": 7
              },
              {
                "begin": 1733,
                "end": 1737,
                "name": "PUSH",
                "source": 7,
                "value": "7F"
              },
              {
                "begin": 1725,
                "end": 1731,
                "name": "DUP3",
                "source": 7
              },
              {
                "begin": 1721,
                "end": 1738,
                "name": "AND",
                "source": 7
              },
              {
                "begin": 1711,
                "end": 1738,
                "name": "SWAP2",
                "source": 7
              },
              {
                "begin": 1711,
                "end": 1738,
                "name": "POP",
                "source": 7
              },
              {
                "begin": 1667,
                "end": 1748,
                "name": "tag",
                "source": 7,
                "value": "87"
              },
              {
                "begin": 1667,
                "end": 1748,
                "name": "JUMPDEST",
                "source": 7
              },
              {
                "begin": 1795,
                "end": 1797,
                "name": "PUSH",
                "source": 7,
                "value": "20"
              },
              {
                "begin": 1787,
                "end": 1793,
                "name": "DUP3",
                "source": 7
              },
              {
                "begin": 1784,
                "end": 1798,
                "name": "LT",
                "source": 7
              },
              {
                "begin": 1764,
                "end": 1782,
                "name": "DUP2",
                "source": 7
              },
              {
                "begin": 1761,
                "end": 1799,
                "name": "SUB",
                "source": 7
              },
              {
                "begin": 1758,
                "end": 1842,
                "name": "PUSH [tag]",
                "source": 7,
                "value": "88"
              },
              {
                "begin": 1758,
                "end": 1842,
                "name": "JUMPI",
                "source": 7
              },
              {
                "begin": 1814,
                "end": 1832,
                "name": "PUSH [tag]",
                "source": 7,
                "value": "89"
              },
              {
                "begin": 1814,
                "end": 1832,
                "name": "PUSH [tag]",
                "source": 7,
                "value": "47"
              },
              {
                "begin": 1814,
                "end": 1832,
                "jumpType": "[in]",
                "name": "JUMP",
                "source": 7
              },
              {
                "begin": 1814,
                "end": 1832,
                "name": "tag",
                "source": 7,
                "value": "89"
              },
              {
                "begin": 1814,
                "end": 1832,
                "name": "JUMPDEST",
                "source": 7
              },
              {
                "begin": 1758,
                "end": 1842,
                "name": "tag",
                "source": 7,
                "value": "88"
              },
              {
                "begin": 1758,
                "end": 1842,
                "name": "JUMPDEST",
                "source": 7
              },
              {
                "begin": 1579,
                "end": 1848,
                "name": "POP",
                "source": 7
              },
              {
                "begin": 1528,
                "end": 1848,
                "name": "SWAP2",
                "source": 7
              },
              {
                "begin": 1528,
                "end": 1848,
                "name": "SWAP1",
                "source": 7
              },
              {
                "begin": 1528,
                "end": 1848,
                "name": "POP",
                "source": 7
              },
              {
                "begin": 1528,
                "end": 1848,
                "jumpType": "[out]",
                "name": "JUMP",
                "source": 7
              },
              {
                "begin": 1854,
                "end": 1995,
                "name": "tag",
                "source": 7,
                "value": "49"
              },
              {
                "begin": 1854,
                "end": 1995,
                "name": "JUMPDEST",
                "source": 7
              },
              {
                "begin": 1903,
                "end": 1907,
                "name": "PUSH",
                "source": 7,
                "value": "0"
              },
              {
                "begin": 1926,
                "end": 1929,
                "name": "DUP2",
                "source": 7
              },
              {
                "begin": 1918,
                "end": 1929,
                "name": "SWAP1",
                "source": 7
              },
              {
                "begin": 1918,
                "end": 1929,
                "name": "POP",
                "source": 7
              },
              {
                "begin": 1949,
                "end": 1952,
                "name": "DUP2",
                "source": 7
              },
              {
                "begin": 1946,
                "end": 1947,
                "name": "PUSH",
                "source": 7,
                "value": "0"
              },
              {
                "begin": 1939,
                "end": 1953,
                "name": "MSTORE",
                "source": 7
              },
              {
                "begin": 1983,
                "end": 1987,
                "name": "PUSH",
                "source": 7,
                "value": "20"
              },
              {
                "begin": 1980,
                "end": 1981,
                "name": "PUSH",
                "source": 7,
                "value": "0"
              },
              {
                "begin": 1970,
                "end": 1988,
                "name": "KECCAK256",
                "source": 7
              },
              {
                "begin": 1962,
                "end": 1988,
                "name": "SWAP1",
                "source": 7
              },
              {
                "begin": 1962,
                "end": 1988,
                "name": "POP",
                "source": 7
              },
              {
                "begin": 1854,
                "end": 1995,
                "name": "SWAP2",
                "source": 7
              },
              {
                "begin": 1854,
                "end": 1995,
                "name": "SWAP1",
                "source": 7
              },
              {
                "begin": 1854,
                "end": 1995,
                "name": "POP",
                "source": 7
              },
              {
                "begin": 1854,
                "end": 1995,
                "jumpType": "[out]",
                "name": "JUMP",
                "source": 7
              },
              {
                "begin": 2001,
                "end": 2094,
                "name": "tag",
                "source": 7,
                "value": "50"
              },
              {
                "begin": 2001,
                "end": 2094,
                "name": "JUMPDEST",
                "source": 7
              },
              {
                "begin": 2038,
                "end": 2044,
                "name": "PUSH",
                "source": 7,
                "value": "0"
              },
              {
                "begin": 2085,
                "end": 2087,
                "name": "PUSH",
                "source": 7,
                "value": "20"
              },
              {
                "begin": 2080,
                "end": 2082,
                "name": "PUSH",
                "source": 7,
                "value": "1F"
              },
              {
                "begin": 2073,
                "end": 2078,
                "name": "DUP4",
                "source": 7
              },
              {
                "begin": 2069,
                "end": 2083,
                "name": "ADD",
                "source": 7
              },
              {
                "begin": 2065,
                "end": 2088,
                "name": "DIV",
                "source": 7
              },
              {
                "begin": 2055,
                "end": 2088,
                "name": "SWAP1",
                "source": 7
              },
              {
                "begin": 2055,
                "end": 2088,
                "name": "POP",
                "source": 7
              },
              {
                "begin": 2001,
                "end": 2094,
                "name": "SWAP2",
                "source": 7
              },
              {
                "begin": 2001,
                "end": 2094,
                "name": "SWAP1",
                "source": 7
              },
              {
                "begin": 2001,
                "end": 2094,
                "name": "POP",
                "source": 7
              },
              {
                "begin": 2001,
                "end": 2094,
                "jumpType": "[out]",
                "name": "JUMP",
                "source": 7
              },
              {
                "begin": 2100,
                "end": 2207,
                "name": "tag",
                "source": 7,
                "value": "51"
              },
              {
                "begin": 2100,
                "end": 2207,
                "name": "JUMPDEST",
                "source": 7
              },
              {
                "begin": 2144,
                "end": 2152,
                "name": "PUSH",
                "source": 7,
                "value": "0"
              },
              {
                "begin": 2194,
                "end": 2199,
                "name": "DUP3",
                "source": 7
              },
              {
                "begin": 2188,
                "end": 2192,
                "name": "DUP3",
                "source": 7
              },
              {
                "begin": 2184,
                "end": 2200,
                "name": "SHL",
                "source": 7
              },
              {
                "begin": 2163,
                "end": 2200,
                "name": "SWAP1",
                "source": 7
              },
              {
                "begin": 2163,
                "end": 2200,
                "name": "POP",
                "source": 7
              },
              {
                "begin": 2100,
                "end": 2207,
                "name": "SWAP3",
                "source": 7
              },
              {
                "begin": 2100,
                "end": 2207,
                "name": "SWAP2",
                "source": 7
              },
              {
                "begin": 2100,
                "end": 2207,
                "name": "POP",
                "source": 7
              },
              {
                "begin": 2100,
                "end": 2207,
                "name": "POP",
                "source": 7
              },
              {
                "begin": 2100,
                "end": 2207,
                "jumpType": "[out]",
                "name": "JUMP",
                "source": 7
              },
              {
                "begin": 2213,
                "end": 2606,
                "name": "tag",
                "source": 7,
                "value": "52"
              },
              {
                "begin": 2213,
                "end": 2606,
                "name": "JUMPDEST",
                "source": 7
              },
              {
                "begin": 2282,
                "end": 2288,
                "name": "PUSH",
                "source": 7,
                "value": "0"
              },
              {
                "begin": 2332,
                "end": 2333,
                "name": "PUSH",
                "source": 7,
                "value": "8"
              },
              {
                "begin": 2320,
                "end": 2330,
                "name": "DUP4",
                "source": 7
              },
              {
                "begin": 2316,
                "end": 2334,
                "name": "MUL",
                "source": 7
              },
              {
                "begin": 2355,
                "end": 2452,
                "name": "PUSH [tag]",
                "source": 7,
                "value": "94"
              },
              {
                "begin": 2385,
                "end": 2451,
                "name": "PUSH",
                "source": 7,
                "value": "FFFFFFFFFFFFFFFFFFFFFFFFFFFFFFFFFFFFFFFFFFFFFFFFFFFFFFFFFFFFFFFF"
              },
              {
                "begin": 2374,
                "end": 2383,
                "name": "DUP3",
                "source": 7
              },
              {
                "begin": 2355,
                "end": 2452,
                "name": "PUSH [tag]",
                "source": 7,
                "value": "51"
              },
              {
                "begin": 2355,
                "end": 2452,
                "jumpType": "[in]",
                "name": "JUMP",
                "source": 7
              },
              {
                "begin": 2355,
                "end": 2452,
                "name": "tag",
                "source": 7,
                "value": "94"
              },
              {
                "begin": 2355,
                "end": 2452,
                "name": "JUMPDEST",
                "source": 7
              },
              {
                "begin": 2473,
                "end": 2512,
                "name": "PUSH [tag]",
                "source": 7,
                "value": "95"
              },
              {
                "begin": 2503,
                "end": 2511,
                "name": "DUP7",
                "source": 7
              },
              {
                "begin": 2492,
                "end": 2501,
                "name": "DUP4",
                "source": 7
              },
              {
                "begin": 2473,
                "end": 2512,
                "name": "PUSH [tag]",
                "source": 7,
                "value": "51"
              },
              {
                "begin": 2473,
                "end": 2512,
                "jumpType": "[in]",
                "name": "JUMP",
                "source": 7
              },
              {
                "begin": 2473,
                "end": 2512,
                "name": "tag",
                "source": 7,
                "value": "95"
              },
              {
                "begin": 2473,
                "end": 2512,
                "name": "JUMPDEST",
                "source": 7
              },
              {
                "begin": 2461,
                "end": 2512,
                "name": "SWAP6",
                "source": 7
              },
              {
                "begin": 2461,
                "end": 2512,
                "name": "POP",
                "source": 7
              },
              {
                "begin": 2545,
                "end": 2549,
                "name": "DUP1",
                "source": 7
              },
              {
                "begin": 2541,
                "end": 2550,
                "name": "NOT",
                "source": 7
              },
              {
                "begin": 2534,
                "end": 2539,
                "name": "DUP5",
                "source": 7
              },
              {
                "begin": 2530,
                "end": 2551,
                "name": "AND",
                "source": 7
              },
              {
                "begin": 2521,
                "end": 2551,
                "name": "SWAP4",
                "source": 7
              },
              {
                "begin": 2521,
                "end": 2551,
                "name": "POP",
                "source": 7
              },
              {
                "begin": 2594,
                "end": 2598,
                "name": "DUP1",
                "source": 7
              },
              {
                "begin": 2584,
                "end": 2592,
                "name": "DUP7",
                "source": 7
              },
              {
                "begin": 2580,
                "end": 2599,
                "name": "AND",
                "source": 7
              },
              {
                "begin": 2573,
                "end": 2578,
                "name": "DUP5",
                "source": 7
              },
              {
                "begin": 2570,
                "end": 2600,
                "name": "OR",
                "source": 7
              },
              {
                "begin": 2560,
                "end": 2600,
                "name": "SWAP3",
                "source": 7
              },
              {
                "begin": 2560,
                "end": 2600,
                "name": "POP",
                "source": 7
              },
              {
                "begin": 2289,
                "end": 2606,
                "name": "POP",
                "source": 7
              },
              {
                "begin": 2289,
                "end": 2606,
                "name": "POP",
                "source": 7
              },
              {
                "begin": 2213,
                "end": 2606,
                "name": "SWAP4",
                "source": 7
              },
              {
                "begin": 2213,
                "end": 2606,
                "name": "SWAP3",
                "source": 7
              },
              {
                "begin": 2213,
                "end": 2606,
                "name": "POP",
                "source": 7
              },
              {
                "begin": 2213,
                "end": 2606,
                "name": "POP",
                "source": 7
              },
              {
                "begin": 2213,
                "end": 2606,
                "name": "POP",
                "source": 7
              },
              {
                "begin": 2213,
                "end": 2606,
                "jumpType": "[out]",
                "name": "JUMP",
                "source": 7
              },
              {
                "begin": 2612,
                "end": 2672,
                "name": "tag",
                "source": 7,
                "value": "53"
              },
              {
                "begin": 2612,
                "end": 2672,
                "name": "JUMPDEST",
                "source": 7
              },
              {
                "begin": 2640,
                "end": 2643,
                "name": "PUSH",
                "source": 7,
                "value": "0"
              },
              {
                "begin": 2661,
                "end": 2666,
                "name": "DUP2",
                "source": 7
              },
              {
                "begin": 2654,
                "end": 2666,
                "name": "SWAP1",
                "source": 7
              },
              {
                "begin": 2654,
                "end": 2666,
                "name": "POP",
                "source": 7
              },
              {
                "begin": 2612,
                "end": 2672,
                "name": "SWAP2",
                "source": 7
              },
              {
                "begin": 2612,
                "end": 2672,
                "name": "SWAP1",
                "source": 7
              },
              {
                "begin": 2612,
                "end": 2672,
                "name": "POP",
                "source": 7
              },
              {
                "begin": 2612,
                "end": 2672,
                "jumpType": "[out]",
                "name": "JUMP",
                "source": 7
              },
              {
                "begin": 2678,
                "end": 2820,
                "name": "tag",
                "source": 7,
                "value": "54"
              },
              {
                "begin": 2678,
                "end": 2820,
                "name": "JUMPDEST",
                "source": 7
              },
              {
                "begin": 2728,
                "end": 2737,
                "name": "PUSH",
                "source": 7,
                "value": "0"
              },
              {
                "begin": 2761,
                "end": 2814,
                "name": "PUSH [tag]",
                "source": 7,
                "value": "98"
              },
              {
                "begin": 2779,
                "end": 2813,
                "name": "PUSH [tag]",
                "source": 7,
                "value": "99"
              },
              {
                "begin": 2788,
                "end": 2812,
                "name": "PUSH [tag]",
                "source": 7,
                "value": "100"
              },
              {
                "begin": 2806,
                "end": 2811,
                "name": "DUP5",
                "source": 7
              },
              {
                "begin": 2788,
                "end": 2812,
                "name": "PUSH [tag]",
                "source": 7,
                "value": "42"
              },
              {
                "begin": 2788,
                "end": 2812,
                "jumpType": "[in]",
                "name": "JUMP",
                "source": 7
              },
              {
                "begin": 2788,
                "end": 2812,
                "name": "tag",
                "source": 7,
                "value": "100"
              },
              {
                "begin": 2788,
                "end": 2812,
                "name": "JUMPDEST",
                "source": 7
              },
              {
                "begin": 2779,
                "end": 2813,
                "name": "PUSH [tag]",
                "source": 7,
                "value": "53"
              },
              {
                "begin": 2779,
                "end": 2813,
                "jumpType": "[in]",
                "name": "JUMP",
                "source": 7
              },
              {
                "begin": 2779,
                "end": 2813,
                "name": "tag",
                "source": 7,
                "value": "99"
              },
              {
                "begin": 2779,
                "end": 2813,
                "name": "JUMPDEST",
                "source": 7
              },
              {
                "begin": 2761,
                "end": 2814,
                "name": "PUSH [tag]",
                "source": 7,
                "value": "42"
              },
              {
                "begin": 2761,
                "end": 2814,
                "jumpType": "[in]",
                "name": "JUMP",
                "source": 7
              },
              {
                "begin": 2761,
                "end": 2814,
                "name": "tag",
                "source": 7,
                "value": "98"
              },
              {
                "begin": 2761,
                "end": 2814,
                "name": "JUMPDEST",
                "source": 7
              },
              {
                "begin": 2748,
                "end": 2814,
                "name": "SWAP1",
                "source": 7
              },
              {
                "begin": 2748,
                "end": 2814,
                "name": "POP",
                "source": 7
              },
              {
                "begin": 2678,
                "end": 2820,
                "name": "SWAP2",
                "source": 7
              },
              {
                "begin": 2678,
                "end": 2820,
                "name": "SWAP1",
                "source": 7
              },
              {
                "begin": 2678,
                "end": 2820,
                "name": "POP",
                "source": 7
              },
              {
                "begin": 2678,
                "end": 2820,
                "jumpType": "[out]",
                "name": "JUMP",
                "source": 7
              },
              {
                "begin": 2826,
                "end": 2901,
                "name": "tag",
                "source": 7,
                "value": "55"
              },
              {
                "begin": 2826,
                "end": 2901,
                "name": "JUMPDEST",
                "source": 7
              },
              {
                "begin": 2869,
                "end": 2872,
                "name": "PUSH",
                "source": 7,
                "value": "0"
              },
              {
                "begin": 2890,
                "end": 2895,
                "name": "DUP2",
                "source": 7
              },
              {
                "begin": 2883,
                "end": 2895,
                "name": "SWAP1",
                "source": 7
              },
              {
                "begin": 2883,
                "end": 2895,
                "name": "POP",
                "source": 7
              },
              {
                "begin": 2826,
                "end": 2901,
                "name": "SWAP2",
                "source": 7
              },
              {
                "begin": 2826,
                "end": 2901,
                "name": "SWAP1",
                "source": 7
              },
              {
                "begin": 2826,
                "end": 2901,
                "name": "POP",
                "source": 7
              },
              {
                "begin": 2826,
                "end": 2901,
                "jumpType": "[out]",
                "name": "JUMP",
                "source": 7
              },
              {
                "begin": 2907,
                "end": 3176,
                "name": "tag",
                "source": 7,
                "value": "56"
              },
              {
                "begin": 2907,
                "end": 3176,
                "name": "JUMPDEST",
                "source": 7
              },
              {
                "begin": 3017,
                "end": 3056,
                "name": "PUSH [tag]",
                "source": 7,
                "value": "103"
              },
              {
                "begin": 3048,
                "end": 3055,
                "name": "DUP4",
                "source": 7
              },
              {
                "begin": 3017,
                "end": 3056,
                "name": "PUSH [tag]",
                "source": 7,
                "value": "54"
              },
              {
                "begin": 3017,
                "end": 3056,
                "jumpType": "[in]",
                "name": "JUMP",
                "source": 7
              },
              {
                "begin": 3017,
                "end": 3056,
                "name": "tag",
                "source": 7,
                "value": "103"
              },
              {
                "begin": 3017,
                "end": 3056,
                "name": "JUMPDEST",
                "source": 7
              },
              {
                "begin": 3078,
                "end": 3169,
                "name": "PUSH [tag]",
                "source": 7,
                "value": "104"
              },
              {
                "begin": 3127,
                "end": 3168,
                "name": "PUSH [tag]",
                "source": 7,
                "value": "105"
              },
              {
                "begin": 3151,
                "end": 3167,
                "name": "DUP3",
                "source": 7
              },
              {
                "begin": 3127,
                "end": 3168,
                "name": "PUSH [tag]",
                "source": 7,
                "value": "55"
              },
              {
                "begin": 3127,
                "end": 3168,
                "jumpType": "[in]",
                "name": "JUMP",
                "source": 7
              },
              {
                "begin": 3127,
                "end": 3168,
                "name": "tag",
                "source": 7,
                "value": "105"
              },
              {
                "begin": 3127,
                "end": 3168,
                "name": "JUMPDEST",
                "source": 7
              },
              {
                "begin": 3119,
                "end": 3125,
                "name": "DUP5",
                "source": 7
              },
              {
                "begin": 3112,
                "end": 3116,
                "name": "DUP5",
                "source": 7
              },
              {
                "begin": 3106,
                "end": 3117,
                "name": "SLOAD",
                "source": 7
              },
              {
                "begin": 3078,
                "end": 3169,
                "name": "PUSH [tag]",
                "source": 7,
                "value": "52"
              },
              {
                "begin": 3078,
                "end": 3169,
                "jumpType": "[in]",
                "name": "JUMP",
                "source": 7
              },
              {
                "begin": 3078,
                "end": 3169,
                "name": "tag",
                "source": 7,
                "value": "104"
              },
              {
                "begin": 3078,
                "end": 3169,
                "name": "JUMPDEST",
                "source": 7
              },
              {
                "begin": 3072,
                "end": 3076,
                "name": "DUP3",
                "source": 7
              },
              {
                "begin": 3065,
                "end": 3170,
                "name": "SSTORE",
                "source": 7
              },
              {
                "begin": 2983,
                "end": 3176,
                "name": "POP",
                "source": 7
              },
              {
                "begin": 2907,
                "end": 3176,
                "name": "POP",
                "source": 7
              },
              {
                "begin": 2907,
                "end": 3176,
                "name": "POP",
                "source": 7
              },
              {
                "begin": 2907,
                "end": 3176,
                "name": "POP",
                "source": 7
              },
              {
                "begin": 2907,
                "end": 3176,
                "jumpType": "[out]",
                "name": "JUMP",
                "source": 7
              },
              {
                "begin": 3182,
                "end": 3255,
                "name": "tag",
                "source": 7,
                "value": "57"
              },
              {
                "begin": 3182,
                "end": 3255,
                "name": "JUMPDEST",
                "source": 7
              },
              {
                "begin": 3227,
                "end": 3230,
                "name": "PUSH",
                "source": 7,
                "value": "0"
              },
              {
                "begin": 3248,
                "end": 3249,
                "name": "PUSH",
                "source": 7,
                "value": "0"
              },
              {
                "begin": 3241,
                "end": 3249,
                "name": "SWAP1",
                "source": 7
              },
              {
                "begin": 3241,
                "end": 3249,
                "name": "POP",
                "source": 7
              },
              {
                "begin": 3182,
                "end": 3255,
                "name": "SWAP1",
                "source": 7
              },
              {
                "begin": 3182,
                "end": 3255,
                "jumpType": "[out]",
                "name": "JUMP",
                "source": 7
              },
              {
                "begin": 3261,
                "end": 3450,
                "name": "tag",
                "source": 7,
                "value": "58"
              },
              {
                "begin": 3261,
                "end": 3450,
                "name": "JUMPDEST",
                "source": 7
              },
              {
                "begin": 3338,
                "end": 3370,
                "name": "PUSH [tag]",
                "source": 7,
                "value": "108"
              },
              {
                "begin": 3338,
                "end": 3370,
                "name": "PUSH [tag]",
                "source": 7,
                "value": "57"
              },
              {
                "begin": 3338,
                "end": 3370,
                "jumpType": "[in]",
                "name": "JUMP",
                "source": 7
              },
              {
                "begin": 3338,
                "end": 3370,
                "name": "tag",
                "source": 7,
                "value": "108"
              },
              {
                "begin": 3338,
                "end": 3370,
                "name": "JUMPDEST",
                "source": 7
              },
              {
                "begin": 3379,
                "end": 3444,
                "name": "PUSH [tag]",
                "source": 7,
                "value": "109"
              },
              {
                "begin": 3437,
                "end": 3443,
                "name": "DUP2",
                "source": 7
              },
              {
                "begin": 3429,
                "end": 3435,
                "name": "DUP5",
                "source": 7
              },
              {
                "begin": 3423,
                "end": 3427,
                "name": "DUP5",
                "source": 7
              },
              {
                "begin": 3379,
                "end": 3444,
                "name": "PUSH [tag]",
                "source": 7,
                "value": "56"
              },
              {
                "begin": 3379,
                "end": 3444,
                "jumpType": "[in]",
                "name": "JUMP",
                "source": 7
              },
              {
                "begin": 3379,
                "end": 3444,
                "name": "tag",
                "source": 7,
                "value": "109"
              },
              {
                "begin": 3379,
                "end": 3444,
                "name": "JUMPDEST",
                "source": 7
              },
              {
                "begin": 3314,
                "end": 3450,
                "name": "POP",
                "source": 7
              },
              {
                "begin": 3261,
                "end": 3450,
                "name": "POP",
                "source": 7
              },
              {
                "begin": 3261,
                "end": 3450,
                "name": "POP",
                "source": 7
              },
              {
                "begin": 3261,
                "end": 3450,
                "jumpType": "[out]",
                "name": "JUMP",
                "source": 7
              },
              {
                "begin": 3456,
                "end": 3642,
                "name": "tag",
                "source": 7,
                "value": "59"
              },
              {
                "begin": 3456,
                "end": 3642,
                "name": "JUMPDEST",
                "source": 7
              },
              {
                "begin": 3516,
                "end": 3636,
                "name": "tag",
                "source": 7,
                "value": "111"
              },
              {
                "begin": 3516,
                "end": 3636,
                "name": "JUMPDEST",
                "source": 7
              },
              {
                "begin": 3533,
                "end": 3536,
                "name": "DUP2",
                "source": 7
              },
              {
                "begin": 3526,
                "end": 3531,
                "name": "DUP2",
                "source": 7
              },
              {
                "begin": 3523,
                "end": 3537,
                "name": "LT",
                "source": 7
              },
              {
                "begin": 3516,
                "end": 3636,
                "name": "ISZERO",
                "source": 7
              },
              {
                "begin": 3516,
                "end": 3636,
                "name": "PUSH [tag]",
                "source": 7,
                "value": "113"
              },
              {
                "begin": 3516,
                "end": 3636,
                "name": "JUMPI",
                "source": 7
              },
              {
                "begin": 3587,
                "end": 3626,
                "name": "PUSH [tag]",
                "source": 7,
                "value": "114"
              },
              {
                "begin": 3624,
                "end": 3625,
                "name": "PUSH",
                "source": 7,
                "value": "0"
              },
              {
                "begin": 3617,
                "end": 3622,
                "name": "DUP3",
                "source": 7
              },
              {
                "begin": 3587,
                "end": 3626,
                "name": "PUSH [tag]",
                "source": 7,
                "value": "58"
              },
              {
                "begin": 3587,
                "end": 3626,
                "jumpType": "[in]",
                "name": "JUMP",
                "source": 7
              },
              {
                "begin": 3587,
                "end": 3626,
                "name": "tag",
                "source": 7,
                "value": "114"
              },
              {
                "begin": 3587,
                "end": 3626,
                "name": "JUMPDEST",
                "source": 7
              },
              {
                "begin": 3560,
                "end": 3561,
                "name": "PUSH",
                "source": 7,
                "value": "1"
              },
              {
                "begin": 3553,
                "end": 3558,
                "name": "DUP2",
                "source": 7
              },
              {
                "begin": 3549,
                "end": 3562,
                "name": "ADD",
                "source": 7
              },
              {
                "begin": 3540,
                "end": 3562,
                "name": "SWAP1",
                "source": 7
              },
              {
                "begin": 3540,
                "end": 3562,
                "name": "POP",
                "source": 7
              },
              {
                "begin": 3516,
                "end": 3636,
                "name": "PUSH [tag]",
                "source": 7,
                "value": "111"
              },
              {
                "begin": 3516,
                "end": 3636,
                "name": "JUMP",
                "source": 7
              },
              {
                "begin": 3516,
                "end": 3636,
                "name": "tag",
                "source": 7,
                "value": "113"
              },
              {
                "begin": 3516,
                "end": 3636,
                "name": "JUMPDEST",
                "source": 7
              },
              {
                "begin": 3456,
                "end": 3642,
                "name": "POP",
                "source": 7
              },
              {
                "begin": 3456,
                "end": 3642,
                "name": "POP",
                "source": 7
              },
              {
                "begin": 3456,
                "end": 3642,
                "jumpType": "[out]",
                "name": "JUMP",
                "source": 7
              },
              {
                "begin": 3648,
                "end": 4191,
                "name": "tag",
                "source": 7,
                "value": "60"
              },
              {
                "begin": 3648,
                "end": 4191,
                "name": "JUMPDEST",
                "source": 7
              },
              {
                "begin": 3749,
                "end": 3751,
                "name": "PUSH",
                "source": 7,
                "value": "1F"
              },
              {
                "begin": 3744,
                "end": 3747,
                "name": "DUP3",
                "source": 7
              },
              {
                "begin": 3741,
                "end": 3752,
                "name": "GT",
                "source": 7
              },
              {
                "begin": 3738,
                "end": 4184,
                "name": "ISZERO",
                "source": 7
              },
              {
                "begin": 3738,
                "end": 4184,
                "name": "PUSH [tag]",
                "source": 7,
                "value": "116"
              },
              {
                "begin": 3738,
                "end": 4184,
                "name": "JUMPI",
                "source": 7
              },
              {
                "begin": 3783,
                "end": 3821,
                "name": "PUSH [tag]",
                "source": 7,
                "value": "117"
              },
              {
                "begin": 3815,
                "end": 3820,
                "name": "DUP2",
                "source": 7
              },
              {
                "begin": 3783,
                "end": 3821,
                "name": "PUSH [tag]",
                "source": 7,
                "value": "49"
              },
              {
                "begin": 3783,
                "end": 3821,
                "jumpType": "[in]",
                "name": "JUMP",
                "source": 7
              },
              {
                "begin": 3783,
                "end": 3821,
                "name": "tag",
                "source": 7,
                "value": "117"
              },
              {
                "begin": 3783,
                "end": 3821,
                "name": "JUMPDEST",
                "source": 7
              },
              {
                "begin": 3867,
                "end": 3896,
                "name": "PUSH [tag]",
                "source": 7,
                "value": "118"
              },
              {
                "begin": 3885,
                "end": 3895,
                "name": "DUP5",
                "source": 7
              },
              {
                "begin": 3867,
                "end": 3896,
                "name": "PUSH [tag]",
                "source": 7,
                "value": "50"
              },
              {
                "begin": 3867,
                "end": 3896,
                "jumpType": "[in]",
                "name": "JUMP",
                "source": 7
              },
              {
                "begin": 3867,
                "end": 3896,
                "name": "tag",
                "source": 7,
                "value": "118"
              },
              {
                "begin": 3867,
                "end": 3896,
                "name": "JUMPDEST",
                "source": 7
              },
              {
                "begin": 3857,
                "end": 3865,
                "name": "DUP2",
                "source": 7
              },
              {
                "begin": 3853,
                "end": 3897,
                "name": "ADD",
                "source": 7
              },
              {
                "begin": 4050,
                "end": 4052,
                "name": "PUSH",
                "source": 7,
                "value": "20"
              },
              {
                "begin": 4038,
                "end": 4048,
                "name": "DUP6",
                "source": 7
              },
              {
                "begin": 4035,
                "end": 4053,
                "name": "LT",
                "source": 7
              },
              {
                "begin": 4032,
                "end": 4081,
                "name": "ISZERO",
                "source": 7
              },
              {
                "begin": 4032,
                "end": 4081,
                "name": "PUSH [tag]",
                "source": 7,
                "value": "119"
              },
              {
                "begin": 4032,
                "end": 4081,
                "name": "JUMPI",
                "source": 7
              },
              {
                "begin": 4071,
                "end": 4079,
                "name": "DUP2",
                "source": 7
              },
              {
                "begin": 4056,
                "end": 4079,
                "name": "SWAP1",
                "source": 7
              },
              {
                "begin": 4056,
                "end": 4079,
                "name": "POP",
                "source": 7
              },
              {
                "begin": 4032,
                "end": 4081,
                "name": "tag",
                "source": 7,
                "value": "119"
              },
              {
                "begin": 4032,
                "end": 4081,
                "name": "JUMPDEST",
                "source": 7
              },
              {
                "begin": 4094,
                "end": 4174,
                "name": "PUSH [tag]",
                "source": 7,
                "value": "120"
              },
              {
                "begin": 4150,
                "end": 4172,
                "name": "PUSH [tag]",
                "source": 7,
                "value": "121"
              },
              {
                "begin": 4168,
                "end": 4171,
                "name": "DUP6",
                "source": 7
              },
              {
                "begin": 4150,
                "end": 4172,
                "name": "PUSH [tag]",
                "source": 7,
                "value": "50"
              },
              {
                "begin": 4150,
                "end": 4172,
                "jumpType": "[in]",
                "name": "JUMP",
                "source": 7
              },
              {
                "begin": 4150,
                "end": 4172,
                "name": "tag",
                "source": 7,
                "value": "121"
              },
              {
                "begin": 4150,
                "end": 4172,
                "name": "JUMPDEST",
                "source": 7
              },
              {
                "begin": 4140,
                "end": 4148,
                "name": "DUP4",
                "source": 7
              },
              {
                "begin": 4136,
                "end": 4173,
                "name": "ADD",
                "source": 7
              },
              {
                "begin": 4123,
                "end": 4134,
                "name": "DUP3",
                "source": 7
              },
              {
                "begin": 4094,
                "end": 4174,
                "name": "PUSH [tag]",
                "source": 7,
                "value": "59"
              },
              {
                "begin": 4094,
                "end": 4174,
                "jumpType": "[in]",
                "name": "JUMP",
                "source": 7
              },
              {
                "begin": 4094,
                "end": 4174,
                "name": "tag",
                "source": 7,
                "value": "120"
              },
              {
                "begin": 4094,
                "end": 4174,
                "name": "JUMPDEST",
                "source": 7
              },
              {
                "begin": 3753,
                "end": 4184,
                "name": "POP",
                "source": 7
              },
              {
                "begin": 3753,
                "end": 4184,
                "name": "POP",
                "source": 7
              },
              {
                "begin": 3738,
                "end": 4184,
                "name": "tag",
                "source": 7,
                "value": "116"
              },
              {
                "begin": 3738,
                "end": 4184,
                "name": "JUMPDEST",
                "source": 7
              },
              {
                "begin": 3648,
                "end": 4191,
                "name": "POP",
                "source": 7
              },
              {
                "begin": 3648,
                "end": 4191,
                "name": "POP",
                "source": 7
              },
              {
                "begin": 3648,
                "end": 4191,
                "name": "POP",
                "source": 7
              },
              {
                "begin": 3648,
                "end": 4191,
                "jumpType": "[out]",
                "name": "JUMP",
                "source": 7
              },
              {
                "begin": 4197,
                "end": 4314,
                "name": "tag",
                "source": 7,
                "value": "61"
              },
              {
                "begin": 4197,
                "end": 4314,
                "name": "JUMPDEST",
                "source": 7
              },
              {
                "begin": 4251,
                "end": 4259,
                "name": "PUSH",
                "source": 7,
                "value": "0"
              },
              {
                "begin": 4301,
                "end": 4306,
                "name": "DUP3",
                "source": 7
              },
              {
                "begin": 4295,
                "end": 4299,
                "name": "DUP3",
                "source": 7
              },
              {
                "begin": 4291,
                "end": 4307,
                "name": "SHR",
                "source": 7
              },
              {
                "begin": 4270,
                "end": 4307,
                "name": "SWAP1",
                "source": 7
              },
              {
                "begin": 4270,
                "end": 4307,
                "name": "POP",
                "source": 7
              },
              {
                "begin": 4197,
                "end": 4314,
                "name": "SWAP3",
                "source": 7
              },
              {
                "begin": 4197,
                "end": 4314,
                "name": "SWAP2",
                "source": 7
              },
              {
                "begin": 4197,
                "end": 4314,
                "name": "POP",
                "source": 7
              },
              {
                "begin": 4197,
                "end": 4314,
                "name": "POP",
                "source": 7
              },
              {
                "begin": 4197,
                "end": 4314,
                "jumpType": "[out]",
                "name": "JUMP",
                "source": 7
              },
              {
                "begin": 4320,
                "end": 4489,
                "name": "tag",
                "source": 7,
                "value": "62"
              },
              {
                "begin": 4320,
                "end": 4489,
                "name": "JUMPDEST",
                "source": 7
              },
              {
                "begin": 4364,
                "end": 4370,
                "name": "PUSH",
                "source": 7,
                "value": "0"
              },
              {
                "begin": 4397,
                "end": 4448,
                "name": "PUSH [tag]",
                "source": 7,
                "value": "124"
              },
              {
                "begin": 4445,
                "end": 4446,
                "name": "PUSH",
                "source": 7,
                "value": "0"
              },
              {
                "begin": 4441,
                "end": 4447,
                "name": "NOT",
                "source": 7
              },
              {
                "begin": 4433,
                "end": 4438,
                "name": "DUP5",
                "source": 7
              },
              {
                "begin": 4430,
                "end": 4431,
                "name": "PUSH",
                "source": 7,
                "value": "8"
              },
              {
                "begin": 4426,
                "end": 4439,
                "name": "MUL",
                "source": 7
              },
              {
                "begin": 4397,
                "end": 4448,
                "name": "PUSH [tag]",
                "source": 7,
                "value": "61"
              },
              {
                "begin": 4397,
                "end": 4448,
                "jumpType": "[in]",
                "name": "JUMP",
                "source": 7
              },
              {
                "begin": 4397,
                "end": 4448,
                "name": "tag",
                "source": 7,
                "value": "124"
              },
              {
                "begin": 4397,
                "end": 4448,
                "name": "JUMPDEST",
                "source": 7
              },
              {
                "begin": 4393,
                "end": 4449,
                "name": "NOT",
                "source": 7
              },
              {
                "begin": 4478,
                "end": 4482,
                "name": "DUP1",
                "source": 7
              },
              {
                "begin": 4472,
                "end": 4476,
                "name": "DUP4",
                "source": 7
              },
              {
                "begin": 4468,
                "end": 4483,
                "name": "AND",
                "source": 7
              },
              {
                "begin": 4458,
                "end": 4483,
                "name": "SWAP2",
                "source": 7
              },
              {
                "begin": 4458,
                "end": 4483,
                "name": "POP",
                "source": 7
              },
              {
                "begin": 4371,
                "end": 4489,
                "name": "POP",
                "source": 7
              },
              {
                "begin": 4320,
                "end": 4489,
                "name": "SWAP3",
                "source": 7
              },
              {
                "begin": 4320,
                "end": 4489,
                "name": "SWAP2",
                "source": 7
              },
              {
                "begin": 4320,
                "end": 4489,
                "name": "POP",
                "source": 7
              },
              {
                "begin": 4320,
                "end": 4489,
                "name": "POP",
                "source": 7
              },
              {
                "begin": 4320,
                "end": 4489,
                "jumpType": "[out]",
                "name": "JUMP",
                "source": 7
              },
              {
                "begin": 4494,
                "end": 4789,
                "name": "tag",
                "source": 7,
                "value": "63"
              },
              {
                "begin": 4494,
                "end": 4789,
                "name": "JUMPDEST",
                "source": 7
              },
              {
                "begin": 4570,
                "end": 4574,
                "name": "PUSH",
                "source": 7,
                "value": "0"
              },
              {
                "begin": 4716,
                "end": 4745,
                "name": "PUSH [tag]",
                "source": 7,
                "value": "126"
              },
              {
                "begin": 4741,
                "end": 4744,
                "name": "DUP4",
                "source": 7
              },
              {
                "begin": 4735,
                "end": 4739,
                "name": "DUP4",
                "source": 7
              },
              {
                "begin": 4716,
                "end": 4745,
                "name": "PUSH [tag]",
                "source": 7,
                "value": "62"
              },
              {
                "begin": 4716,
                "end": 4745,
                "jumpType": "[in]",
                "name": "JUMP",
                "source": 7
              },
              {
                "begin": 4716,
                "end": 4745,
                "name": "tag",
                "source": 7,
                "value": "126"
              },
              {
                "begin": 4716,
                "end": 4745,
                "name": "JUMPDEST",
                "source": 7
              },
              {
                "begin": 4708,
                "end": 4745,
                "name": "SWAP2",
                "source": 7
              },
              {
                "begin": 4708,
                "end": 4745,
                "name": "POP",
                "source": 7
              },
              {
                "begin": 4778,
                "end": 4781,
                "name": "DUP3",
                "source": 7
              },
              {
                "begin": 4775,
                "end": 4776,
                "name": "PUSH",
                "source": 7,
                "value": "2"
              },
              {
                "begin": 4771,
                "end": 4782,
                "name": "MUL",
                "source": 7
              },
              {
                "begin": 4765,
                "end": 4769,
                "name": "DUP3",
                "source": 7
              },
              {
                "begin": 4762,
                "end": 4783,
                "name": "OR",
                "source": 7
              },
              {
                "begin": 4754,
                "end": 4783,
                "name": "SWAP1",
                "source": 7
              },
              {
                "begin": 4754,
                "end": 4783,
                "name": "POP",
                "source": 7
              },
              {
                "begin": 4494,
                "end": 4789,
                "name": "SWAP3",
                "source": 7
              },
              {
                "begin": 4494,
                "end": 4789,
                "name": "SWAP2",
                "source": 7
              },
              {
                "begin": 4494,
                "end": 4789,
                "name": "POP",
                "source": 7
              },
              {
                "begin": 4494,
                "end": 4789,
                "name": "POP",
                "source": 7
              },
              {
                "begin": 4494,
                "end": 4789,
                "jumpType": "[out]",
                "name": "JUMP",
                "source": 7
              },
              {
                "begin": 4794,
                "end": 6189,
                "name": "tag",
                "source": 7,
                "value": "9"
              },
              {
                "begin": 4794,
                "end": 6189,
                "name": "JUMPDEST",
                "source": 7
              },
              {
                "begin": 4911,
                "end": 4948,
                "name": "PUSH [tag]",
                "source": 7,
                "value": "128"
              },
              {
                "begin": 4944,
                "end": 4947,
                "name": "DUP3",
                "source": 7
              },
              {
                "begin": 4911,
                "end": 4948,
                "name": "PUSH [tag]",
                "source": 7,
                "value": "45"
              },
              {
                "begin": 4911,
                "end": 4948,
                "jumpType": "[in]",
                "name": "JUMP",
                "source": 7
              },
              {
                "begin": 4911,
                "end": 4948,
                "name": "tag",
                "source": 7,
                "value": "128"
              },
              {
                "begin": 4911,
                "end": 4948,
                "name": "JUMPDEST",
                "source": 7
              },
              {
                "begin": 5013,
                "end": 5031,
                "name": "PUSH",
                "source": 7,
                "value": "FFFFFFFFFFFFFFFF"
              },
              {
                "begin": 5005,
                "end": 5011,
                "name": "DUP2",
                "source": 7
              },
              {
                "begin": 5002,
                "end": 5032,
                "name": "GT",
                "source": 7
              },
              {
                "begin": 4999,
                "end": 5055,
                "name": "ISZERO",
                "source": 7
              },
              {
                "begin": 4999,
                "end": 5055,
                "name": "PUSH [tag]",
                "source": 7,
                "value": "129"
              },
              {
                "begin": 4999,
                "end": 5055,
                "name": "JUMPI",
                "source": 7
              },
              {
                "begin": 5035,
                "end": 5053,
                "name": "PUSH [tag]",
                "source": 7,
                "value": "130"
              },
              {
                "begin": 5035,
                "end": 5053,
                "name": "PUSH [tag]",
                "source": 7,
                "value": "46"
              },
              {
                "begin": 5035,
                "end": 5053,
                "jumpType": "[in]",
                "name": "JUMP",
                "source": 7
              },
              {
                "begin": 5035,
                "end": 5053,
                "name": "tag",
                "source": 7,
                "value": "130"
              },
              {
                "begin": 5035,
                "end": 5053,
                "name": "JUMPDEST",
                "source": 7
              },
              {
                "begin": 4999,
                "end": 5055,
                "name": "tag",
                "source": 7,
                "value": "129"
              },
              {
                "begin": 4999,
                "end": 5055,
                "name": "JUMPDEST",
                "source": 7
              },
              {
                "begin": 5079,
                "end": 5117,
                "name": "PUSH [tag]",
                "source": 7,
                "value": "131"
              },
              {
                "begin": 5111,
                "end": 5115,
                "name": "DUP3",
                "source": 7
              },
              {
                "begin": 5105,
                "end": 5116,
                "name": "SLOAD",
                "source": 7
              },
              {
                "begin": 5079,
                "end": 5117,
                "name": "PUSH [tag]",
                "source": 7,
                "value": "48"
              },
              {
                "begin": 5079,
                "end": 5117,
                "jumpType": "[in]",
                "name": "JUMP",
                "source": 7
              },
              {
                "begin": 5079,
                "end": 5117,
                "name": "tag",
                "source": 7,
                "value": "131"
              },
              {
                "begin": 5079,
                "end": 5117,
                "name": "JUMPDEST",
                "source": 7
              },
              {
                "begin": 5164,
                "end": 5231,
                "name": "PUSH [tag]",
                "source": 7,
                "value": "132"
              },
              {
                "begin": 5224,
                "end": 5230,
                "name": "DUP3",
                "source": 7
              },
              {
                "begin": 5216,
                "end": 5222,
                "name": "DUP3",
                "source": 7
              },
              {
                "begin": 5210,
                "end": 5214,
                "name": "DUP6",
                "source": 7
              },
              {
                "begin": 5164,
                "end": 5231,
                "name": "PUSH [tag]",
                "source": 7,
                "value": "60"
              },
              {
                "begin": 5164,
                "end": 5231,
                "jumpType": "[in]",
                "name": "JUMP",
                "source": 7
              },
              {
                "begin": 5164,
                "end": 5231,
                "name": "tag",
                "source": 7,
                "value": "132"
              },
              {
                "begin": 5164,
                "end": 5231,
                "name": "JUMPDEST",
                "source": 7
              },
              {
                "begin": 5258,
                "end": 5259,
                "name": "PUSH",
                "source": 7,
                "value": "0"
              },
              {
                "begin": 5282,
                "end": 5286,
                "name": "PUSH",
                "source": 7,
                "value": "20"
              },
              {
                "begin": 5269,
                "end": 5286,
                "name": "SWAP1",
                "source": 7
              },
              {
                "begin": 5269,
                "end": 5286,
                "name": "POP",
                "source": 7
              },
              {
                "begin": 5314,
                "end": 5316,
                "name": "PUSH",
                "source": 7,
                "value": "1F"
              },
              {
                "begin": 5306,
                "end": 5312,
                "name": "DUP4",
                "source": 7
              },
              {
                "begin": 5303,
                "end": 5317,
                "name": "GT",
                "source": 7
              },
              {
                "begin": 5331,
                "end": 5332,
                "name": "PUSH",
                "source": 7,
                "value": "1"
              },
              {
                "begin": 5326,
                "end": 5944,
                "name": "DUP2",
                "source": 7
              },
              {
                "begin": 5326,
                "end": 5944,
                "name": "EQ",
                "source": 7
              },
              {
                "begin": 5326,
                "end": 5944,
                "name": "PUSH [tag]",
                "source": 7,
                "value": "134"
              },
              {
                "begin": 5326,
                "end": 5944,
                "name": "JUMPI",
                "source": 7
              },
              {
                "begin": 5988,
                "end": 5989,
                "name": "PUSH",
                "source": 7,
                "value": "0"
              },
              {
                "begin": 6005,
                "end": 6011,
                "name": "DUP5",
                "source": 7
              },
              {
                "begin": 6002,
                "end": 6079,
                "name": "ISZERO",
                "source": 7
              },
              {
                "begin": 6002,
                "end": 6079,
                "name": "PUSH [tag]",
                "source": 7,
                "value": "135"
              },
              {
                "begin": 6002,
                "end": 6079,
                "name": "JUMPI",
                "source": 7
              },
              {
                "begin": 6054,
                "end": 6063,
                "name": "DUP3",
                "source": 7
              },
              {
                "begin": 6049,
                "end": 6052,
                "name": "DUP8",
                "source": 7
              },
              {
                "begin": 6045,
                "end": 6064,
                "name": "ADD",
                "source": 7
              },
              {
                "begin": 6039,
                "end": 6065,
                "name": "MLOAD",
                "source": 7
              },
              {
                "begin": 6030,
                "end": 6065,
                "name": "SWAP1",
                "source": 7
              },
              {
                "begin": 6030,
                "end": 6065,
                "name": "POP",
                "source": 7
              },
              {
                "begin": 6002,
                "end": 6079,
                "name": "tag",
                "source": 7,
                "value": "135"
              },
              {
                "begin": 6002,
                "end": 6079,
                "name": "JUMPDEST",
                "source": 7
              },
              {
                "begin": 6105,
                "end": 6172,
                "name": "PUSH [tag]",
                "source": 7,
                "value": "136"
              },
              {
                "begin": 6165,
                "end": 6171,
                "name": "DUP6",
                "source": 7
              },
              {
                "begin": 6158,
                "end": 6163,
                "name": "DUP3",
                "source": 7
              },
              {
                "begin": 6105,
                "end": 6172,
                "name": "PUSH [tag]",
                "source": 7,
                "value": "63"
              },
              {
                "begin": 6105,
                "end": 6172,
                "jumpType": "[in]",
                "name": "JUMP",
                "source": 7
              },
              {
                "begin": 6105,
                "end": 6172,
                "name": "tag",
                "source": 7,
                "value": "136"
              },
              {
                "begin": 6105,
                "end": 6172,
                "name": "JUMPDEST",
                "source": 7
              },
              {
                "begin": 6099,
                "end": 6103,
                "name": "DUP7",
                "source": 7
              },
              {
                "begin": 6092,
                "end": 6173,
                "name": "SSTORE",
                "source": 7
              },
              {
                "begin": 5961,
                "end": 6183,
                "name": "POP",
                "source": 7
              },
              {
                "begin": 5296,
                "end": 6183,
                "name": "PUSH [tag]",
                "source": 7,
                "value": "133"
              },
              {
                "begin": 5296,
                "end": 6183,
                "name": "JUMP",
                "source": 7
              },
              {
                "begin": 5326,
                "end": 5944,
                "name": "tag",
                "source": 7,
                "value": "134"
              },
              {
                "begin": 5326,
                "end": 5944,
                "name": "JUMPDEST",
                "source": 7
              },
              {
                "begin": 5378,
                "end": 5382,
                "name": "PUSH",
                "source": 7,
                "value": "1F"
              },
              {
                "begin": 5374,
                "end": 5383,
                "name": "NOT",
                "source": 7
              },
              {
                "begin": 5366,
                "end": 5372,
                "name": "DUP5",
                "source": 7
              },
              {
                "begin": 5362,
                "end": 5384,
                "name": "AND",
                "source": 7
              },
              {
                "begin": 5412,
                "end": 5449,
                "name": "PUSH [tag]",
                "source": 7,
                "value": "137"
              },
              {
                "begin": 5444,
                "end": 5448,
                "name": "DUP7",
                "source": 7
              },
              {
                "begin": 5412,
                "end": 5449,
                "name": "PUSH [tag]",
                "source": 7,
                "value": "49"
              },
              {
                "begin": 5412,
                "end": 5449,
                "jumpType": "[in]",
                "name": "JUMP",
                "source": 7
              },
              {
                "begin": 5412,
                "end": 5449,
                "name": "tag",
                "source": 7,
                "value": "137"
              },
              {
                "begin": 5412,
                "end": 5449,
                "name": "JUMPDEST",
                "source": 7
              },
              {
                "begin": 5471,
                "end": 5472,
                "name": "PUSH",
                "source": 7,
                "value": "0"
              },
              {
                "begin": 5485,
                "end": 5693,
                "name": "tag",
                "source": 7,
                "value": "138"
              },
              {
                "begin": 5485,
                "end": 5693,
                "name": "JUMPDEST",
                "source": 7
              },
              {
                "begin": 5499,
                "end": 5506,
                "name": "DUP3",
                "source": 7
              },
              {
                "begin": 5496,
                "end": 5497,
                "name": "DUP2",
                "source": 7
              },
              {
                "begin": 5493,
                "end": 5507,
                "name": "LT",
                "source": 7
              },
              {
                "begin": 5485,
                "end": 5693,
                "name": "ISZERO",
                "source": 7
              },
              {
                "begin": 5485,
                "end": 5693,
                "name": "PUSH [tag]",
                "source": 7,
                "value": "140"
              },
              {
                "begin": 5485,
                "end": 5693,
                "name": "JUMPI",
                "source": 7
              },
              {
                "begin": 5578,
                "end": 5587,
                "name": "DUP5",
                "source": 7
              },
              {
                "begin": 5573,
                "end": 5576,
                "name": "DUP10",
                "source": 7
              },
              {
                "begin": 5569,
                "end": 5588,
                "name": "ADD",
                "source": 7
              },
              {
                "begin": 5563,
                "end": 5589,
                "name": "MLOAD",
                "source": 7
              },
              {
                "begin": 5555,
                "end": 5561,
                "name": "DUP3",
                "source": 7
              },
              {
                "begin": 5548,
                "end": 5590,
                "name": "SSTORE",
                "source": 7
              },
              {
                "begin": 5629,
                "end": 5630,
                "name": "PUSH",
                "source": 7,
                "value": "1"
              },
              {
                "begin": 5621,
                "end": 5627,
                "name": "DUP3",
                "source": 7
              },
              {
                "begin": 5617,
                "end": 5631,
                "name": "ADD",
                "source": 7
              },
              {
                "begin": 5607,
                "end": 5631,
                "name": "SWAP2",
                "source": 7
              },
              {
                "begin": 5607,
                "end": 5631,
                "name": "POP",
                "source": 7
              },
              {
                "begin": 5676,
                "end": 5678,
                "name": "PUSH",
                "source": 7,
                "value": "20"
              },
              {
                "begin": 5665,
                "end": 5674,
                "name": "DUP6",
                "source": 7
              },
              {
                "begin": 5661,
                "end": 5679,
                "name": "ADD",
                "source": 7
              },
              {
                "begin": 5648,
                "end": 5679,
                "name": "SWAP5",
                "source": 7
              },
              {
                "begin": 5648,
                "end": 5679,
                "name": "POP",
                "source": 7
              },
              {
                "begin": 5522,
                "end": 5526,
                "name": "PUSH",
                "source": 7,
                "value": "20"
              },
              {
                "begin": 5519,
                "end": 5520,
                "name": "DUP2",
                "source": 7
              },
              {
                "begin": 5515,
                "end": 5527,
                "name": "ADD",
                "source": 7
              },
              {
                "begin": 5510,
                "end": 5527,
                "name": "SWAP1",
                "source": 7
              },
              {
                "begin": 5510,
                "end": 5527,
                "name": "POP",
                "source": 7
              },
              {
                "begin": 5485,
                "end": 5693,
                "name": "PUSH [tag]",
                "source": 7,
                "value": "138"
              },
              {
                "begin": 5485,
                "end": 5693,
                "name": "JUMP",
                "source": 7
              },
              {
                "begin": 5485,
                "end": 5693,
                "name": "tag",
                "source": 7,
                "value": "140"
              },
              {
                "begin": 5485,
                "end": 5693,
                "name": "JUMPDEST",
                "source": 7
              },
              {
                "begin": 5721,
                "end": 5727,
                "name": "DUP7",
                "source": 7
              },
              {
                "begin": 5712,
                "end": 5719,
                "name": "DUP4",
                "source": 7
              },
              {
                "begin": 5709,
                "end": 5728,
                "name": "LT",
                "source": 7
              },
              {
                "begin": 5706,
                "end": 5885,
                "name": "ISZERO",
                "source": 7
              },
              {
                "begin": 5706,
                "end": 5885,
                "name": "PUSH [tag]",
                "source": 7,
                "value": "141"
              },
              {
                "begin": 5706,
                "end": 5885,
                "name": "JUMPI",
                "source": 7
              },
              {
                "begin": 5779,
                "end": 5788,
                "name": "DUP5",
                "source": 7
              },
              {
                "begin": 5774,
                "end": 5777,
                "name": "DUP10",
                "source": 7
              },
              {
                "begin": 5770,
                "end": 5789,
                "name": "ADD",
                "source": 7
              },
              {
                "begin": 5764,
                "end": 5790,
                "name": "MLOAD",
                "source": 7
              },
              {
                "begin": 5822,
                "end": 5870,
                "name": "PUSH [tag]",
                "source": 7,
                "value": "142"
              },
              {
                "begin": 5864,
                "end": 5868,
                "name": "PUSH",
                "source": 7,
                "value": "1F"
              },
              {
                "begin": 5856,
                "end": 5862,
                "name": "DUP10",
                "source": 7
              },
              {
                "begin": 5852,
                "end": 5869,
                "name": "AND",
                "source": 7
              },
              {
                "begin": 5841,
                "end": 5850,
                "name": "DUP3",
                "source": 7
              },
              {
                "begin": 5822,
                "end": 5870,
                "name": "PUSH [tag]",
                "source": 7,
                "value": "62"
              },
              {
                "begin": 5822,
                "end": 5870,
                "jumpType": "[in]",
                "name": "JUMP",
                "source": 7
              },
              {
                "begin": 5822,
                "end": 5870,
                "name": "tag",
                "source": 7,
                "value": "142"
              },
              {
                "begin": 5822,
                "end": 5870,
                "name": "JUMPDEST",
                "source": 7
              },
              {
                "begin": 5814,
                "end": 5820,
                "name": "DUP4",
                "source": 7
              },
              {
                "begin": 5807,
                "end": 5871,
                "name": "SSTORE",
                "source": 7
              },
              {
                "begin": 5729,
                "end": 5885,
                "name": "POP",
                "source": 7
              },
              {
                "begin": 5706,
                "end": 5885,
                "name": "tag",
                "source": 7,
                "value": "141"
              },
              {
                "begin": 5706,
                "end": 5885,
                "name": "JUMPDEST",
                "source": 7
              },
              {
                "begin": 5931,
                "end": 5932,
                "name": "PUSH",
                "source": 7,
                "value": "1"
              },
              {
                "begin": 5927,
                "end": 5928,
                "name": "PUSH",
                "source": 7,
                "value": "2"
              },
              {
                "begin": 5919,
                "end": 5925,
                "name": "DUP9",
                "source": 7
              },
              {
                "begin": 5915,
                "end": 5929,
                "name": "MUL",
                "source": 7
              },
              {
                "begin": 5911,
                "end": 5933,
                "name": "ADD",
                "source": 7
              },
              {
                "begin": 5905,
                "end": 5909,
                "name": "DUP9",
                "source": 7
              },
              {
                "begin": 5898,
                "end": 5934,
                "name": "SSTORE",
                "source": 7
              },
              {
                "begin": 5333,
                "end": 5944,
                "name": "POP",
                "source": 7
              },
              {
                "begin": 5333,
                "end": 5944,
                "name": "POP",
                "source": 7
              },
              {
                "begin": 5333,
                "end": 5944,
                "name": "POP",
                "source": 7
              },
              {
                "begin": 5296,
                "end": 6183,
                "name": "tag",
                "source": 7,
                "value": "133"
              },
              {
                "begin": 5296,
                "end": 6183,
                "name": "JUMPDEST",
                "source": 7
              },
              {
                "begin": 5296,
                "end": 6183,
                "name": "POP",
                "source": 7
              },
              {
                "begin": 4886,
                "end": 6189,
                "name": "POP",
                "source": 7
              },
              {
                "begin": 4886,
                "end": 6189,
                "name": "POP",
                "source": 7
              },
              {
                "begin": 4886,
                "end": 6189,
                "name": "POP",
                "source": 7
              },
              {
                "begin": 4794,
                "end": 6189,
                "name": "POP",
                "source": 7
              },
              {
                "begin": 4794,
                "end": 6189,
                "name": "POP",
                "source": 7
              },
              {
                "begin": 4794,
                "end": 6189,
                "jumpType": "[out]",
                "name": "JUMP",
                "source": 7
              },
              {
                "begin": 6195,
                "end": 6321,
                "name": "tag",
                "source": 7,
                "value": "64"
              },
              {
                "begin": 6195,
                "end": 6321,
                "name": "JUMPDEST",
                "source": 7
              },
              {
                "begin": 6232,
                "end": 6239,
                "name": "PUSH",
                "source": 7,
                "value": "0"
              },
              {
                "begin": 6272,
                "end": 6314,
                "name": "PUSH",
                "source": 7,
                "value": "FFFFFFFFFFFFFFFFFFFFFFFFFFFFFFFFFFFFFFFF"
              },
              {
                "begin": 6265,
                "end": 6270,
                "name": "DUP3",
                "source": 7
              },
              {
                "begin": 6261,
                "end": 6315,
                "name": "AND",
                "source": 7
              },
              {
                "begin": 6250,
                "end": 6315,
                "name": "SWAP1",
                "source": 7
              },
              {
                "begin": 6250,
                "end": 6315,
                "name": "POP",
                "source": 7
              },
              {
                "begin": 6195,
                "end": 6321,
                "name": "SWAP2",
                "source": 7
              },
              {
                "begin": 6195,
                "end": 6321,
                "name": "SWAP1",
                "source": 7
              },
              {
                "begin": 6195,
                "end": 6321,
                "name": "POP",
                "source": 7
              },
              {
                "begin": 6195,
                "end": 6321,
                "jumpType": "[out]",
                "name": "JUMP",
                "source": 7
              },
              {
                "begin": 6327,
                "end": 6423,
                "name": "tag",
                "source": 7,
                "value": "65"
              },
              {
                "begin": 6327,
                "end": 6423,
                "name": "JUMPDEST",
                "source": 7
              },
              {
                "begin": 6364,
                "end": 6371,
                "name": "PUSH",
                "source": 7,
                "value": "0"
              },
              {
                "begin": 6393,
                "end": 6417,
                "name": "PUSH [tag]",
                "source": 7,
                "value": "145"
              },
              {
                "begin": 6411,
                "end": 6416,
                "name": "DUP3",
                "source": 7
              },
              {
                "begin": 6393,
                "end": 6417,
                "name": "PUSH [tag]",
                "source": 7,
                "value": "64"
              },
              {
                "begin": 6393,
                "end": 6417,
                "jumpType": "[in]",
                "name": "JUMP",
                "source": 7
              },
              {
                "begin": 6393,
                "end": 6417,
                "name": "tag",
                "source": 7,
                "value": "145"
              },
              {
                "begin": 6393,
                "end": 6417,
                "name": "JUMPDEST",
                "source": 7
              },
              {
                "begin": 6382,
                "end": 6417,
                "name": "SWAP1",
                "source": 7
              },
              {
                "begin": 6382,
                "end": 6417,
                "name": "POP",
                "source": 7
              },
              {
                "begin": 6327,
                "end": 6423,
                "name": "SWAP2",
                "source": 7
              },
              {
                "begin": 6327,
                "end": 6423,
                "name": "SWAP1",
                "source": 7
              },
              {
                "begin": 6327,
                "end": 6423,
                "name": "POP",
                "source": 7
              },
              {
                "begin": 6327,
                "end": 6423,
                "jumpType": "[out]",
                "name": "JUMP",
                "source": 7
              },
              {
                "begin": 6429,
                "end": 6547,
                "name": "tag",
                "source": 7,
                "value": "66"
              },
              {
                "begin": 6429,
                "end": 6547,
                "name": "JUMPDEST",
                "source": 7
              },
              {
                "begin": 6516,
                "end": 6540,
                "name": "PUSH [tag]",
                "source": 7,
                "value": "147"
              },
              {
                "begin": 6534,
                "end": 6539,
                "name": "DUP2",
                "source": 7
              },
              {
                "begin": 6516,
                "end": 6540,
                "name": "PUSH [tag]",
                "source": 7,
                "value": "65"
              },
              {
                "begin": 6516,
                "end": 6540,
                "jumpType": "[in]",
                "name": "JUMP",
                "source": 7
              },
              {
                "begin": 6516,
                "end": 6540,
                "name": "tag",
                "source": 7,
                "value": "147"
              },
              {
                "begin": 6516,
                "end": 6540,
                "name": "JUMPDEST",
                "source": 7
              },
              {
                "begin": 6511,
                "end": 6514,
                "name": "DUP3",
                "source": 7
              },
              {
                "begin": 6504,
                "end": 6541,
                "name": "MSTORE",
                "source": 7
              },
              {
                "begin": 6429,
                "end": 6547,
                "name": "POP",
                "source": 7
              },
              {
                "begin": 6429,
                "end": 6547,
                "name": "POP",
                "source": 7
              },
              {
                "begin": 6429,
                "end": 6547,
                "jumpType": "[out]",
                "name": "JUMP",
                "source": 7
              },
              {
                "begin": 6553,
                "end": 6775,
                "name": "tag",
                "source": 7,
                "value": "14"
              },
              {
                "begin": 6553,
                "end": 6775,
                "name": "JUMPDEST",
                "source": 7
              },
              {
                "begin": 6646,
                "end": 6650,
                "name": "PUSH",
                "source": 7,
                "value": "0"
              },
              {
                "begin": 6684,
                "end": 6686,
                "name": "PUSH",
                "source": 7,
                "value": "20"
              },
              {
                "begin": 6673,
                "end": 6682,
                "name": "DUP3",
                "source": 7
              },
              {
                "begin": 6669,
                "end": 6687,
                "name": "ADD",
                "source": 7
              },
              {
                "begin": 6661,
                "end": 6687,
                "name": "SWAP1",
                "source": 7
              },
              {
                "begin": 6661,
                "end": 6687,
                "name": "POP",
                "source": 7
              },
              {
                "begin": 6697,
                "end": 6768,
                "name": "PUSH [tag]",
                "source": 7,
                "value": "149"
              },
              {
                "begin": 6765,
                "end": 6766,
                "name": "PUSH",
                "source": 7,
                "value": "0"
              },
              {
                "begin": 6754,
                "end": 6763,
                "name": "DUP4",
                "source": 7
              },
              {
                "begin": 6750,
                "end": 6767,
                "name": "ADD",
                "source": 7
              },
              {
                "begin": 6741,
                "end": 6747,
                "name": "DUP5",
                "source": 7
              },
              {
                "begin": 6697,
                "end": 6768,
                "name": "PUSH [tag]",
                "source": 7,
                "value": "66"
              },
              {
                "begin": 6697,
                "end": 6768,
                "jumpType": "[in]",
                "name": "JUMP",
                "source": 7
              },
              {
                "begin": 6697,
                "end": 6768,
                "name": "tag",
                "source": 7,
                "value": "149"
              },
              {
                "begin": 6697,
                "end": 6768,
                "name": "JUMPDEST",
                "source": 7
              },
              {
                "begin": 6553,
                "end": 6775,
                "name": "SWAP3",
                "source": 7
              },
              {
                "begin": 6553,
                "end": 6775,
                "name": "SWAP2",
                "source": 7
              },
              {
                "begin": 6553,
                "end": 6775,
                "name": "POP",
                "source": 7
              },
              {
                "begin": 6553,
                "end": 6775,
                "name": "POP",
                "source": 7
              },
              {
                "begin": 6553,
                "end": 6775,
                "jumpType": "[out]",
                "name": "JUMP",
                "source": 7
              },
              {
                "begin": 6781,
                "end": 6961,
                "name": "tag",
                "source": 7,
                "value": "67"
              },
              {
                "begin": 6781,
                "end": 6961,
                "name": "JUMPDEST",
                "source": 7
              },
              {
                "begin": 6829,
                "end": 6906,
                "name": "PUSH",
                "source": 7,
                "value": "4E487B7100000000000000000000000000000000000000000000000000000000"
              },
              {
                "begin": 6826,
                "end": 6827,
                "name": "PUSH",
                "source": 7,
                "value": "0"
              },
              {
                "begin": 6819,
                "end": 6907,
                "name": "MSTORE",
                "source": 7
              },
              {
                "begin": 6926,
                "end": 6930,
                "name": "PUSH",
                "source": 7,
                "value": "11"
              },
              {
                "begin": 6923,
                "end": 6924,
                "name": "PUSH",
                "source": 7,
                "value": "4"
              },
              {
                "begin": 6916,
                "end": 6931,
                "name": "MSTORE",
                "source": 7
              },
              {
                "begin": 6950,
                "end": 6954,
                "name": "PUSH",
                "source": 7,
                "value": "24"
              },
              {
                "begin": 6947,
                "end": 6948,
                "name": "PUSH",
                "source": 7,
                "value": "0"
              },
              {
                "begin": 6940,
                "end": 6955,
                "name": "REVERT",
                "source": 7
              },
              {
                "begin": 6967,
                "end": 7158,
                "name": "tag",
                "source": 7,
                "value": "30"
              },
              {
                "begin": 6967,
                "end": 7158,
                "name": "JUMPDEST",
                "source": 7
              },
              {
                "begin": 7007,
                "end": 7010,
                "name": "PUSH",
                "source": 7,
                "value": "0"
              },
              {
                "begin": 7026,
                "end": 7046,
                "name": "PUSH [tag]",
                "source": 7,
                "value": "152"
              },
              {
                "begin": 7044,
                "end": 7045,
                "name": "DUP3",
                "source": 7
              },
              {
                "begin": 7026,
                "end": 7046,
                "name": "PUSH [tag]",
                "source": 7,
                "value": "42"
              },
              {
                "begin": 7026,
                "end": 7046,
                "jumpType": "[in]",
                "name": "JUMP",
                "source": 7
              },
              {
                "begin": 7026,
                "end": 7046,
                "name": "tag",
                "source": 7,
                "value": "152"
              },
              {
                "begin": 7026,
                "end": 7046,
                "name": "JUMPDEST",
                "source": 7
              },
              {
                "begin": 7021,
                "end": 7046,
                "name": "SWAP2",
                "source": 7
              },
              {
                "begin": 7021,
                "end": 7046,
                "name": "POP",
                "source": 7
              },
              {
                "begin": 7060,
                "end": 7080,
                "name": "PUSH [tag]",
                "source": 7,
                "value": "153"
              },
              {
                "begin": 7078,
                "end": 7079,
                "name": "DUP4",
                "source": 7
              },
              {
                "begin": 7060,
                "end": 7080,
                "name": "PUSH [tag]",
                "source": 7,
                "value": "42"
              },
              {
                "begin": 7060,
                "end": 7080,
                "jumpType": "[in]",
                "name": "JUMP",
                "source": 7
              },
              {
                "begin": 7060,
                "end": 7080,
                "name": "tag",
                "source": 7,
                "value": "153"
              },
              {
                "begin": 7060,
                "end": 7080,
                "name": "JUMPDEST",
                "source": 7
              },
              {
                "begin": 7055,
                "end": 7080,
                "name": "SWAP3",
                "source": 7
              },
              {
                "begin": 7055,
                "end": 7080,
                "name": "POP",
                "source": 7
              },
              {
                "begin": 7103,
                "end": 7104,
                "name": "DUP3",
                "source": 7
              },
              {
                "begin": 7100,
                "end": 7101,
                "name": "DUP3",
                "source": 7
              },
              {
                "begin": 7096,
                "end": 7105,
                "name": "ADD",
                "source": 7
              },
              {
                "begin": 7089,
                "end": 7105,
                "name": "SWAP1",
                "source": 7
              },
              {
                "begin": 7089,
                "end": 7105,
                "name": "POP",
                "source": 7
              },
              {
                "begin": 7124,
                "end": 7127,
                "name": "DUP1",
                "source": 7
              },
              {
                "begin": 7121,
                "end": 7122,
                "name": "DUP3",
                "source": 7
              },
              {
                "begin": 7118,
                "end": 7128,
                "name": "GT",
                "source": 7
              },
              {
                "begin": 7115,
                "end": 7151,
                "name": "ISZERO",
                "source": 7
              },
              {
                "begin": 7115,
                "end": 7151,
                "name": "PUSH [tag]",
                "source": 7,
                "value": "154"
              },
              {
                "begin": 7115,
                "end": 7151,
                "name": "JUMPI",
                "source": 7
              },
              {
                "begin": 7131,
                "end": 7149,
                "name": "PUSH [tag]",
                "source": 7,
                "value": "155"
              },
              {
                "begin": 7131,
                "end": 7149,
                "name": "PUSH [tag]",
                "source": 7,
                "value": "67"
              },
              {
                "begin": 7131,
                "end": 7149,
                "jumpType": "[in]",
                "name": "JUMP",
                "source": 7
              },
              {
                "begin": 7131,
                "end": 7149,
                "name": "tag",
                "source": 7,
                "value": "155"
              },
              {
                "begin": 7131,
                "end": 7149,
                "name": "JUMPDEST",
                "source": 7
              },
              {
                "begin": 7115,
                "end": 7151,
                "name": "tag",
                "source": 7,
                "value": "154"
              },
              {
                "begin": 7115,
                "end": 7151,
                "name": "JUMPDEST",
                "source": 7
              },
              {
                "begin": 6967,
                "end": 7158,
                "name": "SWAP3",
                "source": 7
              },
              {
                "begin": 6967,
                "end": 7158,
                "name": "SWAP2",
                "source": 7
              },
              {
                "begin": 6967,
                "end": 7158,
                "name": "POP",
                "source": 7
              },
              {
                "begin": 6967,
                "end": 7158,
                "name": "POP",
                "source": 7
              },
              {
                "begin": 6967,
                "end": 7158,
                "jumpType": "[out]",
                "name": "JUMP",
                "source": 7
              },
              {
                "begin": 7164,
                "end": 7282,
                "name": "tag",
                "source": 7,
                "value": "68"
              },
              {
                "begin": 7164,
                "end": 7282,
                "name": "JUMPDEST",
                "source": 7
              },
              {
                "begin": 7251,
                "end": 7275,
                "name": "PUSH [tag]",
                "source": 7,
                "value": "157"
              },
              {
                "begin": 7269,
                "end": 7274,
                "name": "DUP2",
                "source": 7
              },
              {
                "begin": 7251,
                "end": 7275,
                "name": "PUSH [tag]",
                "source": 7,
                "value": "42"
              },
              {
                "begin": 7251,
                "end": 7275,
                "jumpType": "[in]",
                "name": "JUMP",
                "source": 7
              },
              {
                "begin": 7251,
                "end": 7275,
                "name": "tag",
                "source": 7,
                "value": "157"
              },
              {
                "begin": 7251,
                "end": 7275,
                "name": "JUMPDEST",
                "source": 7
              },
              {
                "begin": 7246,
                "end": 7249,
                "name": "DUP3",
                "source": 7
              },
              {
                "begin": 7239,
                "end": 7276,
                "name": "MSTORE",
                "source": 7
              },
              {
                "begin": 7164,
                "end": 7282,
                "name": "POP",
                "source": 7
              },
              {
                "begin": 7164,
                "end": 7282,
                "name": "POP",
                "source": 7
              },
              {
                "begin": 7164,
                "end": 7282,
                "jumpType": "[out]",
                "name": "JUMP",
                "source": 7
              },
              {
                "begin": 7288,
                "end": 7730,
                "name": "tag",
                "source": 7,
                "value": "34"
              },
              {
                "begin": 7288,
                "end": 7730,
                "name": "JUMPDEST",
                "source": 7
              },
              {
                "begin": 7437,
                "end": 7441,
                "name": "PUSH",
                "source": 7,
                "value": "0"
              },
              {
                "begin": 7475,
                "end": 7477,
                "name": "PUSH",
                "source": 7,
                "value": "60"
              },
              {
                "begin": 7464,
                "end": 7473,
                "name": "DUP3",
                "source": 7
              },
              {
                "begin": 7460,
                "end": 7478,
                "name": "ADD",
                "source": 7
              },
              {
                "begin": 7452,
                "end": 7478,
                "name": "SWAP1",
                "source": 7
              },
              {
                "begin": 7452,
                "end": 7478,
                "name": "POP",
                "source": 7
              },
              {
                "begin": 7488,
                "end": 7559,
                "name": "PUSH [tag]",
                "source": 7,
                "value": "159"
              },
              {
                "begin": 7556,
                "end": 7557,
                "name": "PUSH",
                "source": 7,
                "value": "0"
              },
              {
                "begin": 7545,
                "end": 7554,
                "name": "DUP4",
                "source": 7
              },
              {
                "begin": 7541,
                "end": 7558,
                "name": "ADD",
                "source": 7
              },
              {
                "begin": 7532,
                "end": 7538,
                "name": "DUP7",
                "source": 7
              },
              {
                "begin": 7488,
                "end": 7559,
                "name": "PUSH [tag]",
                "source": 7,
                "value": "66"
              },
              {
                "begin": 7488,
                "end": 7559,
                "jumpType": "[in]",
                "name": "JUMP",
                "source": 7
              },
              {
                "begin": 7488,
                "end": 7559,
                "name": "tag",
                "source": 7,
                "value": "159"
              },
              {
                "begin": 7488,
                "end": 7559,
                "name": "JUMPDEST",
                "source": 7
              },
              {
                "begin": 7569,
                "end": 7641,
                "name": "PUSH [tag]",
                "source": 7,
                "value": "160"
              },
              {
                "begin": 7637,
                "end": 7639,
                "name": "PUSH",
                "source": 7,
                "value": "20"
              },
              {
                "begin": 7626,
                "end": 7635,
                "name": "DUP4",
                "source": 7
              },
              {
                "begin": 7622,
                "end": 7640,
                "name": "ADD",
                "source": 7
              },
              {
                "begin": 7613,
                "end": 7619,
                "name": "DUP6",
                "source": 7
              },
              {
                "begin": 7569,
                "end": 7641,
                "name": "PUSH [tag]",
                "source": 7,
                "value": "68"
              },
              {
                "begin": 7569,
                "end": 7641,
                "jumpType": "[in]",
                "name": "JUMP",
                "source": 7
              },
              {
                "begin": 7569,
                "end": 7641,
                "name": "tag",
                "source": 7,
                "value": "160"
              },
              {
                "begin": 7569,
                "end": 7641,
                "name": "JUMPDEST",
                "source": 7
              },
              {
                "begin": 7651,
                "end": 7723,
                "name": "PUSH [tag]",
                "source": 7,
                "value": "161"
              },
              {
                "begin": 7719,
                "end": 7721,
                "name": "PUSH",
                "source": 7,
                "value": "40"
              },
              {
                "begin": 7708,
                "end": 7717,
                "name": "DUP4",
                "source": 7
              },
              {
                "begin": 7704,
                "end": 7722,
                "name": "ADD",
                "source": 7
              },
              {
                "begin": 7695,
                "end": 7701,
                "name": "DUP5",
                "source": 7
              },
              {
                "begin": 7651,
                "end": 7723,
                "name": "PUSH [tag]",
                "source": 7,
                "value": "68"
              },
              {
                "begin": 7651,
                "end": 7723,
                "jumpType": "[in]",
                "name": "JUMP",
                "source": 7
              },
              {
                "begin": 7651,
                "end": 7723,
                "name": "tag",
                "source": 7,
                "value": "161"
              },
              {
                "begin": 7651,
                "end": 7723,
                "name": "JUMPDEST",
                "source": 7
              },
              {
                "begin": 7288,
                "end": 7730,
                "name": "SWAP5",
                "source": 7
              },
              {
                "begin": 7288,
                "end": 7730,
                "name": "SWAP4",
                "source": 7
              },
              {
                "begin": 7288,
                "end": 7730,
                "name": "POP",
                "source": 7
              },
              {
                "begin": 7288,
                "end": 7730,
                "name": "POP",
                "source": 7
              },
              {
                "begin": 7288,
                "end": 7730,
                "name": "POP",
                "source": 7
              },
              {
                "begin": 7288,
                "end": 7730,
                "name": "POP",
                "source": 7
              },
              {
                "begin": 7288,
                "end": 7730,
                "jumpType": "[out]",
                "name": "JUMP",
                "source": 7
              },
              {
                "begin": 7736,
                "end": 7958,
                "name": "tag",
                "source": 7,
                "value": "38"
              },
              {
                "begin": 7736,
                "end": 7958,
                "name": "JUMPDEST",
                "source": 7
              },
              {
                "begin": 7829,
                "end": 7833,
                "name": "PUSH",
                "source": 7,
                "value": "0"
              },
              {
                "begin": 7867,
                "end": 7869,
                "name": "PUSH",
                "source": 7,
                "value": "20"
              },
              {
                "begin": 7856,
                "end": 7865,
                "name": "DUP3",
                "source": 7
              },
              {
                "begin": 7852,
                "end": 7870,
                "name": "ADD",
                "source": 7
              },
              {
                "begin": 7844,
                "end": 7870,
                "name": "SWAP1",
                "source": 7
              },
              {
                "begin": 7844,
                "end": 7870,
                "name": "POP",
                "source": 7
              },
              {
                "begin": 7880,
                "end": 7951,
                "name": "PUSH [tag]",
                "source": 7,
                "value": "163"
              },
              {
                "begin": 7948,
                "end": 7949,
                "name": "PUSH",
                "source": 7,
                "value": "0"
              },
              {
                "begin": 7937,
                "end": 7946,
                "name": "DUP4",
                "source": 7
              },
              {
                "begin": 7933,
                "end": 7950,
                "name": "ADD",
                "source": 7
              },
              {
                "begin": 7924,
                "end": 7930,
                "name": "DUP5",
                "source": 7
              },
              {
                "begin": 7880,
                "end": 7951,
                "name": "PUSH [tag]",
                "source": 7,
                "value": "68"
              },
              {
                "begin": 7880,
                "end": 7951,
                "jumpType": "[in]",
                "name": "JUMP",
                "source": 7
              },
              {
                "begin": 7880,
                "end": 7951,
                "name": "tag",
                "source": 7,
                "value": "163"
              },
              {
                "begin": 7880,
                "end": 7951,
                "name": "JUMPDEST",
                "source": 7
              },
              {
                "begin": 7736,
                "end": 7958,
                "name": "SWAP3",
                "source": 7
              },
              {
                "begin": 7736,
                "end": 7958,
                "name": "SWAP2",
                "source": 7
              },
              {
                "begin": 7736,
                "end": 7958,
                "name": "POP",
                "source": 7
              },
              {
                "begin": 7736,
                "end": 7958,
                "name": "POP",
                "source": 7
              },
              {
                "begin": 7736,
                "end": 7958,
                "jumpType": "[out]",
                "name": "JUMP",
                "source": 7
              },
              {
                "begin": 167,
                "end": 527,
                "name": "tag",
                "source": 6,
                "value": "20"
              },
              {
                "begin": 167,
                "end": 527,
                "name": "JUMPDEST",
                "source": 6
              },
              {
                "begin": 167,
                "end": 527,
                "name": "PUSH #[$]",
                "source": 6,
                "value": "0000000000000000000000000000000000000000000000000000000000000000"
              },
              {
                "begin": 167,
                "end": 527,
                "name": "DUP1",
                "source": 6
              },
              {
                "begin": 167,
                "end": 527,
                "name": "PUSH [$]",
                "source": 6,
                "value": "0000000000000000000000000000000000000000000000000000000000000000"
              },
              {
                "begin": 167,
                "end": 527,
                "name": "PUSH",
                "source": 6,
                "value": "0"
              },
              {
                "begin": 167,
                "end": 527,
                "name": "CODECOPY",
                "source": 6
              },
              {
                "begin": 167,
                "end": 527,
                "name": "PUSH",
                "source": 6,
                "value": "0"
              },
              {
                "begin": 167,
                "end": 527,
                "name": "RETURN",
                "source": 6
              }
            ],
            ".data": {
              "0": {
                ".auxdata": "a2646970667358221220ccac1fb1eb543eac97cbfc768773aec1376864d99f3aab0fa64a6436e7a523d764736f6c634300081b0033",
                ".code": [
                  {
                    "begin": 167,
                    "end": 527,
                    "name": "PUSH",
                    "source": 6,
                    "value": "80"
                  },
                  {
                    "begin": 167,
                    "end": 527,
                    "name": "PUSH",
                    "source": 6,
                    "value": "40"
                  },
                  {
                    "begin": 167,
                    "end": 527,
                    "name": "MSTORE",
                    "source": 6
                  },
                  {
                    "begin": 167,
                    "end": 527,
                    "name": "CALLVALUE",
                    "source": 6
                  },
                  {
                    "begin": 167,
                    "end": 527,
                    "name": "DUP1",
                    "source": 6
                  },
                  {
                    "begin": 167,
                    "end": 527,
                    "name": "ISZERO",
                    "source": 6
                  },
                  {
                    "begin": 167,
                    "end": 527,
                    "name": "PUSH [tag]",
                    "source": 6,
                    "value": "1"
                  },
                  {
                    "begin": 167,
                    "end": 527,
                    "name": "JUMPI",
                    "source": 6
                  },
                  {
                    "begin": 167,
                    "end": 527,
                    "name": "PUSH",
                    "source": 6,
                    "value": "0"
                  },
                  {
                    "begin": 167,
                    "end": 527,
                    "name": "PUSH",
                    "source": 6,
                    "value": "0"
                  },
                  {
                    "begin": 167,
                    "end": 527,
                    "name": "REVERT",
                    "source": 6
                  },
                  {
                    "begin": 167,
                    "end": 527,
                    "name": "tag",
                    "source": 6,
                    "value": "1"
                  },
                  {
                    "begin": 167,
                    "end": 527,
                    "name": "JUMPDEST",
                    "source": 6
                  },
                  {
                    "begin": 167,
                    "end": 527,
                    "name": "POP",
                    "source": 6
                  },
                  {
                    "begin": 167,
                    "end": 527,
                    "name": "PUSH",
                    "source": 6,
                    "value": "4"
                  },
                  {
                    "begin": 167,
                    "end": 527,
                    "name": "CALLDATASIZE",
                    "source": 6
                  },
                  {
                    "begin": 167,
                    "end": 527,
                    "name": "LT",
                    "source": 6
                  },
                  {
                    "begin": 167,
                    "end": 527,
                    "name": "PUSH [tag]",
                    "source": 6,
                    "value": "2"
                  },
                  {
                    "begin": 167,
                    "end": 527,
                    "name": "JUMPI",
                    "source": 6
                  },
                  {
                    "begin": 167,
                    "end": 527,
                    "name": "PUSH",
                    "source": 6,
                    "value": "0"
                  },
                  {
                    "begin": 167,
                    "end": 527,
                    "name": "CALLDATALOAD",
                    "source": 6
                  },
                  {
                    "begin": 167,
                    "end": 527,
                    "name": "PUSH",
                    "source": 6,
                    "value": "E0"
                  },
                  {
                    "begin": 167,
                    "end": 527,
                    "name": "SHR",
                    "source": 6
                  },
                  {
                    "begin": 167,
                    "end": 527,
                    "name": "DUP1",
                    "source": 6
                  },
                  {
                    "begin": 167,
                    "end": 527,
                    "name": "PUSH",
                    "source": 6,
                    "value": "70A08231"
                  },
                  {
                    "begin": 167,
                    "end": 527,
                    "name": "GT",
                    "source": 6
                  },
                  {
                    "begin": 167,
                    "end": 527,
                    "name": "PUSH [tag]",
                    "source": 6,
                    "value": "17"
                  },
                  {
                    "begin": 167,
                    "end": 527,
                    "name": "JUMPI",
                    "source": 6
                  },
                  {
                    "begin": 167,
                    "end": 527,
                    "name": "DUP1",
                    "source": 6
                  },
                  {
                    "begin": 167,
                    "end": 527,
                    "name": "PUSH",
                    "source": 6,
                    "value": "95D89B41"
                  },
                  {
                    "begin": 167,
                    "end": 527,
                    "name": "GT",
                    "source": 6
                  },
                  {
                    "begin": 167,
                    "end": 527,
                    "name": "PUSH [tag]",
                    "source": 6,
                    "value": "18"
                  },
                  {
                    "begin": 167,
                    "end": 527,
                    "name": "JUMPI",
                    "source": 6
                  },
                  {
                    "begin": 167,
                    "end": 527,
                    "name": "DUP1",
                    "source": 6
                  },
                  {
                    "begin": 167,
                    "end": 527,
                    "name": "PUSH",
                    "source": 6,
                    "value": "95D89B41"
                  },
                  {
                    "begin": 167,
                    "end": 527,
                    "name": "EQ",
                    "source": 6
                  },
                  {
                    "begin": 167,
                    "end": 527,
                    "name": "PUSH [tag]",
                    "source": 6,
                    "value": "13"
                  },
                  {
                    "begin": 167,
                    "end": 527,
                    "name": "JUMPI",
                    "source": 6
                  },
                  {
                    "begin": 167,
                    "end": 527,
                    "name": "DUP1",
                    "source": 6
                  },
                  {
                    "begin": 167,
                    "end": 527,
                    "name": "PUSH",
                    "source": 6,
                    "value": "A9059CBB"
                  },
                  {
                    "begin": 167,
                    "end": 527,
                    "name": "EQ",
                    "source": 6
                  },
                  {
                    "begin": 167,
                    "end": 527,
                    "name": "PUSH [tag]",
                    "source": 6,
                    "value": "14"
                  },
                  {
                    "begin": 167,
                    "end": 527,
                    "name": "JUMPI",
                    "source": 6
                  },
                  {
                    "begin": 167,
                    "end": 527,
                    "name": "DUP1",
                    "source": 6
                  },
                  {
                    "begin": 167,
                    "end": 527,
                    "name": "PUSH",
                    "source": 6,
                    "value": "DD62ED3E"
                  },
                  {
                    "begin": 167,
                    "end": 527,
                    "name": "EQ",
                    "source": 6
                  },
                  {
                    "begin": 167,
                    "end": 527,
                    "name": "PUSH [tag]",
                    "source": 6,
                    "value": "15"
                  },
                  {
                    "begin": 167,
                    "end": 527,
                    "name": "JUMPI",
                    "source": 6
                  },
                  {
                    "begin": 167,
                    "end": 527,
                    "name": "DUP1",
                    "source": 6
                  },
                  {
                    "begin": 167,
                    "end": 527,
                    "name": "PUSH",
                    "source": 6,
                    "value": "F2FDE38B"
                  },
                  {
                    "begin": 167,
                    "end": 527,
                    "name": "EQ",
                    "source": 6
                  },
                  {
                    "begin": 167,
                    "end": 527,
                    "name": "PUSH [tag]",
                    "source": 6,
                    "value": "16"
                  },
                  {
                    "begin": 167,
                    "end": 527,
                    "name": "JUMPI",
                    "source": 6
                  },
                  {
                    "begin": 167,
                    "end": 527,
                    "name": "PUSH [tag]",
                    "source": 6,
                    "value": "2"
                  },
                  {
                    "begin": 167,
                    "end": 527,
                    "name": "JUMP",
                    "source": 6
                  },
                  {
                    "begin": 167,
                    "end": 527,
                    "name": "tag",
                    "source": 6,
                    "value": "18"
                  },
                  {
                    "begin": 167,
                    "end": 527,
                    "name": "JUMPDEST",
                    "source": 6
                  },
                  {
                    "begin": 167,
                    "end": 527,
                    "name": "DUP1",
                    "source": 6
                  },
                  {
                    "begin": 167,
                    "end": 527,
                    "name": "PUSH",
                    "source": 6,
                    "value": "70A08231"
                  },
                  {
                    "begin": 167,
                    "end": 527,
                    "name": "EQ",
                    "source": 6
                  },
                  {
                    "begin": 167,
                    "end": 527,
                    "name": "PUSH [tag]",
                    "source": 6,
                    "value": "10"
                  },
                  {
                    "begin": 167,
                    "end": 527,
                    "name": "JUMPI",
                    "source": 6
                  },
                  {
                    "begin": 167,
                    "end": 527,
                    "name": "DUP1",
                    "source": 6
                  },
                  {
                    "begin": 167,
                    "end": 527,
                    "name": "PUSH",
                    "source": 6,
                    "value": "715018A6"
                  },
                  {
                    "begin": 167,
                    "end": 527,
                    "name": "EQ",
                    "source": 6
                  },
                  {
                    "begin": 167,
                    "end": 527,
                    "name": "PUSH [tag]",
                    "source": 6,
                    "value": "11"
                  },
                  {
                    "begin": 167,
                    "end": 527,
                    "name": "JUMPI",
                    "source": 6
                  },
                  {
                    "begin": 167,
                    "end": 527,
                    "name": "DUP1",
                    "source": 6
                  },
                  {
                    "begin": 167,
                    "end": 527,
                    "name": "PUSH",
                    "source": 6,
                    "value": "8DA5CB5B"
                  },
                  {
                    "begin": 167,
                    "end": 527,
                    "name": "EQ",
                    "source": 6
                  },
                  {
                    "begin": 167,
                    "end": 527,
                    "name": "PUSH [tag]",
                    "source": 6,
                    "value": "12"
                  },
                  {
                    "begin": 167,
                    "end": 527,
                    "name": "JUMPI",
                    "source": 6
                  },
                  {
                    "begin": 167,
                    "end": 527,
                    "name": "PUSH [tag]",
                    "source": 6,
                    "value": "2"
                  },
                  {
                    "begin": 167,
                    "end": 527,
                    "name": "JUMP",
                    "source": 6
                  },
                  {
                    "begin": 167,
                    "end": 527,
                    "name": "tag",
                    "source": 6,
                    "value": "17"
                  },
                  {
                    "begin": 167,
                    "end": 527,
                    "name": "JUMPDEST",
                    "source": 6
                  },
                  {
                    "begin": 167,
                    "end": 527,
                    "name": "DUP1",
                    "source": 6
                  },
                  {
                    "begin": 167,
                    "end": 527,
                    "name": "PUSH",
                    "source": 6,
                    "value": "23B872DD"
                  },
                  {
                    "begin": 167,
                    "end": 527,
                    "name": "GT",
                    "source": 6
                  },
                  {
                    "begin": 167,
                    "end": 527,
                    "name": "PUSH [tag]",
                    "source": 6,
                    "value": "19"
                  },
                  {
                    "begin": 167,
                    "end": 527,
                    "name": "JUMPI",
                    "source": 6
                  },
                  {
                    "begin": 167,
                    "end": 527,
                    "name": "DUP1",
                    "source": 6
                  },
                  {
                    "begin": 167,
                    "end": 527,
                    "name": "PUSH",
                    "source": 6,
                    "value": "23B872DD"
                  },
                  {
                    "begin": 167,
                    "end": 527,
                    "name": "EQ",
                    "source": 6
                  },
                  {
                    "begin": 167,
                    "end": 527,
                    "name": "PUSH [tag]",
                    "source": 6,
                    "value": "6"
                  },
                  {
                    "begin": 167,
                    "end": 527,
                    "name": "JUMPI",
                    "source": 6
                  },
                  {
                    "begin": 167,
                    "end": 527,
                    "name": "DUP1",
                    "source": 6
                  },
                  {
                    "begin": 167,
                    "end": 527,
                    "name": "PUSH",
                    "source": 6,
                    "value": "313CE567"
                  },
                  {
                    "begin": 167,
                    "end": 527,
                    "name": "EQ",
                    "source": 6
                  },
                  {
                    "begin": 167,
                    "end": 527,
                    "name": "PUSH [tag]",
                    "source": 6,
                    "value": "7"
                  },
                  {
                    "begin": 167,
                    "end": 527,
                    "name": "JUMPI",
                    "source": 6
                  },
                  {
                    "begin": 167,
                    "end": 527,
                    "name": "DUP1",
                    "source": 6
                  },
                  {
                    "begin": 167,
                    "end": 527,
                    "name": "PUSH",
                    "source": 6,
                    "value": "40C10F19"
                  },
                  {
                    "begin": 167,
                    "end": 527,
                    "name": "EQ",
                    "source": 6
                  },
                  {
                    "begin": 167,
                    "end": 527,
                    "name": "PUSH [tag]",
                    "source": 6,
                    "value": "8"
                  },
                  {
                    "begin": 167,
                    "end": 527,
                    "name": "JUMPI",
                    "source": 6
                  },
                  {
                    "begin": 167,
                    "end": 527,
                    "name": "DUP1",
                    "source": 6
                  },
                  {
                    "begin": 167,
                    "end": 527,
                    "name": "PUSH",
                    "source": 6,
                    "value": "42966C68"
                  },
                  {
                    "begin": 167,
                    "end": 527,
                    "name": "EQ",
                    "source": 6
                  },
                  {
                    "begin": 167,
                    "end": 527,
                    "name": "PUSH [tag]",
                    "source": 6,
                    "value": "9"
                  },
                  {
                    "begin": 167,
                    "end": 527,
                    "name": "JUMPI",
                    "source": 6
                  },
                  {
                    "begin": 167,
                    "end": 527,
                    "name": "PUSH [tag]",
                    "source": 6,
                    "value": "2"
                  },
                  {
                    "begin": 167,
                    "end": 527,
                    "name": "JUMP",
                    "source": 6
                  },
                  {
                    "begin": 167,
                    "end": 527,
                    "name": "tag",
                    "source": 6,
                    "value": "19"
                  },
                  {
                    "begin": 167,
                    "end": 527,
                    "name": "JUMPDEST",
                    "source": 6
                  },
                  {
                    "begin": 167,
                    "end": 527,
                    "name": "DUP1",
                    "source": 6
                  },
                  {
                    "begin": 167,
                    "end": 527,
                    "name": "PUSH",
                    "source": 6,
                    "value": "6FDDE03"
                  },
                  {
                    "begin": 167,
                    "end": 527,
                    "name": "EQ",
                    "source": 6
                  },
                  {
                    "begin": 167,
                    "end": 527,
                    "name": "PUSH [tag]",
                    "source": 6,
                    "value": "3"
                  },
                  {
                    "begin": 167,
                    "end": 527,
                    "name": "JUMPI",
                    "source": 6
                  },
                  {
                    "begin": 167,
                    "end": 527,
                    "name": "DUP1",
                    "source": 6
                  },
                  {
                    "begin": 167,
                    "end": 527,
                    "name": "PUSH",
                    "source": 6,
                    "value": "95EA7B3"
                  },
                  {
                    "begin": 167,
                    "end": 527,
                    "name": "EQ",
                    "source": 6
                  },
                  {
                    "begin": 167,
                    "end": 527,
                    "name": "PUSH [tag]",
                    "source": 6,
                    "value": "4"
                  },
                  {
                    "begin": 167,
                    "end": 527,
                    "name": "JUMPI",
                    "source": 6
                  },
                  {
                    "begin": 167,
                    "end": 527,
                    "name": "DUP1",
                    "source": 6
                  },
                  {
                    "begin": 167,
                    "end": 527,
                    "name": "PUSH",
                    "source": 6,
                    "value": "18160DDD"
                  },
                  {
                    "begin": 167,
                    "end": 527,
                    "name": "EQ",
                    "source": 6
                  },
                  {
                    "begin": 167,
                    "end": 527,
                    "name": "PUSH [tag]",
                    "source": 6,
                    "value": "5"
                  },
                  {
                    "begin": 167,
                    "end": 527,
                    "name": "JUMPI",
                    "source": 6
                  },
                  {
                    "begin": 167,
                    "end": 527,
                    "name": "tag",
                    "source": 6,
                    "value": "2"
                  },
                  {
                    "begin": 167,
                    "end": 527,
                    "name": "JUMPDEST",
                    "source": 6
                  },
                  {
                    "begin": 167,
                    "end": 527,
                    "name": "PUSH",
                    "source": 6,
                    "value": "0"
                  },
                  {
                    "begin": 167,
                    "end": 527,
                    "name": "PUSH",
                    "source": 6,
                    "value": "0"
                  },
                  {
                    "begin": 167,
                    "end": 527,
                    "name": "REVERT",
                    "source": 6
                  },
                  {
                    "begin": 2074,
                    "end": 2163,
                    "name": "tag",
                    "source": 2,
                    "value": "3"
                  },
                  {
                    "begin": 2074,
                    "end": 2163,
                    "name": "JUMPDEST",
                    "source": 2
                  },
                  {
                    "begin": 2074,
                    "end": 2163,
                    "name": "PUSH [tag]",
                    "source": 2,
                    "value": "20"
                  },
                  {
                    "begin": 2074,
                    "end": 2163,
                    "name": "PUSH [tag]",
                    "source": 2,
                    "value": "21"
                  },
                  {
                    "begin": 2074,
                    "end": 2163,
                    "jumpType": "[in]",
                    "name": "JUMP",
                    "source": 2
                  },
                  {
                    "begin": 2074,
                    "end": 2163,
                    "name": "tag",
                    "source": 2,
                    "value": "20"
                  },
                  {
                    "begin": 2074,
                    "end": 2163,
                    "name": "JUMPDEST",
                    "source": 2
                  },
                  {
                    "begin": 2074,
                    "end": 2163,
                    "name": "PUSH",
                    "source": 2,
                    "value": "40"
                  },
                  {
                    "begin": 2074,
                    "end": 2163,
                    "name": "MLOAD",
                    "source": 2
                  },
                  {
                    "begin": 2074,
                    "end": 2163,
                    "name": "PUSH [tag]",
                    "source": 2,
                    "value": "22"
                  },
                  {
                    "begin": 2074,
                    "end": 2163,
                    "name": "SWAP2",
                    "source": 2
                  },
                  {
                    "begin": 2074,
                    "end": 2163,
                    "name": "SWAP1",
                    "source": 2
                  },
                  {
                    "begin": 2074,
                    "end": 2163,
                    "name": "PUSH [tag]",
                    "source": 2,
                    "value": "23"
                  },
                  {
                    "begin": 2074,
                    "end": 2163,
                    "jumpType": "[in]",
                    "name": "JUMP",
                    "source": 2
                  },
                  {
                    "begin": 2074,
                    "end": 2163,
                    "name": "tag",
                    "source": 2,
                    "value": "22"
                  },
                  {
                    "begin": 2074,
                    "end": 2163,
                    "name": "JUMPDEST",
                    "source": 2
                  },
                  {
                    "begin": 2074,
                    "end": 2163,
                    "name": "PUSH",
                    "source": 2,
                    "value": "40"
                  },
                  {
                    "begin": 2074,
                    "end": 2163,
                    "name": "MLOAD",
                    "source": 2
                  },
                  {
                    "begin": 2074,
                    "end": 2163,
                    "name": "DUP1",
                    "source": 2
                  },
                  {
                    "begin": 2074,
                    "end": 2163,
                    "name": "SWAP2",
                    "source": 2
                  },
                  {
                    "begin": 2074,
                    "end": 2163,
                    "name": "SUB",
                    "source": 2
                  },
                  {
                    "begin": 2074,
                    "end": 2163,
                    "name": "SWAP1",
                    "source": 2
                  },
                  {
                    "begin": 2074,
                    "end": 2163,
                    "name": "RETURN",
                    "source": 2
                  },
                  {
                    "begin": 4293,
                    "end": 4479,
                    "name": "tag",
                    "source": 2,
                    "value": "4"
                  },
                  {
                    "begin": 4293,
                    "end": 4479,
                    "name": "JUMPDEST",
                    "source": 2
                  },
                  {
                    "begin": 4293,
                    "end": 4479,
                    "name": "PUSH [tag]",
                    "source": 2,
                    "value": "24"
                  },
                  {
                    "begin": 4293,
                    "end": 4479,
                    "name": "PUSH",
                    "source": 2,
                    "value": "4"
                  },
                  {
                    "begin": 4293,
                    "end": 4479,
                    "name": "DUP1",
                    "source": 2
                  },
                  {
                    "begin": 4293,
                    "end": 4479,
                    "name": "CALLDATASIZE",
                    "source": 2
                  },
                  {
                    "begin": 4293,
                    "end": 4479,
                    "name": "SUB",
                    "source": 2
                  },
                  {
                    "begin": 4293,
                    "end": 4479,
                    "name": "DUP2",
                    "source": 2
                  },
                  {
                    "begin": 4293,
                    "end": 4479,
                    "name": "ADD",
                    "source": 2
                  },
                  {
                    "begin": 4293,
                    "end": 4479,
                    "name": "SWAP1",
                    "source": 2
                  },
                  {
                    "begin": 4293,
                    "end": 4479,
                    "name": "PUSH [tag]",
                    "source": 2,
                    "value": "25"
                  },
                  {
                    "begin": 4293,
                    "end": 4479,
                    "name": "SWAP2",
                    "source": 2
                  },
                  {
                    "begin": 4293,
                    "end": 4479,
                    "name": "SWAP1",
                    "source": 2
                  },
                  {
                    "begin": 4293,
                    "end": 4479,
                    "name": "PUSH [tag]",
                    "source": 2,
                    "value": "26"
                  },
                  {
                    "begin": 4293,
                    "end": 4479,
                    "jumpType": "[in]",
                    "name": "JUMP",
                    "source": 2
                  },
                  {
                    "begin": 4293,
                    "end": 4479,
                    "name": "tag",
                    "source": 2,
                    "value": "25"
                  },
                  {
                    "begin": 4293,
                    "end": 4479,
                    "name": "JUMPDEST",
                    "source": 2
                  },
                  {
                    "begin": 4293,
                    "end": 4479,
                    "name": "PUSH [tag]",
                    "source": 2,
                    "value": "27"
                  },
                  {
                    "begin": 4293,
                    "end": 4479,
                    "jumpType": "[in]",
                    "name": "JUMP",
                    "source": 2
                  },
                  {
                    "begin": 4293,
                    "end": 4479,
                    "name": "tag",
                    "source": 2,
                    "value": "24"
                  },
                  {
                    "begin": 4293,
                    "end": 4479,
                    "name": "JUMPDEST",
                    "source": 2
                  },
                  {
                    "begin": 4293,
                    "end": 4479,
                    "name": "PUSH",
                    "source": 2,
                    "value": "40"
                  },
                  {
                    "begin": 4293,
                    "end": 4479,
                    "name": "MLOAD",
                    "source": 2
                  },
                  {
                    "begin": 4293,
                    "end": 4479,
                    "name": "PUSH [tag]",
                    "source": 2,
                    "value": "28"
                  },
                  {
                    "begin": 4293,
                    "end": 4479,
                    "name": "SWAP2",
                    "source": 2
                  },
                  {
                    "begin": 4293,
                    "end": 4479,
                    "name": "SWAP1",
                    "source": 2
                  },
                  {
                    "begin": 4293,
                    "end": 4479,
                    "name": "PUSH [tag]",
                    "source": 2,
                    "value": "29"
                  },
                  {
                    "begin": 4293,
                    "end": 4479,
                    "jumpType": "[in]",
                    "name": "JUMP",
                    "source": 2
                  },
                  {
                    "begin": 4293,
                    "end": 4479,
                    "name": "tag",
                    "source": 2,
                    "value": "28"
                  },
                  {
                    "begin": 4293,
                    "end": 4479,
                    "name": "JUMPDEST",
                    "source": 2
                  },
                  {
                    "begin": 4293,
                    "end": 4479,
                    "name": "PUSH",
                    "source": 2,
                    "value": "40"
                  },
                  {
                    "begin": 4293,
                    "end": 4479,
                    "name": "MLOAD",
                    "source": 2
                  },
                  {
                    "begin": 4293,
                    "end": 4479,
                    "name": "DUP1",
                    "source": 2
                  },
                  {
                    "begin": 4293,
                    "end": 4479,
                    "name": "SWAP2",
                    "source": 2
                  },
                  {
                    "begin": 4293,
                    "end": 4479,
                    "name": "SUB",
                    "source": 2
                  },
                  {
                    "begin": 4293,
                    "end": 4479,
                    "name": "SWAP1",
                    "source": 2
                  },
                  {
                    "begin": 4293,
                    "end": 4479,
                    "name": "RETURN",
                    "source": 2
                  },
                  {
                    "begin": 3144,
                    "end": 3241,
                    "name": "tag",
                    "source": 2,
                    "value": "5"
                  },
                  {
                    "begin": 3144,
                    "end": 3241,
                    "name": "JUMPDEST",
                    "source": 2
                  },
                  {
                    "begin": 3144,
                    "end": 3241,
                    "name": "PUSH [tag]",
                    "source": 2,
                    "value": "30"
                  },
                  {
                    "begin": 3144,
                    "end": 3241,
                    "name": "PUSH [tag]",
                    "source": 2,
                    "value": "31"
                  },
                  {
                    "begin": 3144,
                    "end": 3241,
                    "jumpType": "[in]",
                    "name": "JUMP",
                    "source": 2
                  },
                  {
                    "begin": 3144,
                    "end": 3241,
                    "name": "tag",
                    "source": 2,
                    "value": "30"
                  },
                  {
                    "begin": 3144,
                    "end": 3241,
                    "name": "JUMPDEST",
                    "source": 2
                  },
                  {
                    "begin": 3144,
                    "end": 3241,
                    "name": "PUSH",
                    "source": 2,
                    "value": "40"
                  },
                  {
                    "begin": 3144,
                    "end": 3241,
                    "name": "MLOAD",
                    "source": 2
                  },
                  {
                    "begin": 3144,
                    "end": 3241,
                    "name": "PUSH [tag]",
                    "source": 2,
                    "value": "32"
                  },
                  {
                    "begin": 3144,
                    "end": 3241,
                    "name": "SWAP2",
                    "source": 2
                  },
                  {
                    "begin": 3144,
                    "end": 3241,
                    "name": "SWAP1",
                    "source": 2
                  },
                  {
                    "begin": 3144,
                    "end": 3241,
                    "name": "PUSH [tag]",
                    "source": 2,
                    "value": "33"
                  },
                  {
                    "begin": 3144,
                    "end": 3241,
                    "jumpType": "[in]",
                    "name": "JUMP",
                    "source": 2
                  },
                  {
                    "begin": 3144,
                    "end": 3241,
                    "name": "tag",
                    "source": 2,
                    "value": "32"
                  },
                  {
                    "begin": 3144,
                    "end": 3241,
                    "name": "JUMPDEST",
                    "source": 2
                  },
                  {
                    "begin": 3144,
                    "end": 3241,
                    "name": "PUSH",
                    "source": 2,
                    "value": "40"
                  },
                  {
                    "begin": 3144,
                    "end": 3241,
                    "name": "MLOAD",
                    "source": 2
                  },
                  {
                    "begin": 3144,
                    "end": 3241,
                    "name": "DUP1",
                    "source": 2
                  },
                  {
                    "begin": 3144,
                    "end": 3241,
                    "name": "SWAP2",
                    "source": 2
                  },
                  {
                    "begin": 3144,
                    "end": 3241,
                    "name": "SUB",
                    "source": 2
                  },
                  {
                    "begin": 3144,
                    "end": 3241,
                    "name": "SWAP1",
                    "source": 2
                  },
                  {
                    "begin": 3144,
                    "end": 3241,
                    "name": "RETURN",
                    "source": 2
                  },
                  {
                    "begin": 5039,
                    "end": 5283,
                    "name": "tag",
                    "source": 2,
                    "value": "6"
                  },
                  {
                    "begin": 5039,
                    "end": 5283,
                    "name": "JUMPDEST",
                    "source": 2
                  },
                  {
                    "begin": 5039,
                    "end": 5283,
                    "name": "PUSH [tag]",
                    "source": 2,
                    "value": "34"
                  },
                  {
                    "begin": 5039,
                    "end": 5283,
                    "name": "PUSH",
                    "source": 2,
                    "value": "4"
                  },
                  {
                    "begin": 5039,
                    "end": 5283,
                    "name": "DUP1",
                    "source": 2
                  },
                  {
                    "begin": 5039,
                    "end": 5283,
                    "name": "CALLDATASIZE",
                    "source": 2
                  },
                  {
                    "begin": 5039,
                    "end": 5283,
                    "name": "SUB",
                    "source": 2
                  },
                  {
                    "begin": 5039,
                    "end": 5283,
                    "name": "DUP2",
                    "source": 2
                  },
                  {
                    "begin": 5039,
                    "end": 5283,
                    "name": "ADD",
                    "source": 2
                  },
                  {
                    "begin": 5039,
                    "end": 5283,
                    "name": "SWAP1",
                    "source": 2
                  },
                  {
                    "begin": 5039,
                    "end": 5283,
                    "name": "PUSH [tag]",
                    "source": 2,
                    "value": "35"
                  },
                  {
                    "begin": 5039,
                    "end": 5283,
                    "name": "SWAP2",
                    "source": 2
                  },
                  {
                    "begin": 5039,
                    "end": 5283,
                    "name": "SWAP1",
                    "source": 2
                  },
                  {
                    "begin": 5039,
                    "end": 5283,
                    "name": "PUSH [tag]",
                    "source": 2,
                    "value": "36"
                  },
                  {
                    "begin": 5039,
                    "end": 5283,
                    "jumpType": "[in]",
                    "name": "JUMP",
                    "source": 2
                  },
                  {
                    "begin": 5039,
                    "end": 5283,
                    "name": "tag",
                    "source": 2,
                    "value": "35"
                  },
                  {
                    "begin": 5039,
                    "end": 5283,
                    "name": "JUMPDEST",
                    "source": 2
                  },
                  {
                    "begin": 5039,
                    "end": 5283,
                    "name": "PUSH [tag]",
                    "source": 2,
                    "value": "37"
                  },
                  {
                    "begin": 5039,
                    "end": 5283,
                    "jumpType": "[in]",
                    "name": "JUMP",
                    "source": 2
                  },
                  {
                    "begin": 5039,
                    "end": 5283,
                    "name": "tag",
                    "source": 2,
                    "value": "34"
                  },
                  {
                    "begin": 5039,
                    "end": 5283,
                    "name": "JUMPDEST",
                    "source": 2
                  },
                  {
                    "begin": 5039,
                    "end": 5283,
                    "name": "PUSH",
                    "source": 2,
                    "value": "40"
                  },
                  {
                    "begin": 5039,
                    "end": 5283,
                    "name": "MLOAD",
                    "source": 2
                  },
                  {
                    "begin": 5039,
                    "end": 5283,
                    "name": "PUSH [tag]",
                    "source": 2,
                    "value": "38"
                  },
                  {
                    "begin": 5039,
                    "end": 5283,
                    "name": "SWAP2",
                    "source": 2
                  },
                  {
                    "begin": 5039,
                    "end": 5283,
                    "name": "SWAP1",
                    "source": 2
                  },
                  {
                    "begin": 5039,
                    "end": 5283,
                    "name": "PUSH [tag]",
                    "source": 2,
                    "value": "29"
                  },
                  {
                    "begin": 5039,
                    "end": 5283,
                    "jumpType": "[in]",
                    "name": "JUMP",
                    "source": 2
                  },
                  {
                    "begin": 5039,
                    "end": 5283,
                    "name": "tag",
                    "source": 2,
                    "value": "38"
                  },
                  {
                    "begin": 5039,
                    "end": 5283,
                    "name": "JUMPDEST",
                    "source": 2
                  },
                  {
                    "begin": 5039,
                    "end": 5283,
                    "name": "PUSH",
                    "source": 2,
                    "value": "40"
                  },
                  {
                    "begin": 5039,
                    "end": 5283,
                    "name": "MLOAD",
                    "source": 2
                  },
                  {
                    "begin": 5039,
                    "end": 5283,
                    "name": "DUP1",
                    "source": 2
                  },
                  {
                    "begin": 5039,
                    "end": 5283,
                    "name": "SWAP2",
                    "source": 2
                  },
                  {
                    "begin": 5039,
                    "end": 5283,
                    "name": "SUB",
                    "source": 2
                  },
                  {
                    "begin": 5039,
                    "end": 5283,
                    "name": "SWAP1",
                    "source": 2
                  },
                  {
                    "begin": 5039,
                    "end": 5283,
                    "name": "RETURN",
                    "source": 2
                  },
                  {
                    "begin": 3002,
                    "end": 3084,
                    "name": "tag",
                    "source": 2,
                    "value": "7"
                  },
                  {
                    "begin": 3002,
                    "end": 3084,
                    "name": "JUMPDEST",
                    "source": 2
                  },
                  {
                    "begin": 3002,
                    "end": 3084,
                    "name": "PUSH [tag]",
                    "source": 2,
                    "value": "39"
                  },
                  {
                    "begin": 3002,
                    "end": 3084,
                    "name": "PUSH [tag]",
                    "source": 2,
                    "value": "40"
                  },
                  {
                    "begin": 3002,
                    "end": 3084,
                    "jumpType": "[in]",
                    "name": "JUMP",
                    "source": 2
                  },
                  {
                    "begin": 3002,
                    "end": 3084,
                    "name": "tag",
                    "source": 2,
                    "value": "39"
                  },
                  {
                    "begin": 3002,
                    "end": 3084,
                    "name": "JUMPDEST",
                    "source": 2
                  },
                  {
                    "begin": 3002,
                    "end": 3084,
                    "name": "PUSH",
                    "source": 2,
                    "value": "40"
                  },
                  {
                    "begin": 3002,
                    "end": 3084,
                    "name": "MLOAD",
                    "source": 2
                  },
                  {
                    "begin": 3002,
                    "end": 3084,
                    "name": "PUSH [tag]",
                    "source": 2,
                    "value": "41"
                  },
                  {
                    "begin": 3002,
                    "end": 3084,
                    "name": "SWAP2",
                    "source": 2
                  },
                  {
                    "begin": 3002,
                    "end": 3084,
                    "name": "SWAP1",
                    "source": 2
                  },
                  {
                    "begin": 3002,
                    "end": 3084,
                    "name": "PUSH [tag]",
                    "source": 2,
                    "value": "42"
                  },
                  {
                    "begin": 3002,
                    "end": 3084,
                    "jumpType": "[in]",
                    "name": "JUMP",
                    "source": 2
                  },
                  {
                    "begin": 3002,
                    "end": 3084,
                    "name": "tag",
                    "source": 2,
                    "value": "41"
                  },
                  {
                    "begin": 3002,
                    "end": 3084,
                    "name": "JUMPDEST",
                    "source": 2
                  },
                  {
                    "begin": 3002,
                    "end": 3084,
                    "name": "PUSH",
                    "source": 2,
                    "value": "40"
                  },
                  {
                    "begin": 3002,
                    "end": 3084,
                    "name": "MLOAD",
                    "source": 2
                  },
                  {
                    "begin": 3002,
                    "end": 3084,
                    "name": "DUP1",
                    "source": 2
                  },
                  {
                    "begin": 3002,
                    "end": 3084,
                    "name": "SWAP2",
                    "source": 2
                  },
                  {
                    "begin": 3002,
                    "end": 3084,
                    "name": "SUB",
                    "source": 2
                  },
                  {
                    "begin": 3002,
                    "end": 3084,
                    "name": "SWAP1",
                    "source": 2
                  },
                  {
                    "begin": 3002,
                    "end": 3084,
                    "name": "RETURN",
                    "source": 2
                  },
                  {
                    "begin": 347,
                    "end": 440,
                    "name": "tag",
                    "source": 6,
                    "value": "8"
                  },
                  {
                    "begin": 347,
                    "end": 440,
                    "name": "JUMPDEST",
                    "source": 6
                  },
                  {
                    "begin": 347,
                    "end": 440,
                    "name": "PUSH [tag]",
                    "source": 6,
                    "value": "43"
                  },
                  {
                    "begin": 347,
                    "end": 440,
                    "name": "PUSH",
                    "source": 6,
                    "value": "4"
                  },
                  {
                    "begin": 347,
                    "end": 440,
                    "name": "DUP1",
                    "source": 6
                  },
                  {
                    "begin": 347,
                    "end": 440,
                    "name": "CALLDATASIZE",
                    "source": 6
                  },
                  {
                    "begin": 347,
                    "end": 440,
                    "name": "SUB",
                    "source": 6
                  },
                  {
                    "begin": 347,
                    "end": 440,
                    "name": "DUP2",
                    "source": 6
                  },
                  {
                    "begin": 347,
                    "end": 440,
                    "name": "ADD",
                    "source": 6
                  },
                  {
                    "begin": 347,
                    "end": 440,
                    "name": "SWAP1",
                    "source": 6
                  },
                  {
                    "begin": 347,
                    "end": 440,
                    "name": "PUSH [tag]",
                    "source": 6,
                    "value": "44"
                  },
                  {
                    "begin": 347,
                    "end": 440,
                    "name": "SWAP2",
                    "source": 6
                  },
                  {
                    "begin": 347,
                    "end": 440,
                    "name": "SWAP1",
                    "source": 6
                  },
                  {
                    "begin": 347,
                    "end": 440,
                    "name": "PUSH [tag]",
                    "source": 6,
                    "value": "26"
                  },
                  {
                    "begin": 347,
                    "end": 440,
                    "jumpType": "[in]",
                    "name": "JUMP",
                    "source": 6
                  },
                  {
                    "begin": 347,
                    "end": 440,
                    "name": "tag",
                    "source": 6,
                    "value": "44"
                  },
                  {
                    "begin": 347,
                    "end": 440,
                    "name": "JUMPDEST",
                    "source": 6
                  },
                  {
                    "begin": 347,
                    "end": 440,
                    "name": "PUSH [tag]",
                    "source": 6,
                    "value": "45"
                  },
                  {
                    "begin": 347,
                    "end": 440,
                    "jumpType": "[in]",
                    "name": "JUMP",
                    "source": 6
                  },
                  {
                    "begin": 347,
                    "end": 440,
                    "name": "tag",
                    "source": 6,
                    "value": "43"
                  },
                  {
                    "begin": 347,
                    "end": 440,
                    "name": "JUMPDEST",
                    "source": 6
                  },
                  {
                    "begin": 347,
                    "end": 440,
                    "name": "STOP",
                    "source": 6
                  },
                  {
                    "begin": 446,
                    "end": 525,
                    "name": "tag",
                    "source": 6,
                    "value": "9"
                  },
                  {
                    "begin": 446,
                    "end": 525,
                    "name": "JUMPDEST",
                    "source": 6
                  },
                  {
                    "begin": 446,
                    "end": 525,
                    "name": "PUSH [tag]",
                    "source": 6,
                    "value": "46"
                  },
                  {
                    "begin": 446,
                    "end": 525,
                    "name": "PUSH",
                    "source": 6,
                    "value": "4"
                  },
                  {
                    "begin": 446,
                    "end": 525,
                    "name": "DUP1",
                    "source": 6
                  },
                  {
                    "begin": 446,
                    "end": 525,
                    "name": "CALLDATASIZE",
                    "source": 6
                  },
                  {
                    "begin": 446,
                    "end": 525,
                    "name": "SUB",
                    "source": 6
                  },
                  {
                    "begin": 446,
                    "end": 525,
                    "name": "DUP2",
                    "source": 6
                  },
                  {
                    "begin": 446,
                    "end": 525,
                    "name": "ADD",
                    "source": 6
                  },
                  {
                    "begin": 446,
                    "end": 525,
                    "name": "SWAP1",
                    "source": 6
                  },
                  {
                    "begin": 446,
                    "end": 525,
                    "name": "PUSH [tag]",
                    "source": 6,
                    "value": "47"
                  },
                  {
                    "begin": 446,
                    "end": 525,
                    "name": "SWAP2",
                    "source": 6
                  },
                  {
                    "begin": 446,
                    "end": 525,
                    "name": "SWAP1",
                    "source": 6
                  },
                  {
                    "begin": 446,
                    "end": 525,
                    "name": "PUSH [tag]",
                    "source": 6,
                    "value": "48"
                  },
                  {
                    "begin": 446,
                    "end": 525,
                    "jumpType": "[in]",
                    "name": "JUMP",
                    "source": 6
                  },
                  {
                    "begin": 446,
                    "end": 525,
                    "name": "tag",
                    "source": 6,
                    "value": "47"
                  },
                  {
                    "begin": 446,
                    "end": 525,
                    "name": "JUMPDEST",
                    "source": 6
                  },
                  {
                    "begin": 446,
                    "end": 525,
                    "name": "PUSH [tag]",
                    "source": 6,
                    "value": "49"
                  },
                  {
                    "begin": 446,
                    "end": 525,
                    "jumpType": "[in]",
                    "name": "JUMP",
                    "source": 6
                  },
                  {
                    "begin": 446,
                    "end": 525,
                    "name": "tag",
                    "source": 6,
                    "value": "46"
                  },
                  {
                    "begin": 446,
                    "end": 525,
                    "name": "JUMPDEST",
                    "source": 6
                  },
                  {
                    "begin": 446,
                    "end": 525,
                    "name": "STOP",
                    "source": 6
                  },
                  {
                    "begin": 3299,
                    "end": 3415,
                    "name": "tag",
                    "source": 2,
                    "value": "10"
                  },
                  {
                    "begin": 3299,
                    "end": 3415,
                    "name": "JUMPDEST",
                    "source": 2
                  },
                  {
                    "begin": 3299,
                    "end": 3415,
                    "name": "PUSH [tag]",
                    "source": 2,
                    "value": "50"
                  },
                  {
                    "begin": 3299,
                    "end": 3415,
                    "name": "PUSH",
                    "source": 2,
                    "value": "4"
                  },
                  {
                    "begin": 3299,
                    "end": 3415,
                    "name": "DUP1",
                    "source": 2
                  },
                  {
                    "begin": 3299,
                    "end": 3415,
                    "name": "CALLDATASIZE",
                    "source": 2
                  },
                  {
                    "begin": 3299,
                    "end": 3415,
                    "name": "SUB",
                    "source": 2
                  },
                  {
                    "begin": 3299,
                    "end": 3415,
                    "name": "DUP2",
                    "source": 2
                  },
                  {
                    "begin": 3299,
                    "end": 3415,
                    "name": "ADD",
                    "source": 2
                  },
                  {
                    "begin": 3299,
                    "end": 3415,
                    "name": "SWAP1",
                    "source": 2
                  },
                  {
                    "begin": 3299,
                    "end": 3415,
                    "name": "PUSH [tag]",
                    "source": 2,
                    "value": "51"
                  },
                  {
                    "begin": 3299,
                    "end": 3415,
                    "name": "SWAP2",
                    "source": 2
                  },
                  {
                    "begin": 3299,
                    "end": 3415,
                    "name": "SWAP1",
                    "source": 2
                  },
                  {
                    "begin": 3299,
                    "end": 3415,
                    "name": "PUSH [tag]",
                    "source": 2,
                    "value": "52"
                  },
                  {
                    "begin": 3299,
                    "end": 3415,
                    "jumpType": "[in]",
                    "name": "JUMP",
                    "source": 2
                  },
                  {
                    "begin": 3299,
                    "end": 3415,
                    "name": "tag",
                    "source": 2,
                    "value": "51"
                  },
                  {
                    "begin": 3299,
                    "end": 3415,
                    "name": "JUMPDEST",
                    "source": 2
                  },
                  {
                    "begin": 3299,
                    "end": 3415,
                    "name": "PUSH [tag]",
                    "source": 2,
                    "value": "53"
                  },
                  {
                    "begin": 3299,
                    "end": 3415,
                    "jumpType": "[in]",
                    "name": "JUMP",
                    "source": 2
                  },
                  {
                    "begin": 3299,
                    "end": 3415,
                    "name": "tag",
                    "source": 2,
                    "value": "50"
                  },
                  {
                    "begin": 3299,
                    "end": 3415,
                    "name": "JUMPDEST",
                    "source": 2
                  },
                  {
                    "begin": 3299,
                    "end": 3415,
                    "name": "PUSH",
                    "source": 2,
                    "value": "40"
                  },
                  {
                    "begin": 3299,
                    "end": 3415,
                    "name": "MLOAD",
                    "source": 2
                  },
                  {
                    "begin": 3299,
                    "end": 3415,
                    "name": "PUSH [tag]",
                    "source": 2,
                    "value": "54"
                  },
                  {
                    "begin": 3299,
                    "end": 3415,
                    "name": "SWAP2",
                    "source": 2
                  },
                  {
                    "begin": 3299,
                    "end": 3415,
                    "name": "SWAP1",
                    "source": 2
                  },
                  {
                    "begin": 3299,
                    "end": 3415,
                    "name": "PUSH [tag]",
                    "source": 2,
                    "value": "33"
                  },
                  {
                    "begin": 3299,
                    "end": 3415,
                    "jumpType": "[in]",
                    "name": "JUMP",
                    "source": 2
                  },
                  {
                    "begin": 3299,
                    "end": 3415,
                    "name": "tag",
                    "source": 2,
                    "value": "54"
                  },
                  {
                    "begin": 3299,
                    "end": 3415,
                    "name": "JUMPDEST",
                    "source": 2
                  },
                  {
                    "begin": 3299,
                    "end": 3415,
                    "name": "PUSH",
                    "source": 2,
                    "value": "40"
                  },
                  {
                    "begin": 3299,
                    "end": 3415,
                    "name": "MLOAD",
                    "source": 2
                  },
                  {
                    "begin": 3299,
                    "end": 3415,
                    "name": "DUP1",
                    "source": 2
                  },
                  {
                    "begin": 3299,
                    "end": 3415,
                    "name": "SWAP2",
                    "source": 2
                  },
                  {
                    "begin": 3299,
                    "end": 3415,
                    "name": "SUB",
                    "source": 2
                  },
                  {
                    "begin": 3299,
                    "end": 3415,
                    "name": "SWAP1",
                    "source": 2
                  },
                  {
                    "begin": 3299,
                    "end": 3415,
                    "name": "RETURN",
                    "source": 2
                  },
                  {
                    "begin": 2293,
                    "end": 2394,
                    "name": "tag",
                    "source": 0,
                    "value": "11"
                  },
                  {
                    "begin": 2293,
                    "end": 2394,
                    "name": "JUMPDEST",
                    "source": 0
                  },
                  {
                    "begin": 2293,
                    "end": 2394,
                    "name": "PUSH [tag]",
                    "source": 0,
                    "value": "55"
                  },
                  {
                    "begin": 2293,
                    "end": 2394,
                    "name": "PUSH [tag]",
                    "source": 0,
                    "value": "56"
                  },
                  {
                    "begin": 2293,
                    "end": 2394,
                    "jumpType": "[in]",
                    "name": "JUMP",
                    "source": 0
                  },
                  {
                    "begin": 2293,
                    "end": 2394,
                    "name": "tag",
                    "source": 0,
                    "value": "55"
                  },
                  {
                    "begin": 2293,
                    "end": 2394,
                    "name": "JUMPDEST",
                    "source": 0
                  },
                  {
                    "begin": 2293,
                    "end": 2394,
                    "name": "STOP",
                    "source": 0
                  },
                  {
                    "begin": 1638,
                    "end": 1723,
                    "name": "tag",
                    "source": 0,
                    "value": "12"
                  },
                  {
                    "begin": 1638,
                    "end": 1723,
                    "name": "JUMPDEST",
                    "source": 0
                  },
                  {
                    "begin": 1638,
                    "end": 1723,
                    "name": "PUSH [tag]",
                    "source": 0,
                    "value": "57"
                  },
                  {
                    "begin": 1638,
                    "end": 1723,
                    "name": "PUSH [tag]",
                    "source": 0,
                    "value": "58"
                  },
                  {
                    "begin": 1638,
                    "end": 1723,
                    "jumpType": "[in]",
                    "name": "JUMP",
                    "source": 0
                  },
                  {
                    "begin": 1638,
                    "end": 1723,
                    "name": "tag",
                    "source": 0,
                    "value": "57"
                  },
                  {
                    "begin": 1638,
                    "end": 1723,
                    "name": "JUMPDEST",
                    "source": 0
                  },
                  {
                    "begin": 1638,
                    "end": 1723,
                    "name": "PUSH",
                    "source": 0,
                    "value": "40"
                  },
                  {
                    "begin": 1638,
                    "end": 1723,
                    "name": "MLOAD",
                    "source": 0
                  },
                  {
                    "begin": 1638,
                    "end": 1723,
                    "name": "PUSH [tag]",
                    "source": 0,
                    "value": "59"
                  },
                  {
                    "begin": 1638,
                    "end": 1723,
                    "name": "SWAP2",
                    "source": 0
                  },
                  {
                    "begin": 1638,
                    "end": 1723,
                    "name": "SWAP1",
                    "source": 0
                  },
                  {
                    "begin": 1638,
                    "end": 1723,
                    "name": "PUSH [tag]",
                    "source": 0,
                    "value": "60"
                  },
                  {
                    "begin": 1638,
                    "end": 1723,
                    "jumpType": "[in]",
                    "name": "JUMP",
                    "source": 0
                  },
                  {
                    "begin": 1638,
                    "end": 1723,
                    "name": "tag",
                    "source": 0,
                    "value": "59"
                  },
                  {
                    "begin": 1638,
                    "end": 1723,
                    "name": "JUMPDEST",
                    "source": 0
                  },
                  {
                    "begin": 1638,
                    "end": 1723,
                    "name": "PUSH",
                    "source": 0,
                    "value": "40"
                  },
                  {
                    "begin": 1638,
                    "end": 1723,
                    "name": "MLOAD",
                    "source": 0
                  },
                  {
                    "begin": 1638,
                    "end": 1723,
                    "name": "DUP1",
                    "source": 0
                  },
                  {
                    "begin": 1638,
                    "end": 1723,
                    "name": "SWAP2",
                    "source": 0
                  },
                  {
                    "begin": 1638,
                    "end": 1723,
                    "name": "SUB",
                    "source": 0
                  },
                  {
                    "begin": 1638,
                    "end": 1723,
                    "name": "SWAP1",
                    "source": 0
                  },
                  {
                    "begin": 1638,
                    "end": 1723,
                    "name": "RETURN",
                    "source": 0
                  },
                  {
                    "begin": 2276,
                    "end": 2369,
                    "name": "tag",
                    "source": 2,
                    "value": "13"
                  },
                  {
                    "begin": 2276,
                    "end": 2369,
                    "name": "JUMPDEST",
                    "source": 2
                  },
                  {
                    "begin": 2276,
                    "end": 2369,
                    "name": "PUSH [tag]",
                    "source": 2,
                    "value": "61"
                  },
                  {
                    "begin": 2276,
                    "end": 2369,
                    "name": "PUSH [tag]",
                    "source": 2,
                    "value": "62"
                  },
                  {
                    "begin": 2276,
                    "end": 2369,
                    "jumpType": "[in]",
                    "name": "JUMP",
                    "source": 2
                  },
                  {
                    "begin": 2276,
                    "end": 2369,
                    "name": "tag",
                    "source": 2,
                    "value": "61"
                  },
                  {
                    "begin": 2276,
                    "end": 2369,
                    "name": "JUMPDEST",
                    "source": 2
                  },
                  {
                    "begin": 2276,
                    "end": 2369,
                    "name": "PUSH",
                    "source": 2,
                    "value": "40"
                  },
                  {
                    "begin": 2276,
                    "end": 2369,
                    "name": "MLOAD",
                    "source": 2
                  },
                  {
                    "begin": 2276,
                    "end": 2369,
                    "name": "PUSH [tag]",
                    "source": 2,
                    "value": "63"
                  },
                  {
                    "begin": 2276,
                    "end": 2369,
                    "name": "SWAP2",
                    "source": 2
                  },
                  {
                    "begin": 2276,
                    "end": 2369,
                    "name": "SWAP1",
                    "source": 2
                  },
                  {
                    "begin": 2276,
                    "end": 2369,
                    "name": "PUSH [tag]",
                    "source": 2,
                    "value": "23"
                  },
                  {
                    "begin": 2276,
                    "end": 2369,
                    "jumpType": "[in]",
                    "name": "JUMP",
                    "source": 2
                  },
                  {
                    "begin": 2276,
                    "end": 2369,
                    "name": "tag",
                    "source": 2,
                    "value": "63"
                  },
                  {
                    "begin": 2276,
                    "end": 2369,
                    "name": "JUMPDEST",
                    "source": 2
                  },
                  {
                    "begin": 2276,
                    "end": 2369,
                    "name": "PUSH",
                    "source": 2,
                    "value": "40"
                  },
                  {
                    "begin": 2276,
                    "end": 2369,
                    "name": "MLOAD",
                    "source": 2
                  },
                  {
                    "begin": 2276,
                    "end": 2369,
                    "name": "DUP1",
                    "source": 2
                  },
                  {
                    "begin": 2276,
                    "end": 2369,
                    "name": "SWAP2",
                    "source": 2
                  },
                  {
                    "begin": 2276,
                    "end": 2369,
                    "name": "SUB",
                    "source": 2
                  },
                  {
                    "begin": 2276,
                    "end": 2369,
                    "name": "SWAP1",
                    "source": 2
                  },
                  {
                    "begin": 2276,
                    "end": 2369,
                    "name": "RETURN",
                    "source": 2
                  },
                  {
                    "begin": 3610,
                    "end": 3788,
                    "name": "tag",
                    "source": 2,
                    "value": "14"
                  },
                  {
                    "begin": 3610,
                    "end": 3788,
                    "name": "JUMPDEST",
                    "source": 2
                  },
                  {
                    "begin": 3610,
                    "end": 3788,
                    "name": "PUSH [tag]",
                    "source": 2,
                    "value": "64"
                  },
                  {
                    "begin": 3610,
                    "end": 3788,
                    "name": "PUSH",
                    "source": 2,
                    "value": "4"
                  },
                  {
                    "begin": 3610,
                    "end": 3788,
                    "name": "DUP1",
                    "source": 2
                  },
                  {
                    "begin": 3610,
                    "end": 3788,
                    "name": "CALLDATASIZE",
                    "source": 2
                  },
                  {
                    "begin": 3610,
                    "end": 3788,
                    "name": "SUB",
                    "source": 2
                  },
                  {
                    "begin": 3610,
                    "end": 3788,
                    "name": "DUP2",
                    "source": 2
                  },
                  {
                    "begin": 3610,
                    "end": 3788,
                    "name": "ADD",
                    "source": 2
                  },
                  {
                    "begin": 3610,
                    "end": 3788,
                    "name": "SWAP1",
                    "source": 2
                  },
                  {
                    "begin": 3610,
                    "end": 3788,
                    "name": "PUSH [tag]",
                    "source": 2,
                    "value": "65"
                  },
                  {
                    "begin": 3610,
                    "end": 3788,
                    "name": "SWAP2",
                    "source": 2
                  },
                  {
                    "begin": 3610,
                    "end": 3788,
                    "name": "SWAP1",
                    "source": 2
                  },
                  {
                    "begin": 3610,
                    "end": 3788,
                    "name": "PUSH [tag]",
                    "source": 2,
                    "value": "26"
                  },
                  {
                    "begin": 3610,
                    "end": 3788,
                    "jumpType": "[in]",
                    "name": "JUMP",
                    "source": 2
                  },
                  {
                    "begin": 3610,
                    "end": 3788,
                    "name": "tag",
                    "source": 2,
                    "value": "65"
                  },
                  {
                    "begin": 3610,
                    "end": 3788,
                    "name": "JUMPDEST",
                    "source": 2
                  },
                  {
                    "begin": 3610,
                    "end": 3788,
                    "name": "PUSH [tag]",
                    "source": 2,
                    "value": "66"
                  },
                  {
                    "begin": 3610,
                    "end": 3788,
                    "jumpType": "[in]",
                    "name": "JUMP",
                    "source": 2
                  },
                  {
                    "begin": 3610,
                    "end": 3788,
                    "name": "tag",
                    "source": 2,
                    "value": "64"
                  },
                  {
                    "begin": 3610,
                    "end": 3788,
                    "name": "JUMPDEST",
                    "source": 2
                  },
                  {
                    "begin": 3610,
                    "end": 3788,
                    "name": "PUSH",
                    "source": 2,
                    "value": "40"
                  },
                  {
                    "begin": 3610,
                    "end": 3788,
                    "name": "MLOAD",
                    "source": 2
                  },
                  {
                    "begin": 3610,
                    "end": 3788,
                    "name": "PUSH [tag]",
                    "source": 2,
                    "value": "67"
                  },
                  {
                    "begin": 3610,
                    "end": 3788,
                    "name": "SWAP2",
                    "source": 2
                  },
                  {
                    "begin": 3610,
                    "end": 3788,
                    "name": "SWAP1",
                    "source": 2
                  },
                  {
                    "begin": 3610,
                    "end": 3788,
                    "name": "PUSH [tag]",
                    "source": 2,
                    "value": "29"
                  },
                  {
                    "begin": 3610,
                    "end": 3788,
                    "jumpType": "[in]",
                    "name": "JUMP",
                    "source": 2
                  },
                  {
                    "begin": 3610,
                    "end": 3788,
                    "name": "tag",
                    "source": 2,
                    "value": "67"
                  },
                  {
                    "begin": 3610,
                    "end": 3788,
                    "name": "JUMPDEST",
                    "source": 2
                  },
                  {
                    "begin": 3610,
                    "end": 3788,
                    "name": "PUSH",
                    "source": 2,
                    "value": "40"
                  },
                  {
                    "begin": 3610,
                    "end": 3788,
                    "name": "MLOAD",
                    "source": 2
                  },
                  {
                    "begin": 3610,
                    "end": 3788,
                    "name": "DUP1",
                    "source": 2
                  },
                  {
                    "begin": 3610,
                    "end": 3788,
                    "name": "SWAP2",
                    "source": 2
                  },
                  {
                    "begin": 3610,
                    "end": 3788,
                    "name": "SUB",
                    "source": 2
                  },
                  {
                    "begin": 3610,
                    "end": 3788,
                    "name": "SWAP1",
                    "source": 2
                  },
                  {
                    "begin": 3610,
                    "end": 3788,
                    "name": "RETURN",
                    "source": 2
                  },
                  {
                    "begin": 3846,
                    "end": 3986,
                    "name": "tag",
                    "source": 2,
                    "value": "15"
                  },
                  {
                    "begin": 3846,
                    "end": 3986,
                    "name": "JUMPDEST",
                    "source": 2
                  },
                  {
                    "begin": 3846,
                    "end": 3986,
                    "name": "PUSH [tag]",
                    "source": 2,
                    "value": "68"
                  },
                  {
                    "begin": 3846,
                    "end": 3986,
                    "name": "PUSH",
                    "source": 2,
                    "value": "4"
                  },
                  {
                    "begin": 3846,
                    "end": 3986,
                    "name": "DUP1",
                    "source": 2
                  },
                  {
                    "begin": 3846,
                    "end": 3986,
                    "name": "CALLDATASIZE",
                    "source": 2
                  },
                  {
                    "begin": 3846,
                    "end": 3986,
                    "name": "SUB",
                    "source": 2
                  },
                  {
                    "begin": 3846,
                    "end": 3986,
                    "name": "DUP2",
                    "source": 2
                  },
                  {
                    "begin": 3846,
                    "end": 3986,
                    "name": "ADD",
                    "source": 2
                  },
                  {
                    "begin": 3846,
                    "end": 3986,
                    "name": "SWAP1",
                    "source": 2
                  },
                  {
                    "begin": 3846,
                    "end": 3986,
                    "name": "PUSH [tag]",
                    "source": 2,
                    "value": "69"
                  },
                  {
                    "begin": 3846,
                    "end": 3986,
                    "name": "SWAP2",
                    "source": 2
                  },
                  {
                    "begin": 3846,
                    "end": 3986,
                    "name": "SWAP1",
                    "source": 2
                  },
                  {
                    "begin": 3846,
                    "end": 3986,
                    "name": "PUSH [tag]",
                    "source": 2,
                    "value": "70"
                  },
                  {
                    "begin": 3846,
                    "end": 3986,
                    "jumpType": "[in]",
                    "name": "JUMP",
                    "source": 2
                  },
                  {
                    "begin": 3846,
                    "end": 3986,
                    "name": "tag",
                    "source": 2,
                    "value": "69"
                  },
                  {
                    "begin": 3846,
                    "end": 3986,
                    "name": "JUMPDEST",
                    "source": 2
                  },
                  {
                    "begin": 3846,
                    "end": 3986,
                    "name": "PUSH [tag]",
                    "source": 2,
                    "value": "71"
                  },
                  {
                    "begin": 3846,
                    "end": 3986,
                    "jumpType": "[in]",
                    "name": "JUMP",
                    "source": 2
                  },
                  {
                    "begin": 3846,
                    "end": 3986,
                    "name": "tag",
                    "source": 2,
                    "value": "68"
                  },
                  {
                    "begin": 3846,
                    "end": 3986,
                    "name": "JUMPDEST",
                    "source": 2
                  },
                  {
                    "begin": 3846,
                    "end": 3986,
                    "name": "PUSH",
                    "source": 2,
                    "value": "40"
                  },
                  {
                    "begin": 3846,
                    "end": 3986,
                    "name": "MLOAD",
                    "source": 2
                  },
                  {
                    "begin": 3846,
                    "end": 3986,
                    "name": "PUSH [tag]",
                    "source": 2,
                    "value": "72"
                  },
                  {
                    "begin": 3846,
                    "end": 3986,
                    "name": "SWAP2",
                    "source": 2
                  },
                  {
                    "begin": 3846,
                    "end": 3986,
                    "name": "SWAP1",
                    "source": 2
                  },
                  {
                    "begin": 3846,
                    "end": 3986,
                    "name": "PUSH [tag]",
                    "source": 2,
                    "value": "33"
                  },
                  {
                    "begin": 3846,
                    "end": 3986,
                    "jumpType": "[in]",
                    "name": "JUMP",
                    "source": 2
                  },
                  {
                    "begin": 3846,
                    "end": 3986,
                    "name": "tag",
                    "source": 2,
                    "value": "72"
                  },
                  {
                    "begin": 3846,
                    "end": 3986,
                    "name": "JUMPDEST",
                    "source": 2
                  },
                  {
                    "begin": 3846,
                    "end": 3986,
                    "name": "PUSH",
                    "source": 2,
                    "value": "40"
                  },
                  {
                    "begin": 3846,
                    "end": 3986,
                    "name": "MLOAD",
                    "source": 2
                  },
                  {
                    "begin": 3846,
                    "end": 3986,
                    "name": "DUP1",
                    "source": 2
                  },
                  {
                    "begin": 3846,
                    "end": 3986,
                    "name": "SWAP2",
                    "source": 2
                  },
                  {
                    "begin": 3846,
                    "end": 3986,
                    "name": "SUB",
                    "source": 2
                  },
                  {
                    "begin": 3846,
                    "end": 3986,
                    "name": "SWAP1",
                    "source": 2
                  },
                  {
                    "begin": 3846,
                    "end": 3986,
                    "name": "RETURN",
                    "source": 2
                  },
                  {
                    "begin": 2543,
                    "end": 2758,
                    "name": "tag",
                    "source": 0,
                    "value": "16"
                  },
                  {
                    "begin": 2543,
                    "end": 2758,
                    "name": "JUMPDEST",
                    "source": 0
                  },
                  {
                    "begin": 2543,
                    "end": 2758,
                    "name": "PUSH [tag]",
                    "source": 0,
                    "value": "73"
                  },
                  {
                    "begin": 2543,
                    "end": 2758,
                    "name": "PUSH",
                    "source": 0,
                    "value": "4"
                  },
                  {
                    "begin": 2543,
                    "end": 2758,
                    "name": "DUP1",
                    "source": 0
                  },
                  {
                    "begin": 2543,
                    "end": 2758,
                    "name": "CALLDATASIZE",
                    "source": 0
                  },
                  {
                    "begin": 2543,
                    "end": 2758,
                    "name": "SUB",
                    "source": 0
                  },
                  {
                    "begin": 2543,
                    "end": 2758,
                    "name": "DUP2",
                    "source": 0
                  },
                  {
                    "begin": 2543,
                    "end": 2758,
                    "name": "ADD",
                    "source": 0
                  },
                  {
                    "begin": 2543,
                    "end": 2758,
                    "name": "SWAP1",
                    "source": 0
                  },
                  {
                    "begin": 2543,
                    "end": 2758,
                    "name": "PUSH [tag]",
                    "source": 0,
                    "value": "74"
                  },
                  {
                    "begin": 2543,
                    "end": 2758,
                    "name": "SWAP2",
                    "source": 0
                  },
                  {
                    "begin": 2543,
                    "end": 2758,
                    "name": "SWAP1",
                    "source": 0
                  },
                  {
                    "begin": 2543,
                    "end": 2758,
                    "name": "PUSH [tag]",
                    "source": 0,
                    "value": "52"
                  },
                  {
                    "begin": 2543,
                    "end": 2758,
                    "jumpType": "[in]",
                    "name": "JUMP",
                    "source": 0
                  },
                  {
                    "begin": 2543,
                    "end": 2758,
                    "name": "tag",
                    "source": 0,
                    "value": "74"
                  },
                  {
                    "begin": 2543,
                    "end": 2758,
                    "name": "JUMPDEST",
                    "source": 0
                  },
                  {
                    "begin": 2543,
                    "end": 2758,
                    "name": "PUSH [tag]",
                    "source": 0,
                    "value": "75"
                  },
                  {
                    "begin": 2543,
                    "end": 2758,
                    "jumpType": "[in]",
                    "name": "JUMP",
                    "source": 0
                  },
                  {
                    "begin": 2543,
                    "end": 2758,
                    "name": "tag",
                    "source": 0,
                    "value": "73"
                  },
                  {
                    "begin": 2543,
                    "end": 2758,
                    "name": "JUMPDEST",
                    "source": 0
                  },
                  {
                    "begin": 2543,
                    "end": 2758,
                    "name": "STOP",
                    "source": 0
                  },
                  {
                    "begin": 2074,
                    "end": 2163,
                    "name": "tag",
                    "source": 2,
                    "value": "21"
                  },
                  {
                    "begin": 2074,
                    "end": 2163,
                    "name": "JUMPDEST",
                    "source": 2
                  },
                  {
                    "begin": 2119,
                    "end": 2132,
                    "name": "PUSH",
                    "source": 2,
                    "value": "60"
                  },
                  {
                    "begin": 2151,
                    "end": 2156,
                    "name": "PUSH",
                    "source": 2,
                    "value": "3"
                  },
                  {
                    "begin": 2144,
                    "end": 2156,
                    "name": "DUP1",
                    "source": 2
                  },
                  {
                    "begin": 2144,
                    "end": 2156,
                    "name": "SLOAD",
                    "source": 2
                  },
                  {
                    "begin": 2144,
                    "end": 2156,
                    "name": "PUSH [tag]",
                    "source": 2,
                    "value": "77"
                  },
                  {
                    "begin": 2144,
                    "end": 2156,
                    "name": "SWAP1",
                    "source": 2
                  },
                  {
                    "begin": 2144,
                    "end": 2156,
                    "name": "PUSH [tag]",
                    "source": 2,
                    "value": "78"
                  },
                  {
                    "begin": 2144,
                    "end": 2156,
                    "jumpType": "[in]",
                    "name": "JUMP",
                    "source": 2
                  },
                  {
                    "begin": 2144,
                    "end": 2156,
                    "name": "tag",
                    "source": 2,
                    "value": "77"
                  },
                  {
                    "begin": 2144,
                    "end": 2156,
                    "name": "JUMPDEST",
                    "source": 2
                  },
                  {
                    "begin": 2144,
                    "end": 2156,
                    "name": "DUP1",
                    "source": 2
                  },
                  {
                    "begin": 2144,
                    "end": 2156,
                    "name": "PUSH",
                    "source": 2,
                    "value": "1F"
                  },
                  {
                    "begin": 2144,
                    "end": 2156,
                    "name": "ADD",
                    "source": 2
                  },
                  {
                    "begin": 2144,
                    "end": 2156,
                    "name": "PUSH",
                    "source": 2,
                    "value": "20"
                  },
                  {
                    "begin": 2144,
                    "end": 2156,
                    "name": "DUP1",
                    "source": 2
                  },
                  {
                    "begin": 2144,
                    "end": 2156,
                    "name": "SWAP2",
                    "source": 2
                  },
                  {
                    "begin": 2144,
                    "end": 2156,
                    "name": "DIV",
                    "source": 2
                  },
                  {
                    "begin": 2144,
                    "end": 2156,
                    "name": "MUL",
                    "source": 2
                  },
                  {
                    "begin": 2144,
                    "end": 2156,
                    "name": "PUSH",
                    "source": 2,
                    "value": "20"
                  },
                  {
                    "begin": 2144,
                    "end": 2156,
                    "name": "ADD",
                    "source": 2
                  },
                  {
                    "begin": 2144,
                    "end": 2156,
                    "name": "PUSH",
                    "source": 2,
                    "value": "40"
                  },
                  {
                    "begin": 2144,
                    "end": 2156,
                    "name": "MLOAD",
                    "source": 2
                  },
                  {
                    "begin": 2144,
                    "end": 2156,
                    "name": "SWAP1",
                    "source": 2
                  },
                  {
                    "begin": 2144,
                    "end": 2156,
                    "name": "DUP2",
                    "source": 2
                  },
                  {
                    "begin": 2144,
                    "end": 2156,
                    "name": "ADD",
                    "source": 2
                  },
                  {
                    "begin": 2144,
                    "end": 2156,
                    "name": "PUSH",
                    "source": 2,
                    "value": "40"
                  },
                  {
                    "begin": 2144,
                    "end": 2156,
                    "name": "MSTORE",
                    "source": 2
                  },
                  {
                    "begin": 2144,
                    "end": 2156,
                    "name": "DUP1",
                    "source": 2
                  },
                  {
                    "begin": 2144,
                    "end": 2156,
                    "name": "SWAP3",
                    "source": 2
                  },
                  {
                    "begin": 2144,
                    "end": 2156,
                    "name": "SWAP2",
                    "source": 2
                  },
                  {
                    "begin": 2144,
                    "end": 2156,
                    "name": "SWAP1",
                    "source": 2
                  },
                  {
                    "begin": 2144,
                    "end": 2156,
                    "name": "DUP2",
                    "source": 2
                  },
                  {
                    "begin": 2144,
                    "end": 2156,
                    "name": "DUP2",
                    "source": 2
                  },
                  {
                    "begin": 2144,
                    "end": 2156,
                    "name": "MSTORE",
                    "source": 2
                  },
                  {
                    "begin": 2144,
                    "end": 2156,
                    "name": "PUSH",
                    "source": 2,
                    "value": "20"
                  },
                  {
                    "begin": 2144,
                    "end": 2156,
                    "name": "ADD",
                    "source": 2
                  },
                  {
                    "begin": 2144,
                    "end": 2156,
                    "name": "DUP3",
                    "source": 2
                  },
                  {
                    "begin": 2144,
                    "end": 2156,
                    "name": "DUP1",
                    "source": 2
                  },
                  {
                    "begin": 2144,
                    "end": 2156,
                    "name": "SLOAD",
                    "source": 2
                  },
                  {
                    "begin": 2144,
                    "end": 2156,
                    "name": "PUSH [tag]",
                    "source": 2,
                    "value": "79"
                  },
                  {
                    "begin": 2144,
                    "end": 2156,
                    "name": "SWAP1",
                    "source": 2
                  },
                  {
                    "begin": 2144,
                    "end": 2156,
                    "name": "PUSH [tag]",
                    "source": 2,
                    "value": "78"
                  },
                  {
                    "begin": 2144,
                    "end": 2156,
                    "jumpType": "[in]",
                    "name": "JUMP",
                    "source": 2
                  },
                  {
                    "begin": 2144,
                    "end": 2156,
                    "name": "tag",
                    "source": 2,
                    "value": "79"
                  },
                  {
                    "begin": 2144,
                    "end": 2156,
                    "name": "JUMPDEST",
                    "source": 2
                  },
                  {
                    "begin": 2144,
                    "end": 2156,
                    "name": "DUP1",
                    "source": 2
                  },
                  {
                    "begin": 2144,
                    "end": 2156,
                    "name": "ISZERO",
                    "source": 2
                  },
                  {
                    "begin": 2144,
                    "end": 2156,
                    "name": "PUSH [tag]",
                    "source": 2,
                    "value": "80"
                  },
                  {
                    "begin": 2144,
                    "end": 2156,
                    "name": "JUMPI",
                    "source": 2
                  },
                  {
                    "begin": 2144,
                    "end": 2156,
                    "name": "DUP1",
                    "source": 2
                  },
                  {
                    "begin": 2144,
                    "end": 2156,
                    "name": "PUSH",
                    "source": 2,
                    "value": "1F"
                  },
                  {
                    "begin": 2144,
                    "end": 2156,
                    "name": "LT",
                    "source": 2
                  },
                  {
                    "begin": 2144,
                    "end": 2156,
                    "name": "PUSH [tag]",
                    "source": 2,
                    "value": "81"
                  },
                  {
                    "begin": 2144,
                    "end": 2156,
                    "name": "JUMPI",
                    "source": 2
                  },
                  {
                    "begin": 2144,
                    "end": 2156,
                    "name": "PUSH",
                    "source": 2,
                    "value": "100"
                  },
                  {
                    "begin": 2144,
                    "end": 2156,
                    "name": "DUP1",
                    "source": 2
                  },
                  {
                    "begin": 2144,
                    "end": 2156,
                    "name": "DUP4",
                    "source": 2
                  },
                  {
                    "begin": 2144,
                    "end": 2156,
                    "name": "SLOAD",
                    "source": 2
                  },
                  {
                    "begin": 2144,
                    "end": 2156,
                    "name": "DIV",
                    "source": 2
                  },
                  {
                    "begin": 2144,
                    "end": 2156,
                    "name": "MUL",
                    "source": 2
                  },
                  {
                    "begin": 2144,
                    "end": 2156,
                    "name": "DUP4",
                    "source": 2
                  },
                  {
                    "begin": 2144,
                    "end": 2156,
                    "name": "MSTORE",
                    "source": 2
                  },
                  {
                    "begin": 2144,
                    "end": 2156,
                    "name": "SWAP2",
                    "source": 2
                  },
                  {
                    "begin": 2144,
                    "end": 2156,
                    "name": "PUSH",
                    "source": 2,
                    "value": "20"
                  },
                  {
                    "begin": 2144,
                    "end": 2156,
                    "name": "ADD",
                    "source": 2
                  },
                  {
                    "begin": 2144,
                    "end": 2156,
                    "name": "SWAP2",
                    "source": 2
                  },
                  {
                    "begin": 2144,
                    "end": 2156,
                    "name": "PUSH [tag]",
                    "source": 2,
                    "value": "80"
                  },
                  {
                    "begin": 2144,
                    "end": 2156,
                    "name": "JUMP",
                    "source": 2
                  },
                  {
                    "begin": 2144,
                    "end": 2156,
                    "name": "tag",
                    "source": 2,
                    "value": "81"
                  },
                  {
                    "begin": 2144,
                    "end": 2156,
                    "name": "JUMPDEST",
                    "source": 2
                  },
                  {
                    "begin": 2144,
                    "end": 2156,
                    "name": "DUP3",
                    "source": 2
                  },
                  {
                    "begin": 2144,
                    "end": 2156,
                    "name": "ADD",
                    "source": 2
                  },
                  {
                    "begin": 2144,
                    "end": 2156,
                    "name": "SWAP2",
                    "source": 2
                  },
                  {
                    "begin": 2144,
                    "end": 2156,
                    "name": "SWAP1",
                    "source": 2
                  },
                  {
                    "begin": 2144,
                    "end": 2156,
                    "name": "PUSH",
                    "source": 2,
                    "value": "0"
                  },
                  {
                    "begin": 2144,
                    "end": 2156,
                    "name": "MSTORE",
                    "source": 2
                  },
                  {
                    "begin": 2144,
                    "end": 2156,
                    "name": "PUSH",
                    "source": 2,
                    "value": "20"
                  },
                  {
                    "begin": 2144,
                    "end": 2156,
                    "name": "PUSH",
                    "source": 2,
                    "value": "0"
                  },
                  {
                    "begin": 2144,
                    "end": 2156,
                    "name": "KECCAK256",
                    "source": 2
                  },
                  {
                    "begin": 2144,
                    "end": 2156,
                    "name": "SWAP1",
                    "source": 2
                  },
                  {
                    "begin": 2144,
                    "end": 2156,
                    "name": "tag",
                    "source": 2,
                    "value": "82"
                  },
                  {
                    "begin": 2144,
                    "end": 2156,
                    "name": "JUMPDEST",
                    "source": 2
                  },
                  {
                    "begin": 2144,
                    "end": 2156,
                    "name": "DUP2",
                    "source": 2
                  },
                  {
                    "begin": 2144,
                    "end": 2156,
                    "name": "SLOAD",
                    "source": 2
                  },
                  {
                    "begin": 2144,
                    "end": 2156,
                    "name": "DUP2",
                    "source": 2
                  },
                  {
                    "begin": 2144,
                    "end": 2156,
                    "name": "MSTORE",
                    "source": 2
                  },
                  {
                    "begin": 2144,
                    "end": 2156,
                    "name": "SWAP1",
                    "source": 2
                  },
                  {
                    "begin": 2144,
                    "end": 2156,
                    "name": "PUSH",
                    "source": 2,
                    "value": "1"
                  },
                  {
                    "begin": 2144,
                    "end": 2156,
                    "name": "ADD",
                    "source": 2
                  },
                  {
                    "begin": 2144,
                    "end": 2156,
                    "name": "SWAP1",
                    "source": 2
                  },
                  {
                    "begin": 2144,
                    "end": 2156,
                    "name": "PUSH",
                    "source": 2,
                    "value": "20"
                  },
                  {
                    "begin": 2144,
                    "end": 2156,
                    "name": "ADD",
                    "source": 2
                  },
                  {
                    "begin": 2144,
                    "end": 2156,
                    "name": "DUP1",
                    "source": 2
                  },
                  {
                    "begin": 2144,
                    "end": 2156,
                    "name": "DUP4",
                    "source": 2
                  },
                  {
                    "begin": 2144,
                    "end": 2156,
                    "name": "GT",
                    "source": 2
                  },
                  {
                    "begin": 2144,
                    "end": 2156,
                    "name": "PUSH [tag]",
                    "source": 2,
                    "value": "82"
                  },
                  {
                    "begin": 2144,
                    "end": 2156,
                    "name": "JUMPI",
                    "source": 2
                  },
                  {
                    "begin": 2144,
                    "end": 2156,
                    "name": "DUP3",
                    "source": 2
                  },
                  {
                    "begin": 2144,
                    "end": 2156,
                    "name": "SWAP1",
                    "source": 2
                  },
                  {
                    "begin": 2144,
                    "end": 2156,
                    "name": "SUB",
                    "source": 2
                  },
                  {
                    "begin": 2144,
                    "end": 2156,
                    "name": "PUSH",
                    "source": 2,
                    "value": "1F"
                  },
                  {
                    "begin": 2144,
                    "end": 2156,
                    "name": "AND",
                    "source": 2
                  },
                  {
                    "begin": 2144,
                    "end": 2156,
                    "name": "DUP3",
                    "source": 2
                  },
                  {
                    "begin": 2144,
                    "end": 2156,
                    "name": "ADD",
                    "source": 2
                  },
                  {
                    "begin": 2144,
                    "end": 2156,
                    "name": "SWAP2",
                    "source": 2
                  },
                  {
                    "begin": 2144,
                    "end": 2156,
                    "name": "tag",
                    "source": 2,
                    "value": "80"
                  },
                  {
                    "begin": 2144,
                    "end": 2156,
                    "name": "JUMPDEST",
                    "source": 2
                  },
                  {
                    "begin": 2144,
                    "end": 2156,
                    "name": "POP",
                    "source": 2
                  },
                  {
                    "begin": 2144,
                    "end": 2156,
                    "name": "POP",
                    "source": 2
                  },
                  {
                    "begin": 2144,
                    "end": 2156,
                    "name": "POP",
                    "source": 2
                  },
                  {
                    "begin": 2144,
                    "end": 2156,
                    "name": "POP",
                    "source": 2
                  },
                  {
                    "begin": 2144,
                    "end": 2156,
                    "name": "POP",
                    "source": 2
                  },
                  {
                    "begin": 2144,
                    "end": 2156,
                    "name": "SWAP1",
                    "source": 2
                  },
                  {
                    "begin": 2144,
                    "end": 2156,
                    "name": "POP",
                    "source": 2
                  },
                  {
                    "begin": 2074,
                    "end": 2163,
                    "name": "SWAP1",
                    "source": 2
                  },
                  {
                    "begin": 2074,
                    "end": 2163,
                    "jumpType": "[out]",
                    "name": "JUMP",
                    "source": 2
                  },
                  {
                    "begin": 4293,
                    "end": 4479,
                    "name": "tag",
                    "source": 2,
                    "value": "27"
                  },
                  {
                    "begin": 4293,
                    "end": 4479,
                    "name": "JUMPDEST",
                    "source": 2
                  },
                  {
                    "begin": 4366,
                    "end": 4370,
                    "name": "PUSH",
                    "source": 2,
                    "value": "0"
                  },
                  {
                    "begin": 4382,
                    "end": 4395,
                    "name": "PUSH",
                    "source": 2,
                    "value": "0"
                  },
                  {
                    "begin": 4398,
                    "end": 4410,
                    "name": "PUSH [tag]",
                    "source": 2,
                    "value": "84"
                  },
                  {
                    "begin": 4398,
                    "end": 4408,
                    "name": "PUSH [tag]",
                    "source": 2,
                    "value": "85"
                  },
                  {
                    "begin": 4398,
                    "end": 4410,
                    "jumpType": "[in]",
                    "name": "JUMP",
                    "source": 2
                  },
                  {
                    "begin": 4398,
                    "end": 4410,
                    "name": "tag",
                    "source": 2,
                    "value": "84"
                  },
                  {
                    "begin": 4398,
                    "end": 4410,
                    "name": "JUMPDEST",
                    "source": 2
                  },
                  {
                    "begin": 4382,
                    "end": 4410,
                    "name": "SWAP1",
                    "source": 2
                  },
                  {
                    "begin": 4382,
                    "end": 4410,
                    "name": "POP",
                    "source": 2
                  },
                  {
                    "begin": 4420,
                    "end": 4451,
                    "name": "PUSH [tag]",
                    "source": 2,
                    "value": "86"
                  },
                  {
                    "begin": 4429,
                    "end": 4434,
                    "name": "DUP2",
                    "source": 2
                  },
                  {
                    "begin": 4436,
                    "end": 4443,
                    "name": "DUP6",
                    "source": 2
                  },
                  {
                    "begin": 4445,
                    "end": 4450,
                    "name": "DUP6",
                    "source": 2
                  },
                  {
                    "begin": 4420,
                    "end": 4428,
                    "name": "PUSH [tag]",
                    "source": 2,
                    "value": "87"
                  },
                  {
                    "begin": 4420,
                    "end": 4451,
                    "jumpType": "[in]",
                    "name": "JUMP",
                    "source": 2
                  },
                  {
                    "begin": 4420,
                    "end": 4451,
                    "name": "tag",
                    "source": 2,
                    "value": "86"
                  },
                  {
                    "begin": 4420,
                    "end": 4451,
                    "name": "JUMPDEST",
                    "source": 2
                  },
                  {
                    "begin": 4468,
                    "end": 4472,
                    "name": "PUSH",
                    "source": 2,
                    "value": "1"
                  },
                  {
                    "begin": 4461,
                    "end": 4472,
                    "name": "SWAP2",
                    "source": 2
                  },
                  {
                    "begin": 4461,
                    "end": 4472,
                    "name": "POP",
                    "source": 2
                  },
                  {
                    "begin": 4461,
                    "end": 4472,
                    "name": "POP",
                    "source": 2
                  },
                  {
                    "begin": 4293,
                    "end": 4479,
                    "name": "SWAP3",
                    "source": 2
                  },
                  {
                    "begin": 4293,
                    "end": 4479,
                    "name": "SWAP2",
                    "source": 2
                  },
                  {
                    "begin": 4293,
                    "end": 4479,
                    "name": "POP",
                    "source": 2
                  },
                  {
                    "begin": 4293,
                    "end": 4479,
                    "name": "POP",
                    "source": 2
                  },
                  {
                    "begin": 4293,
                    "end": 4479,
                    "jumpType": "[out]",
                    "name": "JUMP",
                    "source": 2
                  },
                  {
                    "begin": 3144,
                    "end": 3241,
                    "name": "tag",
                    "source": 2,
                    "value": "31"
                  },
                  {
                    "begin": 3144,
                    "end": 3241,
                    "name": "JUMPDEST",
                    "source": 2
                  },
                  {
                    "begin": 3196,
                    "end": 3203,
                    "name": "PUSH",
                    "source": 2,
                    "value": "0"
                  },
                  {
                    "begin": 3222,
                    "end": 3234,
                    "name": "PUSH",
                    "source": 2,
                    "value": "2"
                  },
                  {
                    "begin": 3222,
                    "end": 3234,
                    "name": "SLOAD",
                    "source": 2
                  },
                  {
                    "begin": 3215,
                    "end": 3234,
                    "name": "SWAP1",
                    "source": 2
                  },
                  {
                    "begin": 3215,
                    "end": 3234,
                    "name": "POP",
                    "source": 2
                  },
                  {
                    "begin": 3144,
                    "end": 3241,
                    "name": "SWAP1",
                    "source": 2
                  },
                  {
                    "begin": 3144,
                    "end": 3241,
                    "jumpType": "[out]",
                    "name": "JUMP",
                    "source": 2
                  },
                  {
                    "begin": 5039,
                    "end": 5283,
                    "name": "tag",
                    "source": 2,
                    "value": "37"
                  },
                  {
                    "begin": 5039,
                    "end": 5283,
                    "name": "JUMPDEST",
                    "source": 2
                  },
                  {
                    "begin": 5126,
                    "end": 5130,
                    "name": "PUSH",
                    "source": 2,
                    "value": "0"
                  },
                  {
                    "begin": 5142,
                    "end": 5157,
                    "name": "PUSH",
                    "source": 2,
                    "value": "0"
                  },
                  {
                    "begin": 5160,
                    "end": 5172,
                    "name": "PUSH [tag]",
                    "source": 2,
                    "value": "90"
                  },
                  {
                    "begin": 5160,
                    "end": 5170,
                    "name": "PUSH [tag]",
                    "source": 2,
                    "value": "85"
                  },
                  {
                    "begin": 5160,
                    "end": 5172,
                    "jumpType": "[in]",
                    "name": "JUMP",
                    "source": 2
                  },
                  {
                    "begin": 5160,
                    "end": 5172,
                    "name": "tag",
                    "source": 2,
                    "value": "90"
                  },
                  {
                    "begin": 5160,
                    "end": 5172,
                    "name": "JUMPDEST",
                    "source": 2
                  },
                  {
                    "begin": 5142,
                    "end": 5172,
                    "name": "SWAP1",
                    "source": 2
                  },
                  {
                    "begin": 5142,
                    "end": 5172,
                    "name": "POP",
                    "source": 2
                  },
                  {
                    "begin": 5182,
                    "end": 5219,
                    "name": "PUSH [tag]",
                    "source": 2,
                    "value": "91"
                  },
                  {
                    "begin": 5198,
                    "end": 5202,
                    "name": "DUP6",
                    "source": 2
                  },
                  {
                    "begin": 5204,
                    "end": 5211,
                    "name": "DUP3",
                    "source": 2
                  },
                  {
                    "begin": 5213,
                    "end": 5218,
                    "name": "DUP6",
                    "source": 2
                  },
                  {
                    "begin": 5182,
                    "end": 5197,
                    "name": "PUSH [tag]",
                    "source": 2,
                    "value": "92"
                  },
                  {
                    "begin": 5182,
                    "end": 5219,
                    "jumpType": "[in]",
                    "name": "JUMP",
                    "source": 2
                  },
                  {
                    "begin": 5182,
                    "end": 5219,
                    "name": "tag",
                    "source": 2,
                    "value": "91"
                  },
                  {
                    "begin": 5182,
                    "end": 5219,
                    "name": "JUMPDEST",
                    "source": 2
                  },
                  {
                    "begin": 5229,
                    "end": 5255,
                    "name": "PUSH [tag]",
                    "source": 2,
                    "value": "93"
                  },
                  {
                    "begin": 5239,
                    "end": 5243,
                    "name": "DUP6",
                    "source": 2
                  },
                  {
                    "begin": 5245,
                    "end": 5247,
                    "name": "DUP6",
                    "source": 2
                  },
                  {
                    "begin": 5249,
                    "end": 5254,
                    "name": "DUP6",
                    "source": 2
                  },
                  {
                    "begin": 5229,
                    "end": 5238,
                    "name": "PUSH [tag]",
                    "source": 2,
                    "value": "94"
                  },
                  {
                    "begin": 5229,
                    "end": 5255,
                    "jumpType": "[in]",
                    "name": "JUMP",
                    "source": 2
                  },
                  {
                    "begin": 5229,
                    "end": 5255,
                    "name": "tag",
                    "source": 2,
                    "value": "93"
                  },
                  {
                    "begin": 5229,
                    "end": 5255,
                    "name": "JUMPDEST",
                    "source": 2
                  },
                  {
                    "begin": 5272,
                    "end": 5276,
                    "name": "PUSH",
                    "source": 2,
                    "value": "1"
                  },
                  {
                    "begin": 5265,
                    "end": 5276,
                    "name": "SWAP2",
                    "source": 2
                  },
                  {
                    "begin": 5265,
                    "end": 5276,
                    "name": "POP",
                    "source": 2
                  },
                  {
                    "begin": 5265,
                    "end": 5276,
                    "name": "POP",
                    "source": 2
                  },
                  {
                    "begin": 5039,
                    "end": 5283,
                    "name": "SWAP4",
                    "source": 2
                  },
                  {
                    "begin": 5039,
                    "end": 5283,
                    "name": "SWAP3",
                    "source": 2
                  },
                  {
                    "begin": 5039,
                    "end": 5283,
                    "name": "POP",
                    "source": 2
                  },
                  {
                    "begin": 5039,
                    "end": 5283,
                    "name": "POP",
                    "source": 2
                  },
                  {
                    "begin": 5039,
                    "end": 5283,
                    "name": "POP",
                    "source": 2
                  },
                  {
                    "begin": 5039,
                    "end": 5283,
                    "jumpType": "[out]",
                    "name": "JUMP",
                    "source": 2
                  },
                  {
                    "begin": 3002,
                    "end": 3084,
                    "name": "tag",
                    "source": 2,
                    "value": "40"
                  },
                  {
                    "begin": 3002,
                    "end": 3084,
                    "name": "JUMPDEST",
                    "source": 2
                  },
                  {
                    "begin": 3051,
                    "end": 3056,
                    "name": "PUSH",
                    "source": 2,
                    "value": "0"
                  },
                  {
                    "begin": 3075,
                    "end": 3077,
                    "name": "PUSH",
                    "source": 2,
                    "value": "12"
                  },
                  {
                    "begin": 3068,
                    "end": 3077,
                    "name": "SWAP1",
                    "source": 2
                  },
                  {
                    "begin": 3068,
                    "end": 3077,
                    "name": "POP",
                    "source": 2
                  },
                  {
                    "begin": 3002,
                    "end": 3084,
                    "name": "SWAP1",
                    "source": 2
                  },
                  {
                    "begin": 3002,
                    "end": 3084,
                    "jumpType": "[out]",
                    "name": "JUMP",
                    "source": 2
                  },
                  {
                    "begin": 347,
                    "end": 440,
                    "name": "tag",
                    "source": 6,
                    "value": "45"
                  },
                  {
                    "begin": 347,
                    "end": 440,
                    "name": "JUMPDEST",
                    "source": 6
                  },
                  {
                    "begin": 1531,
                    "end": 1544,
                    "name": "PUSH [tag]",
                    "source": 0,
                    "value": "97"
                  },
                  {
                    "begin": 1531,
                    "end": 1542,
                    "name": "PUSH [tag]",
                    "source": 0,
                    "value": "98"
                  },
                  {
                    "begin": 1531,
                    "end": 1544,
                    "jumpType": "[in]",
                    "name": "JUMP",
                    "source": 0
                  },
                  {
                    "begin": 1531,
                    "end": 1544,
                    "name": "tag",
                    "source": 0,
                    "value": "97"
                  },
                  {
                    "begin": 1531,
                    "end": 1544,
                    "name": "JUMPDEST",
                    "source": 0
                  },
                  {
                    "begin": 416,
                    "end": 433,
                    "modifierDepth": 1,
                    "name": "PUSH [tag]",
                    "source": 6,
                    "value": "100"
                  },
                  {
                    "begin": 422,
                    "end": 424,
                    "modifierDepth": 1,
                    "name": "DUP3",
                    "source": 6
                  },
                  {
                    "begin": 426,
                    "end": 432,
                    "modifierDepth": 1,
                    "name": "DUP3",
                    "source": 6
                  },
                  {
                    "begin": 416,
                    "end": 421,
                    "modifierDepth": 1,
                    "name": "PUSH [tag]",
                    "source": 6,
                    "value": "101"
                  },
                  {
                    "begin": 416,
                    "end": 433,
                    "jumpType": "[in]",
                    "modifierDepth": 1,
                    "name": "JUMP",
                    "source": 6
                  },
                  {
                    "begin": 416,
                    "end": 433,
                    "modifierDepth": 1,
                    "name": "tag",
                    "source": 6,
                    "value": "100"
                  },
                  {
                    "begin": 416,
                    "end": 433,
                    "modifierDepth": 1,
                    "name": "JUMPDEST",
                    "source": 6
                  },
                  {
                    "begin": 347,
                    "end": 440,
                    "name": "POP",
                    "source": 6
                  },
                  {
                    "begin": 347,
                    "end": 440,
                    "name": "POP",
                    "source": 6
                  },
                  {
                    "begin": 347,
                    "end": 440,
                    "jumpType": "[out]",
                    "name": "JUMP",
                    "source": 6
                  },
                  {
                    "begin": 446,
                    "end": 525,
                    "name": "tag",
                    "source": 6,
                    "value": "49"
                  },
                  {
                    "begin": 446,
                    "end": 525,
                    "name": "JUMPDEST",
                    "source": 6
                  },
                  {
                    "begin": 493,
                    "end": 518,
                    "name": "PUSH [tag]",
                    "source": 6,
                    "value": "103"
                  },
                  {
                    "begin": 499,
                    "end": 509,
                    "name": "CALLER",
                    "source": 6
                  },
                  {
                    "begin": 511,
                    "end": 517,
                    "name": "DUP3",
                    "source": 6
                  },
                  {
                    "begin": 493,
                    "end": 498,
                    "name": "PUSH [tag]",
                    "source": 6,
                    "value": "104"
                  },
                  {
                    "begin": 493,
                    "end": 518,
                    "jumpType": "[in]",
                    "name": "JUMP",
                    "source": 6
                  },
                  {
                    "begin": 493,
                    "end": 518,
                    "name": "tag",
                    "source": 6,
                    "value": "103"
                  },
                  {
                    "begin": 493,
                    "end": 518,
                    "name": "JUMPDEST",
                    "source": 6
                  },
                  {
                    "begin": 446,
                    "end": 525,
                    "name": "POP",
                    "source": 6
                  },
                  {
                    "begin": 446,
                    "end": 525,
                    "jumpType": "[out]",
                    "name": "JUMP",
                    "source": 6
                  },
                  {
                    "begin": 3299,
                    "end": 3415,
                    "name": "tag",
                    "source": 2,
                    "value": "53"
                  },
                  {
                    "begin": 3299,
                    "end": 3415,
                    "name": "JUMPDEST",
                    "source": 2
                  },
                  {
                    "begin": 3364,
                    "end": 3371,
                    "name": "PUSH",
                    "source": 2,
                    "value": "0"
                  },
                  {
                    "begin": 3390,
                    "end": 3399,
                    "name": "PUSH",
                    "source": 2,
                    "value": "0"
                  },
                  {
                    "begin": 3390,
                    "end": 3408,
                    "name": "PUSH",
                    "source": 2,
                    "value": "0"
                  },
                  {
                    "begin": 3400,
                    "end": 3407,
                    "name": "DUP4",
                    "source": 2
                  },
                  {
                    "begin": 3390,
                    "end": 3408,
                    "name": "PUSH",
                    "source": 2,
                    "value": "FFFFFFFFFFFFFFFFFFFFFFFFFFFFFFFFFFFFFFFF"
                  },
                  {
                    "begin": 3390,
                    "end": 3408,
                    "name": "AND",
                    "source": 2
                  },
                  {
                    "begin": 3390,
                    "end": 3408,
                    "name": "PUSH",
                    "source": 2,
                    "value": "FFFFFFFFFFFFFFFFFFFFFFFFFFFFFFFFFFFFFFFF"
                  },
                  {
                    "begin": 3390,
                    "end": 3408,
                    "name": "AND",
                    "source": 2
                  },
                  {
                    "begin": 3390,
                    "end": 3408,
                    "name": "DUP2",
                    "source": 2
                  },
                  {
                    "begin": 3390,
                    "end": 3408,
                    "name": "MSTORE",
                    "source": 2
                  },
                  {
                    "begin": 3390,
                    "end": 3408,
                    "name": "PUSH",
                    "source": 2,
                    "value": "20"
                  },
                  {
                    "begin": 3390,
                    "end": 3408,
                    "name": "ADD",
                    "source": 2
                  },
                  {
                    "begin": 3390,
                    "end": 3408,
                    "name": "SWAP1",
                    "source": 2
                  },
                  {
                    "begin": 3390,
                    "end": 3408,
                    "name": "DUP2",
                    "source": 2
                  },
                  {
                    "begin": 3390,
                    "end": 3408,
                    "name": "MSTORE",
                    "source": 2
                  },
                  {
                    "begin": 3390,
                    "end": 3408,
                    "name": "PUSH",
                    "source": 2,
                    "value": "20"
                  },
                  {
                    "begin": 3390,
                    "end": 3408,
                    "name": "ADD",
                    "source": 2
                  },
                  {
                    "begin": 3390,
                    "end": 3408,
                    "name": "PUSH",
                    "source": 2,
                    "value": "0"
                  },
                  {
                    "begin": 3390,
                    "end": 3408,
                    "name": "KECCAK256",
                    "source": 2
                  },
                  {
                    "begin": 3390,
                    "end": 3408,
                    "name": "SLOAD",
                    "source": 2
                  },
                  {
                    "begin": 3383,
                    "end": 3408,
                    "name": "SWAP1",
                    "source": 2
                  },
                  {
                    "begin": 3383,
                    "end": 3408,
                    "name": "POP",
                    "source": 2
                  },
                  {
                    "begin": 3299,
                    "end": 3415,
                    "name": "SWAP2",
                    "source": 2
                  },
                  {
                    "begin": 3299,
                    "end": 3415,
                    "name": "SWAP1",
                    "source": 2
                  },
                  {
                    "begin": 3299,
                    "end": 3415,
                    "name": "POP",
                    "source": 2
                  },
                  {
                    "begin": 3299,
                    "end": 3415,
                    "jumpType": "[out]",
                    "name": "JUMP",
                    "source": 2
                  },
                  {
                    "begin": 2293,
                    "end": 2394,
                    "name": "tag",
                    "source": 0,
                    "value": "56"
                  },
                  {
                    "begin": 2293,
                    "end": 2394,
                    "name": "JUMPDEST",
                    "source": 0
                  },
                  {
                    "begin": 1531,
                    "end": 1544,
                    "name": "PUSH [tag]",
                    "source": 0,
                    "value": "107"
                  },
                  {
                    "begin": 1531,
                    "end": 1542,
                    "name": "PUSH [tag]",
                    "source": 0,
                    "value": "98"
                  },
                  {
                    "begin": 1531,
                    "end": 1544,
                    "jumpType": "[in]",
                    "name": "JUMP",
                    "source": 0
                  },
                  {
                    "begin": 1531,
                    "end": 1544,
                    "name": "tag",
                    "source": 0,
                    "value": "107"
                  },
                  {
                    "begin": 1531,
                    "end": 1544,
                    "name": "JUMPDEST",
                    "source": 0
                  },
                  {
                    "begin": 2357,
                    "end": 2387,
                    "modifierDepth": 1,
                    "name": "PUSH [tag]",
                    "source": 0,
                    "value": "109"
                  },
                  {
                    "begin": 2384,
                    "end": 2385,
                    "modifierDepth": 1,
                    "name": "PUSH",
                    "source": 0,
                    "value": "0"
                  },
                  {
                    "begin": 2357,
                    "end": 2375,
                    "modifierDepth": 1,
                    "name": "PUSH [tag]",
                    "source": 0,
                    "value": "110"
                  },
                  {
                    "begin": 2357,
                    "end": 2387,
                    "jumpType": "[in]",
                    "modifierDepth": 1,
                    "name": "JUMP",
                    "source": 0
                  },
                  {
                    "begin": 2357,
                    "end": 2387,
                    "modifierDepth": 1,
                    "name": "tag",
                    "source": 0,
                    "value": "109"
                  },
                  {
                    "begin": 2357,
                    "end": 2387,
                    "modifierDepth": 1,
                    "name": "JUMPDEST",
                    "source": 0
                  },
                  {
                    "begin": 2293,
                    "end": 2394,
                    "jumpType": "[out]",
                    "name": "JUMP",
                    "source": 0
                  },
                  {
                    "begin": 1638,
                    "end": 1723,
                    "name": "tag",
                    "source": 0,
                    "value": "58"
                  },
                  {
                    "begin": 1638,
                    "end": 1723,
                    "name": "JUMPDEST",
                    "source": 0
                  },
                  {
                    "begin": 1684,
                    "end": 1691,
                    "name": "PUSH",
                    "source": 0,
                    "value": "0"
                  },
                  {
                    "begin": 1710,
                    "end": 1716,
                    "name": "PUSH",
                    "source": 0,
                    "value": "5"
                  },
                  {
                    "begin": 1710,
                    "end": 1716,
                    "name": "PUSH",
                    "source": 0,
                    "value": "0"
                  },
                  {
                    "begin": 1710,
                    "end": 1716,
                    "name": "SWAP1",
                    "source": 0
                  },
                  {
                    "begin": 1710,
                    "end": 1716,
                    "name": "SLOAD",
                    "source": 0
                  },
                  {
                    "begin": 1710,
                    "end": 1716,
                    "name": "SWAP1",
                    "source": 0
                  },
                  {
                    "begin": 1710,
                    "end": 1716,
                    "name": "PUSH",
                    "source": 0,
                    "value": "100"
                  },
                  {
                    "begin": 1710,
                    "end": 1716,
                    "name": "EXP",
                    "source": 0
                  },
                  {
                    "begin": 1710,
                    "end": 1716,
                    "name": "SWAP1",
                    "source": 0
                  },
                  {
                    "begin": 1710,
                    "end": 1716,
                    "name": "DIV",
                    "source": 0
                  },
                  {
                    "begin": 1710,
                    "end": 1716,
                    "name": "PUSH",
                    "source": 0,
                    "value": "FFFFFFFFFFFFFFFFFFFFFFFFFFFFFFFFFFFFFFFF"
                  },
                  {
                    "begin": 1710,
                    "end": 1716,
                    "name": "AND",
                    "source": 0
                  },
                  {
                    "begin": 1703,
                    "end": 1716,
                    "name": "SWAP1",
                    "source": 0
                  },
                  {
                    "begin": 1703,
                    "end": 1716,
                    "name": "POP",
                    "source": 0
                  },
                  {
                    "begin": 1638,
                    "end": 1723,
                    "name": "SWAP1",
                    "source": 0
                  },
                  {
                    "begin": 1638,
                    "end": 1723,
                    "jumpType": "[out]",
                    "name": "JUMP",
                    "source": 0
                  },
                  {
                    "begin": 2276,
                    "end": 2369,
                    "name": "tag",
                    "source": 2,
                    "value": "62"
                  },
                  {
                    "begin": 2276,
                    "end": 2369,
                    "name": "JUMPDEST",
                    "source": 2
                  },
                  {
                    "begin": 2323,
                    "end": 2336,
                    "name": "PUSH",
                    "source": 2,
                    "value": "60"
                  },
                  {
                    "begin": 2355,
                    "end": 2362,
                    "name": "PUSH",
                    "source": 2,
                    "value": "4"
                  },
                  {
                    "begin": 2348,
                    "end": 2362,
                    "name": "DUP1",
                    "source": 2
                  },
                  {
                    "begin": 2348,
                    "end": 2362,
                    "name": "SLOAD",
                    "source": 2
                  },
                  {
                    "begin": 2348,
                    "end": 2362,
                    "name": "PUSH [tag]",
                    "source": 2,
                    "value": "113"
                  },
                  {
                    "begin": 2348,
                    "end": 2362,
                    "name": "SWAP1",
                    "source": 2
                  },
                  {
                    "begin": 2348,
                    "end": 2362,
                    "name": "PUSH [tag]",
                    "source": 2,
                    "value": "78"
                  },
                  {
                    "begin": 2348,
                    "end": 2362,
                    "jumpType": "[in]",
                    "name": "JUMP",
                    "source": 2
                  },
                  {
                    "begin": 2348,
                    "end": 2362,
                    "name": "tag",
                    "source": 2,
                    "value": "113"
                  },
                  {
                    "begin": 2348,
                    "end": 2362,
                    "name": "JUMPDEST",
                    "source": 2
                  },
                  {
                    "begin": 2348,
                    "end": 2362,
                    "name": "DUP1",
                    "source": 2
                  },
                  {
                    "begin": 2348,
                    "end": 2362,
                    "name": "PUSH",
                    "source": 2,
                    "value": "1F"
                  },
                  {
                    "begin": 2348,
                    "end": 2362,
                    "name": "ADD",
                    "source": 2
                  },
                  {
                    "begin": 2348,
                    "end": 2362,
                    "name": "PUSH",
                    "source": 2,
                    "value": "20"
                  },
                  {
                    "begin": 2348,
                    "end": 2362,
                    "name": "DUP1",
                    "source": 2
                  },
                  {
                    "begin": 2348,
                    "end": 2362,
                    "name": "SWAP2",
                    "source": 2
                  },
                  {
                    "begin": 2348,
                    "end": 2362,
                    "name": "DIV",
                    "source": 2
                  },
                  {
                    "begin": 2348,
                    "end": 2362,
                    "name": "MUL",
                    "source": 2
                  },
                  {
                    "begin": 2348,
                    "end": 2362,
                    "name": "PUSH",
                    "source": 2,
                    "value": "20"
                  },
                  {
                    "begin": 2348,
                    "end": 2362,
                    "name": "ADD",
                    "source": 2
                  },
                  {
                    "begin": 2348,
                    "end": 2362,
                    "name": "PUSH",
                    "source": 2,
                    "value": "40"
                  },
                  {
                    "begin": 2348,
                    "end": 2362,
                    "name": "MLOAD",
                    "source": 2
                  },
                  {
                    "begin": 2348,
                    "end": 2362,
                    "name": "SWAP1",
                    "source": 2
                  },
                  {
                    "begin": 2348,
                    "end": 2362,
                    "name": "DUP2",
                    "source": 2
                  },
                  {
                    "begin": 2348,
                    "end": 2362,
                    "name": "ADD",
                    "source": 2
                  },
                  {
                    "begin": 2348,
                    "end": 2362,
                    "name": "PUSH",
                    "source": 2,
                    "value": "40"
                  },
                  {
                    "begin": 2348,
                    "end": 2362,
                    "name": "MSTORE",
                    "source": 2
                  },
                  {
                    "begin": 2348,
                    "end": 2362,
                    "name": "DUP1",
                    "source": 2
                  },
                  {
                    "begin": 2348,
                    "end": 2362,
                    "name": "SWAP3",
                    "source": 2
                  },
                  {
                    "begin": 2348,
                    "end": 2362,
                    "name": "SWAP2",
                    "source": 2
                  },
                  {
                    "begin": 2348,
                    "end": 2362,
                    "name": "SWAP1",
                    "source": 2
                  },
                  {
                    "begin": 2348,
                    "end": 2362,
                    "name": "DUP2",
                    "source": 2
                  },
                  {
                    "begin": 2348,
                    "end": 2362,
                    "name": "DUP2",
                    "source": 2
                  },
                  {
                    "begin": 2348,
                    "end": 2362,
                    "name": "MSTORE",
                    "source": 2
                  },
                  {
                    "begin": 2348,
                    "end": 2362,
                    "name": "PUSH",
                    "source": 2,
                    "value": "20"
                  },
                  {
                    "begin": 2348,
                    "end": 2362,
                    "name": "ADD",
                    "source": 2
                  },
                  {
                    "begin": 2348,
                    "end": 2362,
                    "name": "DUP3",
                    "source": 2
                  },
                  {
                    "begin": 2348,
                    "end": 2362,
                    "name": "DUP1",
                    "source": 2
                  },
                  {
                    "begin": 2348,
                    "end": 2362,
                    "name": "SLOAD",
                    "source": 2
                  },
                  {
                    "begin": 2348,
                    "end": 2362,
                    "name": "PUSH [tag]",
                    "source": 2,
                    "value": "114"
                  },
                  {
                    "begin": 2348,
                    "end": 2362,
                    "name": "SWAP1",
                    "source": 2
                  },
                  {
                    "begin": 2348,
                    "end": 2362,
                    "name": "PUSH [tag]",
                    "source": 2,
                    "value": "78"
                  },
                  {
                    "begin": 2348,
                    "end": 2362,
                    "jumpType": "[in]",
                    "name": "JUMP",
                    "source": 2
                  },
                  {
                    "begin": 2348,
                    "end": 2362,
                    "name": "tag",
                    "source": 2,
                    "value": "114"
                  },
                  {
                    "begin": 2348,
                    "end": 2362,
                    "name": "JUMPDEST",
                    "source": 2
                  },
                  {
                    "begin": 2348,
                    "end": 2362,
                    "name": "DUP1",
                    "source": 2
                  },
                  {
                    "begin": 2348,
                    "end": 2362,
                    "name": "ISZERO",
                    "source": 2
                  },
                  {
                    "begin": 2348,
                    "end": 2362,
                    "name": "PUSH [tag]",
                    "source": 2,
                    "value": "115"
                  },
                  {
                    "begin": 2348,
                    "end": 2362,
                    "name": "JUMPI",
                    "source": 2
                  },
                  {
                    "begin": 2348,
                    "end": 2362,
                    "name": "DUP1",
                    "source": 2
                  },
                  {
                    "begin": 2348,
                    "end": 2362,
                    "name": "PUSH",
                    "source": 2,
                    "value": "1F"
                  },
                  {
                    "begin": 2348,
                    "end": 2362,
                    "name": "LT",
                    "source": 2
                  },
                  {
                    "begin": 2348,
                    "end": 2362,
                    "name": "PUSH [tag]",
                    "source": 2,
                    "value": "116"
                  },
                  {
                    "begin": 2348,
                    "end": 2362,
                    "name": "JUMPI",
                    "source": 2
                  },
                  {
                    "begin": 2348,
                    "end": 2362,
                    "name": "PUSH",
                    "source": 2,
                    "value": "100"
                  },
                  {
                    "begin": 2348,
                    "end": 2362,
                    "name": "DUP1",
                    "source": 2
                  },
                  {
                    "begin": 2348,
                    "end": 2362,
                    "name": "DUP4",
                    "source": 2
                  },
                  {
                    "begin": 2348,
                    "end": 2362,
                    "name": "SLOAD",
                    "source": 2
                  },
                  {
                    "begin": 2348,
                    "end": 2362,
                    "name": "DIV",
                    "source": 2
                  },
                  {
                    "begin": 2348,
                    "end": 2362,
                    "name": "MUL",
                    "source": 2
                  },
                  {
                    "begin": 2348,
                    "end": 2362,
                    "name": "DUP4",
                    "source": 2
                  },
                  {
                    "begin": 2348,
                    "end": 2362,
                    "name": "MSTORE",
                    "source": 2
                  },
                  {
                    "begin": 2348,
                    "end": 2362,
                    "name": "SWAP2",
                    "source": 2
                  },
                  {
                    "begin": 2348,
                    "end": 2362,
                    "name": "PUSH",
                    "source": 2,
                    "value": "20"
                  },
                  {
                    "begin": 2348,
                    "end": 2362,
                    "name": "ADD",
                    "source": 2
                  },
                  {
                    "begin": 2348,
                    "end": 2362,
                    "name": "SWAP2",
                    "source": 2
                  },
                  {
                    "begin": 2348,
                    "end": 2362,
                    "name": "PUSH [tag]",
                    "source": 2,
                    "value": "115"
                  },
                  {
                    "begin": 2348,
                    "end": 2362,
                    "name": "JUMP",
                    "source": 2
                  },
                  {
                    "begin": 2348,
                    "end": 2362,
                    "name": "tag",
                    "source": 2,
                    "value": "116"
                  },
                  {
                    "begin": 2348,
                    "end": 2362,
                    "name": "JUMPDEST",
                    "source": 2
                  },
                  {
                    "begin": 2348,
                    "end": 2362,
                    "name": "DUP3",
                    "source": 2
                  },
                  {
                    "begin": 2348,
                    "end": 2362,
                    "name": "ADD",
                    "source": 2
                  },
                  {
                    "begin": 2348,
                    "end": 2362,
                    "name": "SWAP2",
                    "source": 2
                  },
                  {
                    "begin": 2348,
                    "end": 2362,
                    "name": "SWAP1",
                    "source": 2
                  },
                  {
                    "begin": 2348,
                    "end": 2362,
                    "name": "PUSH",
                    "source": 2,
                    "value": "0"
                  },
                  {
                    "begin": 2348,
                    "end": 2362,
                    "name": "MSTORE",
                    "source": 2
                  },
                  {
                    "begin": 2348,
                    "end": 2362,
                    "name": "PUSH",
                    "source": 2,
                    "value": "20"
                  },
                  {
                    "begin": 2348,
                    "end": 2362,
                    "name": "PUSH",
                    "source": 2,
                    "value": "0"
                  },
                  {
                    "begin": 2348,
                    "end": 2362,
                    "name": "KECCAK256",
                    "source": 2
                  },
                  {
                    "begin": 2348,
                    "end": 2362,
                    "name": "SWAP1",
                    "source": 2
                  },
                  {
                    "begin": 2348,
                    "end": 2362,
                    "name": "tag",
                    "source": 2,
                    "value": "117"
                  },
                  {
                    "begin": 2348,
                    "end": 2362,
                    "name": "JUMPDEST",
                    "source": 2
                  },
                  {
                    "begin": 2348,
                    "end": 2362,
                    "name": "DUP2",
                    "source": 2
                  },
                  {
                    "begin": 2348,
                    "end": 2362,
                    "name": "SLOAD",
                    "source": 2
                  },
                  {
                    "begin": 2348,
                    "end": 2362,
                    "name": "DUP2",
                    "source": 2
                  },
                  {
                    "begin": 2348,
                    "end": 2362,
                    "name": "MSTORE",
                    "source": 2
                  },
                  {
                    "begin": 2348,
                    "end": 2362,
                    "name": "SWAP1",
                    "source": 2
                  },
                  {
                    "begin": 2348,
                    "end": 2362,
                    "name": "PUSH",
                    "source": 2,
                    "value": "1"
                  },
                  {
                    "begin": 2348,
                    "end": 2362,
                    "name": "ADD",
                    "source": 2
                  },
                  {
                    "begin": 2348,
                    "end": 2362,
                    "name": "SWAP1",
                    "source": 2
                  },
                  {
                    "begin": 2348,
                    "end": 2362,
                    "name": "PUSH",
                    "source": 2,
                    "value": "20"
                  },
                  {
                    "begin": 2348,
                    "end": 2362,
                    "name": "ADD",
                    "source": 2
                  },
                  {
                    "begin": 2348,
                    "end": 2362,
                    "name": "DUP1",
                    "source": 2
                  },
                  {
                    "begin": 2348,
                    "end": 2362,
                    "name": "DUP4",
                    "source": 2
                  },
                  {
                    "begin": 2348,
                    "end": 2362,
                    "name": "GT",
                    "source": 2
                  },
                  {
                    "begin": 2348,
                    "end": 2362,
                    "name": "PUSH [tag]",
                    "source": 2,
                    "value": "117"
                  },
                  {
                    "begin": 2348,
                    "end": 2362,
                    "name": "JUMPI",
                    "source": 2
                  },
                  {
                    "begin": 2348,
                    "end": 2362,
                    "name": "DUP3",
                    "source": 2
                  },
                  {
                    "begin": 2348,
                    "end": 2362,
                    "name": "SWAP1",
                    "source": 2
                  },
                  {
                    "begin": 2348,
                    "end": 2362,
                    "name": "SUB",
                    "source": 2
                  },
                  {
                    "begin": 2348,
                    "end": 2362,
                    "name": "PUSH",
                    "source": 2,
                    "value": "1F"
                  },
                  {
                    "begin": 2348,
                    "end": 2362,
                    "name": "AND",
                    "source": 2
                  },
                  {
                    "begin": 2348,
                    "end": 2362,
                    "name": "DUP3",
                    "source": 2
                  },
                  {
                    "begin": 2348,
                    "end": 2362,
                    "name": "ADD",
                    "source": 2
                  },
                  {
                    "begin": 2348,
                    "end": 2362,
                    "name": "SWAP2",
                    "source": 2
                  },
                  {
                    "begin": 2348,
                    "end": 2362,
                    "name": "tag",
                    "source": 2,
                    "value": "115"
                  },
                  {
                    "begin": 2348,
                    "end": 2362,
                    "name": "JUMPDEST",
                    "source": 2
                  },
                  {
                    "begin": 2348,
                    "end": 2362,
                    "name": "POP",
                    "source": 2
                  },
                  {
                    "begin": 2348,
                    "end": 2362,
                    "name": "POP",
                    "source": 2
                  },
                  {
                    "begin": 2348,
                    "end": 2362,
                    "name": "POP",
                    "source": 2
                  },
                  {
                    "begin": 2348,
                    "end": 2362,
                    "name": "POP",
                    "source": 2
                  },
                  {
                    "begin": 2348,
                    "end": 2362,
                    "name": "POP",
                    "source": 2
                  },
                  {
                    "begin": 2348,
                    "end": 2362,
                    "name": "SWAP1",
                    "source": 2
                  },
                  {
                    "begin": 2348,
                    "end": 2362,
                    "name": "POP",
                    "source": 2
                  },
                  {
                    "begin": 2276,
                    "end": 2369,
                    "name": "SWAP1",
                    "source": 2
                  },
                  {
                    "begin": 2276,
                    "end": 2369,
                    "jumpType": "[out]",
                    "name": "JUMP",
                    "source": 2
                  },
                  {
                    "begin": 3610,
                    "end": 3788,
                    "name": "tag",
                    "source": 2,
                    "value": "66"
                  },
                  {
                    "begin": 3610,
                    "end": 3788,
                    "name": "JUMPDEST",
                    "source": 2
                  },
                  {
                    "begin": 3679,
                    "end": 3683,
                    "name": "PUSH",
                    "source": 2,
                    "value": "0"
                  },
                  {
                    "begin": 3695,
                    "end": 3708,
                    "name": "PUSH",
                    "source": 2,
                    "value": "0"
                  },
                  {
                    "begin": 3711,
                    "end": 3723,
                    "name": "PUSH [tag]",
                    "source": 2,
                    "value": "119"
                  },
                  {
                    "begin": 3711,
                    "end": 3721,
                    "name": "PUSH [tag]",
                    "source": 2,
                    "value": "85"
                  },
                  {
                    "begin": 3711,
                    "end": 3723,
                    "jumpType": "[in]",
                    "name": "JUMP",
                    "source": 2
                  },
                  {
                    "begin": 3711,
                    "end": 3723,
                    "name": "tag",
                    "source": 2,
                    "value": "119"
                  },
                  {
                    "begin": 3711,
                    "end": 3723,
                    "name": "JUMPDEST",
                    "source": 2
                  },
                  {
                    "begin": 3695,
                    "end": 3723,
                    "name": "SWAP1",
                    "source": 2
                  },
                  {
                    "begin": 3695,
                    "end": 3723,
                    "name": "POP",
                    "source": 2
                  },
                  {
                    "begin": 3733,
                    "end": 3760,
                    "name": "PUSH [tag]",
                    "source": 2,
                    "value": "120"
                  },
                  {
                    "begin": 3743,
                    "end": 3748,
                    "name": "DUP2",
                    "source": 2
                  },
                  {
                    "begin": 3750,
                    "end": 3752,
                    "name": "DUP6",
                    "source": 2
                  },
                  {
                    "begin": 3754,
                    "end": 3759,
                    "name": "DUP6",
                    "source": 2
                  },
                  {
                    "begin": 3733,
                    "end": 3742,
                    "name": "PUSH [tag]",
                    "source": 2,
                    "value": "94"
                  },
                  {
                    "begin": 3733,
                    "end": 3760,
                    "jumpType": "[in]",
                    "name": "JUMP",
                    "source": 2
                  },
                  {
                    "begin": 3733,
                    "end": 3760,
                    "name": "tag",
                    "source": 2,
                    "value": "120"
                  },
                  {
                    "begin": 3733,
                    "end": 3760,
                    "name": "JUMPDEST",
                    "source": 2
                  },
                  {
                    "begin": 3777,
                    "end": 3781,
                    "name": "PUSH",
                    "source": 2,
                    "value": "1"
                  },
                  {
                    "begin": 3770,
                    "end": 3781,
                    "name": "SWAP2",
                    "source": 2
                  },
                  {
                    "begin": 3770,
                    "end": 3781,
                    "name": "POP",
                    "source": 2
                  },
                  {
                    "begin": 3770,
                    "end": 3781,
                    "name": "POP",
                    "source": 2
                  },
                  {
                    "begin": 3610,
                    "end": 3788,
                    "name": "SWAP3",
                    "source": 2
                  },
                  {
                    "begin": 3610,
                    "end": 3788,
                    "name": "SWAP2",
                    "source": 2
                  },
                  {
                    "begin": 3610,
                    "end": 3788,
                    "name": "POP",
                    "source": 2
                  },
                  {
                    "begin": 3610,
                    "end": 3788,
                    "name": "POP",
                    "source": 2
                  },
                  {
                    "begin": 3610,
                    "end": 3788,
                    "jumpType": "[out]",
                    "name": "JUMP",
                    "source": 2
                  },
                  {
                    "begin": 3846,
                    "end": 3986,
                    "name": "tag",
                    "source": 2,
                    "value": "71"
                  },
                  {
                    "begin": 3846,
                    "end": 3986,
                    "name": "JUMPDEST",
                    "source": 2
                  },
                  {
                    "begin": 3926,
                    "end": 3933,
                    "name": "PUSH",
                    "source": 2,
                    "value": "0"
                  },
                  {
                    "begin": 3952,
                    "end": 3963,
                    "name": "PUSH",
                    "source": 2,
                    "value": "1"
                  },
                  {
                    "begin": 3952,
                    "end": 3970,
                    "name": "PUSH",
                    "source": 2,
                    "value": "0"
                  },
                  {
                    "begin": 3964,
                    "end": 3969,
                    "name": "DUP5",
                    "source": 2
                  },
                  {
                    "begin": 3952,
                    "end": 3970,
                    "name": "PUSH",
                    "source": 2,
                    "value": "FFFFFFFFFFFFFFFFFFFFFFFFFFFFFFFFFFFFFFFF"
                  },
                  {
                    "begin": 3952,
                    "end": 3970,
                    "name": "AND",
                    "source": 2
                  },
                  {
                    "begin": 3952,
                    "end": 3970,
                    "name": "PUSH",
                    "source": 2,
                    "value": "FFFFFFFFFFFFFFFFFFFFFFFFFFFFFFFFFFFFFFFF"
                  },
                  {
                    "begin": 3952,
                    "end": 3970,
                    "name": "AND",
                    "source": 2
                  },
                  {
                    "begin": 3952,
                    "end": 3970,
                    "name": "DUP2",
                    "source": 2
                  },
                  {
                    "begin": 3952,
                    "end": 3970,
                    "name": "MSTORE",
                    "source": 2
                  },
                  {
                    "begin": 3952,
                    "end": 3970,
                    "name": "PUSH",
                    "source": 2,
                    "value": "20"
                  },
                  {
                    "begin": 3952,
                    "end": 3970,
                    "name": "ADD",
                    "source": 2
                  },
                  {
                    "begin": 3952,
                    "end": 3970,
                    "name": "SWAP1",
                    "source": 2
                  },
                  {
                    "begin": 3952,
                    "end": 3970,
                    "name": "DUP2",
                    "source": 2
                  },
                  {
                    "begin": 3952,
                    "end": 3970,
                    "name": "MSTORE",
                    "source": 2
                  },
                  {
                    "begin": 3952,
                    "end": 3970,
                    "name": "PUSH",
                    "source": 2,
                    "value": "20"
                  },
                  {
                    "begin": 3952,
                    "end": 3970,
                    "name": "ADD",
                    "source": 2
                  },
                  {
                    "begin": 3952,
                    "end": 3970,
                    "name": "PUSH",
                    "source": 2,
                    "value": "0"
                  },
                  {
                    "begin": 3952,
                    "end": 3970,
                    "name": "KECCAK256",
                    "source": 2
                  },
                  {
                    "begin": 3952,
                    "end": 3979,
                    "name": "PUSH",
                    "source": 2,
                    "value": "0"
                  },
                  {
                    "begin": 3971,
                    "end": 3978,
                    "name": "DUP4",
                    "source": 2
                  },
                  {
                    "begin": 3952,
                    "end": 3979,
                    "name": "PUSH",
                    "source": 2,
                    "value": "FFFFFFFFFFFFFFFFFFFFFFFFFFFFFFFFFFFFFFFF"
                  },
                  {
                    "begin": 3952,
                    "end": 3979,
                    "name": "AND",
                    "source": 2
                  },
                  {
                    "begin": 3952,
                    "end": 3979,
                    "name": "PUSH",
                    "source": 2,
                    "value": "FFFFFFFFFFFFFFFFFFFFFFFFFFFFFFFFFFFFFFFF"
                  },
                  {
                    "begin": 3952,
                    "end": 3979,
                    "name": "AND",
                    "source": 2
                  },
                  {
                    "begin": 3952,
                    "end": 3979,
                    "name": "DUP2",
                    "source": 2
                  },
                  {
                    "begin": 3952,
                    "end": 3979,
                    "name": "MSTORE",
                    "source": 2
                  },
                  {
                    "begin": 3952,
                    "end": 3979,
                    "name": "PUSH",
                    "source": 2,
                    "value": "20"
                  },
                  {
                    "begin": 3952,
                    "end": 3979,
                    "name": "ADD",
                    "source": 2
                  },
                  {
                    "begin": 3952,
                    "end": 3979,
                    "name": "SWAP1",
                    "source": 2
                  },
                  {
                    "begin": 3952,
                    "end": 3979,
                    "name": "DUP2",
                    "source": 2
                  },
                  {
                    "begin": 3952,
                    "end": 3979,
                    "name": "MSTORE",
                    "source": 2
                  },
                  {
                    "begin": 3952,
                    "end": 3979,
                    "name": "PUSH",
                    "source": 2,
                    "value": "20"
                  },
                  {
                    "begin": 3952,
                    "end": 3979,
                    "name": "ADD",
                    "source": 2
                  },
                  {
                    "begin": 3952,
                    "end": 3979,
                    "name": "PUSH",
                    "source": 2,
                    "value": "0"
                  },
                  {
                    "begin": 3952,
                    "end": 3979,
                    "name": "KECCAK256",
                    "source": 2
                  },
                  {
                    "begin": 3952,
                    "end": 3979,
                    "name": "SLOAD",
                    "source": 2
                  },
                  {
                    "begin": 3945,
                    "end": 3979,
                    "name": "SWAP1",
                    "source": 2
                  },
                  {
                    "begin": 3945,
                    "end": 3979,
                    "name": "POP",
                    "source": 2
                  },
                  {
                    "begin": 3846,
                    "end": 3986,
                    "name": "SWAP3",
                    "source": 2
                  },
                  {
                    "begin": 3846,
                    "end": 3986,
                    "name": "SWAP2",
                    "source": 2
                  },
                  {
                    "begin": 3846,
                    "end": 3986,
                    "name": "POP",
                    "source": 2
                  },
                  {
                    "begin": 3846,
                    "end": 3986,
                    "name": "POP",
                    "source": 2
                  },
                  {
                    "begin": 3846,
                    "end": 3986,
                    "jumpType": "[out]",
                    "name": "JUMP",
                    "source": 2
                  },
                  {
                    "begin": 2543,
                    "end": 2758,
                    "name": "tag",
                    "source": 0,
                    "value": "75"
                  },
                  {
                    "begin": 2543,
                    "end": 2758,
                    "name": "JUMPDEST",
                    "source": 0
                  },
                  {
                    "begin": 1531,
                    "end": 1544,
                    "name": "PUSH [tag]",
                    "source": 0,
                    "value": "123"
                  },
                  {
                    "begin": 1531,
                    "end": 1542,
                    "name": "PUSH [tag]",
                    "source": 0,
                    "value": "98"
                  },
                  {
                    "begin": 1531,
                    "end": 1544,
                    "jumpType": "[in]",
                    "name": "JUMP",
                    "source": 0
                  },
                  {
                    "begin": 1531,
                    "end": 1544,
                    "name": "tag",
                    "source": 0,
                    "value": "123"
                  },
                  {
                    "begin": 1531,
                    "end": 1544,
                    "name": "JUMPDEST",
                    "source": 0
                  },
                  {
                    "begin": 2647,
                    "end": 2648,
                    "modifierDepth": 1,
                    "name": "PUSH",
                    "source": 0,
                    "value": "0"
                  },
                  {
                    "begin": 2627,
                    "end": 2649,
                    "modifierDepth": 1,
                    "name": "PUSH",
                    "source": 0,
                    "value": "FFFFFFFFFFFFFFFFFFFFFFFFFFFFFFFFFFFFFFFF"
                  },
                  {
                    "begin": 2627,
                    "end": 2649,
                    "modifierDepth": 1,
                    "name": "AND",
                    "source": 0
                  },
                  {
                    "begin": 2627,
                    "end": 2635,
                    "modifierDepth": 1,
                    "name": "DUP2",
                    "source": 0
                  },
                  {
                    "begin": 2627,
                    "end": 2649,
                    "modifierDepth": 1,
                    "name": "PUSH",
                    "source": 0,
                    "value": "FFFFFFFFFFFFFFFFFFFFFFFFFFFFFFFFFFFFFFFF"
                  },
                  {
                    "begin": 2627,
                    "end": 2649,
                    "modifierDepth": 1,
                    "name": "AND",
                    "source": 0
                  },
                  {
                    "begin": 2627,
                    "end": 2649,
                    "name": "SUB",
                    "source": 0
                  },
                  {
                    "begin": 2623,
                    "end": 2714,
                    "modifierDepth": 1,
                    "name": "PUSH [tag]",
                    "source": 0,
                    "value": "125"
                  },
                  {
                    "begin": 2623,
                    "end": 2714,
                    "modifierDepth": 1,
                    "name": "JUMPI",
                    "source": 0
                  },
                  {
                    "begin": 2700,
                    "end": 2701,
                    "modifierDepth": 1,
                    "name": "PUSH",
                    "source": 0,
                    "value": "0"
                  },
                  {
                    "begin": 2672,
                    "end": 2703,
                    "modifierDepth": 1,
                    "name": "PUSH",
                    "source": 0,
                    "value": "40"
                  },
                  {
                    "begin": 2672,
                    "end": 2703,
                    "modifierDepth": 1,
                    "name": "MLOAD",
                    "source": 0
                  },
                  {
                    "begin": 2672,
                    "end": 2703,
                    "modifierDepth": 1,
                    "name": "PUSH",
                    "source": 0,
                    "value": "1E4FBDF700000000000000000000000000000000000000000000000000000000"
                  },
                  {
                    "begin": 2672,
                    "end": 2703,
                    "modifierDepth": 1,
                    "name": "DUP2",
                    "source": 0
                  },
                  {
                    "begin": 2672,
                    "end": 2703,
                    "modifierDepth": 1,
                    "name": "MSTORE",
                    "source": 0
                  },
                  {
                    "begin": 2672,
                    "end": 2703,
                    "modifierDepth": 1,
                    "name": "PUSH",
                    "source": 0,
                    "value": "4"
                  },
                  {
                    "begin": 2672,
                    "end": 2703,
                    "modifierDepth": 1,
                    "name": "ADD",
                    "source": 0
                  },
                  {
                    "begin": 2672,
                    "end": 2703,
                    "modifierDepth": 1,
                    "name": "PUSH [tag]",
                    "source": 0,
                    "value": "126"
                  },
                  {
                    "begin": 2672,
                    "end": 2703,
                    "modifierDepth": 1,
                    "name": "SWAP2",
                    "source": 0
                  },
                  {
                    "begin": 2672,
                    "end": 2703,
                    "modifierDepth": 1,
                    "name": "SWAP1",
                    "source": 0
                  },
                  {
                    "begin": 2672,
                    "end": 2703,
                    "modifierDepth": 1,
                    "name": "PUSH [tag]",
                    "source": 0,
                    "value": "60"
                  },
                  {
                    "begin": 2672,
                    "end": 2703,
                    "jumpType": "[in]",
                    "modifierDepth": 1,
                    "name": "JUMP",
                    "source": 0
                  },
                  {
                    "begin": 2672,
                    "end": 2703,
                    "modifierDepth": 1,
                    "name": "tag",
                    "source": 0,
                    "value": "126"
                  },
                  {
                    "begin": 2672,
                    "end": 2703,
                    "modifierDepth": 1,
                    "name": "JUMPDEST",
                    "source": 0
                  },
                  {
                    "begin": 2672,
                    "end": 2703,
                    "modifierDepth": 1,
                    "name": "PUSH",
                    "source": 0,
                    "value": "40"
                  },
                  {
                    "begin": 2672,
                    "end": 2703,
                    "modifierDepth": 1,
                    "name": "MLOAD",
                    "source": 0
                  },
                  {
                    "begin": 2672,
                    "end": 2703,
                    "modifierDepth": 1,
                    "name": "DUP1",
                    "source": 0
                  },
                  {
                    "begin": 2672,
                    "end": 2703,
                    "modifierDepth": 1,
                    "name": "SWAP2",
                    "source": 0
                  },
                  {
                    "begin": 2672,
                    "end": 2703,
                    "modifierDepth": 1,
                    "name": "SUB",
                    "source": 0
                  },
                  {
                    "begin": 2672,
                    "end": 2703,
                    "modifierDepth": 1,
                    "name": "SWAP1",
                    "source": 0
                  },
                  {
                    "begin": 2672,
                    "end": 2703,
                    "modifierDepth": 1,
                    "name": "REVERT",
                    "source": 0
                  },
                  {
                    "begin": 2623,
                    "end": 2714,
                    "modifierDepth": 1,
                    "name": "tag",
                    "source": 0,
                    "value": "125"
                  },
                  {
                    "begin": 2623,
                    "end": 2714,
                    "modifierDepth": 1,
                    "name": "JUMPDEST",
                    "source": 0
                  },
                  {
                    "begin": 2723,
                    "end": 2751,
                    "modifierDepth": 1,
                    "name": "PUSH [tag]",
                    "source": 0,
                    "value": "127"
                  },
                  {
                    "begin": 2742,
                    "end": 2750,
                    "modifierDepth": 1,
                    "name": "DUP2",
                    "source": 0
                  },
                  {
                    "begin": 2723,
                    "end": 2741,
                    "modifierDepth": 1,
                    "name": "PUSH [tag]",
                    "source": 0,
                    "value": "110"
                  },
                  {
                    "begin": 2723,
                    "end": 2751,
                    "jumpType": "[in]",
                    "modifierDepth": 1,
                    "name": "JUMP",
                    "source": 0
                  },
                  {
                    "begin": 2723,
                    "end": 2751,
                    "modifierDepth": 1,
                    "name": "tag",
                    "source": 0,
                    "value": "127"
                  },
                  {
                    "begin": 2723,
                    "end": 2751,
                    "modifierDepth": 1,
                    "name": "JUMPDEST",
                    "source": 0
                  },
                  {
                    "begin": 2543,
                    "end": 2758,
                    "name": "POP",
                    "source": 0
                  },
                  {
                    "begin": 2543,
                    "end": 2758,
                    "jumpType": "[out]",
                    "name": "JUMP",
                    "source": 0
                  },
                  {
                    "begin": 656,
                    "end": 752,
                    "name": "tag",
                    "source": 5,
                    "value": "85"
                  },
                  {
                    "begin": 656,
                    "end": 752,
                    "name": "JUMPDEST",
                    "source": 5
                  },
                  {
                    "begin": 709,
                    "end": 716,
                    "name": "PUSH",
                    "source": 5,
                    "value": "0"
                  },
                  {
                    "begin": 735,
                    "end": 745,
                    "name": "CALLER",
                    "source": 5
                  },
                  {
                    "begin": 728,
                    "end": 745,
                    "name": "SWAP1",
                    "source": 5
                  },
                  {
                    "begin": 728,
                    "end": 745,
                    "name": "POP",
                    "source": 5
                  },
                  {
                    "begin": 656,
                    "end": 752,
                    "name": "SWAP1",
                    "source": 5
                  },
                  {
                    "begin": 656,
                    "end": 752,
                    "jumpType": "[out]",
                    "name": "JUMP",
                    "source": 5
                  },
                  {
                    "begin": 8989,
                    "end": 9117,
                    "name": "tag",
                    "source": 2,
                    "value": "87"
                  },
                  {
                    "begin": 8989,
                    "end": 9117,
                    "name": "JUMPDEST",
                    "source": 2
                  },
                  {
                    "begin": 9073,
                    "end": 9110,
                    "name": "PUSH [tag]",
                    "source": 2,
                    "value": "130"
                  },
                  {
                    "begin": 9082,
                    "end": 9087,
                    "name": "DUP4",
                    "source": 2
                  },
                  {
                    "begin": 9089,
                    "end": 9096,
                    "name": "DUP4",
                    "source": 2
                  },
                  {
                    "begin": 9098,
                    "end": 9103,
                    "name": "DUP4",
                    "source": 2
                  },
                  {
                    "begin": 9105,
                    "end": 9109,
                    "name": "PUSH",
                    "source": 2,
                    "value": "1"
                  },
                  {
                    "begin": 9073,
                    "end": 9081,
                    "name": "PUSH [tag]",
                    "source": 2,
                    "value": "131"
                  },
                  {
                    "begin": 9073,
                    "end": 9110,
                    "jumpType": "[in]",
                    "name": "JUMP",
                    "source": 2
                  },
                  {
                    "begin": 9073,
                    "end": 9110,
                    "name": "tag",
                    "source": 2,
                    "value": "130"
                  },
                  {
                    "begin": 9073,
                    "end": 9110,
                    "name": "JUMPDEST",
                    "source": 2
                  },
                  {
                    "begin": 8989,
                    "end": 9117,
                    "name": "POP",
                    "source": 2
                  },
                  {
                    "begin": 8989,
                    "end": 9117,
                    "name": "POP",
                    "source": 2
                  },
                  {
                    "begin": 8989,
                    "end": 9117,
                    "name": "POP",
                    "source": 2
                  },
                  {
                    "begin": 8989,
                    "end": 9117,
                    "jumpType": "[out]",
                    "name": "JUMP",
                    "source": 2
                  },
                  {
                    "begin": 10663,
                    "end": 11140,
                    "name": "tag",
                    "source": 2,
                    "value": "92"
                  },
                  {
                    "begin": 10663,
                    "end": 11140,
                    "name": "JUMPDEST",
                    "source": 2
                  },
                  {
                    "begin": 10762,
                    "end": 10786,
                    "name": "PUSH",
                    "source": 2,
                    "value": "0"
                  },
                  {
                    "begin": 10789,
                    "end": 10814,
                    "name": "PUSH [tag]",
                    "source": 2,
                    "value": "133"
                  },
                  {
                    "begin": 10799,
                    "end": 10804,
                    "name": "DUP5",
                    "source": 2
                  },
                  {
                    "begin": 10806,
                    "end": 10813,
                    "name": "DUP5",
                    "source": 2
                  },
                  {
                    "begin": 10789,
                    "end": 10798,
                    "name": "PUSH [tag]",
                    "source": 2,
                    "value": "71"
                  },
                  {
                    "begin": 10789,
                    "end": 10814,
                    "jumpType": "[in]",
                    "name": "JUMP",
                    "source": 2
                  },
                  {
                    "begin": 10789,
                    "end": 10814,
                    "name": "tag",
                    "source": 2,
                    "value": "133"
                  },
                  {
                    "begin": 10789,
                    "end": 10814,
                    "name": "JUMPDEST",
                    "source": 2
                  },
                  {
                    "begin": 10762,
                    "end": 10814,
                    "name": "SWAP1",
                    "source": 2
                  },
                  {
                    "begin": 10762,
                    "end": 10814,
                    "name": "POP",
                    "source": 2
                  },
                  {
                    "begin": 10848,
                    "end": 10865,
                    "name": "PUSH",
                    "source": 2,
                    "value": "FFFFFFFFFFFFFFFFFFFFFFFFFFFFFFFFFFFFFFFFFFFFFFFFFFFFFFFFFFFFFFFF"
                  },
                  {
                    "begin": 10828,
                    "end": 10844,
                    "name": "DUP2",
                    "source": 2
                  },
                  {
                    "begin": 10828,
                    "end": 10865,
                    "name": "EQ",
                    "source": 2
                  },
                  {
                    "begin": 10824,
                    "end": 11134,
                    "name": "PUSH [tag]",
                    "source": 2,
                    "value": "134"
                  },
                  {
                    "begin": 10824,
                    "end": 11134,
                    "name": "JUMPI",
                    "source": 2
                  },
                  {
                    "begin": 10904,
                    "end": 10909,
                    "name": "DUP2",
                    "source": 2
                  },
                  {
                    "begin": 10885,
                    "end": 10901,
                    "name": "DUP2",
                    "source": 2
                  },
                  {
                    "begin": 10885,
                    "end": 10909,
                    "name": "LT",
                    "source": 2
                  },
                  {
                    "begin": 10881,
                    "end": 11011,
                    "name": "ISZERO",
                    "source": 2
                  },
                  {
                    "begin": 10881,
                    "end": 11011,
                    "name": "PUSH [tag]",
                    "source": 2,
                    "value": "135"
                  },
                  {
                    "begin": 10881,
                    "end": 11011,
                    "name": "JUMPI",
                    "source": 2
                  },
                  {
                    "begin": 10963,
                    "end": 10970,
                    "name": "DUP3",
                    "source": 2
                  },
                  {
                    "begin": 10972,
                    "end": 10988,
                    "name": "DUP2",
                    "source": 2
                  },
                  {
                    "begin": 10990,
                    "end": 10995,
                    "name": "DUP4",
                    "source": 2
                  },
                  {
                    "begin": 10936,
                    "end": 10996,
                    "name": "PUSH",
                    "source": 2,
                    "value": "40"
                  },
                  {
                    "begin": 10936,
                    "end": 10996,
                    "name": "MLOAD",
                    "source": 2
                  },
                  {
                    "begin": 10936,
                    "end": 10996,
                    "name": "PUSH",
                    "source": 2,
                    "value": "FB8F41B200000000000000000000000000000000000000000000000000000000"
                  },
                  {
                    "begin": 10936,
                    "end": 10996,
                    "name": "DUP2",
                    "source": 2
                  },
                  {
                    "begin": 10936,
                    "end": 10996,
                    "name": "MSTORE",
                    "source": 2
                  },
                  {
                    "begin": 10936,
                    "end": 10996,
                    "name": "PUSH",
                    "source": 2,
                    "value": "4"
                  },
                  {
                    "begin": 10936,
                    "end": 10996,
                    "name": "ADD",
                    "source": 2
                  },
                  {
                    "begin": 10936,
                    "end": 10996,
                    "name": "PUSH [tag]",
                    "source": 2,
                    "value": "136"
                  },
                  {
                    "begin": 10936,
                    "end": 10996,
                    "name": "SWAP4",
                    "source": 2
                  },
                  {
                    "begin": 10936,
                    "end": 10996,
                    "name": "SWAP3",
                    "source": 2
                  },
                  {
                    "begin": 10936,
                    "end": 10996,
                    "name": "SWAP2",
                    "source": 2
                  },
                  {
                    "begin": 10936,
                    "end": 10996,
                    "name": "SWAP1",
                    "source": 2
                  },
                  {
                    "begin": 10936,
                    "end": 10996,
                    "name": "PUSH [tag]",
                    "source": 2,
                    "value": "137"
                  },
                  {
                    "begin": 10936,
                    "end": 10996,
                    "jumpType": "[in]",
                    "name": "JUMP",
                    "source": 2
                  },
                  {
                    "begin": 10936,
                    "end": 10996,
                    "name": "tag",
                    "source": 2,
                    "value": "136"
                  },
                  {
                    "begin": 10936,
                    "end": 10996,
                    "name": "JUMPDEST",
                    "source": 2
                  },
                  {
                    "begin": 10936,
                    "end": 10996,
                    "name": "PUSH",
                    "source": 2,
                    "value": "40"
                  },
                  {
                    "begin": 10936,
                    "end": 10996,
                    "name": "MLOAD",
                    "source": 2
                  },
                  {
                    "begin": 10936,
                    "end": 10996,
                    "name": "DUP1",
                    "source": 2
                  },
                  {
                    "begin": 10936,
                    "end": 10996,
                    "name": "SWAP2",
                    "source": 2
                  },
                  {
                    "begin": 10936,
                    "end": 10996,
                    "name": "SUB",
                    "source": 2
                  },
                  {
                    "begin": 10936,
                    "end": 10996,
                    "name": "SWAP1",
                    "source": 2
                  },
                  {
                    "begin": 10936,
                    "end": 10996,
                    "name": "REVERT",
                    "source": 2
                  },
                  {
                    "begin": 10881,
                    "end": 11011,
                    "name": "tag",
                    "source": 2,
                    "value": "135"
                  },
                  {
                    "begin": 10881,
                    "end": 11011,
                    "name": "JUMPDEST",
                    "source": 2
                  },
                  {
                    "begin": 11052,
                    "end": 11109,
                    "name": "PUSH [tag]",
                    "source": 2,
                    "value": "138"
                  },
                  {
                    "begin": 11061,
                    "end": 11066,
                    "name": "DUP5",
                    "source": 2
                  },
                  {
                    "begin": 11068,
                    "end": 11075,
                    "name": "DUP5",
                    "source": 2
                  },
                  {
                    "begin": 11096,
                    "end": 11101,
                    "name": "DUP5",
                    "source": 2
                  },
                  {
                    "begin": 11077,
                    "end": 11093,
                    "name": "DUP5",
                    "source": 2
                  },
                  {
                    "begin": 11077,
                    "end": 11101,
                    "name": "SUB",
                    "source": 2
                  },
                  {
                    "begin": 11103,
                    "end": 11108,
                    "name": "PUSH",
                    "source": 2,
                    "value": "0"
                  },
                  {
                    "begin": 11052,
                    "end": 11060,
                    "name": "PUSH [tag]",
                    "source": 2,
                    "value": "131"
                  },
                  {
                    "begin": 11052,
                    "end": 11109,
                    "jumpType": "[in]",
                    "name": "JUMP",
                    "source": 2
                  },
                  {
                    "begin": 11052,
                    "end": 11109,
                    "name": "tag",
                    "source": 2,
                    "value": "138"
                  },
                  {
                    "begin": 11052,
                    "end": 11109,
                    "name": "JUMPDEST",
                    "source": 2
                  },
                  {
                    "begin": 10824,
                    "end": 11134,
                    "name": "tag",
                    "source": 2,
                    "value": "134"
                  },
                  {
                    "begin": 10824,
                    "end": 11134,
                    "name": "JUMPDEST",
                    "source": 2
                  },
                  {
                    "begin": 10752,
                    "end": 11140,
                    "name": "POP",
                    "source": 2
                  },
                  {
                    "begin": 10663,
                    "end": 11140,
                    "name": "POP",
                    "source": 2
                  },
                  {
                    "begin": 10663,
                    "end": 11140,
                    "name": "POP",
                    "source": 2
                  },
                  {
                    "begin": 10663,
                    "end": 11140,
                    "name": "POP",
                    "source": 2
                  },
                  {
                    "begin": 10663,
                    "end": 11140,
                    "jumpType": "[out]",
                    "name": "JUMP",
                    "source": 2
                  },
                  {
                    "begin": 5656,
                    "end": 5956,
                    "name": "tag",
                    "source": 2,
                    "value": "94"
                  },
                  {
                    "begin": 5656,
                    "end": 5956,
                    "name": "JUMPDEST",
                    "source": 2
                  },
                  {
                    "begin": 5755,
                    "end": 5756,
                    "name": "PUSH",
                    "source": 2,
                    "value": "0"
                  },
                  {
                    "begin": 5739,
                    "end": 5757,
                    "name": "PUSH",
                    "source": 2,
                    "value": "FFFFFFFFFFFFFFFFFFFFFFFFFFFFFFFFFFFFFFFF"
                  },
                  {
                    "begin": 5739,
                    "end": 5757,
                    "name": "AND",
                    "source": 2
                  },
                  {
                    "begin": 5739,
                    "end": 5743,
                    "name": "DUP4",
                    "source": 2
                  },
                  {
                    "begin": 5739,
                    "end": 5757,
                    "name": "PUSH",
                    "source": 2,
                    "value": "FFFFFFFFFFFFFFFFFFFFFFFFFFFFFFFFFFFFFFFF"
                  },
                  {
                    "begin": 5739,
                    "end": 5757,
                    "name": "AND",
                    "source": 2
                  },
                  {
                    "begin": 5739,
                    "end": 5757,
                    "name": "SUB",
                    "source": 2
                  },
                  {
                    "begin": 5735,
                    "end": 5821,
                    "name": "PUSH [tag]",
                    "source": 2,
                    "value": "140"
                  },
                  {
                    "begin": 5735,
                    "end": 5821,
                    "name": "JUMPI",
                    "source": 2
                  },
                  {
                    "begin": 5807,
                    "end": 5808,
                    "name": "PUSH",
                    "source": 2,
                    "value": "0"
                  },
                  {
                    "begin": 5780,
                    "end": 5810,
                    "name": "PUSH",
                    "source": 2,
                    "value": "40"
                  },
                  {
                    "begin": 5780,
                    "end": 5810,
                    "name": "MLOAD",
                    "source": 2
                  },
                  {
                    "begin": 5780,
                    "end": 5810,
                    "name": "PUSH",
                    "source": 2,
                    "value": "96C6FD1E00000000000000000000000000000000000000000000000000000000"
                  },
                  {
                    "begin": 5780,
                    "end": 5810,
                    "name": "DUP2",
                    "source": 2
                  },
                  {
                    "begin": 5780,
                    "end": 5810,
                    "name": "MSTORE",
                    "source": 2
                  },
                  {
                    "begin": 5780,
                    "end": 5810,
                    "name": "PUSH",
                    "source": 2,
                    "value": "4"
                  },
                  {
                    "begin": 5780,
                    "end": 5810,
                    "name": "ADD",
                    "source": 2
                  },
                  {
                    "begin": 5780,
                    "end": 5810,
                    "name": "PUSH [tag]",
                    "source": 2,
                    "value": "141"
                  },
                  {
                    "begin": 5780,
                    "end": 5810,
                    "name": "SWAP2",
                    "source": 2
                  },
                  {
                    "begin": 5780,
                    "end": 5810,
                    "name": "SWAP1",
                    "source": 2
                  },
                  {
                    "begin": 5780,
                    "end": 5810,
                    "name": "PUSH [tag]",
                    "source": 2,
                    "value": "60"
                  },
                  {
                    "begin": 5780,
                    "end": 5810,
                    "jumpType": "[in]",
                    "name": "JUMP",
                    "source": 2
                  },
                  {
                    "begin": 5780,
                    "end": 5810,
                    "name": "tag",
                    "source": 2,
                    "value": "141"
                  },
                  {
                    "begin": 5780,
                    "end": 5810,
                    "name": "JUMPDEST",
                    "source": 2
                  },
                  {
                    "begin": 5780,
                    "end": 5810,
                    "name": "PUSH",
                    "source": 2,
                    "value": "40"
                  },
                  {
                    "begin": 5780,
                    "end": 5810,
                    "name": "MLOAD",
                    "source": 2
                  },
                  {
                    "begin": 5780,
                    "end": 5810,
                    "name": "DUP1",
                    "source": 2
                  },
                  {
                    "begin": 5780,
                    "end": 5810,
                    "name": "SWAP2",
                    "source": 2
                  },
                  {
                    "begin": 5780,
                    "end": 5810,
                    "name": "SUB",
                    "source": 2
                  },
                  {
                    "begin": 5780,
                    "end": 5810,
                    "name": "SWAP1",
                    "source": 2
                  },
                  {
                    "begin": 5780,
                    "end": 5810,
                    "name": "REVERT",
                    "source": 2
                  },
                  {
                    "begin": 5735,
                    "end": 5821,
                    "name": "tag",
                    "source": 2,
                    "value": "140"
                  },
                  {
                    "begin": 5735,
                    "end": 5821,
                    "name": "JUMPDEST",
                    "source": 2
                  },
                  {
                    "begin": 5848,
                    "end": 5849,
                    "name": "PUSH",
                    "source": 2,
                    "value": "0"
                  },
                  {
                    "begin": 5834,
                    "end": 5850,
                    "name": "PUSH",
                    "source": 2,
                    "value": "FFFFFFFFFFFFFFFFFFFFFFFFFFFFFFFFFFFFFFFF"
                  },
                  {
                    "begin": 5834,
                    "end": 5850,
                    "name": "AND",
                    "source": 2
                  },
                  {
                    "begin": 5834,
                    "end": 5836,
                    "name": "DUP3",
                    "source": 2
                  },
                  {
                    "begin": 5834,
                    "end": 5850,
                    "name": "PUSH",
                    "source": 2,
                    "value": "FFFFFFFFFFFFFFFFFFFFFFFFFFFFFFFFFFFFFFFF"
                  },
                  {
                    "begin": 5834,
                    "end": 5850,
                    "name": "AND",
                    "source": 2
                  },
                  {
                    "begin": 5834,
                    "end": 5850,
                    "name": "SUB",
                    "source": 2
                  },
                  {
                    "begin": 5830,
                    "end": 5916,
                    "name": "PUSH [tag]",
                    "source": 2,
                    "value": "142"
                  },
                  {
                    "begin": 5830,
                    "end": 5916,
                    "name": "JUMPI",
                    "source": 2
                  },
                  {
                    "begin": 5902,
                    "end": 5903,
                    "name": "PUSH",
                    "source": 2,
                    "value": "0"
                  },
                  {
                    "begin": 5873,
                    "end": 5905,
                    "name": "PUSH",
                    "source": 2,
                    "value": "40"
                  },
                  {
                    "begin": 5873,
                    "end": 5905,
                    "name": "MLOAD",
                    "source": 2
                  },
                  {
                    "begin": 5873,
                    "end": 5905,
                    "name": "PUSH",
                    "source": 2,
                    "value": "EC442F0500000000000000000000000000000000000000000000000000000000"
                  },
                  {
                    "begin": 5873,
                    "end": 5905,
                    "name": "DUP2",
                    "source": 2
                  },
                  {
                    "begin": 5873,
                    "end": 5905,
                    "name": "MSTORE",
                    "source": 2
                  },
                  {
                    "begin": 5873,
                    "end": 5905,
                    "name": "PUSH",
                    "source": 2,
                    "value": "4"
                  },
                  {
                    "begin": 5873,
                    "end": 5905,
                    "name": "ADD",
                    "source": 2
                  },
                  {
                    "begin": 5873,
                    "end": 5905,
                    "name": "PUSH [tag]",
                    "source": 2,
                    "value": "143"
                  },
                  {
                    "begin": 5873,
                    "end": 5905,
                    "name": "SWAP2",
                    "source": 2
                  },
                  {
                    "begin": 5873,
                    "end": 5905,
                    "name": "SWAP1",
                    "source": 2
                  },
                  {
                    "begin": 5873,
                    "end": 5905,
                    "name": "PUSH [tag]",
                    "source": 2,
                    "value": "60"
                  },
                  {
                    "begin": 5873,
                    "end": 5905,
                    "jumpType": "[in]",
                    "name": "JUMP",
                    "source": 2
                  },
                  {
                    "begin": 5873,
                    "end": 5905,
                    "name": "tag",
                    "source": 2,
                    "value": "143"
                  },
                  {
                    "begin": 5873,
                    "end": 5905,
                    "name": "JUMPDEST",
                    "source": 2
                  },
                  {
                    "begin": 5873,
                    "end": 5905,
                    "name": "PUSH",
                    "source": 2,
                    "value": "40"
                  },
                  {
                    "begin": 5873,
                    "end": 5905,
                    "name": "MLOAD",
                    "source": 2
                  },
                  {
                    "begin": 5873,
                    "end": 5905,
                    "name": "DUP1",
                    "source": 2
                  },
                  {
                    "begin": 5873,
                    "end": 5905,
                    "name": "SWAP2",
                    "source": 2
                  },
                  {
                    "begin": 5873,
                    "end": 5905,
                    "name": "SUB",
                    "source": 2
                  },
                  {
                    "begin": 5873,
                    "end": 5905,
                    "name": "SWAP1",
                    "source": 2
                  },
                  {
                    "begin": 5873,
                    "end": 5905,
                    "name": "REVERT",
                    "source": 2
                  },
                  {
                    "begin": 5830,
                    "end": 5916,
                    "name": "tag",
                    "source": 2,
                    "value": "142"
                  },
                  {
                    "begin": 5830,
                    "end": 5916,
                    "name": "JUMPDEST",
                    "source": 2
                  },
                  {
                    "begin": 5925,
                    "end": 5949,
                    "name": "PUSH [tag]",
                    "source": 2,
                    "value": "144"
                  },
                  {
                    "begin": 5933,
                    "end": 5937,
                    "name": "DUP4",
                    "source": 2
                  },
                  {
                    "begin": 5939,
                    "end": 5941,
                    "name": "DUP4",
                    "source": 2
                  },
                  {
                    "begin": 5943,
                    "end": 5948,
                    "name": "DUP4",
                    "source": 2
                  },
                  {
                    "begin": 5925,
                    "end": 5932,
                    "name": "PUSH [tag]",
                    "source": 2,
                    "value": "145"
                  },
                  {
                    "begin": 5925,
                    "end": 5949,
                    "jumpType": "[in]",
                    "name": "JUMP",
                    "source": 2
                  },
                  {
                    "begin": 5925,
                    "end": 5949,
                    "name": "tag",
                    "source": 2,
                    "value": "144"
                  },
                  {
                    "begin": 5925,
                    "end": 5949,
                    "name": "JUMPDEST",
                    "source": 2
                  },
                  {
                    "begin": 5656,
                    "end": 5956,
                    "name": "POP",
                    "source": 2
                  },
                  {
                    "begin": 5656,
                    "end": 5956,
                    "name": "POP",
                    "source": 2
                  },
                  {
                    "begin": 5656,
                    "end": 5956,
                    "name": "POP",
                    "source": 2
                  },
                  {
                    "begin": 5656,
                    "end": 5956,
                    "jumpType": "[out]",
                    "name": "JUMP",
                    "source": 2
                  },
                  {
                    "begin": 1796,
                    "end": 1958,
                    "name": "tag",
                    "source": 0,
                    "value": "98"
                  },
                  {
                    "begin": 1796,
                    "end": 1958,
                    "name": "JUMPDEST",
                    "source": 0
                  },
                  {
                    "begin": 1866,
                    "end": 1878,
                    "name": "PUSH [tag]",
                    "source": 0,
                    "value": "147"
                  },
                  {
                    "begin": 1866,
                    "end": 1876,
                    "name": "PUSH [tag]",
                    "source": 0,
                    "value": "85"
                  },
                  {
                    "begin": 1866,
                    "end": 1878,
                    "jumpType": "[in]",
                    "name": "JUMP",
                    "source": 0
                  },
                  {
                    "begin": 1866,
                    "end": 1878,
                    "name": "tag",
                    "source": 0,
                    "value": "147"
                  },
                  {
                    "begin": 1866,
                    "end": 1878,
                    "name": "JUMPDEST",
                    "source": 0
                  },
                  {
                    "begin": 1855,
                    "end": 1878,
                    "name": "PUSH",
                    "source": 0,
                    "value": "FFFFFFFFFFFFFFFFFFFFFFFFFFFFFFFFFFFFFFFF"
                  },
                  {
                    "begin": 1855,
                    "end": 1878,
                    "name": "AND",
                    "source": 0
                  },
                  {
                    "begin": 1855,
                    "end": 1862,
                    "name": "PUSH [tag]",
                    "source": 0,
                    "value": "148"
                  },
                  {
                    "begin": 1855,
                    "end": 1860,
                    "name": "PUSH [tag]",
                    "source": 0,
                    "value": "58"
                  },
                  {
                    "begin": 1855,
                    "end": 1862,
                    "jumpType": "[in]",
                    "name": "JUMP",
                    "source": 0
                  },
                  {
                    "begin": 1855,
                    "end": 1862,
                    "name": "tag",
                    "source": 0,
                    "value": "148"
                  },
                  {
                    "begin": 1855,
                    "end": 1862,
                    "name": "JUMPDEST",
                    "source": 0
                  },
                  {
                    "begin": 1855,
                    "end": 1878,
                    "name": "PUSH",
                    "source": 0,
                    "value": "FFFFFFFFFFFFFFFFFFFFFFFFFFFFFFFFFFFFFFFF"
                  },
                  {
                    "begin": 1855,
                    "end": 1878,
                    "name": "AND",
                    "source": 0
                  },
                  {
                    "begin": 1855,
                    "end": 1878,
                    "name": "EQ",
                    "source": 0
                  },
                  {
                    "begin": 1851,
                    "end": 1952,
                    "name": "PUSH [tag]",
                    "source": 0,
                    "value": "149"
                  },
                  {
                    "begin": 1851,
                    "end": 1952,
                    "name": "JUMPI",
                    "source": 0
                  },
                  {
                    "begin": 1928,
                    "end": 1940,
                    "name": "PUSH [tag]",
                    "source": 0,
                    "value": "150"
                  },
                  {
                    "begin": 1928,
                    "end": 1938,
                    "name": "PUSH [tag]",
                    "source": 0,
                    "value": "85"
                  },
                  {
                    "begin": 1928,
                    "end": 1940,
                    "jumpType": "[in]",
                    "name": "JUMP",
                    "source": 0
                  },
                  {
                    "begin": 1928,
                    "end": 1940,
                    "name": "tag",
                    "source": 0,
                    "value": "150"
                  },
                  {
                    "begin": 1928,
                    "end": 1940,
                    "name": "JUMPDEST",
                    "source": 0
                  },
                  {
                    "begin": 1901,
                    "end": 1941,
                    "name": "PUSH",
                    "source": 0,
                    "value": "40"
                  },
                  {
                    "begin": 1901,
                    "end": 1941,
                    "name": "MLOAD",
                    "source": 0
                  },
                  {
                    "begin": 1901,
                    "end": 1941,
                    "name": "PUSH",
                    "source": 0,
                    "value": "118CDAA700000000000000000000000000000000000000000000000000000000"
                  },
                  {
                    "begin": 1901,
                    "end": 1941,
                    "name": "DUP2",
                    "source": 0
                  },
                  {
                    "begin": 1901,
                    "end": 1941,
                    "name": "MSTORE",
                    "source": 0
                  },
                  {
                    "begin": 1901,
                    "end": 1941,
                    "name": "PUSH",
                    "source": 0,
                    "value": "4"
                  },
                  {
                    "begin": 1901,
                    "end": 1941,
                    "name": "ADD",
                    "source": 0
                  },
                  {
                    "begin": 1901,
                    "end": 1941,
                    "name": "PUSH [tag]",
                    "source": 0,
                    "value": "151"
                  },
                  {
                    "begin": 1901,
                    "end": 1941,
                    "name": "SWAP2",
                    "source": 0
                  },
                  {
                    "begin": 1901,
                    "end": 1941,
                    "name": "SWAP1",
                    "source": 0
                  },
                  {
                    "begin": 1901,
                    "end": 1941,
                    "name": "PUSH [tag]",
                    "source": 0,
                    "value": "60"
                  },
                  {
                    "begin": 1901,
                    "end": 1941,
                    "jumpType": "[in]",
                    "name": "JUMP",
                    "source": 0
                  },
                  {
                    "begin": 1901,
                    "end": 1941,
                    "name": "tag",
                    "source": 0,
                    "value": "151"
                  },
                  {
                    "begin": 1901,
                    "end": 1941,
                    "name": "JUMPDEST",
                    "source": 0
                  },
                  {
                    "begin": 1901,
                    "end": 1941,
                    "name": "PUSH",
                    "source": 0,
                    "value": "40"
                  },
                  {
                    "begin": 1901,
                    "end": 1941,
                    "name": "MLOAD",
                    "source": 0
                  },
                  {
                    "begin": 1901,
                    "end": 1941,
                    "name": "DUP1",
                    "source": 0
                  },
                  {
                    "begin": 1901,
                    "end": 1941,
                    "name": "SWAP2",
                    "source": 0
                  },
                  {
                    "begin": 1901,
                    "end": 1941,
                    "name": "SUB",
                    "source": 0
                  },
                  {
                    "begin": 1901,
                    "end": 1941,
                    "name": "SWAP1",
                    "source": 0
                  },
                  {
                    "begin": 1901,
                    "end": 1941,
                    "name": "REVERT",
                    "source": 0
                  },
                  {
                    "begin": 1851,
                    "end": 1952,
                    "name": "tag",
                    "source": 0,
                    "value": "149"
                  },
                  {
                    "begin": 1851,
                    "end": 1952,
                    "name": "JUMPDEST",
                    "source": 0
                  },
                  {
                    "begin": 1796,
                    "end": 1958,
                    "jumpType": "[out]",
                    "name": "JUMP",
                    "source": 0
                  },
                  {
                    "begin": 7721,
                    "end": 7929,
                    "name": "tag",
                    "source": 2,
                    "value": "101"
                  },
                  {
                    "begin": 7721,
                    "end": 7929,
                    "name": "JUMPDEST",
                    "source": 2
                  },
                  {
                    "begin": 7810,
                    "end": 7811,
                    "name": "PUSH",
                    "source": 2,
                    "value": "0"
                  },
                  {
                    "begin": 7791,
                    "end": 7812,
                    "name": "PUSH",
                    "source": 2,
                    "value": "FFFFFFFFFFFFFFFFFFFFFFFFFFFFFFFFFFFFFFFF"
                  },
                  {
                    "begin": 7791,
                    "end": 7812,
                    "name": "AND",
                    "source": 2
                  },
                  {
                    "begin": 7791,
                    "end": 7798,
                    "name": "DUP3",
                    "source": 2
                  },
                  {
                    "begin": 7791,
                    "end": 7812,
                    "name": "PUSH",
                    "source": 2,
                    "value": "FFFFFFFFFFFFFFFFFFFFFFFFFFFFFFFFFFFFFFFF"
                  },
                  {
                    "begin": 7791,
                    "end": 7812,
                    "name": "AND",
                    "source": 2
                  },
                  {
                    "begin": 7791,
                    "end": 7812,
                    "name": "SUB",
                    "source": 2
                  },
                  {
                    "begin": 7787,
                    "end": 7878,
                    "name": "PUSH [tag]",
                    "source": 2,
                    "value": "153"
                  },
                  {
                    "begin": 7787,
                    "end": 7878,
                    "name": "JUMPI",
                    "source": 2
                  },
                  {
                    "begin": 7864,
                    "end": 7865,
                    "name": "PUSH",
                    "source": 2,
                    "value": "0"
                  },
                  {
                    "begin": 7835,
                    "end": 7867,
                    "name": "PUSH",
                    "source": 2,
                    "value": "40"
                  },
                  {
                    "begin": 7835,
                    "end": 7867,
                    "name": "MLOAD",
                    "source": 2
                  },
                  {
                    "begin": 7835,
                    "end": 7867,
                    "name": "PUSH",
                    "source": 2,
                    "value": "EC442F0500000000000000000000000000000000000000000000000000000000"
                  },
                  {
                    "begin": 7835,
                    "end": 7867,
                    "name": "DUP2",
                    "source": 2
                  },
                  {
                    "begin": 7835,
                    "end": 7867,
                    "name": "MSTORE",
                    "source": 2
                  },
                  {
                    "begin": 7835,
                    "end": 7867,
                    "name": "PUSH",
                    "source": 2,
                    "value": "4"
                  },
                  {
                    "begin": 7835,
                    "end": 7867,
                    "name": "ADD",
                    "source": 2
                  },
                  {
                    "begin": 7835,
                    "end": 7867,
                    "name": "PUSH [tag]",
                    "source": 2,
                    "value": "154"
                  },
                  {
                    "begin": 7835,
                    "end": 7867,
                    "name": "SWAP2",
                    "source": 2
                  },
                  {
                    "begin": 7835,
                    "end": 7867,
                    "name": "SWAP1",
                    "source": 2
                  },
                  {
                    "begin": 7835,
                    "end": 7867,
                    "name": "PUSH [tag]",
                    "source": 2,
                    "value": "60"
                  },
                  {
                    "begin": 7835,
                    "end": 7867,
                    "jumpType": "[in]",
                    "name": "JUMP",
                    "source": 2
                  },
                  {
                    "begin": 7835,
                    "end": 7867,
                    "name": "tag",
                    "source": 2,
                    "value": "154"
                  },
                  {
                    "begin": 7835,
                    "end": 7867,
                    "name": "JUMPDEST",
                    "source": 2
                  },
                  {
                    "begin": 7835,
                    "end": 7867,
                    "name": "PUSH",
                    "source": 2,
                    "value": "40"
                  },
                  {
                    "begin": 7835,
                    "end": 7867,
                    "name": "MLOAD",
                    "source": 2
                  },
                  {
                    "begin": 7835,
                    "end": 7867,
                    "name": "DUP1",
                    "source": 2
                  },
                  {
                    "begin": 7835,
                    "end": 7867,
                    "name": "SWAP2",
                    "source": 2
                  },
                  {
                    "begin": 7835,
                    "end": 7867,
                    "name": "SUB",
                    "source": 2
                  },
                  {
                    "begin": 7835,
                    "end": 7867,
                    "name": "SWAP1",
                    "source": 2
                  },
                  {
                    "begin": 7835,
                    "end": 7867,
                    "name": "REVERT",
                    "source": 2
                  },
                  {
                    "begin": 7787,
                    "end": 7878,
                    "name": "tag",
                    "source": 2,
                    "value": "153"
                  },
                  {
                    "begin": 7787,
                    "end": 7878,
                    "name": "JUMPDEST",
                    "source": 2
                  },
                  {
                    "begin": 7887,
                    "end": 7922,
                    "name": "PUSH [tag]",
                    "source": 2,
                    "value": "155"
                  },
                  {
                    "begin": 7903,
                    "end": 7904,
                    "name": "PUSH",
                    "source": 2,
                    "value": "0"
                  },
                  {
                    "begin": 7907,
                    "end": 7914,
                    "name": "DUP4",
                    "source": 2
                  },
                  {
                    "begin": 7916,
                    "end": 7921,
                    "name": "DUP4",
                    "source": 2
                  },
                  {
                    "begin": 7887,
                    "end": 7894,
                    "name": "PUSH [tag]",
                    "source": 2,
                    "value": "145"
                  },
                  {
                    "begin": 7887,
                    "end": 7922,
                    "jumpType": "[in]",
                    "name": "JUMP",
                    "source": 2
                  },
                  {
                    "begin": 7887,
                    "end": 7922,
                    "name": "tag",
                    "source": 2,
                    "value": "155"
                  },
                  {
                    "begin": 7887,
                    "end": 7922,
                    "name": "JUMPDEST",
                    "source": 2
                  },
                  {
                    "begin": 7721,
                    "end": 7929,
                    "name": "POP",
                    "source": 2
                  },
                  {
                    "begin": 7721,
                    "end": 7929,
                    "name": "POP",
                    "source": 2
                  },
                  {
                    "begin": 7721,
                    "end": 7929,
                    "jumpType": "[out]",
                    "name": "JUMP",
                    "source": 2
                  },
                  {
                    "begin": 8247,
                    "end": 8453,
                    "name": "tag",
                    "source": 2,
                    "value": "104"
                  },
                  {
                    "begin": 8247,
                    "end": 8453,
                    "name": "JUMPDEST",
                    "source": 2
                  },
                  {
                    "begin": 8336,
                    "end": 8337,
                    "name": "PUSH",
                    "source": 2,
                    "value": "0"
                  },
                  {
                    "begin": 8317,
                    "end": 8338,
                    "name": "PUSH",
                    "source": 2,
                    "value": "FFFFFFFFFFFFFFFFFFFFFFFFFFFFFFFFFFFFFFFF"
                  },
                  {
                    "begin": 8317,
                    "end": 8338,
                    "name": "AND",
                    "source": 2
                  },
                  {
                    "begin": 8317,
                    "end": 8324,
                    "name": "DUP3",
                    "source": 2
                  },
                  {
                    "begin": 8317,
                    "end": 8338,
                    "name": "PUSH",
                    "source": 2,
                    "value": "FFFFFFFFFFFFFFFFFFFFFFFFFFFFFFFFFFFFFFFF"
                  },
                  {
                    "begin": 8317,
                    "end": 8338,
                    "name": "AND",
                    "source": 2
                  },
                  {
                    "begin": 8317,
                    "end": 8338,
                    "name": "SUB",
                    "source": 2
                  },
                  {
                    "begin": 8313,
                    "end": 8402,
                    "name": "PUSH [tag]",
                    "source": 2,
                    "value": "157"
                  },
                  {
                    "begin": 8313,
                    "end": 8402,
                    "name": "JUMPI",
                    "source": 2
                  },
                  {
                    "begin": 8388,
                    "end": 8389,
                    "name": "PUSH",
                    "source": 2,
                    "value": "0"
                  },
                  {
                    "begin": 8361,
                    "end": 8391,
                    "name": "PUSH",
                    "source": 2,
                    "value": "40"
                  },
                  {
                    "begin": 8361,
                    "end": 8391,
                    "name": "MLOAD",
                    "source": 2
                  },
                  {
                    "begin": 8361,
                    "end": 8391,
                    "name": "PUSH",
                    "source": 2,
                    "value": "96C6FD1E00000000000000000000000000000000000000000000000000000000"
                  },
                  {
                    "begin": 8361,
                    "end": 8391,
                    "name": "DUP2",
                    "source": 2
                  },
                  {
                    "begin": 8361,
                    "end": 8391,
                    "name": "MSTORE",
                    "source": 2
                  },
                  {
                    "begin": 8361,
                    "end": 8391,
                    "name": "PUSH",
                    "source": 2,
                    "value": "4"
                  },
                  {
                    "begin": 8361,
                    "end": 8391,
                    "name": "ADD",
                    "source": 2
                  },
                  {
                    "begin": 8361,
                    "end": 8391,
                    "name": "PUSH [tag]",
                    "source": 2,
                    "value": "158"
                  },
                  {
                    "begin": 8361,
                    "end": 8391,
                    "name": "SWAP2",
                    "source": 2
                  },
                  {
                    "begin": 8361,
                    "end": 8391,
                    "name": "SWAP1",
                    "source": 2
                  },
                  {
                    "begin": 8361,
                    "end": 8391,
                    "name": "PUSH [tag]",
                    "source": 2,
                    "value": "60"
                  },
                  {
                    "begin": 8361,
                    "end": 8391,
                    "jumpType": "[in]",
                    "name": "JUMP",
                    "source": 2
                  },
                  {
                    "begin": 8361,
                    "end": 8391,
                    "name": "tag",
                    "source": 2,
                    "value": "158"
                  },
                  {
                    "begin": 8361,
                    "end": 8391,
                    "name": "JUMPDEST",
                    "source": 2
                  },
                  {
                    "begin": 8361,
                    "end": 8391,
                    "name": "PUSH",
                    "source": 2,
                    "value": "40"
                  },
                  {
                    "begin": 8361,
                    "end": 8391,
                    "name": "MLOAD",
                    "source": 2
                  },
                  {
                    "begin": 8361,
                    "end": 8391,
                    "name": "DUP1",
                    "source": 2
                  },
                  {
                    "begin": 8361,
                    "end": 8391,
                    "name": "SWAP2",
                    "source": 2
                  },
                  {
                    "begin": 8361,
                    "end": 8391,
                    "name": "SUB",
                    "source": 2
                  },
                  {
                    "begin": 8361,
                    "end": 8391,
                    "name": "SWAP1",
                    "source": 2
                  },
                  {
                    "begin": 8361,
                    "end": 8391,
                    "name": "REVERT",
                    "source": 2
                  },
                  {
                    "begin": 8313,
                    "end": 8402,
                    "name": "tag",
                    "source": 2,
                    "value": "157"
                  },
                  {
                    "begin": 8313,
                    "end": 8402,
                    "name": "JUMPDEST",
                    "source": 2
                  },
                  {
                    "begin": 8411,
                    "end": 8446,
                    "name": "PUSH [tag]",
                    "source": 2,
                    "value": "159"
                  },
                  {
                    "begin": 8419,
                    "end": 8426,
                    "name": "DUP3",
                    "source": 2
                  },
                  {
                    "begin": 8436,
                    "end": 8437,
                    "name": "PUSH",
                    "source": 2,
                    "value": "0"
                  },
                  {
                    "begin": 8440,
                    "end": 8445,
                    "name": "DUP4",
                    "source": 2
                  },
                  {
                    "begin": 8411,
                    "end": 8418,
                    "name": "PUSH [tag]",
                    "source": 2,
                    "value": "145"
                  },
                  {
                    "begin": 8411,
                    "end": 8446,
                    "jumpType": "[in]",
                    "name": "JUMP",
                    "source": 2
                  },
                  {
                    "begin": 8411,
                    "end": 8446,
                    "name": "tag",
                    "source": 2,
                    "value": "159"
                  },
                  {
                    "begin": 8411,
                    "end": 8446,
                    "name": "JUMPDEST",
                    "source": 2
                  },
                  {
                    "begin": 8247,
                    "end": 8453,
                    "name": "POP",
                    "source": 2
                  },
                  {
                    "begin": 8247,
                    "end": 8453,
                    "name": "POP",
                    "source": 2
                  },
                  {
                    "begin": 8247,
                    "end": 8453,
                    "jumpType": "[out]",
                    "name": "JUMP",
                    "source": 2
                  },
                  {
                    "begin": 2912,
                    "end": 3099,
                    "name": "tag",
                    "source": 0,
                    "value": "110"
                  },
                  {
                    "begin": 2912,
                    "end": 3099,
                    "name": "JUMPDEST",
                    "source": 0
                  },
                  {
                    "begin": 2985,
                    "end": 3001,
                    "name": "PUSH",
                    "source": 0,
                    "value": "0"
                  },
                  {
                    "begin": 3004,
                    "end": 3010,
                    "name": "PUSH",
                    "source": 0,
                    "value": "5"
                  },
                  {
                    "begin": 3004,
                    "end": 3010,
                    "name": "PUSH",
                    "source": 0,
                    "value": "0"
                  },
                  {
                    "begin": 3004,
                    "end": 3010,
                    "name": "SWAP1",
                    "source": 0
                  },
                  {
                    "begin": 3004,
                    "end": 3010,
                    "name": "SLOAD",
                    "source": 0
                  },
                  {
                    "begin": 3004,
                    "end": 3010,
                    "name": "SWAP1",
                    "source": 0
                  },
                  {
                    "begin": 3004,
                    "end": 3010,
                    "name": "PUSH",
                    "source": 0,
                    "value": "100"
                  },
                  {
                    "begin": 3004,
                    "end": 3010,
                    "name": "EXP",
                    "source": 0
                  },
                  {
                    "begin": 3004,
                    "end": 3010,
                    "name": "SWAP1",
                    "source": 0
                  },
                  {
                    "begin": 3004,
                    "end": 3010,
                    "name": "DIV",
                    "source": 0
                  },
                  {
                    "begin": 3004,
                    "end": 3010,
                    "name": "PUSH",
                    "source": 0,
                    "value": "FFFFFFFFFFFFFFFFFFFFFFFFFFFFFFFFFFFFFFFF"
                  },
                  {
                    "begin": 3004,
                    "end": 3010,
                    "name": "AND",
                    "source": 0
                  },
                  {
                    "begin": 2985,
                    "end": 3010,
                    "name": "SWAP1",
                    "source": 0
                  },
                  {
                    "begin": 2985,
                    "end": 3010,
                    "name": "POP",
                    "source": 0
                  },
                  {
                    "begin": 3029,
                    "end": 3037,
                    "name": "DUP2",
                    "source": 0
                  },
                  {
                    "begin": 3020,
                    "end": 3026,
                    "name": "PUSH",
                    "source": 0,
                    "value": "5"
                  },
                  {
                    "begin": 3020,
                    "end": 3026,
                    "name": "PUSH",
                    "source": 0,
                    "value": "0"
                  },
                  {
                    "begin": 3020,
                    "end": 3037,
                    "name": "PUSH",
                    "source": 0,
                    "value": "100"
                  },
                  {
                    "begin": 3020,
                    "end": 3037,
                    "name": "EXP",
                    "source": 0
                  },
                  {
                    "begin": 3020,
                    "end": 3037,
                    "name": "DUP2",
                    "source": 0
                  },
                  {
                    "begin": 3020,
                    "end": 3037,
                    "name": "SLOAD",
                    "source": 0
                  },
                  {
                    "begin": 3020,
                    "end": 3037,
                    "name": "DUP2",
                    "source": 0
                  },
                  {
                    "begin": 3020,
                    "end": 3037,
                    "name": "PUSH",
                    "source": 0,
                    "value": "FFFFFFFFFFFFFFFFFFFFFFFFFFFFFFFFFFFFFFFF"
                  },
                  {
                    "begin": 3020,
                    "end": 3037,
                    "name": "MUL",
                    "source": 0
                  },
                  {
                    "begin": 3020,
                    "end": 3037,
                    "name": "NOT",
                    "source": 0
                  },
                  {
                    "begin": 3020,
                    "end": 3037,
                    "name": "AND",
                    "source": 0
                  },
                  {
                    "begin": 3020,
                    "end": 3037,
                    "name": "SWAP1",
                    "source": 0
                  },
                  {
                    "begin": 3020,
                    "end": 3037,
                    "name": "DUP4",
                    "source": 0
                  },
                  {
                    "begin": 3020,
                    "end": 3037,
                    "name": "PUSH",
                    "source": 0,
                    "value": "FFFFFFFFFFFFFFFFFFFFFFFFFFFFFFFFFFFFFFFF"
                  },
                  {
                    "begin": 3020,
                    "end": 3037,
                    "name": "AND",
                    "source": 0
                  },
                  {
                    "begin": 3020,
                    "end": 3037,
                    "name": "MUL",
                    "source": 0
                  },
                  {
                    "begin": 3020,
                    "end": 3037,
                    "name": "OR",
                    "source": 0
                  },
                  {
                    "begin": 3020,
                    "end": 3037,
                    "name": "SWAP1",
                    "source": 0
                  },
                  {
                    "begin": 3020,
                    "end": 3037,
                    "name": "SSTORE",
                    "source": 0
                  },
                  {
                    "begin": 3020,
                    "end": 3037,
                    "name": "POP",
                    "source": 0
                  },
                  {
                    "begin": 3083,
                    "end": 3091,
                    "name": "DUP2",
                    "source": 0
                  },
                  {
                    "begin": 3052,
                    "end": 3092,
                    "name": "PUSH",
                    "source": 0,
                    "value": "FFFFFFFFFFFFFFFFFFFFFFFFFFFFFFFFFFFFFFFF"
                  },
                  {
                    "begin": 3052,
                    "end": 3092,
                    "name": "AND",
                    "source": 0
                  },
                  {
                    "begin": 3073,
                    "end": 3081,
                    "name": "DUP2",
                    "source": 0
                  },
                  {
                    "begin": 3052,
                    "end": 3092,
                    "name": "PUSH",
                    "source": 0,
                    "value": "FFFFFFFFFFFFFFFFFFFFFFFFFFFFFFFFFFFFFFFF"
                  },
                  {
                    "begin": 3052,
                    "end": 3092,
                    "name": "AND",
                    "source": 0
                  },
                  {
                    "begin": 3052,
                    "end": 3092,
                    "name": "PUSH",
                    "source": 0,
                    "value": "8BE0079C531659141344CD1FD0A4F28419497F9722A3DAAFE3B4186F6B6457E0"
                  },
                  {
                    "begin": 3052,
                    "end": 3092,
                    "name": "PUSH",
                    "source": 0,
                    "value": "40"
                  },
                  {
                    "begin": 3052,
                    "end": 3092,
                    "name": "MLOAD",
                    "source": 0
                  },
                  {
                    "begin": 3052,
                    "end": 3092,
                    "name": "PUSH",
                    "source": 0,
                    "value": "40"
                  },
                  {
                    "begin": 3052,
                    "end": 3092,
                    "name": "MLOAD",
                    "source": 0
                  },
                  {
                    "begin": 3052,
                    "end": 3092,
                    "name": "DUP1",
                    "source": 0
                  },
                  {
                    "begin": 3052,
                    "end": 3092,
                    "name": "SWAP2",
                    "source": 0
                  },
                  {
                    "begin": 3052,
                    "end": 3092,
                    "name": "SUB",
                    "source": 0
                  },
                  {
                    "begin": 3052,
                    "end": 3092,
                    "name": "SWAP1",
                    "source": 0
                  },
                  {
                    "begin": 3052,
                    "end": 3092,
                    "name": "LOG3",
                    "source": 0
                  },
                  {
                    "begin": 2975,
                    "end": 3099,
                    "name": "POP",
                    "source": 0
                  },
                  {
                    "begin": 2912,
                    "end": 3099,
                    "name": "POP",
                    "source": 0
                  },
                  {
                    "begin": 2912,
                    "end": 3099,
                    "jumpType": "[out]",
                    "name": "JUMP",
                    "source": 0
                  },
                  {
                    "begin": 9949,
                    "end": 10381,
                    "name": "tag",
                    "source": 2,
                    "value": "131"
                  },
                  {
                    "begin": 9949,
                    "end": 10381,
                    "name": "JUMPDEST",
                    "source": 2
                  },
                  {
                    "begin": 10078,
                    "end": 10079,
                    "name": "PUSH",
                    "source": 2,
                    "value": "0"
                  },
                  {
                    "begin": 10061,
                    "end": 10080,
                    "name": "PUSH",
                    "source": 2,
                    "value": "FFFFFFFFFFFFFFFFFFFFFFFFFFFFFFFFFFFFFFFF"
                  },
                  {
                    "begin": 10061,
                    "end": 10080,
                    "name": "AND",
                    "source": 2
                  },
                  {
                    "begin": 10061,
                    "end": 10066,
                    "name": "DUP5",
                    "source": 2
                  },
                  {
                    "begin": 10061,
                    "end": 10080,
                    "name": "PUSH",
                    "source": 2,
                    "value": "FFFFFFFFFFFFFFFFFFFFFFFFFFFFFFFFFFFFFFFF"
                  },
                  {
                    "begin": 10061,
                    "end": 10080,
                    "name": "AND",
                    "source": 2
                  },
                  {
                    "begin": 10061,
                    "end": 10080,
                    "name": "SUB",
                    "source": 2
                  },
                  {
                    "begin": 10057,
                    "end": 10146,
                    "name": "PUSH [tag]",
                    "source": 2,
                    "value": "162"
                  },
                  {
                    "begin": 10057,
                    "end": 10146,
                    "name": "JUMPI",
                    "source": 2
                  },
                  {
                    "begin": 10132,
                    "end": 10133,
                    "name": "PUSH",
                    "source": 2,
                    "value": "0"
                  },
                  {
                    "begin": 10103,
                    "end": 10135,
                    "name": "PUSH",
                    "source": 2,
                    "value": "40"
                  },
                  {
                    "begin": 10103,
                    "end": 10135,
                    "name": "MLOAD",
                    "source": 2
                  },
                  {
                    "begin": 10103,
                    "end": 10135,
                    "name": "PUSH",
                    "source": 2,
                    "value": "E602DF0500000000000000000000000000000000000000000000000000000000"
                  },
                  {
                    "begin": 10103,
                    "end": 10135,
                    "name": "DUP2",
                    "source": 2
                  },
                  {
                    "begin": 10103,
                    "end": 10135,
                    "name": "MSTORE",
                    "source": 2
                  },
                  {
                    "begin": 10103,
                    "end": 10135,
                    "name": "PUSH",
                    "source": 2,
                    "value": "4"
                  },
                  {
                    "begin": 10103,
                    "end": 10135,
                    "name": "ADD",
                    "source": 2
                  },
                  {
                    "begin": 10103,
                    "end": 10135,
                    "name": "PUSH [tag]",
                    "source": 2,
                    "value": "163"
                  },
                  {
                    "begin": 10103,
                    "end": 10135,
                    "name": "SWAP2",
                    "source": 2
                  },
                  {
                    "begin": 10103,
                    "end": 10135,
                    "name": "SWAP1",
                    "source": 2
                  },
                  {
                    "begin": 10103,
                    "end": 10135,
                    "name": "PUSH [tag]",
                    "source": 2,
                    "value": "60"
                  },
                  {
                    "begin": 10103,
                    "end": 10135,
                    "jumpType": "[in]",
                    "name": "JUMP",
                    "source": 2
                  },
                  {
                    "begin": 10103,
                    "end": 10135,
                    "name": "tag",
                    "source": 2,
                    "value": "163"
                  },
                  {
                    "begin": 10103,
                    "end": 10135,
                    "name": "JUMPDEST",
                    "source": 2
                  },
                  {
                    "begin": 10103,
                    "end": 10135,
                    "name": "PUSH",
                    "source": 2,
                    "value": "40"
                  },
                  {
                    "begin": 10103,
                    "end": 10135,
                    "name": "MLOAD",
                    "source": 2
                  },
                  {
                    "begin": 10103,
                    "end": 10135,
                    "name": "DUP1",
                    "source": 2
                  },
                  {
                    "begin": 10103,
                    "end": 10135,
                    "name": "SWAP2",
                    "source": 2
                  },
                  {
                    "begin": 10103,
                    "end": 10135,
                    "name": "SUB",
                    "source": 2
                  },
                  {
                    "begin": 10103,
                    "end": 10135,
                    "name": "SWAP1",
                    "source": 2
                  },
                  {
                    "begin": 10103,
                    "end": 10135,
                    "name": "REVERT",
                    "source": 2
                  },
                  {
                    "begin": 10057,
                    "end": 10146,
                    "name": "tag",
                    "source": 2,
                    "value": "162"
                  },
                  {
                    "begin": 10057,
                    "end": 10146,
                    "name": "JUMPDEST",
                    "source": 2
                  },
                  {
                    "begin": 10178,
                    "end": 10179,
                    "name": "PUSH",
                    "source": 2,
                    "value": "0"
                  },
                  {
                    "begin": 10159,
                    "end": 10180,
                    "name": "PUSH",
                    "source": 2,
                    "value": "FFFFFFFFFFFFFFFFFFFFFFFFFFFFFFFFFFFFFFFF"
                  },
                  {
                    "begin": 10159,
                    "end": 10180,
                    "name": "AND",
                    "source": 2
                  },
                  {
                    "begin": 10159,
                    "end": 10166,
                    "name": "DUP4",
                    "source": 2
                  },
                  {
                    "begin": 10159,
                    "end": 10180,
                    "name": "PUSH",
                    "source": 2,
                    "value": "FFFFFFFFFFFFFFFFFFFFFFFFFFFFFFFFFFFFFFFF"
                  },
                  {
                    "begin": 10159,
                    "end": 10180,
                    "name": "AND",
                    "source": 2
                  },
                  {
                    "begin": 10159,
                    "end": 10180,
                    "name": "SUB",
                    "source": 2
                  },
                  {
                    "begin": 10155,
                    "end": 10245,
                    "name": "PUSH [tag]",
                    "source": 2,
                    "value": "164"
                  },
                  {
                    "begin": 10155,
                    "end": 10245,
                    "name": "JUMPI",
                    "source": 2
                  },
                  {
                    "begin": 10231,
                    "end": 10232,
                    "name": "PUSH",
                    "source": 2,
                    "value": "0"
                  },
                  {
                    "begin": 10203,
                    "end": 10234,
                    "name": "PUSH",
                    "source": 2,
                    "value": "40"
                  },
                  {
                    "begin": 10203,
                    "end": 10234,
                    "name": "MLOAD",
                    "source": 2
                  },
                  {
                    "begin": 10203,
                    "end": 10234,
                    "name": "PUSH",
                    "source": 2,
                    "value": "94280D6200000000000000000000000000000000000000000000000000000000"
                  },
                  {
                    "begin": 10203,
                    "end": 10234,
                    "name": "DUP2",
                    "source": 2
                  },
                  {
                    "begin": 10203,
                    "end": 10234,
                    "name": "MSTORE",
                    "source": 2
                  },
                  {
                    "begin": 10203,
                    "end": 10234,
                    "name": "PUSH",
                    "source": 2,
                    "value": "4"
                  },
                  {
                    "begin": 10203,
                    "end": 10234,
                    "name": "ADD",
                    "source": 2
                  },
                  {
                    "begin": 10203,
                    "end": 10234,
                    "name": "PUSH [tag]",
                    "source": 2,
                    "value": "165"
                  },
                  {
                    "begin": 10203,
                    "end": 10234,
                    "name": "SWAP2",
                    "source": 2
                  },
                  {
                    "begin": 10203,
                    "end": 10234,
                    "name": "SWAP1",
                    "source": 2
                  },
                  {
                    "begin": 10203,
                    "end": 10234,
                    "name": "PUSH [tag]",
                    "source": 2,
                    "value": "60"
                  },
                  {
                    "begin": 10203,
                    "end": 10234,
                    "jumpType": "[in]",
                    "name": "JUMP",
                    "source": 2
                  },
                  {
                    "begin": 10203,
                    "end": 10234,
                    "name": "tag",
                    "source": 2,
                    "value": "165"
                  },
                  {
                    "begin": 10203,
                    "end": 10234,
                    "name": "JUMPDEST",
                    "source": 2
                  },
                  {
                    "begin": 10203,
                    "end": 10234,
                    "name": "PUSH",
                    "source": 2,
                    "value": "40"
                  },
                  {
                    "begin": 10203,
                    "end": 10234,
                    "name": "MLOAD",
                    "source": 2
                  },
                  {
                    "begin": 10203,
                    "end": 10234,
                    "name": "DUP1",
                    "source": 2
                  },
                  {
                    "begin": 10203,
                    "end": 10234,
                    "name": "SWAP2",
                    "source": 2
                  },
                  {
                    "begin": 10203,
                    "end": 10234,
                    "name": "SUB",
                    "source": 2
                  },
                  {
                    "begin": 10203,
                    "end": 10234,
                    "name": "SWAP1",
                    "source": 2
                  },
                  {
                    "begin": 10203,
                    "end": 10234,
                    "name": "REVERT",
                    "source": 2
                  },
                  {
                    "begin": 10155,
                    "end": 10245,
                    "name": "tag",
                    "source": 2,
                    "value": "164"
                  },
                  {
                    "begin": 10155,
                    "end": 10245,
                    "name": "JUMPDEST",
                    "source": 2
                  },
                  {
                    "begin": 10284,
                    "end": 10289,
                    "name": "DUP2",
                    "source": 2
                  },
                  {
                    "begin": 10254,
                    "end": 10265,
                    "name": "PUSH",
                    "source": 2,
                    "value": "1"
                  },
                  {
                    "begin": 10254,
                    "end": 10272,
                    "name": "PUSH",
                    "source": 2,
                    "value": "0"
                  },
                  {
                    "begin": 10266,
                    "end": 10271,
                    "name": "DUP7",
                    "source": 2
                  },
                  {
                    "begin": 10254,
                    "end": 10272,
                    "name": "PUSH",
                    "source": 2,
                    "value": "FFFFFFFFFFFFFFFFFFFFFFFFFFFFFFFFFFFFFFFF"
                  },
                  {
                    "begin": 10254,
                    "end": 10272,
                    "name": "AND",
                    "source": 2
                  },
                  {
                    "begin": 10254,
                    "end": 10272,
                    "name": "PUSH",
                    "source": 2,
                    "value": "FFFFFFFFFFFFFFFFFFFFFFFFFFFFFFFFFFFFFFFF"
                  },
                  {
                    "begin": 10254,
                    "end": 10272,
                    "name": "AND",
                    "source": 2
                  },
                  {
                    "begin": 10254,
                    "end": 10272,
                    "name": "DUP2",
                    "source": 2
                  },
                  {
                    "begin": 10254,
                    "end": 10272,
                    "name": "MSTORE",
                    "source": 2
                  },
                  {
                    "begin": 10254,
                    "end": 10272,
                    "name": "PUSH",
                    "source": 2,
                    "value": "20"
                  },
                  {
                    "begin": 10254,
                    "end": 10272,
                    "name": "ADD",
                    "source": 2
                  },
                  {
                    "begin": 10254,
                    "end": 10272,
                    "name": "SWAP1",
                    "source": 2
                  },
                  {
                    "begin": 10254,
                    "end": 10272,
                    "name": "DUP2",
                    "source": 2
                  },
                  {
                    "begin": 10254,
                    "end": 10272,
                    "name": "MSTORE",
                    "source": 2
                  },
                  {
                    "begin": 10254,
                    "end": 10272,
                    "name": "PUSH",
                    "source": 2,
                    "value": "20"
                  },
                  {
                    "begin": 10254,
                    "end": 10272,
                    "name": "ADD",
                    "source": 2
                  },
                  {
                    "begin": 10254,
                    "end": 10272,
                    "name": "PUSH",
                    "source": 2,
                    "value": "0"
                  },
                  {
                    "begin": 10254,
                    "end": 10272,
                    "name": "KECCAK256",
                    "source": 2
                  },
                  {
                    "begin": 10254,
                    "end": 10281,
                    "name": "PUSH",
                    "source": 2,
                    "value": "0"
                  },
                  {
                    "begin": 10273,
                    "end": 10280,
                    "name": "DUP6",
                    "source": 2
                  },
                  {
                    "begin": 10254,
                    "end": 10281,
                    "name": "PUSH",
                    "source": 2,
                    "value": "FFFFFFFFFFFFFFFFFFFFFFFFFFFFFFFFFFFFFFFF"
                  },
                  {
                    "begin": 10254,
                    "end": 10281,
                    "name": "AND",
                    "source": 2
                  },
                  {
                    "begin": 10254,
                    "end": 10281,
                    "name": "PUSH",
                    "source": 2,
                    "value": "FFFFFFFFFFFFFFFFFFFFFFFFFFFFFFFFFFFFFFFF"
                  },
                  {
                    "begin": 10254,
                    "end": 10281,
                    "name": "AND",
                    "source": 2
                  },
                  {
                    "begin": 10254,
                    "end": 10281,
                    "name": "DUP2",
                    "source": 2
                  },
                  {
                    "begin": 10254,
                    "end": 10281,
                    "name": "MSTORE",
                    "source": 2
                  },
                  {
                    "begin": 10254,
                    "end": 10281,
                    "name": "PUSH",
                    "source": 2,
                    "value": "20"
                  },
                  {
                    "begin": 10254,
                    "end": 10281,
                    "name": "ADD",
                    "source": 2
                  },
                  {
                    "begin": 10254,
                    "end": 10281,
                    "name": "SWAP1",
                    "source": 2
                  },
                  {
                    "begin": 10254,
                    "end": 10281,
                    "name": "DUP2",
                    "source": 2
                  },
                  {
                    "begin": 10254,
                    "end": 10281,
                    "name": "MSTORE",
                    "source": 2
                  },
                  {
                    "begin": 10254,
                    "end": 10281,
                    "name": "PUSH",
                    "source": 2,
                    "value": "20"
                  },
                  {
                    "begin": 10254,
                    "end": 10281,
                    "name": "ADD",
                    "source": 2
                  },
                  {
                    "begin": 10254,
                    "end": 10281,
                    "name": "PUSH",
                    "source": 2,
                    "value": "0"
                  },
                  {
                    "begin": 10254,
                    "end": 10281,
                    "name": "KECCAK256",
                    "source": 2
                  },
                  {
                    "begin": 10254,
                    "end": 10289,
                    "name": "DUP2",
                    "source": 2
                  },
                  {
                    "begin": 10254,
                    "end": 10289,
                    "name": "SWAP1",
                    "source": 2
                  },
                  {
                    "begin": 10254,
                    "end": 10289,
                    "name": "SSTORE",
                    "source": 2
                  },
                  {
                    "begin": 10254,
                    "end": 10289,
                    "name": "POP",
                    "source": 2
                  },
                  {
                    "begin": 10303,
                    "end": 10312,
                    "name": "DUP1",
                    "source": 2
                  },
                  {
                    "begin": 10299,
                    "end": 10375,
                    "name": "ISZERO",
                    "source": 2
                  },
                  {
                    "begin": 10299,
                    "end": 10375,
                    "name": "PUSH [tag]",
                    "source": 2,
                    "value": "166"
                  },
                  {
                    "begin": 10299,
                    "end": 10375,
                    "name": "JUMPI",
                    "source": 2
                  },
                  {
                    "begin": 10349,
                    "end": 10356,
                    "name": "DUP3",
                    "source": 2
                  },
                  {
                    "begin": 10333,
                    "end": 10364,
                    "name": "PUSH",
                    "source": 2,
                    "value": "FFFFFFFFFFFFFFFFFFFFFFFFFFFFFFFFFFFFFFFF"
                  },
                  {
                    "begin": 10333,
                    "end": 10364,
                    "name": "AND",
                    "source": 2
                  },
                  {
                    "begin": 10342,
                    "end": 10347,
                    "name": "DUP5",
                    "source": 2
                  },
                  {
                    "begin": 10333,
                    "end": 10364,
                    "name": "PUSH",
                    "source": 2,
                    "value": "FFFFFFFFFFFFFFFFFFFFFFFFFFFFFFFFFFFFFFFF"
                  },
                  {
                    "begin": 10333,
                    "end": 10364,
                    "name": "AND",
                    "source": 2
                  },
                  {
                    "begin": 10333,
                    "end": 10364,
                    "name": "PUSH",
                    "source": 2,
                    "value": "8C5BE1E5EBEC7D5BD14F71427D1E84F3DD0314C0F7B2291E5B200AC8C7C3B925"
                  },
                  {
                    "begin": 10358,
                    "end": 10363,
                    "name": "DUP5",
                    "source": 2
                  },
                  {
                    "begin": 10333,
                    "end": 10364,
                    "name": "PUSH",
                    "source": 2,
                    "value": "40"
                  },
                  {
                    "begin": 10333,
                    "end": 10364,
                    "name": "MLOAD",
                    "source": 2
                  },
                  {
                    "begin": 10333,
                    "end": 10364,
                    "name": "PUSH [tag]",
                    "source": 2,
                    "value": "167"
                  },
                  {
                    "begin": 10333,
                    "end": 10364,
                    "name": "SWAP2",
                    "source": 2
                  },
                  {
                    "begin": 10333,
                    "end": 10364,
                    "name": "SWAP1",
                    "source": 2
                  },
                  {
                    "begin": 10333,
                    "end": 10364,
                    "name": "PUSH [tag]",
                    "source": 2,
                    "value": "33"
                  },
                  {
                    "begin": 10333,
                    "end": 10364,
                    "jumpType": "[in]",
                    "name": "JUMP",
                    "source": 2
                  },
                  {
                    "begin": 10333,
                    "end": 10364,
                    "name": "tag",
                    "source": 2,
                    "value": "167"
                  },
                  {
                    "begin": 10333,
                    "end": 10364,
                    "name": "JUMPDEST",
                    "source": 2
                  },
                  {
                    "begin": 10333,
                    "end": 10364,
                    "name": "PUSH",
                    "source": 2,
                    "value": "40"
                  },
                  {
                    "begin": 10333,
                    "end": 10364,
                    "name": "MLOAD",
                    "source": 2
                  },
                  {
                    "begin": 10333,
                    "end": 10364,
                    "name": "DUP1",
                    "source": 2
                  },
                  {
                    "begin": 10333,
                    "end": 10364,
                    "name": "SWAP2",
                    "source": 2
                  },
                  {
                    "begin": 10333,
                    "end": 10364,
                    "name": "SUB",
                    "source": 2
                  },
                  {
                    "begin": 10333,
                    "end": 10364,
                    "name": "SWAP1",
                    "source": 2
                  },
                  {
                    "begin": 10333,
                    "end": 10364,
                    "name": "LOG3",
                    "source": 2
                  },
                  {
                    "begin": 10299,
                    "end": 10375,
                    "name": "tag",
                    "source": 2,
                    "value": "166"
                  },
                  {
                    "begin": 10299,
                    "end": 10375,
                    "name": "JUMPDEST",
                    "source": 2
                  },
                  {
                    "begin": 9949,
                    "end": 10381,
                    "name": "POP",
                    "source": 2
                  },
                  {
                    "begin": 9949,
                    "end": 10381,
                    "name": "POP",
                    "source": 2
                  },
                  {
                    "begin": 9949,
                    "end": 10381,
                    "name": "POP",
                    "source": 2
                  },
                  {
                    "begin": 9949,
                    "end": 10381,
                    "name": "POP",
                    "source": 2
                  },
                  {
                    "begin": 9949,
                    "end": 10381,
                    "jumpType": "[out]",
                    "name": "JUMP",
                    "source": 2
                  },
                  {
                    "begin": 6271,
                    "end": 7378,
                    "name": "tag",
                    "source": 2,
                    "value": "145"
                  },
                  {
                    "begin": 6271,
                    "end": 7378,
                    "name": "JUMPDEST",
                    "source": 2
                  },
                  {
                    "begin": 6376,
                    "end": 6377,
                    "name": "PUSH",
                    "source": 2,
                    "value": "0"
                  },
                  {
                    "begin": 6360,
                    "end": 6378,
                    "name": "PUSH",
                    "source": 2,
                    "value": "FFFFFFFFFFFFFFFFFFFFFFFFFFFFFFFFFFFFFFFF"
                  },
                  {
                    "begin": 6360,
                    "end": 6378,
                    "name": "AND",
                    "source": 2
                  },
                  {
                    "begin": 6360,
                    "end": 6364,
                    "name": "DUP4",
                    "source": 2
                  },
                  {
                    "begin": 6360,
                    "end": 6378,
                    "name": "PUSH",
                    "source": 2,
                    "value": "FFFFFFFFFFFFFFFFFFFFFFFFFFFFFFFFFFFFFFFF"
                  },
                  {
                    "begin": 6360,
                    "end": 6378,
                    "name": "AND",
                    "source": 2
                  },
                  {
                    "begin": 6360,
                    "end": 6378,
                    "name": "SUB",
                    "source": 2
                  },
                  {
                    "begin": 6356,
                    "end": 6896,
                    "name": "PUSH [tag]",
                    "source": 2,
                    "value": "169"
                  },
                  {
                    "begin": 6356,
                    "end": 6896,
                    "name": "JUMPI",
                    "source": 2
                  },
                  {
                    "begin": 6512,
                    "end": 6517,
                    "name": "DUP1",
                    "source": 2
                  },
                  {
                    "begin": 6496,
                    "end": 6508,
                    "name": "PUSH",
                    "source": 2,
                    "value": "2"
                  },
                  {
                    "begin": 6496,
                    "end": 6508,
                    "name": "PUSH",
                    "source": 2,
                    "value": "0"
                  },
                  {
                    "begin": 6496,
                    "end": 6517,
                    "name": "DUP3",
                    "source": 2
                  },
                  {
                    "begin": 6496,
                    "end": 6517,
                    "name": "DUP3",
                    "source": 2
                  },
                  {
                    "begin": 6496,
                    "end": 6517,
                    "name": "SLOAD",
                    "source": 2
                  },
                  {
                    "begin": 6496,
                    "end": 6517,
                    "name": "PUSH [tag]",
                    "source": 2,
                    "value": "170"
                  },
                  {
                    "begin": 6496,
                    "end": 6517,
                    "name": "SWAP2",
                    "source": 2
                  },
                  {
                    "begin": 6496,
                    "end": 6517,
                    "name": "SWAP1",
                    "source": 2
                  },
                  {
                    "begin": 6496,
                    "end": 6517,
                    "name": "PUSH [tag]",
                    "source": 2,
                    "value": "171"
                  },
                  {
                    "begin": 6496,
                    "end": 6517,
                    "jumpType": "[in]",
                    "name": "JUMP",
                    "source": 2
                  },
                  {
                    "begin": 6496,
                    "end": 6517,
                    "name": "tag",
                    "source": 2,
                    "value": "170"
                  },
                  {
                    "begin": 6496,
                    "end": 6517,
                    "name": "JUMPDEST",
                    "source": 2
                  },
                  {
                    "begin": 6496,
                    "end": 6517,
                    "name": "SWAP3",
                    "source": 2
                  },
                  {
                    "begin": 6496,
                    "end": 6517,
                    "name": "POP",
                    "source": 2
                  },
                  {
                    "begin": 6496,
                    "end": 6517,
                    "name": "POP",
                    "source": 2
                  },
                  {
                    "begin": 6496,
                    "end": 6517,
                    "name": "DUP2",
                    "source": 2
                  },
                  {
                    "begin": 6496,
                    "end": 6517,
                    "name": "SWAP1",
                    "source": 2
                  },
                  {
                    "begin": 6496,
                    "end": 6517,
                    "name": "SSTORE",
                    "source": 2
                  },
                  {
                    "begin": 6496,
                    "end": 6517,
                    "name": "POP",
                    "source": 2
                  },
                  {
                    "begin": 6356,
                    "end": 6896,
                    "name": "PUSH [tag]",
                    "source": 2,
                    "value": "172"
                  },
                  {
                    "begin": 6356,
                    "end": 6896,
                    "name": "JUMP",
                    "source": 2
                  },
                  {
                    "begin": 6356,
                    "end": 6896,
                    "name": "tag",
                    "source": 2,
                    "value": "169"
                  },
                  {
                    "begin": 6356,
                    "end": 6896,
                    "name": "JUMPDEST",
                    "source": 2
                  },
                  {
                    "begin": 6548,
                    "end": 6567,
                    "name": "PUSH",
                    "source": 2,
                    "value": "0"
                  },
                  {
                    "begin": 6570,
                    "end": 6579,
                    "name": "PUSH",
                    "source": 2,
                    "value": "0"
                  },
                  {
                    "begin": 6570,
                    "end": 6585,
                    "name": "PUSH",
                    "source": 2,
                    "value": "0"
                  },
                  {
                    "begin": 6580,
                    "end": 6584,
                    "name": "DUP6",
                    "source": 2
                  },
                  {
                    "begin": 6570,
                    "end": 6585,
                    "name": "PUSH",
                    "source": 2,
                    "value": "FFFFFFFFFFFFFFFFFFFFFFFFFFFFFFFFFFFFFFFF"
                  },
                  {
                    "begin": 6570,
                    "end": 6585,
                    "name": "AND",
                    "source": 2
                  },
                  {
                    "begin": 6570,
                    "end": 6585,
                    "name": "PUSH",
                    "source": 2,
                    "value": "FFFFFFFFFFFFFFFFFFFFFFFFFFFFFFFFFFFFFFFF"
                  },
                  {
                    "begin": 6570,
                    "end": 6585,
                    "name": "AND",
                    "source": 2
                  },
                  {
                    "begin": 6570,
                    "end": 6585,
                    "name": "DUP2",
                    "source": 2
                  },
                  {
                    "begin": 6570,
                    "end": 6585,
                    "name": "MSTORE",
                    "source": 2
                  },
                  {
                    "begin": 6570,
                    "end": 6585,
                    "name": "PUSH",
                    "source": 2,
                    "value": "20"
                  },
                  {
                    "begin": 6570,
                    "end": 6585,
                    "name": "ADD",
                    "source": 2
                  },
                  {
                    "begin": 6570,
                    "end": 6585,
                    "name": "SWAP1",
                    "source": 2
                  },
                  {
                    "begin": 6570,
                    "end": 6585,
                    "name": "DUP2",
                    "source": 2
                  },
                  {
                    "begin": 6570,
                    "end": 6585,
                    "name": "MSTORE",
                    "source": 2
                  },
                  {
                    "begin": 6570,
                    "end": 6585,
                    "name": "PUSH",
                    "source": 2,
                    "value": "20"
                  },
                  {
                    "begin": 6570,
                    "end": 6585,
                    "name": "ADD",
                    "source": 2
                  },
                  {
                    "begin": 6570,
                    "end": 6585,
                    "name": "PUSH",
                    "source": 2,
                    "value": "0"
                  },
                  {
                    "begin": 6570,
                    "end": 6585,
                    "name": "KECCAK256",
                    "source": 2
                  },
                  {
                    "begin": 6570,
                    "end": 6585,
                    "name": "SLOAD",
                    "source": 2
                  },
                  {
                    "begin": 6548,
                    "end": 6585,
                    "name": "SWAP1",
                    "source": 2
                  },
                  {
                    "begin": 6548,
                    "end": 6585,
                    "name": "POP",
                    "source": 2
                  },
                  {
                    "begin": 6617,
                    "end": 6622,
                    "name": "DUP2",
                    "source": 2
                  },
                  {
                    "begin": 6603,
                    "end": 6614,
                    "name": "DUP2",
                    "source": 2
                  },
                  {
                    "begin": 6603,
                    "end": 6622,
                    "name": "LT",
                    "source": 2
                  },
                  {
                    "begin": 6599,
                    "end": 6714,
                    "name": "ISZERO",
                    "source": 2
                  },
                  {
                    "begin": 6599,
                    "end": 6714,
                    "name": "PUSH [tag]",
                    "source": 2,
                    "value": "173"
                  },
                  {
                    "begin": 6599,
                    "end": 6714,
                    "name": "JUMPI",
                    "source": 2
                  },
                  {
                    "begin": 6674,
                    "end": 6678,
                    "name": "DUP4",
                    "source": 2
                  },
                  {
                    "begin": 6680,
                    "end": 6691,
                    "name": "DUP2",
                    "source": 2
                  },
                  {
                    "begin": 6693,
                    "end": 6698,
                    "name": "DUP4",
                    "source": 2
                  },
                  {
                    "begin": 6649,
                    "end": 6699,
                    "name": "PUSH",
                    "source": 2,
                    "value": "40"
                  },
                  {
                    "begin": 6649,
                    "end": 6699,
                    "name": "MLOAD",
                    "source": 2
                  },
                  {
                    "begin": 6649,
                    "end": 6699,
                    "name": "PUSH",
                    "source": 2,
                    "value": "E450D38C00000000000000000000000000000000000000000000000000000000"
                  },
                  {
                    "begin": 6649,
                    "end": 6699,
                    "name": "DUP2",
                    "source": 2
                  },
                  {
                    "begin": 6649,
                    "end": 6699,
                    "name": "MSTORE",
                    "source": 2
                  },
                  {
                    "begin": 6649,
                    "end": 6699,
                    "name": "PUSH",
                    "source": 2,
                    "value": "4"
                  },
                  {
                    "begin": 6649,
                    "end": 6699,
                    "name": "ADD",
                    "source": 2
                  },
                  {
                    "begin": 6649,
                    "end": 6699,
                    "name": "PUSH [tag]",
                    "source": 2,
                    "value": "174"
                  },
                  {
                    "begin": 6649,
                    "end": 6699,
                    "name": "SWAP4",
                    "source": 2
                  },
                  {
                    "begin": 6649,
                    "end": 6699,
                    "name": "SWAP3",
                    "source": 2
                  },
                  {
                    "begin": 6649,
                    "end": 6699,
                    "name": "SWAP2",
                    "source": 2
                  },
                  {
                    "begin": 6649,
                    "end": 6699,
                    "name": "SWAP1",
                    "source": 2
                  },
                  {
                    "begin": 6649,
                    "end": 6699,
                    "name": "PUSH [tag]",
                    "source": 2,
                    "value": "137"
                  },
                  {
                    "begin": 6649,
                    "end": 6699,
                    "jumpType": "[in]",
                    "name": "JUMP",
                    "source": 2
                  },
                  {
                    "begin": 6649,
                    "end": 6699,
                    "name": "tag",
                    "source": 2,
                    "value": "174"
                  },
                  {
                    "begin": 6649,
                    "end": 6699,
                    "name": "JUMPDEST",
                    "source": 2
                  },
                  {
                    "begin": 6649,
                    "end": 6699,
                    "name": "PUSH",
                    "source": 2,
                    "value": "40"
                  },
                  {
                    "begin": 6649,
                    "end": 6699,
                    "name": "MLOAD",
                    "source": 2
                  },
                  {
                    "begin": 6649,
                    "end": 6699,
                    "name": "DUP1",
                    "source": 2
                  },
                  {
                    "begin": 6649,
                    "end": 6699,
                    "name": "SWAP2",
                    "source": 2
                  },
                  {
                    "begin": 6649,
                    "end": 6699,
                    "name": "SUB",
                    "source": 2
                  },
                  {
                    "begin": 6649,
                    "end": 6699,
                    "name": "SWAP1",
                    "source": 2
                  },
                  {
                    "begin": 6649,
                    "end": 6699,
                    "name": "REVERT",
                    "source": 2
                  },
                  {
                    "begin": 6599,
                    "end": 6714,
                    "name": "tag",
                    "source": 2,
                    "value": "173"
                  },
                  {
                    "begin": 6599,
                    "end": 6714,
                    "name": "JUMPDEST",
                    "source": 2
                  },
                  {
                    "begin": 6866,
                    "end": 6871,
                    "name": "DUP2",
                    "source": 2
                  },
                  {
                    "begin": 6852,
                    "end": 6863,
                    "name": "DUP2",
                    "source": 2
                  },
                  {
                    "begin": 6852,
                    "end": 6871,
                    "name": "SUB",
                    "source": 2
                  },
                  {
                    "begin": 6834,
                    "end": 6843,
                    "name": "PUSH",
                    "source": 2,
                    "value": "0"
                  },
                  {
                    "begin": 6834,
                    "end": 6849,
                    "name": "PUSH",
                    "source": 2,
                    "value": "0"
                  },
                  {
                    "begin": 6844,
                    "end": 6848,
                    "name": "DUP7",
                    "source": 2
                  },
                  {
                    "begin": 6834,
                    "end": 6849,
                    "name": "PUSH",
                    "source": 2,
                    "value": "FFFFFFFFFFFFFFFFFFFFFFFFFFFFFFFFFFFFFFFF"
                  },
                  {
                    "begin": 6834,
                    "end": 6849,
                    "name": "AND",
                    "source": 2
                  },
                  {
                    "begin": 6834,
                    "end": 6849,
                    "name": "PUSH",
                    "source": 2,
                    "value": "FFFFFFFFFFFFFFFFFFFFFFFFFFFFFFFFFFFFFFFF"
                  },
                  {
                    "begin": 6834,
                    "end": 6849,
                    "name": "AND",
                    "source": 2
                  },
                  {
                    "begin": 6834,
                    "end": 6849,
                    "name": "DUP2",
                    "source": 2
                  },
                  {
                    "begin": 6834,
                    "end": 6849,
                    "name": "MSTORE",
                    "source": 2
                  },
                  {
                    "begin": 6834,
                    "end": 6849,
                    "name": "PUSH",
                    "source": 2,
                    "value": "20"
                  },
                  {
                    "begin": 6834,
                    "end": 6849,
                    "name": "ADD",
                    "source": 2
                  },
                  {
                    "begin": 6834,
                    "end": 6849,
                    "name": "SWAP1",
                    "source": 2
                  },
                  {
                    "begin": 6834,
                    "end": 6849,
                    "name": "DUP2",
                    "source": 2
                  },
                  {
                    "begin": 6834,
                    "end": 6849,
                    "name": "MSTORE",
                    "source": 2
                  },
                  {
                    "begin": 6834,
                    "end": 6849,
                    "name": "PUSH",
                    "source": 2,
                    "value": "20"
                  },
                  {
                    "begin": 6834,
                    "end": 6849,
                    "name": "ADD",
                    "source": 2
                  },
                  {
                    "begin": 6834,
                    "end": 6849,
                    "name": "PUSH",
                    "source": 2,
                    "value": "0"
                  },
                  {
                    "begin": 6834,
                    "end": 6849,
                    "name": "KECCAK256",
                    "source": 2
                  },
                  {
                    "begin": 6834,
                    "end": 6871,
                    "name": "DUP2",
                    "source": 2
                  },
                  {
                    "begin": 6834,
                    "end": 6871,
                    "name": "SWAP1",
                    "source": 2
                  },
                  {
                    "begin": 6834,
                    "end": 6871,
                    "name": "SSTORE",
                    "source": 2
                  },
                  {
                    "begin": 6834,
                    "end": 6871,
                    "name": "POP",
                    "source": 2
                  },
                  {
                    "begin": 6534,
                    "end": 6896,
                    "name": "POP",
                    "source": 2
                  },
                  {
                    "begin": 6356,
                    "end": 6896,
                    "name": "tag",
                    "source": 2,
                    "value": "172"
                  },
                  {
                    "begin": 6356,
                    "end": 6896,
                    "name": "JUMPDEST",
                    "source": 2
                  },
                  {
                    "begin": 6924,
                    "end": 6925,
                    "name": "PUSH",
                    "source": 2,
                    "value": "0"
                  },
                  {
                    "begin": 6910,
                    "end": 6926,
                    "name": "PUSH",
                    "source": 2,
                    "value": "FFFFFFFFFFFFFFFFFFFFFFFFFFFFFFFFFFFFFFFF"
                  },
                  {
                    "begin": 6910,
                    "end": 6926,
                    "name": "AND",
                    "source": 2
                  },
                  {
                    "begin": 6910,
                    "end": 6912,
                    "name": "DUP3",
                    "source": 2
                  },
                  {
                    "begin": 6910,
                    "end": 6926,
                    "name": "PUSH",
                    "source": 2,
                    "value": "FFFFFFFFFFFFFFFFFFFFFFFFFFFFFFFFFFFFFFFF"
                  },
                  {
                    "begin": 6910,
                    "end": 6926,
                    "name": "AND",
                    "source": 2
                  },
                  {
                    "begin": 6910,
                    "end": 6926,
                    "name": "SUB",
                    "source": 2
                  },
                  {
                    "begin": 6906,
                    "end": 7331,
                    "name": "PUSH [tag]",
                    "source": 2,
                    "value": "175"
                  },
                  {
                    "begin": 6906,
                    "end": 7331,
                    "name": "JUMPI",
                    "source": 2
                  },
                  {
                    "begin": 7089,
                    "end": 7094,
                    "name": "DUP1",
                    "source": 2
                  },
                  {
                    "begin": 7073,
                    "end": 7085,
                    "name": "PUSH",
                    "source": 2,
                    "value": "2"
                  },
                  {
                    "begin": 7073,
                    "end": 7085,
                    "name": "PUSH",
                    "source": 2,
                    "value": "0"
                  },
                  {
                    "begin": 7073,
                    "end": 7094,
                    "name": "DUP3",
                    "source": 2
                  },
                  {
                    "begin": 7073,
                    "end": 7094,
                    "name": "DUP3",
                    "source": 2
                  },
                  {
                    "begin": 7073,
                    "end": 7094,
                    "name": "SLOAD",
                    "source": 2
                  },
                  {
                    "begin": 7073,
                    "end": 7094,
                    "name": "SUB",
                    "source": 2
                  },
                  {
                    "begin": 7073,
                    "end": 7094,
                    "name": "SWAP3",
                    "source": 2
                  },
                  {
                    "begin": 7073,
                    "end": 7094,
                    "name": "POP",
                    "source": 2
                  },
                  {
                    "begin": 7073,
                    "end": 7094,
                    "name": "POP",
                    "source": 2
                  },
                  {
                    "begin": 7073,
                    "end": 7094,
                    "name": "DUP2",
                    "source": 2
                  },
                  {
                    "begin": 7073,
                    "end": 7094,
                    "name": "SWAP1",
                    "source": 2
                  },
                  {
                    "begin": 7073,
                    "end": 7094,
                    "name": "SSTORE",
                    "source": 2
                  },
                  {
                    "begin": 7073,
                    "end": 7094,
                    "name": "POP",
                    "source": 2
                  },
                  {
                    "begin": 6906,
                    "end": 7331,
                    "name": "PUSH [tag]",
                    "source": 2,
                    "value": "176"
                  },
                  {
                    "begin": 6906,
                    "end": 7331,
                    "name": "JUMP",
                    "source": 2
                  },
                  {
                    "begin": 6906,
                    "end": 7331,
                    "name": "tag",
                    "source": 2,
                    "value": "175"
                  },
                  {
                    "begin": 6906,
                    "end": 7331,
                    "name": "JUMPDEST",
                    "source": 2
                  },
                  {
                    "begin": 7301,
                    "end": 7306,
                    "name": "DUP1",
                    "source": 2
                  },
                  {
                    "begin": 7284,
                    "end": 7293,
                    "name": "PUSH",
                    "source": 2,
                    "value": "0"
                  },
                  {
                    "begin": 7284,
                    "end": 7297,
                    "name": "PUSH",
                    "source": 2,
                    "value": "0"
                  },
                  {
                    "begin": 7294,
                    "end": 7296,
                    "name": "DUP5",
                    "source": 2
                  },
                  {
                    "begin": 7284,
                    "end": 7297,
                    "name": "PUSH",
                    "source": 2,
                    "value": "FFFFFFFFFFFFFFFFFFFFFFFFFFFFFFFFFFFFFFFF"
                  },
                  {
                    "begin": 7284,
                    "end": 7297,
                    "name": "AND",
                    "source": 2
                  },
                  {
                    "begin": 7284,
                    "end": 7297,
                    "name": "PUSH",
                    "source": 2,
                    "value": "FFFFFFFFFFFFFFFFFFFFFFFFFFFFFFFFFFFFFFFF"
                  },
                  {
                    "begin": 7284,
                    "end": 7297,
                    "name": "AND",
                    "source": 2
                  },
                  {
                    "begin": 7284,
                    "end": 7297,
                    "name": "DUP2",
                    "source": 2
                  },
                  {
                    "begin": 7284,
                    "end": 7297,
                    "name": "MSTORE",
                    "source": 2
                  },
                  {
                    "begin": 7284,
                    "end": 7297,
                    "name": "PUSH",
                    "source": 2,
                    "value": "20"
                  },
                  {
                    "begin": 7284,
                    "end": 7297,
                    "name": "ADD",
                    "source": 2
                  },
                  {
                    "begin": 7284,
                    "end": 7297,
                    "name": "SWAP1",
                    "source": 2
                  },
                  {
                    "begin": 7284,
                    "end": 7297,
                    "name": "DUP2",
                    "source": 2
                  },
                  {
                    "begin": 7284,
                    "end": 7297,
                    "name": "MSTORE",
                    "source": 2
                  },
                  {
                    "begin": 7284,
                    "end": 7297,
                    "name": "PUSH",
                    "source": 2,
                    "value": "20"
                  },
                  {
                    "begin": 7284,
                    "end": 7297,
                    "name": "ADD",
                    "source": 2
                  },
                  {
                    "begin": 7284,
                    "end": 7297,
                    "name": "PUSH",
                    "source": 2,
                    "value": "0"
                  },
                  {
                    "begin": 7284,
                    "end": 7297,
                    "name": "KECCAK256",
                    "source": 2
                  },
                  {
                    "begin": 7284,
                    "end": 7297,
                    "name": "PUSH",
                    "source": 2,
                    "value": "0"
                  },
                  {
                    "begin": 7284,
                    "end": 7306,
                    "name": "DUP3",
                    "source": 2
                  },
                  {
                    "begin": 7284,
                    "end": 7306,
                    "name": "DUP3",
                    "source": 2
                  },
                  {
                    "begin": 7284,
                    "end": 7306,
                    "name": "SLOAD",
                    "source": 2
                  },
                  {
                    "begin": 7284,
                    "end": 7306,
                    "name": "ADD",
                    "source": 2
                  },
                  {
                    "begin": 7284,
                    "end": 7306,
                    "name": "SWAP3",
                    "source": 2
                  },
                  {
                    "begin": 7284,
                    "end": 7306,
                    "name": "POP",
                    "source": 2
                  },
                  {
                    "begin": 7284,
                    "end": 7306,
                    "name": "POP",
                    "source": 2
                  },
                  {
                    "begin": 7284,
                    "end": 7306,
                    "name": "DUP2",
                    "source": 2
                  },
                  {
                    "begin": 7284,
                    "end": 7306,
                    "name": "SWAP1",
                    "source": 2
                  },
                  {
                    "begin": 7284,
                    "end": 7306,
                    "name": "SSTORE",
                    "source": 2
                  },
                  {
                    "begin": 7284,
                    "end": 7306,
                    "name": "POP",
                    "source": 2
                  },
                  {
                    "begin": 6906,
                    "end": 7331,
                    "name": "tag",
                    "source": 2,
                    "value": "176"
                  },
                  {
                    "begin": 6906,
                    "end": 7331,
                    "name": "JUMPDEST",
                    "source": 2
                  },
                  {
                    "begin": 7361,
                    "end": 7363,
                    "name": "DUP2",
                    "source": 2
                  },
                  {
                    "begin": 7346,
                    "end": 7371,
                    "name": "PUSH",
                    "source": 2,
                    "value": "FFFFFFFFFFFFFFFFFFFFFFFFFFFFFFFFFFFFFFFF"
                  },
                  {
                    "begin": 7346,
                    "end": 7371,
                    "name": "AND",
                    "source": 2
                  },
                  {
                    "begin": 7355,
                    "end": 7359,
                    "name": "DUP4",
                    "source": 2
                  },
                  {
                    "begin": 7346,
                    "end": 7371,
                    "name": "PUSH",
                    "source": 2,
                    "value": "FFFFFFFFFFFFFFFFFFFFFFFFFFFFFFFFFFFFFFFF"
                  },
                  {
                    "begin": 7346,
                    "end": 7371,
                    "name": "AND",
                    "source": 2
                  },
                  {
                    "begin": 7346,
                    "end": 7371,
                    "name": "PUSH",
                    "source": 2,
                    "value": "DDF252AD1BE2C89B69C2B068FC378DAA952BA7F163C4A11628F55A4DF523B3EF"
                  },
                  {
                    "begin": 7365,
                    "end": 7370,
                    "name": "DUP4",
                    "source": 2
                  },
                  {
                    "begin": 7346,
                    "end": 7371,
                    "name": "PUSH",
                    "source": 2,
                    "value": "40"
                  },
                  {
                    "begin": 7346,
                    "end": 7371,
                    "name": "MLOAD",
                    "source": 2
                  },
                  {
                    "begin": 7346,
                    "end": 7371,
                    "name": "PUSH [tag]",
                    "source": 2,
                    "value": "177"
                  },
                  {
                    "begin": 7346,
                    "end": 7371,
                    "name": "SWAP2",
                    "source": 2
                  },
                  {
                    "begin": 7346,
                    "end": 7371,
                    "name": "SWAP1",
                    "source": 2
                  },
                  {
                    "begin": 7346,
                    "end": 7371,
                    "name": "PUSH [tag]",
                    "source": 2,
                    "value": "33"
                  },
                  {
                    "begin": 7346,
                    "end": 7371,
                    "jumpType": "[in]",
                    "name": "JUMP",
                    "source": 2
                  },
                  {
                    "begin": 7346,
                    "end": 7371,
                    "name": "tag",
                    "source": 2,
                    "value": "177"
                  },
                  {
                    "begin": 7346,
                    "end": 7371,
                    "name": "JUMPDEST",
                    "source": 2
                  },
                  {
                    "begin": 7346,
                    "end": 7371,
                    "name": "PUSH",
                    "source": 2,
                    "value": "40"
                  },
                  {
                    "begin": 7346,
                    "end": 7371,
                    "name": "MLOAD",
                    "source": 2
                  },
                  {
                    "begin": 7346,
                    "end": 7371,
                    "name": "DUP1",
                    "source": 2
                  },
                  {
                    "begin": 7346,
                    "end": 7371,
                    "name": "SWAP2",
                    "source": 2
                  },
                  {
                    "begin": 7346,
                    "end": 7371,
                    "name": "SUB",
                    "source": 2
                  },
                  {
                    "begin": 7346,
                    "end": 7371,
                    "name": "SWAP1",
                    "source": 2
                  },
                  {
                    "begin": 7346,
                    "end": 7371,
                    "name": "LOG3",
                    "source": 2
                  },
                  {
                    "begin": 6271,
                    "end": 7378,
                    "name": "POP",
                    "source": 2
                  },
                  {
                    "begin": 6271,
                    "end": 7378,
                    "name": "POP",
                    "source": 2
                  },
                  {
                    "begin": 6271,
                    "end": 7378,
                    "name": "POP",
                    "source": 2
                  },
                  {
                    "begin": 6271,
                    "end": 7378,
                    "jumpType": "[out]",
                    "name": "JUMP",
                    "source": 2
                  },
                  {
                    "begin": 7,
                    "end": 106,
                    "name": "tag",
                    "source": 7,
                    "value": "178"
                  },
                  {
                    "begin": 7,
                    "end": 106,
                    "name": "JUMPDEST",
                    "source": 7
                  },
                  {
                    "begin": 59,
                    "end": 65,
                    "name": "PUSH",
                    "source": 7,
                    "value": "0"
                  },
                  {
                    "begin": 93,
                    "end": 98,
                    "name": "DUP2",
                    "source": 7
                  },
                  {
                    "begin": 87,
                    "end": 99,
                    "name": "MLOAD",
                    "source": 7
                  },
                  {
                    "begin": 77,
                    "end": 99,
                    "name": "SWAP1",
                    "source": 7
                  },
                  {
                    "begin": 77,
                    "end": 99,
                    "name": "POP",
                    "source": 7
                  },
                  {
                    "begin": 7,
                    "end": 106,
                    "name": "SWAP2",
                    "source": 7
                  },
                  {
                    "begin": 7,
                    "end": 106,
                    "name": "SWAP1",
                    "source": 7
                  },
                  {
                    "begin": 7,
                    "end": 106,
                    "name": "POP",
                    "source": 7
                  },
                  {
                    "begin": 7,
                    "end": 106,
                    "jumpType": "[out]",
                    "name": "JUMP",
                    "source": 7
                  },
                  {
                    "begin": 112,
                    "end": 281,
                    "name": "tag",
                    "source": 7,
                    "value": "179"
                  },
                  {
                    "begin": 112,
                    "end": 281,
                    "name": "JUMPDEST",
                    "source": 7
                  },
                  {
                    "begin": 196,
                    "end": 207,
                    "name": "PUSH",
                    "source": 7,
                    "value": "0"
                  },
                  {
                    "begin": 230,
                    "end": 236,
                    "name": "DUP3",
                    "source": 7
                  },
                  {
                    "begin": 225,
                    "end": 228,
                    "name": "DUP3",
                    "source": 7
                  },
                  {
                    "begin": 218,
                    "end": 237,
                    "name": "MSTORE",
                    "source": 7
                  },
                  {
                    "begin": 270,
                    "end": 274,
                    "name": "PUSH",
                    "source": 7,
                    "value": "20"
                  },
                  {
                    "begin": 265,
                    "end": 268,
                    "name": "DUP3",
                    "source": 7
                  },
                  {
                    "begin": 261,
                    "end": 275,
                    "name": "ADD",
                    "source": 7
                  },
                  {
                    "begin": 246,
                    "end": 275,
                    "name": "SWAP1",
                    "source": 7
                  },
                  {
                    "begin": 246,
                    "end": 275,
                    "name": "POP",
                    "source": 7
                  },
                  {
                    "begin": 112,
                    "end": 281,
                    "name": "SWAP3",
                    "source": 7
                  },
                  {
                    "begin": 112,
                    "end": 281,
                    "name": "SWAP2",
                    "source": 7
                  },
                  {
                    "begin": 112,
                    "end": 281,
                    "name": "POP",
                    "source": 7
                  },
                  {
                    "begin": 112,
                    "end": 281,
                    "name": "POP",
                    "source": 7
                  },
                  {
                    "begin": 112,
                    "end": 281,
                    "jumpType": "[out]",
                    "name": "JUMP",
                    "source": 7
                  },
                  {
                    "begin": 287,
                    "end": 426,
                    "name": "tag",
                    "source": 7,
                    "value": "180"
                  },
                  {
                    "begin": 287,
                    "end": 426,
                    "name": "JUMPDEST",
                    "source": 7
                  },
                  {
                    "begin": 376,
                    "end": 382,
                    "name": "DUP3",
                    "source": 7
                  },
                  {
                    "begin": 371,
                    "end": 374,
                    "name": "DUP2",
                    "source": 7
                  },
                  {
                    "begin": 366,
                    "end": 369,
                    "name": "DUP4",
                    "source": 7
                  },
                  {
                    "begin": 360,
                    "end": 383,
                    "name": "MCOPY",
                    "source": 7
                  },
                  {
                    "begin": 417,
                    "end": 418,
                    "name": "PUSH",
                    "source": 7,
                    "value": "0"
                  },
                  {
                    "begin": 408,
                    "end": 414,
                    "name": "DUP4",
                    "source": 7
                  },
                  {
                    "begin": 403,
                    "end": 406,
                    "name": "DUP4",
                    "source": 7
                  },
                  {
                    "begin": 399,
                    "end": 415,
                    "name": "ADD",
                    "source": 7
                  },
                  {
                    "begin": 392,
                    "end": 419,
                    "name": "MSTORE",
                    "source": 7
                  },
                  {
                    "begin": 287,
                    "end": 426,
                    "name": "POP",
                    "source": 7
                  },
                  {
                    "begin": 287,
                    "end": 426,
                    "name": "POP",
                    "source": 7
                  },
                  {
                    "begin": 287,
                    "end": 426,
                    "name": "POP",
                    "source": 7
                  },
                  {
                    "begin": 287,
                    "end": 426,
                    "jumpType": "[out]",
                    "name": "JUMP",
                    "source": 7
                  },
                  {
                    "begin": 432,
                    "end": 534,
                    "name": "tag",
                    "source": 7,
                    "value": "181"
                  },
                  {
                    "begin": 432,
                    "end": 534,
                    "name": "JUMPDEST",
                    "source": 7
                  },
                  {
                    "begin": 473,
                    "end": 479,
                    "name": "PUSH",
                    "source": 7,
                    "value": "0"
                  },
                  {
                    "begin": 524,
                    "end": 526,
                    "name": "PUSH",
                    "source": 7,
                    "value": "1F"
                  },
                  {
                    "begin": 520,
                    "end": 527,
                    "name": "NOT",
                    "source": 7
                  },
                  {
                    "begin": 515,
                    "end": 517,
                    "name": "PUSH",
                    "source": 7,
                    "value": "1F"
                  },
                  {
                    "begin": 508,
                    "end": 513,
                    "name": "DUP4",
                    "source": 7
                  },
                  {
                    "begin": 504,
                    "end": 518,
                    "name": "ADD",
                    "source": 7
                  },
                  {
                    "begin": 500,
                    "end": 528,
                    "name": "AND",
                    "source": 7
                  },
                  {
                    "begin": 490,
                    "end": 528,
                    "name": "SWAP1",
                    "source": 7
                  },
                  {
                    "begin": 490,
                    "end": 528,
                    "name": "POP",
                    "source": 7
                  },
                  {
                    "begin": 432,
                    "end": 534,
                    "name": "SWAP2",
                    "source": 7
                  },
                  {
                    "begin": 432,
                    "end": 534,
                    "name": "SWAP1",
                    "source": 7
                  },
                  {
                    "begin": 432,
                    "end": 534,
                    "name": "POP",
                    "source": 7
                  },
                  {
                    "begin": 432,
                    "end": 534,
                    "jumpType": "[out]",
                    "name": "JUMP",
                    "source": 7
                  },
                  {
                    "begin": 540,
                    "end": 917,
                    "name": "tag",
                    "source": 7,
                    "value": "182"
                  },
                  {
                    "begin": 540,
                    "end": 917,
                    "name": "JUMPDEST",
                    "source": 7
                  },
                  {
                    "begin": 628,
                    "end": 631,
                    "name": "PUSH",
                    "source": 7,
                    "value": "0"
                  },
                  {
                    "begin": 656,
                    "end": 695,
                    "name": "PUSH [tag]",
                    "source": 7,
                    "value": "207"
                  },
                  {
                    "begin": 689,
                    "end": 694,
                    "name": "DUP3",
                    "source": 7
                  },
                  {
                    "begin": 656,
                    "end": 695,
                    "name": "PUSH [tag]",
                    "source": 7,
                    "value": "178"
                  },
                  {
                    "begin": 656,
                    "end": 695,
                    "jumpType": "[in]",
                    "name": "JUMP",
                    "source": 7
                  },
                  {
                    "begin": 656,
                    "end": 695,
                    "name": "tag",
                    "source": 7,
                    "value": "207"
                  },
                  {
                    "begin": 656,
                    "end": 695,
                    "name": "JUMPDEST",
                    "source": 7
                  },
                  {
                    "begin": 711,
                    "end": 782,
                    "name": "PUSH [tag]",
                    "source": 7,
                    "value": "208"
                  },
                  {
                    "begin": 775,
                    "end": 781,
                    "name": "DUP2",
                    "source": 7
                  },
                  {
                    "begin": 770,
                    "end": 773,
                    "name": "DUP6",
                    "source": 7
                  },
                  {
                    "begin": 711,
                    "end": 782,
                    "name": "PUSH [tag]",
                    "source": 7,
                    "value": "179"
                  },
                  {
                    "begin": 711,
                    "end": 782,
                    "jumpType": "[in]",
                    "name": "JUMP",
                    "source": 7
                  },
                  {
                    "begin": 711,
                    "end": 782,
                    "name": "tag",
                    "source": 7,
                    "value": "208"
                  },
                  {
                    "begin": 711,
                    "end": 782,
                    "name": "JUMPDEST",
                    "source": 7
                  },
                  {
                    "begin": 704,
                    "end": 782,
                    "name": "SWAP4",
                    "source": 7
                  },
                  {
                    "begin": 704,
                    "end": 782,
                    "name": "POP",
                    "source": 7
                  },
                  {
                    "begin": 791,
                    "end": 856,
                    "name": "PUSH [tag]",
                    "source": 7,
                    "value": "209"
                  },
                  {
                    "begin": 849,
                    "end": 855,
                    "name": "DUP2",
                    "source": 7
                  },
                  {
                    "begin": 844,
                    "end": 847,
                    "name": "DUP6",
                    "source": 7
                  },
                  {
                    "begin": 837,
                    "end": 841,
                    "name": "PUSH",
                    "source": 7,
                    "value": "20"
                  },
                  {
                    "begin": 830,
                    "end": 835,
                    "name": "DUP7",
                    "source": 7
                  },
                  {
                    "begin": 826,
                    "end": 842,
                    "name": "ADD",
                    "source": 7
                  },
                  {
                    "begin": 791,
                    "end": 856,
                    "name": "PUSH [tag]",
                    "source": 7,
                    "value": "180"
                  },
                  {
                    "begin": 791,
                    "end": 856,
                    "jumpType": "[in]",
                    "name": "JUMP",
                    "source": 7
                  },
                  {
                    "begin": 791,
                    "end": 856,
                    "name": "tag",
                    "source": 7,
                    "value": "209"
                  },
                  {
                    "begin": 791,
                    "end": 856,
                    "name": "JUMPDEST",
                    "source": 7
                  },
                  {
                    "begin": 881,
                    "end": 910,
                    "name": "PUSH [tag]",
                    "source": 7,
                    "value": "210"
                  },
                  {
                    "begin": 903,
                    "end": 909,
                    "name": "DUP2",
                    "source": 7
                  },
                  {
                    "begin": 881,
                    "end": 910,
                    "name": "PUSH [tag]",
                    "source": 7,
                    "value": "181"
                  },
                  {
                    "begin": 881,
                    "end": 910,
                    "jumpType": "[in]",
                    "name": "JUMP",
                    "source": 7
                  },
                  {
                    "begin": 881,
                    "end": 910,
                    "name": "tag",
                    "source": 7,
                    "value": "210"
                  },
                  {
                    "begin": 881,
                    "end": 910,
                    "name": "JUMPDEST",
                    "source": 7
                  },
                  {
                    "begin": 876,
                    "end": 879,
                    "name": "DUP5",
                    "source": 7
                  },
                  {
                    "begin": 872,
                    "end": 911,
                    "name": "ADD",
                    "source": 7
                  },
                  {
                    "begin": 865,
                    "end": 911,
                    "name": "SWAP2",
                    "source": 7
                  },
                  {
                    "begin": 865,
                    "end": 911,
                    "name": "POP",
                    "source": 7
                  },
                  {
                    "begin": 632,
                    "end": 917,
                    "name": "POP",
                    "source": 7
                  },
                  {
                    "begin": 540,
                    "end": 917,
                    "name": "SWAP3",
                    "source": 7
                  },
                  {
                    "begin": 540,
                    "end": 917,
                    "name": "SWAP2",
                    "source": 7
                  },
                  {
                    "begin": 540,
                    "end": 917,
                    "name": "POP",
                    "source": 7
                  },
                  {
                    "begin": 540,
                    "end": 917,
                    "name": "POP",
                    "source": 7
                  },
                  {
                    "begin": 540,
                    "end": 917,
                    "jumpType": "[out]",
                    "name": "JUMP",
                    "source": 7
                  },
                  {
                    "begin": 923,
                    "end": 1236,
                    "name": "tag",
                    "source": 7,
                    "value": "23"
                  },
                  {
                    "begin": 923,
                    "end": 1236,
                    "name": "JUMPDEST",
                    "source": 7
                  },
                  {
                    "begin": 1036,
                    "end": 1040,
                    "name": "PUSH",
                    "source": 7,
                    "value": "0"
                  },
                  {
                    "begin": 1074,
                    "end": 1076,
                    "name": "PUSH",
                    "source": 7,
                    "value": "20"
                  },
                  {
                    "begin": 1063,
                    "end": 1072,
                    "name": "DUP3",
                    "source": 7
                  },
                  {
                    "begin": 1059,
                    "end": 1077,
                    "name": "ADD",
                    "source": 7
                  },
                  {
                    "begin": 1051,
                    "end": 1077,
                    "name": "SWAP1",
                    "source": 7
                  },
                  {
                    "begin": 1051,
                    "end": 1077,
                    "name": "POP",
                    "source": 7
                  },
                  {
                    "begin": 1123,
                    "end": 1132,
                    "name": "DUP2",
                    "source": 7
                  },
                  {
                    "begin": 1117,
                    "end": 1121,
                    "name": "DUP2",
                    "source": 7
                  },
                  {
                    "begin": 1113,
                    "end": 1133,
                    "name": "SUB",
                    "source": 7
                  },
                  {
                    "begin": 1109,
                    "end": 1110,
                    "name": "PUSH",
                    "source": 7,
                    "value": "0"
                  },
                  {
                    "begin": 1098,
                    "end": 1107,
                    "name": "DUP4",
                    "source": 7
                  },
                  {
                    "begin": 1094,
                    "end": 1111,
                    "name": "ADD",
                    "source": 7
                  },
                  {
                    "begin": 1087,
                    "end": 1134,
                    "name": "MSTORE",
                    "source": 7
                  },
                  {
                    "begin": 1151,
                    "end": 1229,
                    "name": "PUSH [tag]",
                    "source": 7,
                    "value": "212"
                  },
                  {
                    "begin": 1224,
                    "end": 1228,
                    "name": "DUP2",
                    "source": 7
                  },
                  {
                    "begin": 1215,
                    "end": 1221,
                    "name": "DUP5",
                    "source": 7
                  },
                  {
                    "begin": 1151,
                    "end": 1229,
                    "name": "PUSH [tag]",
                    "source": 7,
                    "value": "182"
                  },
                  {
                    "begin": 1151,
                    "end": 1229,
                    "jumpType": "[in]",
                    "name": "JUMP",
                    "source": 7
                  },
                  {
                    "begin": 1151,
                    "end": 1229,
                    "name": "tag",
                    "source": 7,
                    "value": "212"
                  },
                  {
                    "begin": 1151,
                    "end": 1229,
                    "name": "JUMPDEST",
                    "source": 7
                  },
                  {
                    "begin": 1143,
                    "end": 1229,
                    "name": "SWAP1",
                    "source": 7
                  },
                  {
                    "begin": 1143,
                    "end": 1229,
                    "name": "POP",
                    "source": 7
                  },
                  {
                    "begin": 923,
                    "end": 1236,
                    "name": "SWAP3",
                    "source": 7
                  },
                  {
                    "begin": 923,
                    "end": 1236,
                    "name": "SWAP2",
                    "source": 7
                  },
                  {
                    "begin": 923,
                    "end": 1236,
                    "name": "POP",
                    "source": 7
                  },
                  {
                    "begin": 923,
                    "end": 1236,
                    "name": "POP",
                    "source": 7
                  },
                  {
                    "begin": 923,
                    "end": 1236,
                    "jumpType": "[out]",
                    "name": "JUMP",
                    "source": 7
                  },
                  {
                    "begin": 1323,
                    "end": 1440,
                    "name": "tag",
                    "source": 7,
                    "value": "184"
                  },
                  {
                    "begin": 1323,
                    "end": 1440,
                    "name": "JUMPDEST",
                    "source": 7
                  },
                  {
                    "begin": 1432,
                    "end": 1433,
                    "name": "PUSH",
                    "source": 7,
                    "value": "0"
                  },
                  {
                    "begin": 1429,
                    "end": 1430,
                    "name": "PUSH",
                    "source": 7,
                    "value": "0"
                  },
                  {
                    "begin": 1422,
                    "end": 1434,
                    "name": "REVERT",
                    "source": 7
                  },
                  {
                    "begin": 1569,
                    "end": 1695,
                    "name": "tag",
                    "source": 7,
                    "value": "186"
                  },
                  {
                    "begin": 1569,
                    "end": 1695,
                    "name": "JUMPDEST",
                    "source": 7
                  },
                  {
                    "begin": 1606,
                    "end": 1613,
                    "name": "PUSH",
                    "source": 7,
                    "value": "0"
                  },
                  {
                    "begin": 1646,
                    "end": 1688,
                    "name": "PUSH",
                    "source": 7,
                    "value": "FFFFFFFFFFFFFFFFFFFFFFFFFFFFFFFFFFFFFFFF"
                  },
                  {
                    "begin": 1639,
                    "end": 1644,
                    "name": "DUP3",
                    "source": 7
                  },
                  {
                    "begin": 1635,
                    "end": 1689,
                    "name": "AND",
                    "source": 7
                  },
                  {
                    "begin": 1624,
                    "end": 1689,
                    "name": "SWAP1",
                    "source": 7
                  },
                  {
                    "begin": 1624,
                    "end": 1689,
                    "name": "POP",
                    "source": 7
                  },
                  {
                    "begin": 1569,
                    "end": 1695,
                    "name": "SWAP2",
                    "source": 7
                  },
                  {
                    "begin": 1569,
                    "end": 1695,
                    "name": "SWAP1",
                    "source": 7
                  },
                  {
                    "begin": 1569,
                    "end": 1695,
                    "name": "POP",
                    "source": 7
                  },
                  {
                    "begin": 1569,
                    "end": 1695,
                    "jumpType": "[out]",
                    "name": "JUMP",
                    "source": 7
                  },
                  {
                    "begin": 1701,
                    "end": 1797,
                    "name": "tag",
                    "source": 7,
                    "value": "187"
                  },
                  {
                    "begin": 1701,
                    "end": 1797,
                    "name": "JUMPDEST",
                    "source": 7
                  },
                  {
                    "begin": 1738,
                    "end": 1745,
                    "name": "PUSH",
                    "source": 7,
                    "value": "0"
                  },
                  {
                    "begin": 1767,
                    "end": 1791,
                    "name": "PUSH [tag]",
                    "source": 7,
                    "value": "218"
                  },
                  {
                    "begin": 1785,
                    "end": 1790,
                    "name": "DUP3",
                    "source": 7
                  },
                  {
                    "begin": 1767,
                    "end": 1791,
                    "name": "PUSH [tag]",
                    "source": 7,
                    "value": "186"
                  },
                  {
                    "begin": 1767,
                    "end": 1791,
                    "jumpType": "[in]",
                    "name": "JUMP",
                    "source": 7
                  },
                  {
                    "begin": 1767,
                    "end": 1791,
                    "name": "tag",
                    "source": 7,
                    "value": "218"
                  },
                  {
                    "begin": 1767,
                    "end": 1791,
                    "name": "JUMPDEST",
                    "source": 7
                  },
                  {
                    "begin": 1756,
                    "end": 1791,
                    "name": "SWAP1",
                    "source": 7
                  },
                  {
                    "begin": 1756,
                    "end": 1791,
                    "name": "POP",
                    "source": 7
                  },
                  {
                    "begin": 1701,
                    "end": 1797,
                    "name": "SWAP2",
                    "source": 7
                  },
                  {
                    "begin": 1701,
                    "end": 1797,
                    "name": "SWAP1",
                    "source": 7
                  },
                  {
                    "begin": 1701,
                    "end": 1797,
                    "name": "POP",
                    "source": 7
                  },
                  {
                    "begin": 1701,
                    "end": 1797,
                    "jumpType": "[out]",
                    "name": "JUMP",
                    "source": 7
                  },
                  {
                    "begin": 1803,
                    "end": 1925,
                    "name": "tag",
                    "source": 7,
                    "value": "188"
                  },
                  {
                    "begin": 1803,
                    "end": 1925,
                    "name": "JUMPDEST",
                    "source": 7
                  },
                  {
                    "begin": 1876,
                    "end": 1900,
                    "name": "PUSH [tag]",
                    "source": 7,
                    "value": "220"
                  },
                  {
                    "begin": 1894,
                    "end": 1899,
                    "name": "DUP2",
                    "source": 7
                  },
                  {
                    "begin": 1876,
                    "end": 1900,
                    "name": "PUSH [tag]",
                    "source": 7,
                    "value": "187"
                  },
                  {
                    "begin": 1876,
                    "end": 1900,
                    "jumpType": "[in]",
                    "name": "JUMP",
                    "source": 7
                  },
                  {
                    "begin": 1876,
                    "end": 1900,
                    "name": "tag",
                    "source": 7,
                    "value": "220"
                  },
                  {
                    "begin": 1876,
                    "end": 1900,
                    "name": "JUMPDEST",
                    "source": 7
                  },
                  {
                    "begin": 1869,
                    "end": 1874,
                    "name": "DUP2",
                    "source": 7
                  },
                  {
                    "begin": 1866,
                    "end": 1901,
                    "name": "EQ",
                    "source": 7
                  },
                  {
                    "begin": 1856,
                    "end": 1919,
                    "name": "PUSH [tag]",
                    "source": 7,
                    "value": "221"
                  },
                  {
                    "begin": 1856,
                    "end": 1919,
                    "name": "JUMPI",
                    "source": 7
                  },
                  {
                    "begin": 1915,
                    "end": 1916,
                    "name": "PUSH",
                    "source": 7,
                    "value": "0"
                  },
                  {
                    "begin": 1912,
                    "end": 1913,
                    "name": "PUSH",
                    "source": 7,
                    "value": "0"
                  },
                  {
                    "begin": 1905,
                    "end": 1917,
                    "name": "REVERT",
                    "source": 7
                  },
                  {
                    "begin": 1856,
                    "end": 1919,
                    "name": "tag",
                    "source": 7,
                    "value": "221"
                  },
                  {
                    "begin": 1856,
                    "end": 1919,
                    "name": "JUMPDEST",
                    "source": 7
                  },
                  {
                    "begin": 1803,
                    "end": 1925,
                    "name": "POP",
                    "source": 7
                  },
                  {
                    "begin": 1803,
                    "end": 1925,
                    "jumpType": "[out]",
                    "name": "JUMP",
                    "source": 7
                  },
                  {
                    "begin": 1931,
                    "end": 2070,
                    "name": "tag",
                    "source": 7,
                    "value": "189"
                  },
                  {
                    "begin": 1931,
                    "end": 2070,
                    "name": "JUMPDEST",
                    "source": 7
                  },
                  {
                    "begin": 1977,
                    "end": 1982,
                    "name": "PUSH",
                    "source": 7,
                    "value": "0"
                  },
                  {
                    "begin": 2015,
                    "end": 2021,
                    "name": "DUP2",
                    "source": 7
                  },
                  {
                    "begin": 2002,
                    "end": 2022,
                    "name": "CALLDATALOAD",
                    "source": 7
                  },
                  {
                    "begin": 1993,
                    "end": 2022,
                    "name": "SWAP1",
                    "source": 7
                  },
                  {
                    "begin": 1993,
                    "end": 2022,
                    "name": "POP",
                    "source": 7
                  },
                  {
                    "begin": 2031,
                    "end": 2064,
                    "name": "PUSH [tag]",
                    "source": 7,
                    "value": "223"
                  },
                  {
                    "begin": 2058,
                    "end": 2063,
                    "name": "DUP2",
                    "source": 7
                  },
                  {
                    "begin": 2031,
                    "end": 2064,
                    "name": "PUSH [tag]",
                    "source": 7,
                    "value": "188"
                  },
                  {
                    "begin": 2031,
                    "end": 2064,
                    "jumpType": "[in]",
                    "name": "JUMP",
                    "source": 7
                  },
                  {
                    "begin": 2031,
                    "end": 2064,
                    "name": "tag",
                    "source": 7,
                    "value": "223"
                  },
                  {
                    "begin": 2031,
                    "end": 2064,
                    "name": "JUMPDEST",
                    "source": 7
                  },
                  {
                    "begin": 1931,
                    "end": 2070,
                    "name": "SWAP3",
                    "source": 7
                  },
                  {
                    "begin": 1931,
                    "end": 2070,
                    "name": "SWAP2",
                    "source": 7
                  },
                  {
                    "begin": 1931,
                    "end": 2070,
                    "name": "POP",
                    "source": 7
                  },
                  {
                    "begin": 1931,
                    "end": 2070,
                    "name": "POP",
                    "source": 7
                  },
                  {
                    "begin": 1931,
                    "end": 2070,
                    "jumpType": "[out]",
                    "name": "JUMP",
                    "source": 7
                  },
                  {
                    "begin": 2076,
                    "end": 2153,
                    "name": "tag",
                    "source": 7,
                    "value": "190"
                  },
                  {
                    "begin": 2076,
                    "end": 2153,
                    "name": "JUMPDEST",
                    "source": 7
                  },
                  {
                    "begin": 2113,
                    "end": 2120,
                    "name": "PUSH",
                    "source": 7,
                    "value": "0"
                  },
                  {
                    "begin": 2142,
                    "end": 2147,
                    "name": "DUP2",
                    "source": 7
                  },
                  {
                    "begin": 2131,
                    "end": 2147,
                    "name": "SWAP1",
                    "source": 7
                  },
                  {
                    "begin": 2131,
                    "end": 2147,
                    "name": "POP",
                    "source": 7
                  },
                  {
                    "begin": 2076,
                    "end": 2153,
                    "name": "SWAP2",
                    "source": 7
                  },
                  {
                    "begin": 2076,
                    "end": 2153,
                    "name": "SWAP1",
                    "source": 7
                  },
                  {
                    "begin": 2076,
                    "end": 2153,
                    "name": "POP",
                    "source": 7
                  },
                  {
                    "begin": 2076,
                    "end": 2153,
                    "jumpType": "[out]",
                    "name": "JUMP",
                    "source": 7
                  },
                  {
                    "begin": 2159,
                    "end": 2281,
                    "name": "tag",
                    "source": 7,
                    "value": "191"
                  },
                  {
                    "begin": 2159,
                    "end": 2281,
                    "name": "JUMPDEST",
                    "source": 7
                  },
                  {
                    "begin": 2232,
                    "end": 2256,
                    "name": "PUSH [tag]",
                    "source": 7,
                    "value": "226"
                  },
                  {
                    "begin": 2250,
                    "end": 2255,
                    "name": "DUP2",
                    "source": 7
                  },
                  {
                    "begin": 2232,
                    "end": 2256,
                    "name": "PUSH [tag]",
                    "source": 7,
                    "value": "190"
                  },
                  {
                    "begin": 2232,
                    "end": 2256,
                    "jumpType": "[in]",
                    "name": "JUMP",
                    "source": 7
                  },
                  {
                    "begin": 2232,
                    "end": 2256,
                    "name": "tag",
                    "source": 7,
                    "value": "226"
                  },
                  {
                    "begin": 2232,
                    "end": 2256,
                    "name": "JUMPDEST",
                    "source": 7
                  },
                  {
                    "begin": 2225,
                    "end": 2230,
                    "name": "DUP2",
                    "source": 7
                  },
                  {
                    "begin": 2222,
                    "end": 2257,
                    "name": "EQ",
                    "source": 7
                  },
                  {
                    "begin": 2212,
                    "end": 2275,
                    "name": "PUSH [tag]",
                    "source": 7,
                    "value": "227"
                  },
                  {
                    "begin": 2212,
                    "end": 2275,
                    "name": "JUMPI",
                    "source": 7
                  },
                  {
                    "begin": 2271,
                    "end": 2272,
                    "name": "PUSH",
                    "source": 7,
                    "value": "0"
                  },
                  {
                    "begin": 2268,
                    "end": 2269,
                    "name": "PUSH",
                    "source": 7,
                    "value": "0"
                  },
                  {
                    "begin": 2261,
                    "end": 2273,
                    "name": "REVERT",
                    "source": 7
                  },
                  {
                    "begin": 2212,
                    "end": 2275,
                    "name": "tag",
                    "source": 7,
                    "value": "227"
                  },
                  {
                    "begin": 2212,
                    "end": 2275,
                    "name": "JUMPDEST",
                    "source": 7
                  },
                  {
                    "begin": 2159,
                    "end": 2281,
                    "name": "POP",
                    "source": 7
                  },
                  {
                    "begin": 2159,
                    "end": 2281,
                    "jumpType": "[out]",
                    "name": "JUMP",
                    "source": 7
                  },
                  {
                    "begin": 2287,
                    "end": 2426,
                    "name": "tag",
                    "source": 7,
                    "value": "192"
                  },
                  {
                    "begin": 2287,
                    "end": 2426,
                    "name": "JUMPDEST",
                    "source": 7
                  },
                  {
                    "begin": 2333,
                    "end": 2338,
                    "name": "PUSH",
                    "source": 7,
                    "value": "0"
                  },
                  {
                    "begin": 2371,
                    "end": 2377,
                    "name": "DUP2",
                    "source": 7
                  },
                  {
                    "begin": 2358,
                    "end": 2378,
                    "name": "CALLDATALOAD",
                    "source": 7
                  },
                  {
                    "begin": 2349,
                    "end": 2378,
                    "name": "SWAP1",
                    "source": 7
                  },
                  {
                    "begin": 2349,
                    "end": 2378,
                    "name": "POP",
                    "source": 7
                  },
                  {
                    "begin": 2387,
                    "end": 2420,
                    "name": "PUSH [tag]",
                    "source": 7,
                    "value": "229"
                  },
                  {
                    "begin": 2414,
                    "end": 2419,
                    "name": "DUP2",
                    "source": 7
                  },
                  {
                    "begin": 2387,
                    "end": 2420,
                    "name": "PUSH [tag]",
                    "source": 7,
                    "value": "191"
                  },
                  {
                    "begin": 2387,
                    "end": 2420,
                    "jumpType": "[in]",
                    "name": "JUMP",
                    "source": 7
                  },
                  {
                    "begin": 2387,
                    "end": 2420,
                    "name": "tag",
                    "source": 7,
                    "value": "229"
                  },
                  {
                    "begin": 2387,
                    "end": 2420,
                    "name": "JUMPDEST",
                    "source": 7
                  },
                  {
                    "begin": 2287,
                    "end": 2426,
                    "name": "SWAP3",
                    "source": 7
                  },
                  {
                    "begin": 2287,
                    "end": 2426,
                    "name": "SWAP2",
                    "source": 7
                  },
                  {
                    "begin": 2287,
                    "end": 2426,
                    "name": "POP",
                    "source": 7
                  },
                  {
                    "begin": 2287,
                    "end": 2426,
                    "name": "POP",
                    "source": 7
                  },
                  {
                    "begin": 2287,
                    "end": 2426,
                    "jumpType": "[out]",
                    "name": "JUMP",
                    "source": 7
                  },
                  {
                    "begin": 2432,
                    "end": 2906,
                    "name": "tag",
                    "source": 7,
                    "value": "26"
                  },
                  {
                    "begin": 2432,
                    "end": 2906,
                    "name": "JUMPDEST",
                    "source": 7
                  },
                  {
                    "begin": 2500,
                    "end": 2506,
                    "name": "PUSH",
                    "source": 7,
                    "value": "0"
                  },
                  {
                    "begin": 2508,
                    "end": 2514,
                    "name": "PUSH",
                    "source": 7,
                    "value": "0"
                  },
                  {
                    "begin": 2557,
                    "end": 2559,
                    "name": "PUSH",
                    "source": 7,
                    "value": "40"
                  },
                  {
                    "begin": 2545,
                    "end": 2554,
                    "name": "DUP4",
                    "source": 7
                  },
                  {
                    "begin": 2536,
                    "end": 2543,
                    "name": "DUP6",
                    "source": 7
                  },
                  {
                    "begin": 2532,
                    "end": 2555,
                    "name": "SUB",
                    "source": 7
                  },
                  {
                    "begin": 2528,
                    "end": 2560,
                    "name": "SLT",
                    "source": 7
                  },
                  {
                    "begin": 2525,
                    "end": 2644,
                    "name": "ISZERO",
                    "source": 7
                  },
                  {
                    "begin": 2525,
                    "end": 2644,
                    "name": "PUSH [tag]",
                    "source": 7,
                    "value": "231"
                  },
                  {
                    "begin": 2525,
                    "end": 2644,
                    "name": "JUMPI",
                    "source": 7
                  },
                  {
                    "begin": 2563,
                    "end": 2642,
                    "name": "PUSH [tag]",
                    "source": 7,
                    "value": "232"
                  },
                  {
                    "begin": 2563,
                    "end": 2642,
                    "name": "PUSH [tag]",
                    "source": 7,
                    "value": "184"
                  },
                  {
                    "begin": 2563,
                    "end": 2642,
                    "jumpType": "[in]",
                    "name": "JUMP",
                    "source": 7
                  },
                  {
                    "begin": 2563,
                    "end": 2642,
                    "name": "tag",
                    "source": 7,
                    "value": "232"
                  },
                  {
                    "begin": 2563,
                    "end": 2642,
                    "name": "JUMPDEST",
                    "source": 7
                  },
                  {
                    "begin": 2525,
                    "end": 2644,
                    "name": "tag",
                    "source": 7,
                    "value": "231"
                  },
                  {
                    "begin": 2525,
                    "end": 2644,
                    "name": "JUMPDEST",
                    "source": 7
                  },
                  {
                    "begin": 2683,
                    "end": 2684,
                    "name": "PUSH",
                    "source": 7,
                    "value": "0"
                  },
                  {
                    "begin": 2708,
                    "end": 2761,
                    "name": "PUSH [tag]",
                    "source": 7,
                    "value": "233"
                  },
                  {
                    "begin": 2753,
                    "end": 2760,
                    "name": "DUP6",
                    "source": 7
                  },
                  {
                    "begin": 2744,
                    "end": 2750,
                    "name": "DUP3",
                    "source": 7
                  },
                  {
                    "begin": 2733,
                    "end": 2742,
                    "name": "DUP7",
                    "source": 7
                  },
                  {
                    "begin": 2729,
                    "end": 2751,
                    "name": "ADD",
                    "source": 7
                  },
                  {
                    "begin": 2708,
                    "end": 2761,
                    "name": "PUSH [tag]",
                    "source": 7,
                    "value": "189"
                  },
                  {
                    "begin": 2708,
                    "end": 2761,
                    "jumpType": "[in]",
                    "name": "JUMP",
                    "source": 7
                  },
                  {
                    "begin": 2708,
                    "end": 2761,
                    "name": "tag",
                    "source": 7,
                    "value": "233"
                  },
                  {
                    "begin": 2708,
                    "end": 2761,
                    "name": "JUMPDEST",
                    "source": 7
                  },
                  {
                    "begin": 2698,
                    "end": 2761,
                    "name": "SWAP3",
                    "source": 7
                  },
                  {
                    "begin": 2698,
                    "end": 2761,
                    "name": "POP",
                    "source": 7
                  },
                  {
                    "begin": 2654,
                    "end": 2771,
                    "name": "POP",
                    "source": 7
                  },
                  {
                    "begin": 2810,
                    "end": 2812,
                    "name": "PUSH",
                    "source": 7,
                    "value": "20"
                  },
                  {
                    "begin": 2836,
                    "end": 2889,
                    "name": "PUSH [tag]",
                    "source": 7,
                    "value": "234"
                  },
                  {
                    "begin": 2881,
                    "end": 2888,
                    "name": "DUP6",
                    "source": 7
                  },
                  {
                    "begin": 2872,
                    "end": 2878,
                    "name": "DUP3",
                    "source": 7
                  },
                  {
                    "begin": 2861,
                    "end": 2870,
                    "name": "DUP7",
                    "source": 7
                  },
                  {
                    "begin": 2857,
                    "end": 2879,
                    "name": "ADD",
                    "source": 7
                  },
                  {
                    "begin": 2836,
                    "end": 2889,
                    "name": "PUSH [tag]",
                    "source": 7,
                    "value": "192"
                  },
                  {
                    "begin": 2836,
                    "end": 2889,
                    "jumpType": "[in]",
                    "name": "JUMP",
                    "source": 7
                  },
                  {
                    "begin": 2836,
                    "end": 2889,
                    "name": "tag",
                    "source": 7,
                    "value": "234"
                  },
                  {
                    "begin": 2836,
                    "end": 2889,
                    "name": "JUMPDEST",
                    "source": 7
                  },
                  {
                    "begin": 2826,
                    "end": 2889,
                    "name": "SWAP2",
                    "source": 7
                  },
                  {
                    "begin": 2826,
                    "end": 2889,
                    "name": "POP",
                    "source": 7
                  },
                  {
                    "begin": 2781,
                    "end": 2899,
                    "name": "POP",
                    "source": 7
                  },
                  {
                    "begin": 2432,
                    "end": 2906,
                    "name": "SWAP3",
                    "source": 7
                  },
                  {
                    "begin": 2432,
                    "end": 2906,
                    "name": "POP",
                    "source": 7
                  },
                  {
                    "begin": 2432,
                    "end": 2906,
                    "name": "SWAP3",
                    "source": 7
                  },
                  {
                    "begin": 2432,
                    "end": 2906,
                    "name": "SWAP1",
                    "source": 7
                  },
                  {
                    "begin": 2432,
                    "end": 2906,
                    "name": "POP",
                    "source": 7
                  },
                  {
                    "begin": 2432,
                    "end": 2906,
                    "jumpType": "[out]",
                    "name": "JUMP",
                    "source": 7
                  },
                  {
                    "begin": 2912,
                    "end": 3002,
                    "name": "tag",
                    "source": 7,
                    "value": "193"
                  },
                  {
                    "begin": 2912,
                    "end": 3002,
                    "name": "JUMPDEST",
                    "source": 7
                  },
                  {
                    "begin": 2946,
                    "end": 2953,
                    "name": "PUSH",
                    "source": 7,
                    "value": "0"
                  },
                  {
                    "begin": 2989,
                    "end": 2994,
                    "name": "DUP2",
                    "source": 7
                  },
                  {
                    "begin": 2982,
                    "end": 2995,
                    "name": "ISZERO",
                    "source": 7
                  },
                  {
                    "begin": 2975,
                    "end": 2996,
                    "name": "ISZERO",
                    "source": 7
                  },
                  {
                    "begin": 2964,
                    "end": 2996,
                    "name": "SWAP1",
                    "source": 7
                  },
                  {
                    "begin": 2964,
                    "end": 2996,
                    "name": "POP",
                    "source": 7
                  },
                  {
                    "begin": 2912,
                    "end": 3002,
                    "name": "SWAP2",
                    "source": 7
                  },
                  {
                    "begin": 2912,
                    "end": 3002,
                    "name": "SWAP1",
                    "source": 7
                  },
                  {
                    "begin": 2912,
                    "end": 3002,
                    "name": "POP",
                    "source": 7
                  },
                  {
                    "begin": 2912,
                    "end": 3002,
                    "jumpType": "[out]",
                    "name": "JUMP",
                    "source": 7
                  },
                  {
                    "begin": 3008,
                    "end": 3117,
                    "name": "tag",
                    "source": 7,
                    "value": "194"
                  },
                  {
                    "begin": 3008,
                    "end": 3117,
                    "name": "JUMPDEST",
                    "source": 7
                  },
                  {
                    "begin": 3089,
                    "end": 3110,
                    "name": "PUSH [tag]",
                    "source": 7,
                    "value": "237"
                  },
                  {
                    "begin": 3104,
                    "end": 3109,
                    "name": "DUP2",
                    "source": 7
                  },
                  {
                    "begin": 3089,
                    "end": 3110,
                    "name": "PUSH [tag]",
                    "source": 7,
                    "value": "193"
                  },
                  {
                    "begin": 3089,
                    "end": 3110,
                    "jumpType": "[in]",
                    "name": "JUMP",
                    "source": 7
                  },
                  {
                    "begin": 3089,
                    "end": 3110,
                    "name": "tag",
                    "source": 7,
                    "value": "237"
                  },
                  {
                    "begin": 3089,
                    "end": 3110,
                    "name": "JUMPDEST",
                    "source": 7
                  },
                  {
                    "begin": 3084,
                    "end": 3087,
                    "name": "DUP3",
                    "source": 7
                  },
                  {
                    "begin": 3077,
                    "end": 3111,
                    "name": "MSTORE",
                    "source": 7
                  },
                  {
                    "begin": 3008,
                    "end": 3117,
                    "name": "POP",
                    "source": 7
                  },
                  {
                    "begin": 3008,
                    "end": 3117,
                    "name": "POP",
                    "source": 7
                  },
                  {
                    "begin": 3008,
                    "end": 3117,
                    "jumpType": "[out]",
                    "name": "JUMP",
                    "source": 7
                  },
                  {
                    "begin": 3123,
                    "end": 3333,
                    "name": "tag",
                    "source": 7,
                    "value": "29"
                  },
                  {
                    "begin": 3123,
                    "end": 3333,
                    "name": "JUMPDEST",
                    "source": 7
                  },
                  {
                    "begin": 3210,
                    "end": 3214,
                    "name": "PUSH",
                    "source": 7,
                    "value": "0"
                  },
                  {
                    "begin": 3248,
                    "end": 3250,
                    "name": "PUSH",
                    "source": 7,
                    "value": "20"
                  },
                  {
                    "begin": 3237,
                    "end": 3246,
                    "name": "DUP3",
                    "source": 7
                  },
                  {
                    "begin": 3233,
                    "end": 3251,
                    "name": "ADD",
                    "source": 7
                  },
                  {
                    "begin": 3225,
                    "end": 3251,
                    "name": "SWAP1",
                    "source": 7
                  },
                  {
                    "begin": 3225,
                    "end": 3251,
                    "name": "POP",
                    "source": 7
                  },
                  {
                    "begin": 3261,
                    "end": 3326,
                    "name": "PUSH [tag]",
                    "source": 7,
                    "value": "239"
                  },
                  {
                    "begin": 3323,
                    "end": 3324,
                    "name": "PUSH",
                    "source": 7,
                    "value": "0"
                  },
                  {
                    "begin": 3312,
                    "end": 3321,
                    "name": "DUP4",
                    "source": 7
                  },
                  {
                    "begin": 3308,
                    "end": 3325,
                    "name": "ADD",
                    "source": 7
                  },
                  {
                    "begin": 3299,
                    "end": 3305,
                    "name": "DUP5",
                    "source": 7
                  },
                  {
                    "begin": 3261,
                    "end": 3326,
                    "name": "PUSH [tag]",
                    "source": 7,
                    "value": "194"
                  },
                  {
                    "begin": 3261,
                    "end": 3326,
                    "jumpType": "[in]",
                    "name": "JUMP",
                    "source": 7
                  },
                  {
                    "begin": 3261,
                    "end": 3326,
                    "name": "tag",
                    "source": 7,
                    "value": "239"
                  },
                  {
                    "begin": 3261,
                    "end": 3326,
                    "name": "JUMPDEST",
                    "source": 7
                  },
                  {
                    "begin": 3123,
                    "end": 3333,
                    "name": "SWAP3",
                    "source": 7
                  },
                  {
                    "begin": 3123,
                    "end": 3333,
                    "name": "SWAP2",
                    "source": 7
                  },
                  {
                    "begin": 3123,
                    "end": 3333,
                    "name": "POP",
                    "source": 7
                  },
                  {
                    "begin": 3123,
                    "end": 3333,
                    "name": "POP",
                    "source": 7
                  },
                  {
                    "begin": 3123,
                    "end": 3333,
                    "jumpType": "[out]",
                    "name": "JUMP",
                    "source": 7
                  },
                  {
                    "begin": 3339,
                    "end": 3457,
                    "name": "tag",
                    "source": 7,
                    "value": "195"
                  },
                  {
                    "begin": 3339,
                    "end": 3457,
                    "name": "JUMPDEST",
                    "source": 7
                  },
                  {
                    "begin": 3426,
                    "end": 3450,
                    "name": "PUSH [tag]",
                    "source": 7,
                    "value": "241"
                  },
                  {
                    "begin": 3444,
                    "end": 3449,
                    "name": "DUP2",
                    "source": 7
                  },
                  {
                    "begin": 3426,
                    "end": 3450,
                    "name": "PUSH [tag]",
                    "source": 7,
                    "value": "190"
                  },
                  {
                    "begin": 3426,
                    "end": 3450,
                    "jumpType": "[in]",
                    "name": "JUMP",
                    "source": 7
                  },
                  {
                    "begin": 3426,
                    "end": 3450,
                    "name": "tag",
                    "source": 7,
                    "value": "241"
                  },
                  {
                    "begin": 3426,
                    "end": 3450,
                    "name": "JUMPDEST",
                    "source": 7
                  },
                  {
                    "begin": 3421,
                    "end": 3424,
                    "name": "DUP3",
                    "source": 7
                  },
                  {
                    "begin": 3414,
                    "end": 3451,
                    "name": "MSTORE",
                    "source": 7
                  },
                  {
                    "begin": 3339,
                    "end": 3457,
                    "name": "POP",
                    "source": 7
                  },
                  {
                    "begin": 3339,
                    "end": 3457,
                    "name": "POP",
                    "source": 7
                  },
                  {
                    "begin": 3339,
                    "end": 3457,
                    "jumpType": "[out]",
                    "name": "JUMP",
                    "source": 7
                  },
                  {
                    "begin": 3463,
                    "end": 3685,
                    "name": "tag",
                    "source": 7,
                    "value": "33"
                  },
                  {
                    "begin": 3463,
                    "end": 3685,
                    "name": "JUMPDEST",
                    "source": 7
                  },
                  {
                    "begin": 3556,
                    "end": 3560,
                    "name": "PUSH",
                    "source": 7,
                    "value": "0"
                  },
                  {
                    "begin": 3594,
                    "end": 3596,
                    "name": "PUSH",
                    "source": 7,
                    "value": "20"
                  },
                  {
                    "begin": 3583,
                    "end": 3592,
                    "name": "DUP3",
                    "source": 7
                  },
                  {
                    "begin": 3579,
                    "end": 3597,
                    "name": "ADD",
                    "source": 7
                  },
                  {
                    "begin": 3571,
                    "end": 3597,
                    "name": "SWAP1",
                    "source": 7
                  },
                  {
                    "begin": 3571,
                    "end": 3597,
                    "name": "POP",
                    "source": 7
                  },
                  {
                    "begin": 3607,
                    "end": 3678,
                    "name": "PUSH [tag]",
                    "source": 7,
                    "value": "243"
                  },
                  {
                    "begin": 3675,
                    "end": 3676,
                    "name": "PUSH",
                    "source": 7,
                    "value": "0"
                  },
                  {
                    "begin": 3664,
                    "end": 3673,
                    "name": "DUP4",
                    "source": 7
                  },
                  {
                    "begin": 3660,
                    "end": 3677,
                    "name": "ADD",
                    "source": 7
                  },
                  {
                    "begin": 3651,
                    "end": 3657,
                    "name": "DUP5",
                    "source": 7
                  },
                  {
                    "begin": 3607,
                    "end": 3678,
                    "name": "PUSH [tag]",
                    "source": 7,
                    "value": "195"
                  },
                  {
                    "begin": 3607,
                    "end": 3678,
                    "jumpType": "[in]",
                    "name": "JUMP",
                    "source": 7
                  },
                  {
                    "begin": 3607,
                    "end": 3678,
                    "name": "tag",
                    "source": 7,
                    "value": "243"
                  },
                  {
                    "begin": 3607,
                    "end": 3678,
                    "name": "JUMPDEST",
                    "source": 7
                  },
                  {
                    "begin": 3463,
                    "end": 3685,
                    "name": "SWAP3",
                    "source": 7
                  },
                  {
                    "begin": 3463,
                    "end": 3685,
                    "name": "SWAP2",
                    "source": 7
                  },
                  {
                    "begin": 3463,
                    "end": 3685,
                    "name": "POP",
                    "source": 7
                  },
                  {
                    "begin": 3463,
                    "end": 3685,
                    "name": "POP",
                    "source": 7
                  },
                  {
                    "begin": 3463,
                    "end": 3685,
                    "jumpType": "[out]",
                    "name": "JUMP",
                    "source": 7
                  },
                  {
                    "begin": 3691,
                    "end": 4310,
                    "name": "tag",
                    "source": 7,
                    "value": "36"
                  },
                  {
                    "begin": 3691,
                    "end": 4310,
                    "name": "JUMPDEST",
                    "source": 7
                  },
                  {
                    "begin": 3768,
                    "end": 3774,
                    "name": "PUSH",
                    "source": 7,
                    "value": "0"
                  },
                  {
                    "begin": 3776,
                    "end": 3782,
                    "name": "PUSH",
                    "source": 7,
                    "value": "0"
                  },
                  {
                    "begin": 3784,
                    "end": 3790,
                    "name": "PUSH",
                    "source": 7,
                    "value": "0"
                  },
                  {
                    "begin": 3833,
                    "end": 3835,
                    "name": "PUSH",
                    "source": 7,
                    "value": "60"
                  },
                  {
                    "begin": 3821,
                    "end": 3830,
                    "name": "DUP5",
                    "source": 7
                  },
                  {
                    "begin": 3812,
                    "end": 3819,
                    "name": "DUP7",
                    "source": 7
                  },
                  {
                    "begin": 3808,
                    "end": 3831,
                    "name": "SUB",
                    "source": 7
                  },
                  {
                    "begin": 3804,
                    "end": 3836,
                    "name": "SLT",
                    "source": 7
                  },
                  {
                    "begin": 3801,
                    "end": 3920,
                    "name": "ISZERO",
                    "source": 7
                  },
                  {
                    "begin": 3801,
                    "end": 3920,
                    "name": "PUSH [tag]",
                    "source": 7,
                    "value": "245"
                  },
                  {
                    "begin": 3801,
                    "end": 3920,
                    "name": "JUMPI",
                    "source": 7
                  },
                  {
                    "begin": 3839,
                    "end": 3918,
                    "name": "PUSH [tag]",
                    "source": 7,
                    "value": "246"
                  },
                  {
                    "begin": 3839,
                    "end": 3918,
                    "name": "PUSH [tag]",
                    "source": 7,
                    "value": "184"
                  },
                  {
                    "begin": 3839,
                    "end": 3918,
                    "jumpType": "[in]",
                    "name": "JUMP",
                    "source": 7
                  },
                  {
                    "begin": 3839,
                    "end": 3918,
                    "name": "tag",
                    "source": 7,
                    "value": "246"
                  },
                  {
                    "begin": 3839,
                    "end": 3918,
                    "name": "JUMPDEST",
                    "source": 7
                  },
                  {
                    "begin": 3801,
                    "end": 3920,
                    "name": "tag",
                    "source": 7,
                    "value": "245"
                  },
                  {
                    "begin": 3801,
                    "end": 3920,
                    "name": "JUMPDEST",
                    "source": 7
                  },
                  {
                    "begin": 3959,
                    "end": 3960,
                    "name": "PUSH",
                    "source": 7,
                    "value": "0"
                  },
                  {
                    "begin": 3984,
                    "end": 4037,
                    "name": "PUSH [tag]",
                    "source": 7,
                    "value": "247"
                  },
                  {
                    "begin": 4029,
                    "end": 4036,
                    "name": "DUP7",
                    "source": 7
                  },
                  {
                    "begin": 4020,
                    "end": 4026,
                    "name": "DUP3",
                    "source": 7
                  },
                  {
                    "begin": 4009,
                    "end": 4018,
                    "name": "DUP8",
                    "source": 7
                  },
                  {
                    "begin": 4005,
                    "end": 4027,
                    "name": "ADD",
                    "source": 7
                  },
                  {
                    "begin": 3984,
                    "end": 4037,
                    "name": "PUSH [tag]",
                    "source": 7,
                    "value": "189"
                  },
                  {
                    "begin": 3984,
                    "end": 4037,
                    "jumpType": "[in]",
                    "name": "JUMP",
                    "source": 7
                  },
                  {
                    "begin": 3984,
                    "end": 4037,
                    "name": "tag",
                    "source": 7,
                    "value": "247"
                  },
                  {
                    "begin": 3984,
                    "end": 4037,
                    "name": "JUMPDEST",
                    "source": 7
                  },
                  {
                    "begin": 3974,
                    "end": 4037,
                    "name": "SWAP4",
                    "source": 7
                  },
                  {
                    "begin": 3974,
                    "end": 4037,
                    "name": "POP",
                    "source": 7
                  },
                  {
                    "begin": 3930,
                    "end": 4047,
                    "name": "POP",
                    "source": 7
                  },
                  {
                    "begin": 4086,
                    "end": 4088,
                    "name": "PUSH",
                    "source": 7,
                    "value": "20"
                  },
                  {
                    "begin": 4112,
                    "end": 4165,
                    "name": "PUSH [tag]",
                    "source": 7,
                    "value": "248"
                  },
                  {
                    "begin": 4157,
                    "end": 4164,
                    "name": "DUP7",
                    "source": 7
                  },
                  {
                    "begin": 4148,
                    "end": 4154,
                    "name": "DUP3",
                    "source": 7
                  },
                  {
                    "begin": 4137,
                    "end": 4146,
                    "name": "DUP8",
                    "source": 7
                  },
                  {
                    "begin": 4133,
                    "end": 4155,
                    "name": "ADD",
                    "source": 7
                  },
                  {
                    "begin": 4112,
                    "end": 4165,
                    "name": "PUSH [tag]",
                    "source": 7,
                    "value": "189"
                  },
                  {
                    "begin": 4112,
                    "end": 4165,
                    "jumpType": "[in]",
                    "name": "JUMP",
                    "source": 7
                  },
                  {
                    "begin": 4112,
                    "end": 4165,
                    "name": "tag",
                    "source": 7,
                    "value": "248"
                  },
                  {
                    "begin": 4112,
                    "end": 4165,
                    "name": "JUMPDEST",
                    "source": 7
                  },
                  {
                    "begin": 4102,
                    "end": 4165,
                    "name": "SWAP3",
                    "source": 7
                  },
                  {
                    "begin": 4102,
                    "end": 4165,
                    "name": "POP",
                    "source": 7
                  },
                  {
                    "begin": 4057,
                    "end": 4175,
                    "name": "POP",
                    "source": 7
                  },
                  {
                    "begin": 4214,
                    "end": 4216,
                    "name": "PUSH",
                    "source": 7,
                    "value": "40"
                  },
                  {
                    "begin": 4240,
                    "end": 4293,
                    "name": "PUSH [tag]",
                    "source": 7,
                    "value": "249"
                  },
                  {
                    "begin": 4285,
                    "end": 4292,
                    "name": "DUP7",
                    "source": 7
                  },
                  {
                    "begin": 4276,
                    "end": 4282,
                    "name": "DUP3",
                    "source": 7
                  },
                  {
                    "begin": 4265,
                    "end": 4274,
                    "name": "DUP8",
                    "source": 7
                  },
                  {
                    "begin": 4261,
                    "end": 4283,
                    "name": "ADD",
                    "source": 7
                  },
                  {
                    "begin": 4240,
                    "end": 4293,
                    "name": "PUSH [tag]",
                    "source": 7,
                    "value": "192"
                  },
                  {
                    "begin": 4240,
                    "end": 4293,
                    "jumpType": "[in]",
                    "name": "JUMP",
                    "source": 7
                  },
                  {
                    "begin": 4240,
                    "end": 4293,
                    "name": "tag",
                    "source": 7,
                    "value": "249"
                  },
                  {
                    "begin": 4240,
                    "end": 4293,
                    "name": "JUMPDEST",
                    "source": 7
                  },
                  {
                    "begin": 4230,
                    "end": 4293,
                    "name": "SWAP2",
                    "source": 7
                  },
                  {
                    "begin": 4230,
                    "end": 4293,
                    "name": "POP",
                    "source": 7
                  },
                  {
                    "begin": 4185,
                    "end": 4303,
                    "name": "POP",
                    "source": 7
                  },
                  {
                    "begin": 3691,
                    "end": 4310,
                    "name": "SWAP3",
                    "source": 7
                  },
                  {
                    "begin": 3691,
                    "end": 4310,
                    "name": "POP",
                    "source": 7
                  },
                  {
                    "begin": 3691,
                    "end": 4310,
                    "name": "SWAP3",
                    "source": 7
                  },
                  {
                    "begin": 3691,
                    "end": 4310,
                    "name": "POP",
                    "source": 7
                  },
                  {
                    "begin": 3691,
                    "end": 4310,
                    "name": "SWAP3",
                    "source": 7
                  },
                  {
                    "begin": 3691,
                    "end": 4310,
                    "jumpType": "[out]",
                    "name": "JUMP",
                    "source": 7
                  },
                  {
                    "begin": 4316,
                    "end": 4402,
                    "name": "tag",
                    "source": 7,
                    "value": "196"
                  },
                  {
                    "begin": 4316,
                    "end": 4402,
                    "name": "JUMPDEST",
                    "source": 7
                  },
                  {
                    "begin": 4351,
                    "end": 4358,
                    "name": "PUSH",
                    "source": 7,
                    "value": "0"
                  },
                  {
                    "begin": 4391,
                    "end": 4395,
                    "name": "PUSH",
                    "source": 7,
                    "value": "FF"
                  },
                  {
                    "begin": 4384,
                    "end": 4389,
                    "name": "DUP3",
                    "source": 7
                  },
                  {
                    "begin": 4380,
                    "end": 4396,
                    "name": "AND",
                    "source": 7
                  },
                  {
                    "begin": 4369,
                    "end": 4396,
                    "name": "SWAP1",
                    "source": 7
                  },
                  {
                    "begin": 4369,
                    "end": 4396,
                    "name": "POP",
                    "source": 7
                  },
                  {
                    "begin": 4316,
                    "end": 4402,
                    "name": "SWAP2",
                    "source": 7
                  },
                  {
                    "begin": 4316,
                    "end": 4402,
                    "name": "SWAP1",
                    "source": 7
                  },
                  {
                    "begin": 4316,
                    "end": 4402,
                    "name": "POP",
                    "source": 7
                  },
                  {
                    "begin": 4316,
                    "end": 4402,
                    "jumpType": "[out]",
                    "name": "JUMP",
                    "source": 7
                  },
                  {
                    "begin": 4408,
                    "end": 4520,
                    "name": "tag",
                    "source": 7,
                    "value": "197"
                  },
                  {
                    "begin": 4408,
                    "end": 4520,
                    "name": "JUMPDEST",
                    "source": 7
                  },
                  {
                    "begin": 4491,
                    "end": 4513,
                    "name": "PUSH [tag]",
                    "source": 7,
                    "value": "252"
                  },
                  {
                    "begin": 4507,
                    "end": 4512,
                    "name": "DUP2",
                    "source": 7
                  },
                  {
                    "begin": 4491,
                    "end": 4513,
                    "name": "PUSH [tag]",
                    "source": 7,
                    "value": "196"
                  },
                  {
                    "begin": 4491,
                    "end": 4513,
                    "jumpType": "[in]",
                    "name": "JUMP",
                    "source": 7
                  },
                  {
                    "begin": 4491,
                    "end": 4513,
                    "name": "tag",
                    "source": 7,
                    "value": "252"
                  },
                  {
                    "begin": 4491,
                    "end": 4513,
                    "name": "JUMPDEST",
                    "source": 7
                  },
                  {
                    "begin": 4486,
                    "end": 4489,
                    "name": "DUP3",
                    "source": 7
                  },
                  {
                    "begin": 4479,
                    "end": 4514,
                    "name": "MSTORE",
                    "source": 7
                  },
                  {
                    "begin": 4408,
                    "end": 4520,
                    "name": "POP",
                    "source": 7
                  },
                  {
                    "begin": 4408,
                    "end": 4520,
                    "name": "POP",
                    "source": 7
                  },
                  {
                    "begin": 4408,
                    "end": 4520,
                    "jumpType": "[out]",
                    "name": "JUMP",
                    "source": 7
                  },
                  {
                    "begin": 4526,
                    "end": 4740,
                    "name": "tag",
                    "source": 7,
                    "value": "42"
                  },
                  {
                    "begin": 4526,
                    "end": 4740,
                    "name": "JUMPDEST",
                    "source": 7
                  },
                  {
                    "begin": 4615,
                    "end": 4619,
                    "name": "PUSH",
                    "source": 7,
                    "value": "0"
                  },
                  {
                    "begin": 4653,
                    "end": 4655,
                    "name": "PUSH",
                    "source": 7,
                    "value": "20"
                  },
                  {
                    "begin": 4642,
                    "end": 4651,
                    "name": "DUP3",
                    "source": 7
                  },
                  {
                    "begin": 4638,
                    "end": 4656,
                    "name": "ADD",
                    "source": 7
                  },
                  {
                    "begin": 4630,
                    "end": 4656,
                    "name": "SWAP1",
                    "source": 7
                  },
                  {
                    "begin": 4630,
                    "end": 4656,
                    "name": "POP",
                    "source": 7
                  },
                  {
                    "begin": 4666,
                    "end": 4733,
                    "name": "PUSH [tag]",
                    "source": 7,
                    "value": "254"
                  },
                  {
                    "begin": 4730,
                    "end": 4731,
                    "name": "PUSH",
                    "source": 7,
                    "value": "0"
                  },
                  {
                    "begin": 4719,
                    "end": 4728,
                    "name": "DUP4",
                    "source": 7
                  },
                  {
                    "begin": 4715,
                    "end": 4732,
                    "name": "ADD",
                    "source": 7
                  },
                  {
                    "begin": 4706,
                    "end": 4712,
                    "name": "DUP5",
                    "source": 7
                  },
                  {
                    "begin": 4666,
                    "end": 4733,
                    "name": "PUSH [tag]",
                    "source": 7,
                    "value": "197"
                  },
                  {
                    "begin": 4666,
                    "end": 4733,
                    "jumpType": "[in]",
                    "name": "JUMP",
                    "source": 7
                  },
                  {
                    "begin": 4666,
                    "end": 4733,
                    "name": "tag",
                    "source": 7,
                    "value": "254"
                  },
                  {
                    "begin": 4666,
                    "end": 4733,
                    "name": "JUMPDEST",
                    "source": 7
                  },
                  {
                    "begin": 4526,
                    "end": 4740,
                    "name": "SWAP3",
                    "source": 7
                  },
                  {
                    "begin": 4526,
                    "end": 4740,
                    "name": "SWAP2",
                    "source": 7
                  },
                  {
                    "begin": 4526,
                    "end": 4740,
                    "name": "POP",
                    "source": 7
                  },
                  {
                    "begin": 4526,
                    "end": 4740,
                    "name": "POP",
                    "source": 7
                  },
                  {
                    "begin": 4526,
                    "end": 4740,
                    "jumpType": "[out]",
                    "name": "JUMP",
                    "source": 7
                  },
                  {
                    "begin": 4746,
                    "end": 5075,
                    "name": "tag",
                    "source": 7,
                    "value": "48"
                  },
                  {
                    "begin": 4746,
                    "end": 5075,
                    "name": "JUMPDEST",
                    "source": 7
                  },
                  {
                    "begin": 4805,
                    "end": 4811,
                    "name": "PUSH",
                    "source": 7,
                    "value": "0"
                  },
                  {
                    "begin": 4854,
                    "end": 4856,
                    "name": "PUSH",
                    "source": 7,
                    "value": "20"
                  },
                  {
                    "begin": 4842,
                    "end": 4851,
                    "name": "DUP3",
                    "source": 7
                  },
                  {
                    "begin": 4833,
                    "end": 4840,
                    "name": "DUP5",
                    "source": 7
                  },
                  {
                    "begin": 4829,
                    "end": 4852,
                    "name": "SUB",
                    "source": 7
                  },
                  {
                    "begin": 4825,
                    "end": 4857,
                    "name": "SLT",
                    "source": 7
                  },
                  {
                    "begin": 4822,
                    "end": 4941,
                    "name": "ISZERO",
                    "source": 7
                  },
                  {
                    "begin": 4822,
                    "end": 4941,
                    "name": "PUSH [tag]",
                    "source": 7,
                    "value": "256"
                  },
                  {
                    "begin": 4822,
                    "end": 4941,
                    "name": "JUMPI",
                    "source": 7
                  },
                  {
                    "begin": 4860,
                    "end": 4939,
                    "name": "PUSH [tag]",
                    "source": 7,
                    "value": "257"
                  },
                  {
                    "begin": 4860,
                    "end": 4939,
                    "name": "PUSH [tag]",
                    "source": 7,
                    "value": "184"
                  },
                  {
                    "begin": 4860,
                    "end": 4939,
                    "jumpType": "[in]",
                    "name": "JUMP",
                    "source": 7
                  },
                  {
                    "begin": 4860,
                    "end": 4939,
                    "name": "tag",
                    "source": 7,
                    "value": "257"
                  },
                  {
                    "begin": 4860,
                    "end": 4939,
                    "name": "JUMPDEST",
                    "source": 7
                  },
                  {
                    "begin": 4822,
                    "end": 4941,
                    "name": "tag",
                    "source": 7,
                    "value": "256"
                  },
                  {
                    "begin": 4822,
                    "end": 4941,
                    "name": "JUMPDEST",
                    "source": 7
                  },
                  {
                    "begin": 4980,
                    "end": 4981,
                    "name": "PUSH",
                    "source": 7,
                    "value": "0"
                  },
                  {
                    "begin": 5005,
                    "end": 5058,
                    "name": "PUSH [tag]",
                    "source": 7,
                    "value": "258"
                  },
                  {
                    "begin": 5050,
                    "end": 5057,
                    "name": "DUP5",
                    "source": 7
                  },
                  {
                    "begin": 5041,
                    "end": 5047,
                    "name": "DUP3",
                    "source": 7
                  },
                  {
                    "begin": 5030,
                    "end": 5039,
                    "name": "DUP6",
                    "source": 7
                  },
                  {
                    "begin": 5026,
                    "end": 5048,
                    "name": "ADD",
                    "source": 7
                  },
                  {
                    "begin": 5005,
                    "end": 5058,
                    "name": "PUSH [tag]",
                    "source": 7,
                    "value": "192"
                  },
                  {
                    "begin": 5005,
                    "end": 5058,
                    "jumpType": "[in]",
                    "name": "JUMP",
                    "source": 7
                  },
                  {
                    "begin": 5005,
                    "end": 5058,
                    "name": "tag",
                    "source": 7,
                    "value": "258"
                  },
                  {
                    "begin": 5005,
                    "end": 5058,
                    "name": "JUMPDEST",
                    "source": 7
                  },
                  {
                    "begin": 4995,
                    "end": 5058,
                    "name": "SWAP2",
                    "source": 7
                  },
                  {
                    "begin": 4995,
                    "end": 5058,
                    "name": "POP",
                    "source": 7
                  },
                  {
                    "begin": 4951,
                    "end": 5068,
                    "name": "POP",
                    "source": 7
                  },
                  {
                    "begin": 4746,
                    "end": 5075,
                    "name": "SWAP3",
                    "source": 7
                  },
                  {
                    "begin": 4746,
                    "end": 5075,
                    "name": "SWAP2",
                    "source": 7
                  },
                  {
                    "begin": 4746,
                    "end": 5075,
                    "name": "POP",
                    "source": 7
                  },
                  {
                    "begin": 4746,
                    "end": 5075,
                    "name": "POP",
                    "source": 7
                  },
                  {
                    "begin": 4746,
                    "end": 5075,
                    "jumpType": "[out]",
                    "name": "JUMP",
                    "source": 7
                  },
                  {
                    "begin": 5081,
                    "end": 5410,
                    "name": "tag",
                    "source": 7,
                    "value": "52"
                  },
                  {
                    "begin": 5081,
                    "end": 5410,
                    "name": "JUMPDEST",
                    "source": 7
                  },
                  {
                    "begin": 5140,
                    "end": 5146,
                    "name": "PUSH",
                    "source": 7,
                    "value": "0"
                  },
                  {
                    "begin": 5189,
                    "end": 5191,
                    "name": "PUSH",
                    "source": 7,
                    "value": "20"
                  },
                  {
                    "begin": 5177,
                    "end": 5186,
                    "name": "DUP3",
                    "source": 7
                  },
                  {
                    "begin": 5168,
                    "end": 5175,
                    "name": "DUP5",
                    "source": 7
                  },
                  {
                    "begin": 5164,
                    "end": 5187,
                    "name": "SUB",
                    "source": 7
                  },
                  {
                    "begin": 5160,
                    "end": 5192,
                    "name": "SLT",
                    "source": 7
                  },
                  {
                    "begin": 5157,
                    "end": 5276,
                    "name": "ISZERO",
                    "source": 7
                  },
                  {
                    "begin": 5157,
                    "end": 5276,
                    "name": "PUSH [tag]",
                    "source": 7,
                    "value": "260"
                  },
                  {
                    "begin": 5157,
                    "end": 5276,
                    "name": "JUMPI",
                    "source": 7
                  },
                  {
                    "begin": 5195,
                    "end": 5274,
                    "name": "PUSH [tag]",
                    "source": 7,
                    "value": "261"
                  },
                  {
                    "begin": 5195,
                    "end": 5274,
                    "name": "PUSH [tag]",
                    "source": 7,
                    "value": "184"
                  },
                  {
                    "begin": 5195,
                    "end": 5274,
                    "jumpType": "[in]",
                    "name": "JUMP",
                    "source": 7
                  },
                  {
                    "begin": 5195,
                    "end": 5274,
                    "name": "tag",
                    "source": 7,
                    "value": "261"
                  },
                  {
                    "begin": 5195,
                    "end": 5274,
                    "name": "JUMPDEST",
                    "source": 7
                  },
                  {
                    "begin": 5157,
                    "end": 5276,
                    "name": "tag",
                    "source": 7,
                    "value": "260"
                  },
                  {
                    "begin": 5157,
                    "end": 5276,
                    "name": "JUMPDEST",
                    "source": 7
                  },
                  {
                    "begin": 5315,
                    "end": 5316,
                    "name": "PUSH",
                    "source": 7,
                    "value": "0"
                  },
                  {
                    "begin": 5340,
                    "end": 5393,
                    "name": "PUSH [tag]",
                    "source": 7,
                    "value": "262"
                  },
                  {
                    "begin": 5385,
                    "end": 5392,
                    "name": "DUP5",
                    "source": 7
                  },
                  {
                    "begin": 5376,
                    "end": 5382,
                    "name": "DUP3",
                    "source": 7
                  },
                  {
                    "begin": 5365,
                    "end": 5374,
                    "name": "DUP6",
                    "source": 7
                  },
                  {
                    "begin": 5361,
                    "end": 5383,
                    "name": "ADD",
                    "source": 7
                  },
                  {
                    "begin": 5340,
                    "end": 5393,
                    "name": "PUSH [tag]",
                    "source": 7,
                    "value": "189"
                  },
                  {
                    "begin": 5340,
                    "end": 5393,
                    "jumpType": "[in]",
                    "name": "JUMP",
                    "source": 7
                  },
                  {
                    "begin": 5340,
                    "end": 5393,
                    "name": "tag",
                    "source": 7,
                    "value": "262"
                  },
                  {
                    "begin": 5340,
                    "end": 5393,
                    "name": "JUMPDEST",
                    "source": 7
                  },
                  {
                    "begin": 5330,
                    "end": 5393,
                    "name": "SWAP2",
                    "source": 7
                  },
                  {
                    "begin": 5330,
                    "end": 5393,
                    "name": "POP",
                    "source": 7
                  },
                  {
                    "begin": 5286,
                    "end": 5403,
                    "name": "POP",
                    "source": 7
                  },
                  {
                    "begin": 5081,
                    "end": 5410,
                    "name": "SWAP3",
                    "source": 7
                  },
                  {
                    "begin": 5081,
                    "end": 5410,
                    "name": "SWAP2",
                    "source": 7
                  },
                  {
                    "begin": 5081,
                    "end": 5410,
                    "name": "POP",
                    "source": 7
                  },
                  {
                    "begin": 5081,
                    "end": 5410,
                    "name": "POP",
                    "source": 7
                  },
                  {
                    "begin": 5081,
                    "end": 5410,
                    "jumpType": "[out]",
                    "name": "JUMP",
                    "source": 7
                  },
                  {
                    "begin": 5416,
                    "end": 5534,
                    "name": "tag",
                    "source": 7,
                    "value": "198"
                  },
                  {
                    "begin": 5416,
                    "end": 5534,
                    "name": "JUMPDEST",
                    "source": 7
                  },
                  {
                    "begin": 5503,
                    "end": 5527,
                    "name": "PUSH [tag]",
                    "source": 7,
                    "value": "264"
                  },
                  {
                    "begin": 5521,
                    "end": 5526,
                    "name": "DUP2",
                    "source": 7
                  },
                  {
                    "begin": 5503,
                    "end": 5527,
                    "name": "PUSH [tag]",
                    "source": 7,
                    "value": "187"
                  },
                  {
                    "begin": 5503,
                    "end": 5527,
                    "jumpType": "[in]",
                    "name": "JUMP",
                    "source": 7
                  },
                  {
                    "begin": 5503,
                    "end": 5527,
                    "name": "tag",
                    "source": 7,
                    "value": "264"
                  },
                  {
                    "begin": 5503,
                    "end": 5527,
                    "name": "JUMPDEST",
                    "source": 7
                  },
                  {
                    "begin": 5498,
                    "end": 5501,
                    "name": "DUP3",
                    "source": 7
                  },
                  {
                    "begin": 5491,
                    "end": 5528,
                    "name": "MSTORE",
                    "source": 7
                  },
                  {
                    "begin": 5416,
                    "end": 5534,
                    "name": "POP",
                    "source": 7
                  },
                  {
                    "begin": 5416,
                    "end": 5534,
                    "name": "POP",
                    "source": 7
                  },
                  {
                    "begin": 5416,
                    "end": 5534,
                    "jumpType": "[out]",
                    "name": "JUMP",
                    "source": 7
                  },
                  {
                    "begin": 5540,
                    "end": 5762,
                    "name": "tag",
                    "source": 7,
                    "value": "60"
                  },
                  {
                    "begin": 5540,
                    "end": 5762,
                    "name": "JUMPDEST",
                    "source": 7
                  },
                  {
                    "begin": 5633,
                    "end": 5637,
                    "name": "PUSH",
                    "source": 7,
                    "value": "0"
                  },
                  {
                    "begin": 5671,
                    "end": 5673,
                    "name": "PUSH",
                    "source": 7,
                    "value": "20"
                  },
                  {
                    "begin": 5660,
                    "end": 5669,
                    "name": "DUP3",
                    "source": 7
                  },
                  {
                    "begin": 5656,
                    "end": 5674,
                    "name": "ADD",
                    "source": 7
                  },
                  {
                    "begin": 5648,
                    "end": 5674,
                    "name": "SWAP1",
                    "source": 7
                  },
                  {
                    "begin": 5648,
                    "end": 5674,
                    "name": "POP",
                    "source": 7
                  },
                  {
                    "begin": 5684,
                    "end": 5755,
                    "name": "PUSH [tag]",
                    "source": 7,
                    "value": "266"
                  },
                  {
                    "begin": 5752,
                    "end": 5753,
                    "name": "PUSH",
                    "source": 7,
                    "value": "0"
                  },
                  {
                    "begin": 5741,
                    "end": 5750,
                    "name": "DUP4",
                    "source": 7
                  },
                  {
                    "begin": 5737,
                    "end": 5754,
                    "name": "ADD",
                    "source": 7
                  },
                  {
                    "begin": 5728,
                    "end": 5734,
                    "name": "DUP5",
                    "source": 7
                  },
                  {
                    "begin": 5684,
                    "end": 5755,
                    "name": "PUSH [tag]",
                    "source": 7,
                    "value": "198"
                  },
                  {
                    "begin": 5684,
                    "end": 5755,
                    "jumpType": "[in]",
                    "name": "JUMP",
                    "source": 7
                  },
                  {
                    "begin": 5684,
                    "end": 5755,
                    "name": "tag",
                    "source": 7,
                    "value": "266"
                  },
                  {
                    "begin": 5684,
                    "end": 5755,
                    "name": "JUMPDEST",
                    "source": 7
                  },
                  {
                    "begin": 5540,
                    "end": 5762,
                    "name": "SWAP3",
                    "source": 7
                  },
                  {
                    "begin": 5540,
                    "end": 5762,
                    "name": "SWAP2",
                    "source": 7
                  },
                  {
                    "begin": 5540,
                    "end": 5762,
                    "name": "POP",
                    "source": 7
                  },
                  {
                    "begin": 5540,
                    "end": 5762,
                    "name": "POP",
                    "source": 7
                  },
                  {
                    "begin": 5540,
                    "end": 5762,
                    "jumpType": "[out]",
                    "name": "JUMP",
                    "source": 7
                  },
                  {
                    "begin": 5768,
                    "end": 6242,
                    "name": "tag",
                    "source": 7,
                    "value": "70"
                  },
                  {
                    "begin": 5768,
                    "end": 6242,
                    "name": "JUMPDEST",
                    "source": 7
                  },
                  {
                    "begin": 5836,
                    "end": 5842,
                    "name": "PUSH",
                    "source": 7,
                    "value": "0"
                  },
                  {
                    "begin": 5844,
                    "end": 5850,
                    "name": "PUSH",
                    "source": 7,
                    "value": "0"
                  },
                  {
                    "begin": 5893,
                    "end": 5895,
                    "name": "PUSH",
                    "source": 7,
                    "value": "40"
                  },
                  {
                    "begin": 5881,
                    "end": 5890,
                    "name": "DUP4",
                    "source": 7
                  },
                  {
                    "begin": 5872,
                    "end": 5879,
                    "name": "DUP6",
                    "source": 7
                  },
                  {
                    "begin": 5868,
                    "end": 5891,
                    "name": "SUB",
                    "source": 7
                  },
                  {
                    "begin": 5864,
                    "end": 5896,
                    "name": "SLT",
                    "source": 7
                  },
                  {
                    "begin": 5861,
                    "end": 5980,
                    "name": "ISZERO",
                    "source": 7
                  },
                  {
                    "begin": 5861,
                    "end": 5980,
                    "name": "PUSH [tag]",
                    "source": 7,
                    "value": "268"
                  },
                  {
                    "begin": 5861,
                    "end": 5980,
                    "name": "JUMPI",
                    "source": 7
                  },
                  {
                    "begin": 5899,
                    "end": 5978,
                    "name": "PUSH [tag]",
                    "source": 7,
                    "value": "269"
                  },
                  {
                    "begin": 5899,
                    "end": 5978,
                    "name": "PUSH [tag]",
                    "source": 7,
                    "value": "184"
                  },
                  {
                    "begin": 5899,
                    "end": 5978,
                    "jumpType": "[in]",
                    "name": "JUMP",
                    "source": 7
                  },
                  {
                    "begin": 5899,
                    "end": 5978,
                    "name": "tag",
                    "source": 7,
                    "value": "269"
                  },
                  {
                    "begin": 5899,
                    "end": 5978,
                    "name": "JUMPDEST",
                    "source": 7
                  },
                  {
                    "begin": 5861,
                    "end": 5980,
                    "name": "tag",
                    "source": 7,
                    "value": "268"
                  },
                  {
                    "begin": 5861,
                    "end": 5980,
                    "name": "JUMPDEST",
                    "source": 7
                  },
                  {
                    "begin": 6019,
                    "end": 6020,
                    "name": "PUSH",
                    "source": 7,
                    "value": "0"
                  },
                  {
                    "begin": 6044,
                    "end": 6097,
                    "name": "PUSH [tag]",
                    "source": 7,
                    "value": "270"
                  },
                  {
                    "begin": 6089,
                    "end": 6096,
                    "name": "DUP6",
                    "source": 7
                  },
                  {
                    "begin": 6080,
                    "end": 6086,
                    "name": "DUP3",
                    "source": 7
                  },
                  {
                    "begin": 6069,
                    "end": 6078,
                    "name": "DUP7",
                    "source": 7
                  },
                  {
                    "begin": 6065,
                    "end": 6087,
                    "name": "ADD",
                    "source": 7
                  },
                  {
                    "begin": 6044,
                    "end": 6097,
                    "name": "PUSH [tag]",
                    "source": 7,
                    "value": "189"
                  },
                  {
                    "begin": 6044,
                    "end": 6097,
                    "jumpType": "[in]",
                    "name": "JUMP",
                    "source": 7
                  },
                  {
                    "begin": 6044,
                    "end": 6097,
                    "name": "tag",
                    "source": 7,
                    "value": "270"
                  },
                  {
                    "begin": 6044,
                    "end": 6097,
                    "name": "JUMPDEST",
                    "source": 7
                  },
                  {
                    "begin": 6034,
                    "end": 6097,
                    "name": "SWAP3",
                    "source": 7
                  },
                  {
                    "begin": 6034,
                    "end": 6097,
                    "name": "POP",
                    "source": 7
                  },
                  {
                    "begin": 5990,
                    "end": 6107,
                    "name": "POP",
                    "source": 7
                  },
                  {
                    "begin": 6146,
                    "end": 6148,
                    "name": "PUSH",
                    "source": 7,
                    "value": "20"
                  },
                  {
                    "begin": 6172,
                    "end": 6225,
                    "name": "PUSH [tag]",
                    "source": 7,
                    "value": "271"
                  },
                  {
                    "begin": 6217,
                    "end": 6224,
                    "name": "DUP6",
                    "source": 7
                  },
                  {
                    "begin": 6208,
                    "end": 6214,
                    "name": "DUP3",
                    "source": 7
                  },
                  {
                    "begin": 6197,
                    "end": 6206,
                    "name": "DUP7",
                    "source": 7
                  },
                  {
                    "begin": 6193,
                    "end": 6215,
                    "name": "ADD",
                    "source": 7
                  },
                  {
                    "begin": 6172,
                    "end": 6225,
                    "name": "PUSH [tag]",
                    "source": 7,
                    "value": "189"
                  },
                  {
                    "begin": 6172,
                    "end": 6225,
                    "jumpType": "[in]",
                    "name": "JUMP",
                    "source": 7
                  },
                  {
                    "begin": 6172,
                    "end": 6225,
                    "name": "tag",
                    "source": 7,
                    "value": "271"
                  },
                  {
                    "begin": 6172,
                    "end": 6225,
                    "name": "JUMPDEST",
                    "source": 7
                  },
                  {
                    "begin": 6162,
                    "end": 6225,
                    "name": "SWAP2",
                    "source": 7
                  },
                  {
                    "begin": 6162,
                    "end": 6225,
                    "name": "POP",
                    "source": 7
                  },
                  {
                    "begin": 6117,
                    "end": 6235,
                    "name": "POP",
                    "source": 7
                  },
                  {
                    "begin": 5768,
                    "end": 6242,
                    "name": "SWAP3",
                    "source": 7
                  },
                  {
                    "begin": 5768,
                    "end": 6242,
                    "name": "POP",
                    "source": 7
                  },
                  {
                    "begin": 5768,
                    "end": 6242,
                    "name": "SWAP3",
                    "source": 7
                  },
                  {
                    "begin": 5768,
                    "end": 6242,
                    "name": "SWAP1",
                    "source": 7
                  },
                  {
                    "begin": 5768,
                    "end": 6242,
                    "name": "POP",
                    "source": 7
                  },
                  {
                    "begin": 5768,
                    "end": 6242,
                    "jumpType": "[out]",
                    "name": "JUMP",
                    "source": 7
                  },
                  {
                    "begin": 6248,
                    "end": 6428,
                    "name": "tag",
                    "source": 7,
                    "value": "199"
                  },
                  {
                    "begin": 6248,
                    "end": 6428,
                    "name": "JUMPDEST",
                    "source": 7
                  },
                  {
                    "begin": 6296,
                    "end": 6373,
                    "name": "PUSH",
                    "source": 7,
                    "value": "4E487B7100000000000000000000000000000000000000000000000000000000"
                  },
                  {
                    "begin": 6293,
                    "end": 6294,
                    "name": "PUSH",
                    "source": 7,
                    "value": "0"
                  },
                  {
                    "begin": 6286,
                    "end": 6374,
                    "name": "MSTORE",
                    "source": 7
                  },
                  {
                    "begin": 6393,
                    "end": 6397,
                    "name": "PUSH",
                    "source": 7,
                    "value": "22"
                  },
                  {
                    "begin": 6390,
                    "end": 6391,
                    "name": "PUSH",
                    "source": 7,
                    "value": "4"
                  },
                  {
                    "begin": 6383,
                    "end": 6398,
                    "name": "MSTORE",
                    "source": 7
                  },
                  {
                    "begin": 6417,
                    "end": 6421,
                    "name": "PUSH",
                    "source": 7,
                    "value": "24"
                  },
                  {
                    "begin": 6414,
                    "end": 6415,
                    "name": "PUSH",
                    "source": 7,
                    "value": "0"
                  },
                  {
                    "begin": 6407,
                    "end": 6422,
                    "name": "REVERT",
                    "source": 7
                  },
                  {
                    "begin": 6434,
                    "end": 6754,
                    "name": "tag",
                    "source": 7,
                    "value": "78"
                  },
                  {
                    "begin": 6434,
                    "end": 6754,
                    "name": "JUMPDEST",
                    "source": 7
                  },
                  {
                    "begin": 6478,
                    "end": 6484,
                    "name": "PUSH",
                    "source": 7,
                    "value": "0"
                  },
                  {
                    "begin": 6515,
                    "end": 6516,
                    "name": "PUSH",
                    "source": 7,
                    "value": "2"
                  },
                  {
                    "begin": 6509,
                    "end": 6513,
                    "name": "DUP3",
                    "source": 7
                  },
                  {
                    "begin": 6505,
                    "end": 6517,
                    "name": "DIV",
                    "source": 7
                  },
                  {
                    "begin": 6495,
                    "end": 6517,
                    "name": "SWAP1",
                    "source": 7
                  },
                  {
                    "begin": 6495,
                    "end": 6517,
                    "name": "POP",
                    "source": 7
                  },
                  {
                    "begin": 6562,
                    "end": 6563,
                    "name": "PUSH",
                    "source": 7,
                    "value": "1"
                  },
                  {
                    "begin": 6556,
                    "end": 6560,
                    "name": "DUP3",
                    "source": 7
                  },
                  {
                    "begin": 6552,
                    "end": 6564,
                    "name": "AND",
                    "source": 7
                  },
                  {
                    "begin": 6583,
                    "end": 6601,
                    "name": "DUP1",
                    "source": 7
                  },
                  {
                    "begin": 6573,
                    "end": 6654,
                    "name": "PUSH [tag]",
                    "source": 7,
                    "value": "274"
                  },
                  {
                    "begin": 6573,
                    "end": 6654,
                    "name": "JUMPI",
                    "source": 7
                  },
                  {
                    "begin": 6639,
                    "end": 6643,
                    "name": "PUSH",
                    "source": 7,
                    "value": "7F"
                  },
                  {
                    "begin": 6631,
                    "end": 6637,
                    "name": "DUP3",
                    "source": 7
                  },
                  {
                    "begin": 6627,
                    "end": 6644,
                    "name": "AND",
                    "source": 7
                  },
                  {
                    "begin": 6617,
                    "end": 6644,
                    "name": "SWAP2",
                    "source": 7
                  },
                  {
                    "begin": 6617,
                    "end": 6644,
                    "name": "POP",
                    "source": 7
                  },
                  {
                    "begin": 6573,
                    "end": 6654,
                    "name": "tag",
                    "source": 7,
                    "value": "274"
                  },
                  {
                    "begin": 6573,
                    "end": 6654,
                    "name": "JUMPDEST",
                    "source": 7
                  },
                  {
                    "begin": 6701,
                    "end": 6703,
                    "name": "PUSH",
                    "source": 7,
                    "value": "20"
                  },
                  {
                    "begin": 6693,
                    "end": 6699,
                    "name": "DUP3",
                    "source": 7
                  },
                  {
                    "begin": 6690,
                    "end": 6704,
                    "name": "LT",
                    "source": 7
                  },
                  {
                    "begin": 6670,
                    "end": 6688,
                    "name": "DUP2",
                    "source": 7
                  },
                  {
                    "begin": 6667,
                    "end": 6705,
                    "name": "SUB",
                    "source": 7
                  },
                  {
                    "begin": 6664,
                    "end": 6748,
                    "name": "PUSH [tag]",
                    "source": 7,
                    "value": "275"
                  },
                  {
                    "begin": 6664,
                    "end": 6748,
                    "name": "JUMPI",
                    "source": 7
                  },
                  {
                    "begin": 6720,
                    "end": 6738,
                    "name": "PUSH [tag]",
                    "source": 7,
                    "value": "276"
                  },
                  {
                    "begin": 6720,
                    "end": 6738,
                    "name": "PUSH [tag]",
                    "source": 7,
                    "value": "199"
                  },
                  {
                    "begin": 6720,
                    "end": 6738,
                    "jumpType": "[in]",
                    "name": "JUMP",
                    "source": 7
                  },
                  {
                    "begin": 6720,
                    "end": 6738,
                    "name": "tag",
                    "source": 7,
                    "value": "276"
                  },
                  {
                    "begin": 6720,
                    "end": 6738,
                    "name": "JUMPDEST",
                    "source": 7
                  },
                  {
                    "begin": 6664,
                    "end": 6748,
                    "name": "tag",
                    "source": 7,
                    "value": "275"
                  },
                  {
                    "begin": 6664,
                    "end": 6748,
                    "name": "JUMPDEST",
                    "source": 7
                  },
                  {
                    "begin": 6485,
                    "end": 6754,
                    "name": "POP",
                    "source": 7
                  },
                  {
                    "begin": 6434,
                    "end": 6754,
                    "name": "SWAP2",
                    "source": 7
                  },
                  {
                    "begin": 6434,
                    "end": 6754,
                    "name": "SWAP1",
                    "source": 7
                  },
                  {
                    "begin": 6434,
                    "end": 6754,
                    "name": "POP",
                    "source": 7
                  },
                  {
                    "begin": 6434,
                    "end": 6754,
                    "jumpType": "[out]",
                    "name": "JUMP",
                    "source": 7
                  },
                  {
                    "begin": 6760,
                    "end": 7202,
                    "name": "tag",
                    "source": 7,
                    "value": "137"
                  },
                  {
                    "begin": 6760,
                    "end": 7202,
                    "name": "JUMPDEST",
                    "source": 7
                  },
                  {
                    "begin": 6909,
                    "end": 6913,
                    "name": "PUSH",
                    "source": 7,
                    "value": "0"
                  },
                  {
                    "begin": 6947,
                    "end": 6949,
                    "name": "PUSH",
                    "source": 7,
                    "value": "60"
                  },
                  {
                    "begin": 6936,
                    "end": 6945,
                    "name": "DUP3",
                    "source": 7
                  },
                  {
                    "begin": 6932,
                    "end": 6950,
                    "name": "ADD",
                    "source": 7
                  },
                  {
                    "begin": 6924,
                    "end": 6950,
                    "name": "SWAP1",
                    "source": 7
                  },
                  {
                    "begin": 6924,
                    "end": 6950,
                    "name": "POP",
                    "source": 7
                  },
                  {
                    "begin": 6960,
                    "end": 7031,
                    "name": "PUSH [tag]",
                    "source": 7,
                    "value": "278"
                  },
                  {
                    "begin": 7028,
                    "end": 7029,
                    "name": "PUSH",
                    "source": 7,
                    "value": "0"
                  },
                  {
                    "begin": 7017,
                    "end": 7026,
                    "name": "DUP4",
                    "source": 7
                  },
                  {
                    "begin": 7013,
                    "end": 7030,
                    "name": "ADD",
                    "source": 7
                  },
                  {
                    "begin": 7004,
                    "end": 7010,
                    "name": "DUP7",
                    "source": 7
                  },
                  {
                    "begin": 6960,
                    "end": 7031,
                    "name": "PUSH [tag]",
                    "source": 7,
                    "value": "198"
                  },
                  {
                    "begin": 6960,
                    "end": 7031,
                    "jumpType": "[in]",
                    "name": "JUMP",
                    "source": 7
                  },
                  {
                    "begin": 6960,
                    "end": 7031,
                    "name": "tag",
                    "source": 7,
                    "value": "278"
                  },
                  {
                    "begin": 6960,
                    "end": 7031,
                    "name": "JUMPDEST",
                    "source": 7
                  },
                  {
                    "begin": 7041,
                    "end": 7113,
                    "name": "PUSH [tag]",
                    "source": 7,
                    "value": "279"
                  },
                  {
                    "begin": 7109,
                    "end": 7111,
                    "name": "PUSH",
                    "source": 7,
                    "value": "20"
                  },
                  {
                    "begin": 7098,
                    "end": 7107,
                    "name": "DUP4",
                    "source": 7
                  },
                  {
                    "begin": 7094,
                    "end": 7112,
                    "name": "ADD",
                    "source": 7
                  },
                  {
                    "begin": 7085,
                    "end": 7091,
                    "name": "DUP6",
                    "source": 7
                  },
                  {
                    "begin": 7041,
                    "end": 7113,
                    "name": "PUSH [tag]",
                    "source": 7,
                    "value": "195"
                  },
                  {
                    "begin": 7041,
                    "end": 7113,
                    "jumpType": "[in]",
                    "name": "JUMP",
                    "source": 7
                  },
                  {
                    "begin": 7041,
                    "end": 7113,
                    "name": "tag",
                    "source": 7,
                    "value": "279"
                  },
                  {
                    "begin": 7041,
                    "end": 7113,
                    "name": "JUMPDEST",
                    "source": 7
                  },
                  {
                    "begin": 7123,
                    "end": 7195,
                    "name": "PUSH [tag]",
                    "source": 7,
                    "value": "280"
                  },
                  {
                    "begin": 7191,
                    "end": 7193,
                    "name": "PUSH",
                    "source": 7,
                    "value": "40"
                  },
                  {
                    "begin": 7180,
                    "end": 7189,
                    "name": "DUP4",
                    "source": 7
                  },
                  {
                    "begin": 7176,
                    "end": 7194,
                    "name": "ADD",
                    "source": 7
                  },
                  {
                    "begin": 7167,
                    "end": 7173,
                    "name": "DUP5",
                    "source": 7
                  },
                  {
                    "begin": 7123,
                    "end": 7195,
                    "name": "PUSH [tag]",
                    "source": 7,
                    "value": "195"
                  },
                  {
                    "begin": 7123,
                    "end": 7195,
                    "jumpType": "[in]",
                    "name": "JUMP",
                    "source": 7
                  },
                  {
                    "begin": 7123,
                    "end": 7195,
                    "name": "tag",
                    "source": 7,
                    "value": "280"
                  },
                  {
                    "begin": 7123,
                    "end": 7195,
                    "name": "JUMPDEST",
                    "source": 7
                  },
                  {
                    "begin": 6760,
                    "end": 7202,
                    "name": "SWAP5",
                    "source": 7
                  },
                  {
                    "begin": 6760,
                    "end": 7202,
                    "name": "SWAP4",
                    "source": 7
                  },
                  {
                    "begin": 6760,
                    "end": 7202,
                    "name": "POP",
                    "source": 7
                  },
                  {
                    "begin": 6760,
                    "end": 7202,
                    "name": "POP",
                    "source": 7
                  },
                  {
                    "begin": 6760,
                    "end": 7202,
                    "name": "POP",
                    "source": 7
                  },
                  {
                    "begin": 6760,
                    "end": 7202,
                    "name": "POP",
                    "source": 7
                  },
                  {
                    "begin": 6760,
                    "end": 7202,
                    "jumpType": "[out]",
                    "name": "JUMP",
                    "source": 7
                  },
                  {
                    "begin": 7208,
                    "end": 7388,
                    "name": "tag",
                    "source": 7,
                    "value": "200"
                  },
                  {
                    "begin": 7208,
                    "end": 7388,
                    "name": "JUMPDEST",
                    "source": 7
                  },
                  {
                    "begin": 7256,
                    "end": 7333,
                    "name": "PUSH",
                    "source": 7,
                    "value": "4E487B7100000000000000000000000000000000000000000000000000000000"
                  },
                  {
                    "begin": 7253,
                    "end": 7254,
                    "name": "PUSH",
                    "source": 7,
                    "value": "0"
                  },
                  {
                    "begin": 7246,
                    "end": 7334,
                    "name": "MSTORE",
                    "source": 7
                  },
                  {
                    "begin": 7353,
                    "end": 7357,
                    "name": "PUSH",
                    "source": 7,
                    "value": "11"
                  },
                  {
                    "begin": 7350,
                    "end": 7351,
                    "name": "PUSH",
                    "source": 7,
                    "value": "4"
                  },
                  {
                    "begin": 7343,
                    "end": 7358,
                    "name": "MSTORE",
                    "source": 7
                  },
                  {
                    "begin": 7377,
                    "end": 7381,
                    "name": "PUSH",
                    "source": 7,
                    "value": "24"
                  },
                  {
                    "begin": 7374,
                    "end": 7375,
                    "name": "PUSH",
                    "source": 7,
                    "value": "0"
                  },
                  {
                    "begin": 7367,
                    "end": 7382,
                    "name": "REVERT",
                    "source": 7
                  },
                  {
                    "begin": 7394,
                    "end": 7585,
                    "name": "tag",
                    "source": 7,
                    "value": "171"
                  },
                  {
                    "begin": 7394,
                    "end": 7585,
                    "name": "JUMPDEST",
                    "source": 7
                  },
                  {
                    "begin": 7434,
                    "end": 7437,
                    "name": "PUSH",
                    "source": 7,
                    "value": "0"
                  },
                  {
                    "begin": 7453,
                    "end": 7473,
                    "name": "PUSH [tag]",
                    "source": 7,
                    "value": "283"
                  },
                  {
                    "begin": 7471,
                    "end": 7472,
                    "name": "DUP3",
                    "source": 7
                  },
                  {
                    "begin": 7453,
                    "end": 7473,
                    "name": "PUSH [tag]",
                    "source": 7,
                    "value": "190"
                  },
                  {
                    "begin": 7453,
                    "end": 7473,
                    "jumpType": "[in]",
                    "name": "JUMP",
                    "source": 7
                  },
                  {
                    "begin": 7453,
                    "end": 7473,
                    "name": "tag",
                    "source": 7,
                    "value": "283"
                  },
                  {
                    "begin": 7453,
                    "end": 7473,
                    "name": "JUMPDEST",
                    "source": 7
                  },
                  {
                    "begin": 7448,
                    "end": 7473,
                    "name": "SWAP2",
                    "source": 7
                  },
                  {
                    "begin": 7448,
                    "end": 7473,
                    "name": "POP",
                    "source": 7
                  },
                  {
                    "begin": 7487,
                    "end": 7507,
                    "name": "PUSH [tag]",
                    "source": 7,
                    "value": "284"
                  },
                  {
                    "begin": 7505,
                    "end": 7506,
                    "name": "DUP4",
                    "source": 7
                  },
                  {
                    "begin": 7487,
                    "end": 7507,
                    "name": "PUSH [tag]",
                    "source": 7,
                    "value": "190"
                  },
                  {
                    "begin": 7487,
                    "end": 7507,
                    "jumpType": "[in]",
                    "name": "JUMP",
                    "source": 7
                  },
                  {
                    "begin": 7487,
                    "end": 7507,
                    "name": "tag",
                    "source": 7,
                    "value": "284"
                  },
                  {
                    "begin": 7487,
                    "end": 7507,
                    "name": "JUMPDEST",
                    "source": 7
                  },
                  {
                    "begin": 7482,
                    "end": 7507,
                    "name": "SWAP3",
                    "source": 7
                  },
                  {
                    "begin": 7482,
                    "end": 7507,
                    "name": "POP",
                    "source": 7
                  },
                  {
                    "begin": 7530,
                    "end": 7531,
                    "name": "DUP3",
                    "source": 7
                  },
                  {
                    "begin": 7527,
                    "end": 7528,
                    "name": "DUP3",
                    "source": 7
                  },
                  {
                    "begin": 7523,
                    "end": 7532,
                    "name": "ADD",
                    "source": 7
                  },
                  {
                    "begin": 7516,
                    "end": 7532,
                    "name": "SWAP1",
                    "source": 7
                  },
                  {
                    "begin": 7516,
                    "end": 7532,
                    "name": "POP",
                    "source": 7
                  },
                  {
                    "begin": 7551,
                    "end": 7554,
                    "name": "DUP1",
                    "source": 7
                  },
                  {
                    "begin": 7548,
                    "end": 7549,
                    "name": "DUP3",
                    "source": 7
                  },
                  {
                    "begin": 7545,
                    "end": 7555,
                    "name": "GT",
                    "source": 7
                  },
                  {
                    "begin": 7542,
                    "end": 7578,
                    "name": "ISZERO",
                    "source": 7
                  },
                  {
                    "begin": 7542,
                    "end": 7578,
                    "name": "PUSH [tag]",
                    "source": 7,
                    "value": "285"
                  },
                  {
                    "begin": 7542,
                    "end": 7578,
                    "name": "JUMPI",
                    "source": 7
                  },
                  {
                    "begin": 7558,
                    "end": 7576,
                    "name": "PUSH [tag]",
                    "source": 7,
                    "value": "286"
                  },
                  {
                    "begin": 7558,
                    "end": 7576,
                    "name": "PUSH [tag]",
                    "source": 7,
                    "value": "200"
                  },
                  {
                    "begin": 7558,
                    "end": 7576,
                    "jumpType": "[in]",
                    "name": "JUMP",
                    "source": 7
                  },
                  {
                    "begin": 7558,
                    "end": 7576,
                    "name": "tag",
                    "source": 7,
                    "value": "286"
                  },
                  {
                    "begin": 7558,
                    "end": 7576,
                    "name": "JUMPDEST",
                    "source": 7
                  },
                  {
                    "begin": 7542,
                    "end": 7578,
                    "name": "tag",
                    "source": 7,
                    "value": "285"
                  },
                  {
                    "begin": 7542,
                    "end": 7578,
                    "name": "JUMPDEST",
                    "source": 7
                  },
                  {
                    "begin": 7394,
                    "end": 7585,
                    "name": "SWAP3",
                    "source": 7
                  },
                  {
                    "begin": 7394,
                    "end": 7585,
                    "name": "SWAP2",
                    "source": 7
                  },
                  {
                    "begin": 7394,
                    "end": 7585,
                    "name": "POP",
                    "source": 7
                  },
                  {
                    "begin": 7394,
                    "end": 7585,
                    "name": "POP",
                    "source": 7
                  },
                  {
                    "begin": 7394,
                    "end": 7585,
                    "jumpType": "[out]",
                    "name": "JUMP",
                    "source": 7
                  }
                ]
              }
            },
            "sourceList": [
              "@openzeppelin/contracts/access/Ownable.sol",
              "@openzeppelin/contracts/interfaces/draft-IERC6093.sol",
              "@openzeppelin/contracts/token/ERC20/ERC20.sol",
              "@openzeppelin/contracts/token/ERC20/IERC20.sol",
              "@openzeppelin/contracts/token/ERC20/extensions/IERC20Metadata.sol",
              "@openzeppelin/contracts/utils/Context.sol",
              "MockUSDT.sol",
              "#utility.yul"
            ]
          },
          "methodIdentifiers": {
            "allowance(address,address)": "dd62ed3e",
            "approve(address,uint256)": "095ea7b3",
            "balanceOf(address)": "70a08231",
            "burn(uint256)": "42966c68",
            "decimals()": "313ce567",
            "mint(address,uint256)": "40c10f19",
            "name()": "06fdde03",
            "owner()": "8da5cb5b",
            "renounceOwnership()": "715018a6",
            "symbol()": "95d89b41",
            "totalSupply()": "18160ddd",
            "transfer(address,uint256)": "a9059cbb",
            "transferFrom(address,address,uint256)": "23b872dd",
            "transferOwnership(address)": "f2fde38b"
          }
        },
        "metadata": "{\"compiler\":{\"version\":\"0.8.27+commit.40a35a09\"},\"language\":\"Solidity\",\"output\":{\"abi\":[{\"inputs\":[{\"internalType\":\"uint256\",\"name\":\"initialSupply\",\"type\":\"uint256\"}],\"stateMutability\":\"nonpayable\",\"type\":\"constructor\"},{\"inputs\":[{\"internalType\":\"address\",\"name\":\"spender\",\"type\":\"address\"},{\"internalType\":\"uint256\",\"name\":\"allowance\",\"type\":\"uint256\"},{\"internalType\":\"uint256\",\"name\":\"needed\",\"type\":\"uint256\"}],\"name\":\"ERC20InsufficientAllowance\",\"type\":\"error\"},{\"inputs\":[{\"internalType\":\"address\",\"name\":\"sender\",\"type\":\"address\"},{\"internalType\":\"uint256\",\"name\":\"balance\",\"type\":\"uint256\"},{\"internalType\":\"uint256\",\"name\":\"needed\",\"type\":\"uint256\"}],\"name\":\"ERC20InsufficientBalance\",\"type\":\"error\"},{\"inputs\":[{\"internalType\":\"address\",\"name\":\"approver\",\"type\":\"address\"}],\"name\":\"ERC20InvalidApprover\",\"type\":\"error\"},{\"inputs\":[{\"internalType\":\"address\",\"name\":\"receiver\",\"type\":\"address\"}],\"name\":\"ERC20InvalidReceiver\",\"type\":\"error\"},{\"inputs\":[{\"internalType\":\"address\",\"name\":\"sender\",\"type\":\"address\"}],\"name\":\"ERC20InvalidSender\",\"type\":\"error\"},{\"inputs\":[{\"internalType\":\"address\",\"name\":\"spender\",\"type\":\"address\"}],\"name\":\"ERC20InvalidSpender\",\"type\":\"error\"},{\"inputs\":[{\"internalType\":\"address\",\"name\":\"owner\",\"type\":\"address\"}],\"name\":\"OwnableInvalidOwner\",\"type\":\"error\"},{\"inputs\":[{\"internalType\":\"address\",\"name\":\"account\",\"type\":\"address\"}],\"name\":\"OwnableUnauthorizedAccount\",\"type\":\"error\"},{\"anonymous\":false,\"inputs\":[{\"indexed\":true,\"internalType\":\"address\",\"name\":\"owner\",\"type\":\"address\"},{\"indexed\":true,\"internalType\":\"address\",\"name\":\"spender\",\"type\":\"address\"},{\"indexed\":false,\"internalType\":\"uint256\",\"name\":\"value\",\"type\":\"uint256\"}],\"name\":\"Approval\",\"type\":\"event\"},{\"anonymous\":false,\"inputs\":[{\"indexed\":true,\"internalType\":\"address\",\"name\":\"previousOwner\",\"type\":\"address\"},{\"indexed\":true,\"internalType\":\"address\",\"name\":\"newOwner\",\"type\":\"address\"}],\"name\":\"OwnershipTransferred\",\"type\":\"event\"},{\"anonymous\":false,\"inputs\":[{\"indexed\":true,\"internalType\":\"address\",\"name\":\"from\",\"type\":\"address\"},{\"indexed\":true,\"internalType\":\"address\",\"name\":\"to\",\"type\":\"address\"},{\"indexed\":false,\"internalType\":\"uint256\",\"name\":\"value\",\"type\":\"uint256\"}],\"name\":\"Transfer\",\"type\":\"event\"},{\"inputs\":[{\"internalType\":\"address\",\"name\":\"owner\",\"type\":\"address\"},{\"internalType\":\"address\",\"name\":\"spender\",\"type\":\"address\"}],\"name\":\"allowance\",\"outputs\":[{\"internalType\":\"uint256\",\"name\":\"\",\"type\":\"uint256\"}],\"stateMutability\":\"view\",\"type\":\"function\"},{\"inputs\":[{\"internalType\":\"address\",\"name\":\"spender\",\"type\":\"address\"},{\"internalType\":\"uint256\",\"name\":\"value\",\"type\":\"uint256\"}],\"name\":\"approve\",\"outputs\":[{\"internalType\":\"bool\",\"name\":\"\",\"type\":\"bool\"}],\"stateMutability\":\"nonpayable\",\"type\":\"function\"},{\"inputs\":[{\"internalType\":\"address\",\"name\":\"account\",\"type\":\"address\"}],\"name\":\"balanceOf\",\"outputs\":[{\"internalType\":\"uint256\",\"name\":\"\",\"type\":\"uint256\"}],\"stateMutability\":\"view\",\"type\":\"function\"},{\"inputs\":[{\"internalType\":\"uint256\",\"name\":\"amount\",\"type\":\"uint256\"}],\"name\":\"burn\",\"outputs\":[],\"stateMutability\":\"nonpayable\",\"type\":\"function\"},{\"inputs\":[],\"name\":\"decimals\",\"outputs\":[{\"internalType\":\"uint8\",\"name\":\"\",\"type\":\"uint8\"}],\"stateMutability\":\"view\",\"type\":\"function\"},{\"inputs\":[{\"internalType\":\"address\",\"name\":\"to\",\"type\":\"address\"},{\"internalType\":\"uint256\",\"name\":\"amount\",\"type\":\"uint256\"}],\"name\":\"mint\",\"outputs\":[],\"stateMutability\":\"nonpayable\",\"type\":\"function\"},{\"inputs\":[],\"name\":\"name\",\"outputs\":[{\"internalType\":\"string\",\"name\":\"\",\"type\":\"string\"}],\"stateMutability\":\"view\",\"type\":\"function\"},{\"inputs\":[],\"name\":\"owner\",\"outputs\":[{\"internalType\":\"address\",\"name\":\"\",\"type\":\"address\"}],\"stateMutability\":\"view\",\"type\":\"function\"},{\"inputs\":[],\"name\":\"renounceOwnership\",\"outputs\":[],\"stateMutability\":\"nonpayable\",\"type\":\"function\"},{\"inputs\":[],\"name\":\"symbol\",\"outputs\":[{\"internalType\":\"string\",\"name\":\"\",\"type\":\"string\"}],\"stateMutability\":\"view\",\"type\":\"function\"},{\"inputs\":[],\"name\":\"totalSupply\",\"outputs\":[{\"internalType\":\"uint256\",\"name\":\"\",\"type\":\"uint256\"}],\"stateMutability\":\"view\",\"type\":\"function\"},{\"inputs\":[{\"internalType\":\"address\",\"name\":\"to\",\"type\":\"address\"},{\"internalType\":\"uint256\",\"name\":\"value\",\"type\":\"uint256\"}],\"name\":\"transfer\",\"outputs\":[{\"internalType\":\"bool\",\"name\":\"\",\"type\":\"bool\"}],\"stateMutability\":\"nonpayable\",\"type\":\"function\"},{\"inputs\":[{\"internalType\":\"address\",\"name\":\"from\",\"type\":\"address\"},{\"internalType\":\"address\",\"name\":\"to\",\"type\":\"address\"},{\"internalType\":\"uint256\",\"name\":\"value\",\"type\":\"uint256\"}],\"name\":\"transferFrom\",\"outputs\":[{\"internalType\":\"bool\",\"name\":\"\",\"type\":\"bool\"}],\"stateMutability\":\"nonpayable\",\"type\":\"function\"},{\"inputs\":[{\"internalType\":\"address\",\"name\":\"newOwner\",\"type\":\"address\"}],\"name\":\"transferOwnership\",\"outputs\":[],\"stateMutability\":\"nonpayable\",\"type\":\"function\"}],\"devdoc\":{\"errors\":{\"ERC20InsufficientAllowance(address,uint256,uint256)\":[{\"details\":\"Indicates a failure with the `spender`\\u2019s `allowance`. Used in transfers.\",\"params\":{\"allowance\":\"Amount of tokens a `spender` is allowed to operate with.\",\"needed\":\"Minimum amount required to perform a transfer.\",\"spender\":\"Address that may be allowed to operate on tokens without being their owner.\"}}],\"ERC20InsufficientBalance(address,uint256,uint256)\":[{\"details\":\"Indicates an error related to the current `balance` of a `sender`. Used in transfers.\",\"params\":{\"balance\":\"Current balance for the interacting account.\",\"needed\":\"Minimum amount required to perform a transfer.\",\"sender\":\"Address whose tokens are being transferred.\"}}],\"ERC20InvalidApprover(address)\":[{\"details\":\"Indicates a failure with the `approver` of a token to be approved. Used in approvals.\",\"params\":{\"approver\":\"Address initiating an approval operation.\"}}],\"ERC20InvalidReceiver(address)\":[{\"details\":\"Indicates a failure with the token `receiver`. Used in transfers.\",\"params\":{\"receiver\":\"Address to which tokens are being transferred.\"}}],\"ERC20InvalidSender(address)\":[{\"details\":\"Indicates a failure with the token `sender`. Used in transfers.\",\"params\":{\"sender\":\"Address whose tokens are being transferred.\"}}],\"ERC20InvalidSpender(address)\":[{\"details\":\"Indicates a failure with the `spender` to be approved. Used in approvals.\",\"params\":{\"spender\":\"Address that may be allowed to operate on tokens without being their owner.\"}}],\"OwnableInvalidOwner(address)\":[{\"details\":\"The owner is not a valid owner account. (eg. `address(0)`)\"}],\"OwnableUnauthorizedAccount(address)\":[{\"details\":\"The caller account is not authorized to perform an operation.\"}]},\"events\":{\"Approval(address,address,uint256)\":{\"details\":\"Emitted when the allowance of a `spender` for an `owner` is set by a call to {approve}. `value` is the new allowance.\"},\"Transfer(address,address,uint256)\":{\"details\":\"Emitted when `value` tokens are moved from one account (`from`) to another (`to`). Note that `value` may be zero.\"}},\"kind\":\"dev\",\"methods\":{\"allowance(address,address)\":{\"details\":\"See {IERC20-allowance}.\"},\"approve(address,uint256)\":{\"details\":\"See {IERC20-approve}. NOTE: If `value` is the maximum `uint256`, the allowance is not updated on `transferFrom`. This is semantically equivalent to an infinite approval. Requirements: - `spender` cannot be the zero address.\"},\"balanceOf(address)\":{\"details\":\"See {IERC20-balanceOf}.\"},\"decimals()\":{\"details\":\"Returns the number of decimals used to get its user representation. For example, if `decimals` equals `2`, a balance of `505` tokens should be displayed to a user as `5.05` (`505 / 10 ** 2`). Tokens usually opt for a value of 18, imitating the relationship between Ether and Wei. This is the default value returned by this function, unless it's overridden. NOTE: This information is only used for _display_ purposes: it in no way affects any of the arithmetic of the contract, including {IERC20-balanceOf} and {IERC20-transfer}.\"},\"name()\":{\"details\":\"Returns the name of the token.\"},\"owner()\":{\"details\":\"Returns the address of the current owner.\"},\"renounceOwnership()\":{\"details\":\"Leaves the contract without owner. It will not be possible to call `onlyOwner` functions. Can only be called by the current owner. NOTE: Renouncing ownership will leave the contract without an owner, thereby disabling any functionality that is only available to the owner.\"},\"symbol()\":{\"details\":\"Returns the symbol of the token, usually a shorter version of the name.\"},\"totalSupply()\":{\"details\":\"See {IERC20-totalSupply}.\"},\"transfer(address,uint256)\":{\"details\":\"See {IERC20-transfer}. Requirements: - `to` cannot be the zero address. - the caller must have a balance of at least `value`.\"},\"transferFrom(address,address,uint256)\":{\"details\":\"See {IERC20-transferFrom}. Emits an {Approval} event indicating the updated allowance. This is not required by the EIP. See the note at the beginning of {ERC20}. NOTE: Does not update the allowance if the current allowance is the maximum `uint256`. Requirements: - `from` and `to` cannot be the zero address. - `from` must have a balance of at least `value`. - the caller must have allowance for ``from``'s tokens of at least `value`.\"},\"transferOwnership(address)\":{\"details\":\"Transfers ownership of the contract to a new account (`newOwner`). Can only be called by the current owner.\"}},\"version\":1},\"userdoc\":{\"kind\":\"user\",\"methods\":{},\"version\":1}},\"settings\":{\"compilationTarget\":{\"MockUSDT.sol\":\"MockUSDT\"},\"evmVersion\":\"cancun\",\"libraries\":{},\"metadata\":{\"bytecodeHash\":\"ipfs\"},\"optimizer\":{\"enabled\":false,\"runs\":200},\"remappings\":[]},\"sources\":{\"@openzeppelin/contracts/access/Ownable.sol\":{\"keccak256\":\"0xff6d0bb2e285473e5311d9d3caacb525ae3538a80758c10649a4d61029b017bb\",\"license\":\"MIT\",\"urls\":[\"bzz-raw://8ed324d3920bb545059d66ab97d43e43ee85fd3bd52e03e401f020afb0b120f6\",\"dweb:/ipfs/QmfEckWLmZkDDcoWrkEvMWhms66xwTLff9DDhegYpvHo1a\"]},\"@openzeppelin/contracts/interfaces/draft-IERC6093.sol\":{\"keccak256\":\"0x60c65f701957fdd6faea1acb0bb45825791d473693ed9ecb34726fdfaa849dd7\",\"license\":\"MIT\",\"urls\":[\"bzz-raw://ea290300e0efc4d901244949dc4d877fd46e6c5e43dc2b26620e8efab3ab803f\",\"dweb:/ipfs/QmcLLJppxKeJWqHxE2CUkcfhuRTgHSn8J4kijcLa5MYhSt\"]},\"@openzeppelin/contracts/token/ERC20/ERC20.sol\":{\"keccak256\":\"0xc3e1fa9d1987f8d349dfb4d6fe93bf2ca014b52ba335cfac30bfe71e357e6f80\",\"license\":\"MIT\",\"urls\":[\"bzz-raw://c5703ccdeb7b1d685e375ed719117e9edf2ab4bc544f24f23b0d50ec82257229\",\"dweb:/ipfs/QmTdwkbQq7owpCiyuzE7eh5LrD2ddrBCZ5WHVsWPi1RrTS\"]},\"@openzeppelin/contracts/token/ERC20/IERC20.sol\":{\"keccak256\":\"0xc6a8ff0ea489379b61faa647490411b80102578440ab9d84e9a957cc12164e70\",\"license\":\"MIT\",\"urls\":[\"bzz-raw://0ea104e577e63faea3b69c415637e99e755dcbf64c5833d7140c35a714d6d90c\",\"dweb:/ipfs/Qmau6x4Ns9XdyynRCNNp3RhLqijJjFm7z5fyZazfYFGYdq\"]},\"@openzeppelin/contracts/token/ERC20/extensions/IERC20Metadata.sol\":{\"keccak256\":\"0xaa761817f6cd7892fcf158b3c776b34551cde36f48ff9703d53898bc45a94ea2\",\"license\":\"MIT\",\"urls\":[\"bzz-raw://0ad7c8d4d08938c8dfc43d75a148863fb324b80cf53e0a36f7e5a4ac29008850\",\"dweb:/ipfs/QmcrhfPgVNf5mkdhQvy1pMv51TFokD3Y4Wa5WZhFqVh8UV\"]},\"@openzeppelin/contracts/utils/Context.sol\":{\"keccak256\":\"0x493033a8d1b176a037b2cc6a04dad01a5c157722049bbecf632ca876224dd4b2\",\"license\":\"MIT\",\"urls\":[\"bzz-raw://6a708e8a5bdb1011c2c381c9a5cfd8a9a956d7d0a9dc1bd8bcdaf52f76ef2f12\",\"dweb:/ipfs/Qmax9WHBnVsZP46ZxEMNRQpLQnrdE4dK8LehML1Py8FowF\"]},\"MockUSDT.sol\":{\"keccak256\":\"0xfca2db034e41fa5ac19b27acea0223c55b9f0b6822b061cd46e1ee03d94ba760\",\"license\":\"MIT\",\"urls\":[\"bzz-raw://20540119e943dffcd28f320ebeec34470087208167f1b4337cfe74921928d62f\",\"dweb:/ipfs/QmWajrcJVoYkq9b6FtJDHDvi7taWCZ2kvK3dvW9SMC2TqK\"]}},\"version\":1}",
        "storageLayout": {
          "storage": [
            {
              "astId": 226,
              "contract": "MockUSDT.sol:MockUSDT",
              "label": "_balances",
              "offset": 0,
              "slot": "0",
              "type": "t_mapping(t_address,t_uint256)"
            },
            {
              "astId": 232,
              "contract": "MockUSDT.sol:MockUSDT",
              "label": "_allowances",
              "offset": 0,
              "slot": "1",
              "type": "t_mapping(t_address,t_mapping(t_address,t_uint256))"
            },
            {
              "astId": 234,
              "contract": "MockUSDT.sol:MockUSDT",
              "label": "_totalSupply",
              "offset": 0,
              "slot": "2",
              "type": "t_uint256"
            },
            {
              "astId": 236,
              "contract": "MockUSDT.sol:MockUSDT",
              "label": "_name",
              "offset": 0,
              "slot": "3",
              "type": "t_string_storage"
            },
            {
              "astId": 238,
              "contract": "MockUSDT.sol:MockUSDT",
              "label": "_symbol",
              "offset": 0,
              "slot": "4",
              "type": "t_string_storage"
            },
            {
              "astId": 64,
              "contract": "MockUSDT.sol:MockUSDT",
              "label": "_owner",
              "offset": 0,
              "slot": "5",
              "type": "t_address"
            }
          ],
          "types": {
            "t_address": {
              "encoding": "inplace",
              "label": "address",
              "numberOfBytes": "20"
            },
            "t_mapping(t_address,t_mapping(t_address,t_uint256))": {
              "encoding": "mapping",
              "key": "t_address",
              "label": "mapping(address => mapping(address => uint256))",
              "numberOfBytes": "32",
              "value": "t_mapping(t_address,t_uint256)"
            },
            "t_mapping(t_address,t_uint256)": {
              "encoding": "mapping",
              "key": "t_address",
              "label": "mapping(address => uint256)",
              "numberOfBytes": "32",
              "value": "t_uint256"
            },
            "t_string_storage": {
              "encoding": "bytes",
              "label": "string",
              "numberOfBytes": "32"
            },
            "t_uint256": {
              "encoding": "inplace",
              "label": "uint256",
              "numberOfBytes": "32"
            }
          }
        },
        "transientStorageLayout": {
          "storage": [],
          "types": null
        },
        "userdoc": {
          "kind": "user",
          "methods": {},
          "version": 1
        }
      }
    }
  },
  "sources": {
    "@openzeppelin/contracts/access/Ownable.sol": {
      "id": 0
    },
    "@openzeppelin/contracts/interfaces/draft-IERC6093.sol": {
      "id": 1
    },
    "@openzeppelin/contracts/token/ERC20/ERC20.sol": {
      "id": 2
    },
    "@openzeppelin/contracts/token/ERC20/IERC20.sol": {
      "id": 3
    },
    "@openzeppelin/contracts/token/ERC20/extensions/IERC20Metadata.sol": {
      "id": 4
    },
    "@openzeppelin/contracts/utils/Context.sol": {
      "id": 5
    },
    "MockUSDT.sol": {
      "id": 6
    }
  }
}
ABI: [{"inputs":[{"internalType":"uint256","name":"initialSupply","type":"uint256"}],"stateMutability":"nonpayable","type":"constructor"},{"inputs":[{"internalType":"address","name":"spender","type":"address"},{"internalType":"uint256","name":"allowance","type":"uint256"},{"internalType":"uint256","name":"needed","type":"uint256"}],"name":"ERC20InsufficientAllowance","type":"error"},{"inputs":[{"internalType":"address","name":"sender","type":"address"},{"internalType":"uint256","name":"balance","type":"uint256"},{"internalType":"uint256","name":"needed","type":"uint256"}],"name":"ERC20InsufficientBalance","type":"error"},{"inputs":[{"internalType":"address","name":"approver","type":"address"}],"name":"ERC20InvalidApprover","type":"error"},{"inputs":[{"internalType":"address","name":"receiver","type":"address"}],"name":"ERC20InvalidReceiver","type":"error"},{"inputs":[{"internalType":"address","name":"sender","type":"address"}],"name":"ERC20InvalidSender","type":"error"},{"inputs":[{"internalType":"address","name":"spender","type":"address"}],"name":"ERC20InvalidSpender","type":"error"},{"inputs":[{"internalType":"address","name":"owner","type":"address"}],"name":"OwnableInvalidOwner","type":"error"},{"inputs":[{"internalType":"address","name":"account","type":"address"}],"name":"OwnableUnauthorizedAccount","type":"error"},{"anonymous":false,"inputs":[{"indexed":true,"internalType":"address","name":"owner","type":"address"},{"indexed":true,"internalType":"address","name":"spender","type":"address"},{"indexed":false,"internalType":"uint256","name":"value","type":"uint256"}],"name":"Approval","type":"event"},{"anonymous":false,"inputs":[{"indexed":true,"internalType":"address","name":"previousOwner","type":"address"},{"indexed":true,"internalType":"address","name":"newOwner","type":"address"}],"name":"OwnershipTransferred","type":"event"},{"anonymous":false,"inputs":[{"indexed":true,"internalType":"address","name":"from","type":"address"},{"indexed":true,"internalType":"address","name":"to","type":"address"},{"indexed":false,"internalType":"uint256","name":"value","type":"uint256"}],"name":"Transfer","type":"event"},{"inputs":[{"internalType":"address","name":"owner","type":"address"},{"internalType":"address","name":"spender","type":"address"}],"name":"allowance","outputs":[{"internalType":"uint256","name":"","type":"uint256"}],"stateMutability":"view","type":"function"},{"inputs":[{"internalType":"address","name":"spender","type":"address"},{"internalType":"uint256","name":"value","type":"uint256"}],"name":"approve","outputs":[{"internalType":"bool","name":"","type":"bool"}],"stateMutability":"nonpayable","type":"function"},{"inputs":[{"internalType":"address","name":"account","type":"address"}],"name":"balanceOf","outputs":[{"internalType":"uint256","name":"","type":"uint256"}],"stateMutability":"view","type":"function"},{"inputs":[{"internalType":"uint256","name":"amount","type":"uint256"}],"name":"burn","outputs":[],"stateMutability":"nonpayable","type":"function"},{"inputs":[],"name":"decimals","outputs":[{"internalType":"uint8","name":"","type":"uint8"}],"stateMutability":"view","type":"function"},{"inputs":[{"internalType":"address","name":"to","type":"address"},{"internalType":"uint256","name":"amount","type":"uint256"}],"name":"mint","outputs":[],"stateMutability":"nonpayable","type":"function"},{"inputs":[],"name":"name","outputs":[{"internalType":"string","name":"","type":"string"}],"stateMutability":"view","type":"function"},{"inputs":[],"name":"owner","outputs":[{"internalType":"address","name":"","type":"address"}],"stateMutability":"view","type":"function"},{"inputs":[],"name":"renounceOwnership","outputs":[],"stateMutability":"nonpayable","type":"function"},{"inputs":[],"name":"symbol","outputs":[{"internalType":"string","name":"","type":"string"}],"stateMutability":"view","type":"function"},{"inputs":[],"name":"totalSupply","outputs":[{"internalType":"uint256","name":"","type":"uint256"}],"stateMutability":"view","type":"function"},{"inputs":[{"internalType":"address","name":"to","type":"address"},{"internalType":"uint256","name":"value","type":"uint256"}],"name":"transfer","outputs":[{"internalType":"bool","name":"","type":"bool"}],"stateMutability":"nonpayable","type":"function"},{"inputs":[{"internalType":"address","name":"from","type":"address"},{"internalType":"address","name":"to","type":"address"},{"internalType":"uint256","name":"value","type":"uint256"}],"name":"transferFrom","outputs":[{"internalType":"bool","name":"","type":"bool"}],"stateMutability":"nonpayable","type":"function"},{"inputs":[{"internalType":"address","name":"newOwner","type":"address"}],"name":"transferOwnership","outputs":[],"stateMutability":"nonpayable","type":"function"}]
Bytecode: 608060405234801561000f575f5ffd5b50604051611b47380380611b47833981810160405281019061003191906104ee565b336040518060400160405280600981526020017f4d6f636b205553445400000000000000000000000000000000000000000000008152506040518060400160405280600581526020017f6d5553445400000000000000000000000000000000000000000000000000000081525081600390816100ad919061074d565b5080600490816100bd919061074d565b5050505f73ffffffffffffffffffffffffffffffffffffffff168173ffffffffffffffffffffffffffffffffffffffff1603610130575f6040517f1e4fbdf7000000000000000000000000000000000000000000000000000000008152600401610127919061085b565b60405180910390fd5b61013f8161015660201b60201c565b50610150338261021960201b60201c565b50610931565b5f60055f9054906101000a900473ffffffffffffffffffffffffffffffffffffffff1690508160055f6101000a81548173ffffffffffffffffffffffffffffffffffffffff021916908373ffffffffffffffffffffffffffffffffffffffff1602179055508173ffffffffffffffffffffffffffffffffffffffff168173ffffffffffffffffffffffffffffffffffffffff167f8be0079c531659141344cd1fd0a4f28419497f9722a3daafe3b4186f6b6457e060405160405180910390a35050565b5f73ffffffffffffffffffffffffffffffffffffffff168273ffffffffffffffffffffffffffffffffffffffff1603610289575f6040517fec442f05000000000000000000000000000000000000000000000000000000008152600401610280919061085b565b60405180910390fd5b61029a5f838361029e60201b60201c565b5050565b5f73ffffffffffffffffffffffffffffffffffffffff168373ffffffffffffffffffffffffffffffffffffffff16036102ee578060025f8282546102e291906108a1565b925050819055506103bc565b5f5f5f8573ffffffffffffffffffffffffffffffffffffffff1673ffffffffffffffffffffffffffffffffffffffff1681526020019081526020015f2054905081811015610377578381836040517fe450d38c00000000000000000000000000000000000000000000000000000000815260040161036e939291906108e3565b60405180910390fd5b8181035f5f8673ffffffffffffffffffffffffffffffffffffffff1673ffffffffffffffffffffffffffffffffffffffff1681526020019081526020015f2081905550505b5f73ffffffffffffffffffffffffffffffffffffffff168273ffffffffffffffffffffffffffffffffffffffff1603610403578060025f828254039250508190555061044d565b805f5f8473ffffffffffffffffffffffffffffffffffffffff1673ffffffffffffffffffffffffffffffffffffffff1681526020019081526020015f205f82825401925050819055505b8173ffffffffffffffffffffffffffffffffffffffff168373ffffffffffffffffffffffffffffffffffffffff167fddf252ad1be2c89b69c2b068fc378daa952ba7f163c4a11628f55a4df523b3ef836040516104aa9190610918565b60405180910390a3505050565b5f5ffd5b5f819050919050565b6104cd816104bb565b81146104d7575f5ffd5b50565b5f815190506104e8816104c4565b92915050565b5f60208284031215610503576105026104b7565b5b5f610510848285016104da565b91505092915050565b5f81519050919050565b7f4e487b71000000000000000000000000000000000000000000000000000000005f52604160045260245ffd5b7f4e487b71000000000000000000000000000000000000000000000000000000005f52602260045260245ffd5b5f600282049050600182168061059457607f821691505b6020821081036105a7576105a6610550565b5b50919050565b5f819050815f5260205f209050919050565b5f6020601f8301049050919050565b5f82821b905092915050565b5f600883026106097fffffffffffffffffffffffffffffffffffffffffffffffffffffffffffffffff826105ce565b61061386836105ce565b95508019841693508086168417925050509392505050565b5f819050919050565b5f61064e610649610644846104bb565b61062b565b6104bb565b9050919050565b5f819050919050565b61066783610634565b61067b61067382610655565b8484546105da565b825550505050565b5f5f905090565b610692610683565b61069d81848461065e565b505050565b5b818110156106c0576106b55f8261068a565b6001810190506106a3565b5050565b601f821115610705576106d6816105ad565b6106df846105bf565b810160208510156106ee578190505b6107026106fa856105bf565b8301826106a2565b50505b505050565b5f82821c905092915050565b5f6107255f198460080261070a565b1980831691505092915050565b5f61073d8383610716565b9150826002028217905092915050565b61075682610519565b67ffffffffffffffff81111561076f5761076e610523565b5b610779825461057d565b6107848282856106c4565b5f60209050601f8311600181146107b5575f84156107a3578287015190505b6107ad8582610732565b865550610814565b601f1984166107c3866105ad565b5f5b828110156107ea578489015182556001820191506020850194506020810190506107c5565b868310156108075784890151610803601f891682610716565b8355505b6001600288020188555050505b505050505050565b5f73ffffffffffffffffffffffffffffffffffffffff82169050919050565b5f6108458261081c565b9050919050565b6108558161083b565b82525050565b5f60208201905061086e5f83018461084c565b92915050565b7f4e487b71000000000000000000000000000000000000000000000000000000005f52601160045260245ffd5b5f6108ab826104bb565b91506108b6836104bb565b92508282019050808211156108ce576108cd610874565b5b92915050565b6108dd816104bb565b82525050565b5f6060820190506108f65f83018661084c565b61090360208301856108d4565b61091060408301846108d4565b949350505050565b5f60208201905061092b5f8301846108d4565b92915050565b6112098061093e5f395ff3fe608060405234801561000f575f5ffd5b50600436106100e8575f3560e01c806370a082311161008a57806395d89b411161006457806395d89b4114610236578063a9059cbb14610254578063dd62ed3e14610284578063f2fde38b146102b4576100e8565b806370a08231146101de578063715018a61461020e5780638da5cb5b14610218576100e8565b806323b872dd116100c657806323b872dd14610158578063313ce5671461018857806340c10f19146101a657806342966c68146101c2576100e8565b806306fdde03146100ec578063095ea7b31461010a57806318160ddd1461013a575b5f5ffd5b6100f46102d0565b6040516101019190610e57565b60405180910390f35b610124600480360381019061011f9190610f08565b610360565b6040516101319190610f60565b60405180910390f35b610142610382565b60405161014f9190610f88565b60405180910390f35b610172600480360381019061016d9190610fa1565b61038b565b60405161017f9190610f60565b60405180910390f35b6101906103b9565b60405161019d919061100c565b60405180910390f35b6101c060048036038101906101bb9190610f08565b6103c1565b005b6101dc60048036038101906101d79190611025565b6103d7565b005b6101f860048036038101906101f39190611050565b6103e4565b6040516102059190610f88565b60405180910390f35b610216610429565b005b61022061043c565b60405161022d919061108a565b60405180910390f35b61023e610464565b60405161024b9190610e57565b60405180910390f35b61026e60048036038101906102699190610f08565b6104f4565b60405161027b9190610f60565b60405180910390f35b61029e600480360381019061029991906110a3565b610516565b6040516102ab9190610f88565b60405180910390f35b6102ce60048036038101906102c99190611050565b610598565b005b6060600380546102df9061110e565b80601f016020809104026020016040519081016040528092919081815260200182805461030b9061110e565b80156103565780601f1061032d57610100808354040283529160200191610356565b820191905f5260205f20905b81548152906001019060200180831161033957829003601f168201915b5050505050905090565b5f5f61036a61061c565b9050610377818585610623565b600191505092915050565b5f600254905090565b5f5f61039561061c565b90506103a2858285610635565b6103ad8585856106c7565b60019150509392505050565b5f6012905090565b6103c96107b7565b6103d3828261083e565b5050565b6103e133826108bd565b50565b5f5f5f8373ffffffffffffffffffffffffffffffffffffffff1673ffffffffffffffffffffffffffffffffffffffff1681526020019081526020015f20549050919050565b6104316107b7565b61043a5f61093c565b565b5f60055f9054906101000a900473ffffffffffffffffffffffffffffffffffffffff16905090565b6060600480546104739061110e565b80601f016020809104026020016040519081016040528092919081815260200182805461049f9061110e565b80156104ea5780601f106104c1576101008083540402835291602001916104ea565b820191905f5260205f20905b8154815290600101906020018083116104cd57829003601f168201915b5050505050905090565b5f5f6104fe61061c565b905061050b8185856106c7565b600191505092915050565b5f60015f8473ffffffffffffffffffffffffffffffffffffffff1673ffffffffffffffffffffffffffffffffffffffff1681526020019081526020015f205f8373ffffffffffffffffffffffffffffffffffffffff1673ffffffffffffffffffffffffffffffffffffffff1681526020019081526020015f2054905092915050565b6105a06107b7565b5f73ffffffffffffffffffffffffffffffffffffffff168173ffffffffffffffffffffffffffffffffffffffff1603610610575f6040517f1e4fbdf7000000000000000000000000000000000000000000000000000000008152600401610607919061108a565b60405180910390fd5b6106198161093c565b50565b5f33905090565b61063083838360016109ff565b505050565b5f6106408484610516565b90507fffffffffffffffffffffffffffffffffffffffffffffffffffffffffffffffff81146106c157818110156106b2578281836040517ffb8f41b20000000000000000000000000000000000000000000000000000000081526004016106a99392919061113e565b60405180910390fd5b6106c084848484035f6109ff565b5b50505050565b5f73ffffffffffffffffffffffffffffffffffffffff168373ffffffffffffffffffffffffffffffffffffffff1603610737575f6040517f96c6fd1e00000000000000000000000000000000000000000000000000000000815260040161072e919061108a565b60405180910390fd5b5f73ffffffffffffffffffffffffffffffffffffffff168273ffffffffffffffffffffffffffffffffffffffff16036107a7575f6040517fec442f0500000000000000000000000000000000000000000000000000000000815260040161079e919061108a565b60405180910390fd5b6107b2838383610bce565b505050565b6107bf61061c565b73ffffffffffffffffffffffffffffffffffffffff166107dd61043c565b73ffffffffffffffffffffffffffffffffffffffff161461083c5761080061061c565b6040517f118cdaa7000000000000000000000000000000000000000000000000000000008152600401610833919061108a565b60405180910390fd5b565b5f73ffffffffffffffffffffffffffffffffffffffff168273ffffffffffffffffffffffffffffffffffffffff16036108ae575f6040517fec442f050000000000000000000000000000000000000000000000000000000081526004016108a5919061108a565b60405180910390fd5b6108b95f8383610bce565b5050565b5f73ffffffffffffffffffffffffffffffffffffffff168273ffffffffffffffffffffffffffffffffffffffff160361092d575f6040517f96c6fd1e000000000000000000000000000000000000000000000000000000008152600401610924919061108a565b60405180910390fd5b610938825f83610bce565b5050565b5f60055f9054906101000a900473ffffffffffffffffffffffffffffffffffffffff1690508160055f6101000a81548173ffffffffffffffffffffffffffffffffffffffff021916908373ffffffffffffffffffffffffffffffffffffffff1602179055508173ffffffffffffffffffffffffffffffffffffffff168173ffffffffffffffffffffffffffffffffffffffff167f8be0079c531659141344cd1fd0a4f28419497f9722a3daafe3b4186f6b6457e060405160405180910390a35050565b5f73ffffffffffffffffffffffffffffffffffffffff168473ffffffffffffffffffffffffffffffffffffffff1603610a6f575f6040517fe602df05000000000000000000000000000000000000000000000000000000008152600401610a66919061108a565b60405180910390fd5b5f73ffffffffffffffffffffffffffffffffffffffff168373ffffffffffffffffffffffffffffffffffffffff1603610adf575f6040517f94280d62000000000000000000000000000000000000000000000000000000008152600401610ad6919061108a565b60405180910390fd5b8160015f8673ffffffffffffffffffffffffffffffffffffffff1673ffffffffffffffffffffffffffffffffffffffff1681526020019081526020015f205f8573ffffffffffffffffffffffffffffffffffffffff1673ffffffffffffffffffffffffffffffffffffffff1681526020019081526020015f20819055508015610bc8578273ffffffffffffffffffffffffffffffffffffffff168473ffffffffffffffffffffffffffffffffffffffff167f8c5be1e5ebec7d5bd14f71427d1e84f3dd0314c0f7b2291e5b200ac8c7c3b92584604051610bbf9190610f88565b60405180910390a35b50505050565b5f73ffffffffffffffffffffffffffffffffffffffff168373ffffffffffffffffffffffffffffffffffffffff1603610c1e578060025f828254610c1291906111a0565b92505081905550610cec565b5f5f5f8573ffffffffffffffffffffffffffffffffffffffff1673ffffffffffffffffffffffffffffffffffffffff1681526020019081526020015f2054905081811015610ca7578381836040517fe450d38c000000000000000000000000000000000000000000000000000000008152600401610c9e9392919061113e565b60405180910390fd5b8181035f5f8673ffffffffffffffffffffffffffffffffffffffff1673ffffffffffffffffffffffffffffffffffffffff1681526020019081526020015f2081905550505b5f73ffffffffffffffffffffffffffffffffffffffff168273ffffffffffffffffffffffffffffffffffffffff1603610d33578060025f8282540392505081905550610d7d565b805f5f8473ffffffffffffffffffffffffffffffffffffffff1673ffffffffffffffffffffffffffffffffffffffff1681526020019081526020015f205f82825401925050819055505b8173ffffffffffffffffffffffffffffffffffffffff168373ffffffffffffffffffffffffffffffffffffffff167fddf252ad1be2c89b69c2b068fc378daa952ba7f163c4a11628f55a4df523b3ef83604051610dda9190610f88565b60405180910390a3505050565b5f81519050919050565b5f82825260208201905092915050565b8281835e5f83830152505050565b5f601f19601f8301169050919050565b5f610e2982610de7565b610e338185610df1565b9350610e43818560208601610e01565b610e4c81610e0f565b840191505092915050565b5f6020820190508181035f830152610e6f8184610e1f565b905092915050565b5f5ffd5b5f73ffffffffffffffffffffffffffffffffffffffff82169050919050565b5f610ea482610e7b565b9050919050565b610eb481610e9a565b8114610ebe575f5ffd5b50565b5f81359050610ecf81610eab565b92915050565b5f819050919050565b610ee781610ed5565b8114610ef1575f5ffd5b50565b5f81359050610f0281610ede565b92915050565b5f5f60408385031215610f1e57610f1d610e77565b5b5f610f2b85828601610ec1565b9250506020610f3c85828601610ef4565b9150509250929050565b5f8115159050919050565b610f5a81610f46565b82525050565b5f602082019050610f735f830184610f51565b92915050565b610f8281610ed5565b82525050565b5f602082019050610f9b5f830184610f79565b92915050565b5f5f5f60608486031215610fb857610fb7610e77565b5b5f610fc586828701610ec1565b9350506020610fd686828701610ec1565b9250506040610fe786828701610ef4565b9150509250925092565b5f60ff82169050919050565b61100681610ff1565b82525050565b5f60208201905061101f5f830184610ffd565b92915050565b5f6020828403121561103a57611039610e77565b5b5f61104784828501610ef4565b91505092915050565b5f6020828403121561106557611064610e77565b5b5f61107284828501610ec1565b91505092915050565b61108481610e9a565b82525050565b5f60208201905061109d5f83018461107b565b92915050565b5f5f604083850312156110b9576110b8610e77565b5b5f6110c685828601610ec1565b92505060206110d785828601610ec1565b9150509250929050565b7f4e487b71000000000000000000000000000000000000000000000000000000005f52602260045260245ffd5b5f600282049050600182168061112557607f821691505b602082108103611138576111376110e1565b5b50919050565b5f6060820190506111515f83018661107b565b61115e6020830185610f79565b61116b6040830184610f79565b949350505050565b7f4e487b71000000000000000000000000000000000000000000000000000000005f52601160045260245ffd5b5f6111aa82610ed5565b91506111b583610ed5565b92508282019050808211156111cd576111cc611173565b5b9291505056fea2646970667358221220ccac1fb1eb543eac97cbfc768773aec1376864d99f3aab0fa64a6436e7a523d764736f6c634300081b0033
Contract compiled successfully
